[EL Config]: metadata: 2014-10-09 10:12:52.918--ServerSession(1989311583)--Thread(Thread[AWT-EventQueue-0,6,main])--The access type for the persistent class [class Controlador.Clases.Usuario] is set to [FIELD].
[EL Config]: metadata: 2014-10-09 10:12:52.937--ServerSession(1989311583)--Thread(Thread[AWT-EventQueue-0,6,main])--The access type for the persistent class [class Controlador.Clases.Cliente] is set to [FIELD].
[EL Config]: metadata: 2014-10-09 10:12:52.937--ServerSession(1989311583)--Thread(Thread[AWT-EventQueue-0,6,main])--The access type for the persistent class [class Controlador.Clases.Proveedor] is set to [FIELD].
[EL Config]: metadata: 2014-10-09 10:12:52.937--ServerSession(1989311583)--Thread(Thread[AWT-EventQueue-0,6,main])--The access type for the persistent class [class Controlador.Clases.OrdenCompra] is set to [FIELD].
[EL Config]: metadata: 2014-10-09 10:12:52.945--ServerSession(1989311583)--Thread(Thread[AWT-EventQueue-0,6,main])--The target entity (reference) class for the one to many mapping element [field clienteCompraProducto] is being defaulted to: class Controlador.Clases.ClienteCompraProducto.
[EL Config]: metadata: 2014-10-09 10:12:52.947--ServerSession(1989311583)--Thread(Thread[AWT-EventQueue-0,6,main])--The access type for the persistent class [class Controlador.Clases.Producto] is set to [FIELD].
[EL Config]: metadata: 2014-10-09 10:12:52.95--ServerSession(1989311583)--Thread(Thread[AWT-EventQueue-0,6,main])--The target entity (reference) class for the many to one mapping element [field especificacionProducto] is being defaulted to: class Controlador.Clases.EspecificacionProducto.
[EL Config]: metadata: 2014-10-09 10:12:52.95--ServerSession(1989311583)--Thread(Thread[AWT-EventQueue-0,6,main])--The access type for the persistent class [class Controlador.Clases.ClienteCompraProducto] is set to [FIELD].
[EL Config]: metadata: 2014-10-09 10:12:52.95--ServerSession(1989311583)--Thread(Thread[AWT-EventQueue-0,6,main])--The element [field cliente] is being defaulted to a one to one mapping.
[EL Config]: metadata: 2014-10-09 10:12:52.951--ServerSession(1989311583)--Thread(Thread[AWT-EventQueue-0,6,main])--The target entity (reference) class for the many to one mapping element [field cliente] is being defaulted to: class Controlador.Clases.Cliente.
[EL Config]: metadata: 2014-10-09 10:12:52.951--ServerSession(1989311583)--Thread(Thread[AWT-EventQueue-0,6,main])--The element [field Orden] is being defaulted to a one to one mapping.
[EL Config]: metadata: 2014-10-09 10:12:52.951--ServerSession(1989311583)--Thread(Thread[AWT-EventQueue-0,6,main])--The target entity (reference) class for the many to one mapping element [field Orden] is being defaulted to: class Controlador.Clases.OrdenCompra.
[EL Config]: metadata: 2014-10-09 10:12:52.952--ServerSession(1989311583)--Thread(Thread[AWT-EventQueue-0,6,main])--The element [field producto] is being defaulted to a one to one mapping.
[EL Config]: metadata: 2014-10-09 10:12:52.952--ServerSession(1989311583)--Thread(Thread[AWT-EventQueue-0,6,main])--The target entity (reference) class for the many to one mapping element [field producto] is being defaulted to: class Controlador.Clases.Producto.
[EL Config]: metadata: 2014-10-09 10:12:52.952--ServerSession(1989311583)--Thread(Thread[AWT-EventQueue-0,6,main])--The access type for the persistent class [class Controlador.Clases.EspecificacionProducto] is set to [FIELD].
[EL Config]: metadata: 2014-10-09 10:12:52.952--ServerSession(1989311583)--Thread(Thread[AWT-EventQueue-0,6,main])--The target entity (reference) class for the one to many mapping element [field listaProductos] is being defaulted to: class Controlador.Clases.Producto.
[EL Config]: metadata: 2014-10-09 10:12:52.967--ServerSession(1989311583)--Thread(Thread[AWT-EventQueue-0,6,main])--The target class (reference) class for the element collection mapping element [field imagenes] is being defaulted to: class java.lang.String.
[EL Config]: metadata: 2014-10-09 10:12:52.967--ServerSession(1989311583)--Thread(Thread[AWT-EventQueue-0,6,main])--The target entity (reference) class for the many to many mapping element [field categorias] is being defaulted to: class Controlador.Clases.Categoria.
[EL Config]: metadata: 2014-10-09 10:12:52.968--ServerSession(1989311583)--Thread(Thread[AWT-EventQueue-0,6,main])--The target entity (reference) class for the many to one mapping element [field proveedor] is being defaulted to: class Controlador.Clases.Proveedor.
[EL Config]: metadata: 2014-10-09 10:12:52.968--ServerSession(1989311583)--Thread(Thread[AWT-EventQueue-0,6,main])--The target class (reference) class for the element collection mapping element [field especificacion] is being defaulted to: class java.lang.String.
[EL Config]: metadata: 2014-10-09 10:12:52.969--ServerSession(1989311583)--Thread(Thread[AWT-EventQueue-0,6,main])--The access type for the persistent class [class Controlador.Clases.Categoria] is set to [FIELD].
[EL Config]: metadata: 2014-10-09 10:12:52.969--ServerSession(1989311583)--Thread(Thread[AWT-EventQueue-0,6,main])--The target entity (reference) class for the many to one mapping element [field padre] is being defaulted to: class Controlador.Clases.Categoria.
[EL Config]: metadata: 2014-10-09 10:12:52.97--ServerSession(1989311583)--Thread(Thread[AWT-EventQueue-0,6,main])--The target entity (reference) class for the many to many mapping element [field listaProductos] is being defaulted to: class Controlador.Clases.EspecificacionProducto.
[EL Config]: metadata: 2014-10-09 10:12:52.97--ServerSession(1989311583)--Thread(Thread[AWT-EventQueue-0,6,main])--The alias name for the entity class [class Controlador.Clases.Cliente] is being defaulted to: Cliente.
[EL Config]: metadata: 2014-10-09 10:12:52.97--ServerSession(1989311583)--Thread(Thread[AWT-EventQueue-0,6,main])--The alias name for the entity class [class Controlador.Clases.Usuario] is being defaulted to: Usuario.
[EL Config]: metadata: 2014-10-09 10:12:52.971--ServerSession(1989311583)--Thread(Thread[AWT-EventQueue-0,6,main])--The table name for entity [class Controlador.Clases.Usuario] is being defaulted to: USUARIO.
[EL Config]: metadata: 2014-10-09 10:12:52.985--ServerSession(1989311583)--Thread(Thread[AWT-EventQueue-0,6,main])--The column name for element [fechaNacimiento] is being defaulted to: FECHANACIMIENTO.
[EL Config]: metadata: 2014-10-09 10:12:52.987--ServerSession(1989311583)--Thread(Thread[AWT-EventQueue-0,6,main])--The column name for element [apellido] is being defaulted to: APELLIDO.
[EL Config]: metadata: 2014-10-09 10:12:52.987--ServerSession(1989311583)--Thread(Thread[AWT-EventQueue-0,6,main])--The column name for element [nickname] is being defaulted to: NICKNAME.
[EL Config]: metadata: 2014-10-09 10:12:52.987--ServerSession(1989311583)--Thread(Thread[AWT-EventQueue-0,6,main])--The column name for element [imagen] is being defaulted to: IMAGEN.
[EL Config]: metadata: 2014-10-09 10:12:52.987--ServerSession(1989311583)--Thread(Thread[AWT-EventQueue-0,6,main])--The column name for element [nombre] is being defaulted to: NOMBRE.
[EL Config]: metadata: 2014-10-09 10:12:52.988--ServerSession(1989311583)--Thread(Thread[AWT-EventQueue-0,6,main])--The column name for element [email] is being defaulted to: EMAIL.
[EL Config]: metadata: 2014-10-09 10:12:52.988--ServerSession(1989311583)--Thread(Thread[AWT-EventQueue-0,6,main])--The table name for entity [class Controlador.Clases.Cliente] is being defaulted to: CLIENTE.
[EL Config]: metadata: 2014-10-09 10:12:52.988--ServerSession(1989311583)--Thread(Thread[AWT-EventQueue-0,6,main])--The primary key column name for the inheritance class [class Controlador.Clases.Cliente] is being defaulted to: NICKNAME.
[EL Config]: metadata: 2014-10-09 10:12:52.989--ServerSession(1989311583)--Thread(Thread[AWT-EventQueue-0,6,main])--The foreign key column name for the inheritance class [Controlador.Clases.Cliente] is being defaulted to: NICKNAME.
[EL Config]: metadata: 2014-10-09 10:12:52.989--ServerSession(1989311583)--Thread(Thread[AWT-EventQueue-0,6,main])--The alias name for the entity class [class Controlador.Clases.Proveedor] is being defaulted to: Proveedor.
[EL Config]: metadata: 2014-10-09 10:12:52.989--ServerSession(1989311583)--Thread(Thread[AWT-EventQueue-0,6,main])--The table name for entity [class Controlador.Clases.Proveedor] is being defaulted to: PROVEEDOR.
[EL Config]: metadata: 2014-10-09 10:12:52.989--ServerSession(1989311583)--Thread(Thread[AWT-EventQueue-0,6,main])--The primary key column name for the inheritance class [class Controlador.Clases.Proveedor] is being defaulted to: NICKNAME.
[EL Config]: metadata: 2014-10-09 10:12:52.989--ServerSession(1989311583)--Thread(Thread[AWT-EventQueue-0,6,main])--The foreign key column name for the inheritance class [Controlador.Clases.Proveedor] is being defaulted to: NICKNAME.
[EL Config]: metadata: 2014-10-09 10:12:52.99--ServerSession(1989311583)--Thread(Thread[AWT-EventQueue-0,6,main])--The column name for element [nombreCompania] is being defaulted to: NOMBRECOMPANIA.
[EL Config]: metadata: 2014-10-09 10:12:52.99--ServerSession(1989311583)--Thread(Thread[AWT-EventQueue-0,6,main])--The column name for element [linkSitio] is being defaulted to: LINKSITIO.
[EL Config]: metadata: 2014-10-09 10:12:52.99--ServerSession(1989311583)--Thread(Thread[AWT-EventQueue-0,6,main])--The alias name for the entity class [class Controlador.Clases.OrdenCompra] is being defaulted to: OrdenCompra.
[EL Config]: metadata: 2014-10-09 10:12:52.99--ServerSession(1989311583)--Thread(Thread[AWT-EventQueue-0,6,main])--The table name for entity [class Controlador.Clases.OrdenCompra] is being defaulted to: ORDENCOMPRA.
[EL Config]: metadata: 2014-10-09 10:12:52.99--ServerSession(1989311583)--Thread(Thread[AWT-EventQueue-0,6,main])--The column name for element [fecha] is being defaulted to: FECHA.
[EL Config]: metadata: 2014-10-09 10:12:52.991--ServerSession(1989311583)--Thread(Thread[AWT-EventQueue-0,6,main])--The alias name for the entity class [class Controlador.Clases.Producto] is being defaulted to: Producto.
[EL Config]: metadata: 2014-10-09 10:12:52.991--ServerSession(1989311583)--Thread(Thread[AWT-EventQueue-0,6,main])--The table name for entity [class Controlador.Clases.Producto] is being defaulted to: PRODUCTO.
[EL Config]: metadata: 2014-10-09 10:12:52.991--ServerSession(1989311583)--Thread(Thread[AWT-EventQueue-0,6,main])--The column name for element [enOrden] is being defaulted to: ENORDEN.
[EL Config]: metadata: 2014-10-09 10:12:52.991--ServerSession(1989311583)--Thread(Thread[AWT-EventQueue-0,6,main])--The column name for element [id] is being defaulted to: ID.
[EL Config]: metadata: 2014-10-09 10:12:52.991--ServerSession(1989311583)--Thread(Thread[AWT-EventQueue-0,6,main])--The alias name for the entity class [class Controlador.Clases.ClienteCompraProducto] is being defaulted to: ClienteCompraProducto.
[EL Config]: metadata: 2014-10-09 10:12:52.991--ServerSession(1989311583)--Thread(Thread[AWT-EventQueue-0,6,main])--The table name for entity [class Controlador.Clases.ClienteCompraProducto] is being defaulted to: CLIENTECOMPRAPRODUCTO.
[EL Config]: metadata: 2014-10-09 10:12:52.992--ServerSession(1989311583)--Thread(Thread[AWT-EventQueue-0,6,main])--The column name for element [precio] is being defaulted to: PRECIO.
[EL Config]: metadata: 2014-10-09 10:12:52.992--ServerSession(1989311583)--Thread(Thread[AWT-EventQueue-0,6,main])--The alias name for the entity class [class Controlador.Clases.EspecificacionProducto] is being defaulted to: EspecificacionProducto.
[EL Config]: metadata: 2014-10-09 10:12:52.992--ServerSession(1989311583)--Thread(Thread[AWT-EventQueue-0,6,main])--The table name for entity [class Controlador.Clases.EspecificacionProducto] is being defaulted to: ESPECIFICACIONPRODUCTO.
[EL Config]: metadata: 2014-10-09 10:12:52.992--ServerSession(1989311583)--Thread(Thread[AWT-EventQueue-0,6,main])--The column name for element [descripcion] is being defaulted to: DESCRIPCION.
[EL Config]: metadata: 2014-10-09 10:12:52.992--ServerSession(1989311583)--Thread(Thread[AWT-EventQueue-0,6,main])--The column name for element [precio] is being defaulted to: PRECIO.
[EL Config]: metadata: 2014-10-09 10:12:52.993--ServerSession(1989311583)--Thread(Thread[AWT-EventQueue-0,6,main])--The column name for element [nombre] is being defaulted to: NOMBRE.
[EL Config]: metadata: 2014-10-09 10:12:52.993--ServerSession(1989311583)--Thread(Thread[AWT-EventQueue-0,6,main])--The alias name for the entity class [class Controlador.Clases.Categoria] is being defaulted to: Categoria.
[EL Config]: metadata: 2014-10-09 10:12:52.993--ServerSession(1989311583)--Thread(Thread[AWT-EventQueue-0,6,main])--The table name for entity [class Controlador.Clases.Categoria] is being defaulted to: CATEGORIA.
[EL Config]: metadata: 2014-10-09 10:12:52.993--ServerSession(1989311583)--Thread(Thread[AWT-EventQueue-0,6,main])--The column name for element [nombre] is being defaulted to: NOMBRE.
[EL Config]: metadata: 2014-10-09 10:12:53.002--ServerSession(1989311583)--Thread(Thread[AWT-EventQueue-0,6,main])--The primary key column name for the mapping element [field cliente] is being defaulted to: NICKNAME.
[EL Config]: metadata: 2014-10-09 10:12:53.003--ServerSession(1989311583)--Thread(Thread[AWT-EventQueue-0,6,main])--The primary key column name for the mapping element [field Orden] is being defaulted to: NRO_ORDEN.
[EL Config]: metadata: 2014-10-09 10:12:53.003--ServerSession(1989311583)--Thread(Thread[AWT-EventQueue-0,6,main])--The primary key column name for the mapping element [field producto] is being defaulted to: ID.
[EL Warning]: metadata: 2014-10-09 10:12:53.003--ServerSession(1989311583)--Thread(Thread[AWT-EventQueue-0,6,main])--You have specified multiple ids for the entity class [Controlador.Clases.ClienteCompraProducto] without specifying an @IdClass. By doing this you may lose the ability to find by identity, distributed cache support etc. Note: You may however use entity manager find operations by passing a list of primary key fields. Else, you will have to use JPQL queries to read your entities. For other id options see @PrimaryKey.
[EL Config]: metadata: 2014-10-09 10:12:53.015--ServerSession(1989311583)--Thread(Thread[AWT-EventQueue-0,6,main])--The primary key column name for the mapping element [field imagenes] is being defaulted to: NROREFERENCIA.
[EL Config]: metadata: 2014-10-09 10:12:53.019--ServerSession(1989311583)--Thread(Thread[AWT-EventQueue-0,6,main])--The primary key column name for the mapping element [field especificacion] is being defaulted to: NROREFERENCIA.
[EL Config]: metadata: 2014-10-09 10:12:53.021--ServerSession(1989311583)--Thread(Thread[AWT-EventQueue-0,6,main])--The primary key column name for the mapping element [field especificacionProducto] is being defaulted to: NROREFERENCIA.
[EL Config]: metadata: 2014-10-09 10:12:53.024--ServerSession(1989311583)--Thread(Thread[AWT-EventQueue-0,6,main])--The primary key column name for the mapping element [field proveedor] is being defaulted to: NICKNAME.
[EL Config]: metadata: 2014-10-09 10:12:53.024--ServerSession(1989311583)--Thread(Thread[AWT-EventQueue-0,6,main])--The primary key column name for the mapping element [field padre] is being defaulted to: NOMBRE.
[EL Info]: 2014-10-09 10:12:53.46--ServerSession(1989311583)--Thread(Thread[AWT-EventQueue-0,6,main])--EclipseLink, version: Eclipse Persistence Services - 2.5.1.v20130918-f2b9fc5
[EL Fine]: connection: 2014-10-09 10:12:53.513--Thread(Thread[AWT-EventQueue-0,6,main])--Detected database platform: org.eclipse.persistence.platform.database.H2Platform
[EL Config]: connection: 2014-10-09 10:12:53.525--ServerSession(1989311583)--Connection(236294225)--Thread(Thread[AWT-EventQueue-0,6,main])--connecting(DatabaseLogin(
	platform=>H2Platform
	user name=> "admin"
	datasource URL=> "jdbc:h2:tcp://localhost/~/prog1"
))
[EL Config]: connection: 2014-10-09 10:12:53.528--ServerSession(1989311583)--Connection(1905800551)--Thread(Thread[AWT-EventQueue-0,6,main])--Connected: jdbc:h2:tcp://localhost/~/prog1
	User: ADMIN
	Database: H2  Version: 1.4.181 (2014-08-06)
	Driver: H2 JDBC Driver  Version: 1.4.181 (2014-08-06)
[EL Info]: connection: 2014-10-09 10:12:53.573--ServerSession(1989311583)--Thread(Thread[AWT-EventQueue-0,6,main])--file:/home/rodro/workspace/tecnologo/ProgramacionAplicaciones/desktop/src/modelo/lib/ProgServer.jar_ProgramacionAppPU login successful
[EL Fine]: sql: 2014-10-09 10:12:53.704--ServerSession(1989311583)--Connection(1905800551)--Thread(Thread[AWT-EventQueue-0,6,main])--SELECT t0.NICKNAME, t0.DTYPE, t0.APELLIDO, t0.EMAIL, t0.FECHANACIMIENTO, t0.IMAGEN, t0.NOMBRE, t1.NICKNAME FROM USUARIO t0, CLIENTE t1 WHERE ((t1.NICKNAME = t0.NICKNAME) AND (t0.DTYPE = ?))
	bind => [Cliente]
[EL Fine]: sql: 2014-10-09 10:12:53.759--ClientSession(1644187953)--Connection(1905800551)--Thread(Thread[AWT-EventQueue-0,6,main])--INSERT INTO USUARIO (NICKNAME, APELLIDO, EMAIL, FECHANACIMIENTO, IMAGEN, NOMBRE, DTYPE) VALUES (?, ?, ?, ?, ?, ?, ?)
	bind => [Tim1, Cook, tim.cook@apple.com, 1960-12-01, /home/tecnoinf/Escritorio/imag/cook.jpg, Tim, Proveedor]
[EL Fine]: sql: 2014-10-09 10:12:53.761--ClientSession(1644187953)--Connection(1905800551)--Thread(Thread[AWT-EventQueue-0,6,main])--INSERT INTO PROVEEDOR (LINKSITIO, NOMBRECOMPANIA, NICKNAME) VALUES (?, ?, ?)
	bind => [ http://www.apple.com, Apple, Tim1]
[EL Fine]: sql: 2014-10-09 10:12:53.77--ServerSession(1989311583)--Connection(1905800551)--Thread(Thread[AWT-EventQueue-0,6,main])--SELECT t0.NICKNAME, t0.DTYPE, t0.APELLIDO, t0.EMAIL, t0.FECHANACIMIENTO, t0.IMAGEN, t0.NOMBRE, t1.NICKNAME FROM USUARIO t0, CLIENTE t1 WHERE ((t1.NICKNAME = t0.NICKNAME) AND (t0.DTYPE = ?))
	bind => [Cliente]
[EL Fine]: sql: 2014-10-09 10:12:53.772--ClientSession(1644187953)--Connection(1905800551)--Thread(Thread[AWT-EventQueue-0,6,main])--INSERT INTO USUARIO (NICKNAME, APELLIDO, EMAIL, FECHANACIMIENTO, IMAGEN, NOMBRE, DTYPE) VALUES (?, ?, ?, ?, ?, ?, ?)
	bind => [Eddy, Cue, eddy.cue@samsung.com, 1965-10-02, /home/tecnoinf/Escritorio/imag/cue.jpg, Eduardo, Proveedor]
[EL Fine]: sql: 2014-10-09 10:12:53.773--ClientSession(1644187953)--Connection(1905800551)--Thread(Thread[AWT-EventQueue-0,6,main])--INSERT INTO PROVEEDOR (LINKSITIO, NOMBRECOMPANIA, NICKNAME) VALUES (?, ?, ?)
	bind => [http://www.samsung.com, Samsung, Eddy]
[EL Fine]: sql: 2014-10-09 10:12:53.774--ServerSession(1989311583)--Connection(1905800551)--Thread(Thread[AWT-EventQueue-0,6,main])--SELECT t0.NICKNAME, t0.DTYPE, t0.APELLIDO, t0.EMAIL, t0.FECHANACIMIENTO, t0.IMAGEN, t0.NOMBRE, t1.NICKNAME FROM USUARIO t0, CLIENTE t1 WHERE ((t1.NICKNAME = t0.NICKNAME) AND (t0.DTYPE = ?))
	bind => [Cliente]
[EL Fine]: sql: 2014-10-09 10:12:53.775--ClientSession(1644187953)--Connection(1905800551)--Thread(Thread[AWT-EventQueue-0,6,main])--INSERT INTO USUARIO (NICKNAME, APELLIDO, EMAIL, FECHANACIMIENTO, IMAGEN, NOMBRE, DTYPE) VALUES (?, ?, ?, ?, ?, ?, ?)
	bind => [CraigX, Federighi, craig.feder@sony.com, 1965-10-02, /home/tecnoinf/Escritorio/imag/federighi.jpg, Craig, Proveedor]
[EL Fine]: sql: 2014-10-09 10:12:53.776--ClientSession(1644187953)--Connection(1905800551)--Thread(Thread[AWT-EventQueue-0,6,main])--INSERT INTO PROVEEDOR (LINKSITIO, NOMBRECOMPANIA, NICKNAME) VALUES (?, ?, ?)
	bind => [http://us.playstation.com, Sony, CraigX]
[EL Fine]: sql: 2014-10-09 10:12:53.777--ServerSession(1989311583)--Connection(1905800551)--Thread(Thread[AWT-EventQueue-0,6,main])--SELECT t0.NICKNAME, t0.DTYPE, t0.APELLIDO, t0.EMAIL, t0.FECHANACIMIENTO, t0.IMAGEN, t0.NOMBRE, t1.NICKNAME FROM USUARIO t0, CLIENTE t1 WHERE ((t1.NICKNAME = t0.NICKNAME) AND (t0.DTYPE = ?))
	bind => [Cliente]
[EL Fine]: sql: 2014-10-09 10:12:53.779--ClientSession(1644187953)--Connection(1905800551)--Thread(Thread[AWT-EventQueue-0,6,main])--INSERT INTO USUARIO (NICKNAME, APELLIDO, EMAIL, FECHANACIMIENTO, IMAGEN, NOMBRE, DTYPE) VALUES (?, ?, ?, ?, ?, ?, ?)
	bind => [Johnny, Ive, johnny.ive@outlook.com, 1967-03-12, /home/tecnoinf/Escritorio/imag/ive.jpg, Jonathan, Proveedor]
[EL Fine]: sql: 2014-10-09 10:12:53.788--ClientSession(1644187953)--Connection(1905800551)--Thread(Thread[AWT-EventQueue-0,6,main])--INSERT INTO PROVEEDOR (LINKSITIO, NOMBRECOMPANIA, NICKNAME) VALUES (?, ?, ?)
	bind => [http://www.xbox.com, Microsoft, Johnny]
[EL Fine]: sql: 2014-10-09 10:12:53.797--ServerSession(1989311583)--Connection(1905800551)--Thread(Thread[AWT-EventQueue-0,6,main])--SELECT t0.NICKNAME, t0.DTYPE, t0.APELLIDO, t0.EMAIL, t0.FECHANACIMIENTO, t0.IMAGEN, t0.NOMBRE, t1.NICKNAME FROM USUARIO t0, CLIENTE t1 WHERE ((t1.NICKNAME = t0.NICKNAME) AND (t0.DTYPE = ?))
	bind => [Cliente]
[EL Fine]: sql: 2014-10-09 10:12:53.799--ClientSession(1644187953)--Connection(1905800551)--Thread(Thread[AWT-EventQueue-0,6,main])--INSERT INTO USUARIO (NICKNAME, APELLIDO, EMAIL, FECHANACIMIENTO, IMAGEN, NOMBRE, DTYPE) VALUES (?, ?, ?, ?, ?, ?, ?)
	bind => [OpenPeter, Oppenhemier, peter.open@htc.com, 1963-09-05, null, Peter, Proveedor]
[EL Fine]: sql: 2014-10-09 10:12:53.8--ClientSession(1644187953)--Connection(1905800551)--Thread(Thread[AWT-EventQueue-0,6,main])--INSERT INTO PROVEEDOR (LINKSITIO, NOMBRECOMPANIA, NICKNAME) VALUES (?, ?, ?)
	bind => [http://www.htc.com, HTC, OpenPeter]
[EL Fine]: sql: 2014-10-09 10:12:53.802--ServerSession(1989311583)--Connection(1905800551)--Thread(Thread[AWT-EventQueue-0,6,main])--SELECT t0.NICKNAME, t0.DTYPE, t0.APELLIDO, t0.EMAIL, t0.FECHANACIMIENTO, t0.IMAGEN, t0.NOMBRE, t1.NICKNAME FROM USUARIO t0, CLIENTE t1 WHERE ((t1.NICKNAME = t0.NICKNAME) AND (t0.DTYPE = ?))
	bind => [Cliente]
[EL Fine]: sql: 2014-10-09 10:12:53.808--ClientSession(1644187953)--Connection(1905800551)--Thread(Thread[AWT-EventQueue-0,6,main])--INSERT INTO USUARIO (NICKNAME, APELLIDO, EMAIL, FECHANACIMIENTO, IMAGEN, NOMBRE, DTYPE) VALUES (?, ?, ?, ?, ?, ?, ?)
	bind => [Dan, Riccio, dan.riccio@gmail.com, 1963-08-05, null, Daniel, Cliente]
[EL Fine]: sql: 2014-10-09 10:12:53.809--ClientSession(1644187953)--Connection(1905800551)--Thread(Thread[AWT-EventQueue-0,6,main])--INSERT INTO CLIENTE (NICKNAME) VALUES (?)
	bind => [Dan]
[EL Fine]: sql: 2014-10-09 10:12:53.81--ServerSession(1989311583)--Connection(1905800551)--Thread(Thread[AWT-EventQueue-0,6,main])--SELECT t0.NICKNAME, t0.DTYPE, t0.APELLIDO, t0.EMAIL, t0.FECHANACIMIENTO, t0.IMAGEN, t0.NOMBRE, t1.NICKNAME FROM USUARIO t0, CLIENTE t1 WHERE ((t1.NICKNAME = t0.NICKNAME) AND (t0.DTYPE = ?))
	bind => [Cliente]
[EL Fine]: sql: 2014-10-09 10:12:53.827--ClientSession(1644187953)--Connection(1905800551)--Thread(Thread[AWT-EventQueue-0,6,main])--INSERT INTO USUARIO (NICKNAME, APELLIDO, EMAIL, FECHANACIMIENTO, IMAGEN, NOMBRE, DTYPE) VALUES (?, ?, ?, ?, ?, ?, ?)
	bind => [Phil, Schiller, phil.schiller@gmail.com, 1961-11-07, /home/tecnoinf/Escritorio/imag/schiller.jpg, Philip, Cliente]
[EL Fine]: sql: 2014-10-09 10:12:53.828--ClientSession(1644187953)--Connection(1905800551)--Thread(Thread[AWT-EventQueue-0,6,main])--INSERT INTO CLIENTE (NICKNAME) VALUES (?)
	bind => [Phil]
[EL Fine]: sql: 2014-10-09 10:12:53.83--ServerSession(1989311583)--Connection(1905800551)--Thread(Thread[AWT-EventQueue-0,6,main])--SELECT t0.NICKNAME, t0.DTYPE, t0.APELLIDO, t0.EMAIL, t0.FECHANACIMIENTO, t0.IMAGEN, t0.NOMBRE, t1.NICKNAME FROM USUARIO t0, CLIENTE t1 WHERE ((t1.NICKNAME = t0.NICKNAME) AND (t0.DTYPE = ?))
	bind => [Cliente]
[EL Fine]: sql: 2014-10-09 10:12:53.832--ClientSession(1644187953)--Connection(1905800551)--Thread(Thread[AWT-EventQueue-0,6,main])--INSERT INTO USUARIO (NICKNAME, APELLIDO, EMAIL, FECHANACIMIENTO, IMAGEN, NOMBRE, DTYPE) VALUES (?, ?, ?, ?, ?, ?, ?)
	bind => [BruceS, Sewell, bruce.sewell@gmail.com, 1960-01-03, null, Bruce, Cliente]
[EL Fine]: sql: 2014-10-09 10:12:53.833--ClientSession(1644187953)--Connection(1905800551)--Thread(Thread[AWT-EventQueue-0,6,main])--INSERT INTO CLIENTE (NICKNAME) VALUES (?)
	bind => [BruceS]
[EL Fine]: sql: 2014-10-09 10:12:53.834--ServerSession(1989311583)--Connection(1905800551)--Thread(Thread[AWT-EventQueue-0,6,main])--SELECT t0.NICKNAME, t0.DTYPE, t0.APELLIDO, t0.EMAIL, t0.FECHANACIMIENTO, t0.IMAGEN, t0.NOMBRE, t1.NICKNAME FROM USUARIO t0, CLIENTE t1 WHERE ((t1.NICKNAME = t0.NICKNAME) AND (t0.DTYPE = ?))
	bind => [Cliente]
[EL Fine]: sql: 2014-10-09 10:12:53.837--ClientSession(1644187953)--Connection(1905800551)--Thread(Thread[AWT-EventQueue-0,6,main])--INSERT INTO USUARIO (NICKNAME, APELLIDO, EMAIL, FECHANACIMIENTO, IMAGEN, NOMBRE, DTYPE) VALUES (?, ?, ?, ?, ?, ?, ?)
	bind => [JeffW, Wiliams, jeff.williams@gmail.com, 1964-12-27, null, Jeff, Cliente]
[EL Fine]: sql: 2014-10-09 10:12:53.838--ClientSession(1644187953)--Connection(1905800551)--Thread(Thread[AWT-EventQueue-0,6,main])--INSERT INTO CLIENTE (NICKNAME) VALUES (?)
	bind => [JeffW]
[EL Fine]: sql: 2014-10-09 10:12:53.844--ClientSession(1936224888)--Connection(1905800551)--Thread(Thread[AWT-EventQueue-0,6,main])--INSERT INTO CATEGORIA (NOMBRE, PADRE) VALUES (?, ?)
	bind => [Celulares, null]
[EL Fine]: sql: 2014-10-09 10:12:53.847--ServerSession(1989311583)--Connection(1905800551)--Thread(Thread[AWT-EventQueue-0,6,main])--SELECT NOMBRE, PADRE FROM CATEGORIA
[EL Fine]: sql: 2014-10-09 10:12:53.857--ServerSession(1989311583)--Connection(1905800551)--Thread(Thread[AWT-EventQueue-0,6,main])--SELECT NOMBRE, PADRE FROM CATEGORIA WHERE (NOMBRE = ?)
	bind => [Celulares]
[EL Fine]: sql: 2014-10-09 10:12:53.86--ServerSession(1989311583)--Connection(1905800551)--Thread(Thread[AWT-EventQueue-0,6,main])--SELECT t1.NROREFERENCIA, t1.DESCRIPCION, t1.NOMBRE, t1.PRECIO, t1.PROVEEDOR_ID, t0.ESP_NROREF FROM CATEGORIAESPECIFICACIONPROD t0, ESPECIFICACIONPRODUCTO t1 WHERE ((t0.CAT_NAME = ?) AND (t1.NROREFERENCIA = t0.ESP_NROREF))
	bind => [Celulares]
[EL Fine]: sql: 2014-10-09 10:12:53.863--ServerSession(1989311583)--Connection(1905800551)--Thread(Thread[AWT-EventQueue-0,6,main])--SELECT NOMBRE, PADRE FROM CATEGORIA
[EL Fine]: sql: 2014-10-09 10:12:53.867--ClientSession(1936224888)--Connection(1905800551)--Thread(Thread[AWT-EventQueue-0,6,main])--INSERT INTO CATEGORIA (NOMBRE, PADRE) VALUES (?, ?)
	bind => [Sistemas Operativos, Celulares]
[EL Fine]: sql: 2014-10-09 10:12:53.869--ServerSession(1989311583)--Connection(1905800551)--Thread(Thread[AWT-EventQueue-0,6,main])--SELECT NOMBRE, PADRE FROM CATEGORIA
[EL Fine]: sql: 2014-10-09 10:12:53.869--ServerSession(1989311583)--Connection(1905800551)--Thread(Thread[AWT-EventQueue-0,6,main])--SELECT NOMBRE, PADRE FROM CATEGORIA WHERE (NOMBRE = ?)
	bind => [Celulares]
[EL Fine]: sql: 2014-10-09 10:12:53.87--ServerSession(1989311583)--Connection(1905800551)--Thread(Thread[AWT-EventQueue-0,6,main])--SELECT t1.NROREFERENCIA, t1.DESCRIPCION, t1.NOMBRE, t1.PRECIO, t1.PROVEEDOR_ID, t0.ESP_NROREF FROM CATEGORIAESPECIFICACIONPROD t0, ESPECIFICACIONPRODUCTO t1 WHERE ((t0.CAT_NAME = ?) AND (t1.NROREFERENCIA = t0.ESP_NROREF))
	bind => [Celulares]
[EL Fine]: sql: 2014-10-09 10:12:53.872--ServerSession(1989311583)--Connection(1905800551)--Thread(Thread[AWT-EventQueue-0,6,main])--SELECT NOMBRE, PADRE FROM CATEGORIA WHERE (NOMBRE = ?)
	bind => [Sistemas Operativos]
[EL Fine]: sql: 2014-10-09 10:12:53.873--ServerSession(1989311583)--Connection(1905800551)--Thread(Thread[AWT-EventQueue-0,6,main])--SELECT t1.NROREFERENCIA, t1.DESCRIPCION, t1.NOMBRE, t1.PRECIO, t1.PROVEEDOR_ID, t0.ESP_NROREF FROM CATEGORIAESPECIFICACIONPROD t0, ESPECIFICACIONPRODUCTO t1 WHERE ((t0.CAT_NAME = ?) AND (t1.NROREFERENCIA = t0.ESP_NROREF))
	bind => [Sistemas Operativos]
[EL Fine]: sql: 2014-10-09 10:12:53.874--ServerSession(1989311583)--Connection(1905800551)--Thread(Thread[AWT-EventQueue-0,6,main])--SELECT NOMBRE, PADRE FROM CATEGORIA
[EL Fine]: sql: 2014-10-09 10:12:53.875--ClientSession(1936224888)--Connection(1905800551)--Thread(Thread[AWT-EventQueue-0,6,main])--INSERT INTO CATEGORIA (NOMBRE, PADRE) VALUES (?, ?)
	bind => [iOS, Sistemas Operativos]
[EL Fine]: sql: 2014-10-09 10:12:53.877--ServerSession(1989311583)--Connection(1905800551)--Thread(Thread[AWT-EventQueue-0,6,main])--SELECT NOMBRE, PADRE FROM CATEGORIA
[EL Fine]: sql: 2014-10-09 10:12:53.878--ServerSession(1989311583)--Connection(1905800551)--Thread(Thread[AWT-EventQueue-0,6,main])--SELECT NOMBRE, PADRE FROM CATEGORIA WHERE (NOMBRE = ?)
	bind => [Celulares]
[EL Fine]: sql: 2014-10-09 10:12:53.879--ServerSession(1989311583)--Connection(1905800551)--Thread(Thread[AWT-EventQueue-0,6,main])--SELECT t1.NROREFERENCIA, t1.DESCRIPCION, t1.NOMBRE, t1.PRECIO, t1.PROVEEDOR_ID, t0.ESP_NROREF FROM CATEGORIAESPECIFICACIONPROD t0, ESPECIFICACIONPRODUCTO t1 WHERE ((t0.CAT_NAME = ?) AND (t1.NROREFERENCIA = t0.ESP_NROREF))
	bind => [Celulares]
[EL Fine]: sql: 2014-10-09 10:12:53.88--ServerSession(1989311583)--Connection(1905800551)--Thread(Thread[AWT-EventQueue-0,6,main])--SELECT NOMBRE, PADRE FROM CATEGORIA WHERE (NOMBRE = ?)
	bind => [Sistemas Operativos]
[EL Fine]: sql: 2014-10-09 10:12:53.881--ServerSession(1989311583)--Connection(1905800551)--Thread(Thread[AWT-EventQueue-0,6,main])--SELECT t1.NROREFERENCIA, t1.DESCRIPCION, t1.NOMBRE, t1.PRECIO, t1.PROVEEDOR_ID, t0.ESP_NROREF FROM CATEGORIAESPECIFICACIONPROD t0, ESPECIFICACIONPRODUCTO t1 WHERE ((t0.CAT_NAME = ?) AND (t1.NROREFERENCIA = t0.ESP_NROREF))
	bind => [Sistemas Operativos]
[EL Fine]: sql: 2014-10-09 10:12:53.882--ServerSession(1989311583)--Connection(1905800551)--Thread(Thread[AWT-EventQueue-0,6,main])--SELECT NOMBRE, PADRE FROM CATEGORIA WHERE (NOMBRE = ?)
	bind => [iOS]
[EL Fine]: sql: 2014-10-09 10:12:53.883--ServerSession(1989311583)--Connection(1905800551)--Thread(Thread[AWT-EventQueue-0,6,main])--SELECT t1.NROREFERENCIA, t1.DESCRIPCION, t1.NOMBRE, t1.PRECIO, t1.PROVEEDOR_ID, t0.ESP_NROREF FROM CATEGORIAESPECIFICACIONPROD t0, ESPECIFICACIONPRODUCTO t1 WHERE ((t0.CAT_NAME = ?) AND (t1.NROREFERENCIA = t0.ESP_NROREF))
	bind => [iOS]
[EL Fine]: sql: 2014-10-09 10:12:53.885--ServerSession(1989311583)--Connection(1905800551)--Thread(Thread[AWT-EventQueue-0,6,main])--SELECT NOMBRE, PADRE FROM CATEGORIA
[EL Fine]: sql: 2014-10-09 10:12:53.886--ClientSession(1936224888)--Connection(1905800551)--Thread(Thread[AWT-EventQueue-0,6,main])--INSERT INTO CATEGORIA (NOMBRE, PADRE) VALUES (?, ?)
	bind => [Android, Sistemas Operativos]
[EL Fine]: sql: 2014-10-09 10:12:53.889--ServerSession(1989311583)--Connection(1905800551)--Thread(Thread[AWT-EventQueue-0,6,main])--SELECT NOMBRE, PADRE FROM CATEGORIA
[EL Fine]: sql: 2014-10-09 10:12:53.889--ServerSession(1989311583)--Connection(1905800551)--Thread(Thread[AWT-EventQueue-0,6,main])--SELECT NOMBRE, PADRE FROM CATEGORIA WHERE (NOMBRE = ?)
	bind => [Celulares]
[EL Fine]: sql: 2014-10-09 10:12:53.89--ServerSession(1989311583)--Connection(1905800551)--Thread(Thread[AWT-EventQueue-0,6,main])--SELECT t1.NROREFERENCIA, t1.DESCRIPCION, t1.NOMBRE, t1.PRECIO, t1.PROVEEDOR_ID, t0.ESP_NROREF FROM CATEGORIAESPECIFICACIONPROD t0, ESPECIFICACIONPRODUCTO t1 WHERE ((t0.CAT_NAME = ?) AND (t1.NROREFERENCIA = t0.ESP_NROREF))
	bind => [Celulares]
[EL Fine]: sql: 2014-10-09 10:12:53.891--ServerSession(1989311583)--Connection(1905800551)--Thread(Thread[AWT-EventQueue-0,6,main])--SELECT NOMBRE, PADRE FROM CATEGORIA WHERE (NOMBRE = ?)
	bind => [Sistemas Operativos]
[EL Fine]: sql: 2014-10-09 10:12:53.892--ServerSession(1989311583)--Connection(1905800551)--Thread(Thread[AWT-EventQueue-0,6,main])--SELECT t1.NROREFERENCIA, t1.DESCRIPCION, t1.NOMBRE, t1.PRECIO, t1.PROVEEDOR_ID, t0.ESP_NROREF FROM CATEGORIAESPECIFICACIONPROD t0, ESPECIFICACIONPRODUCTO t1 WHERE ((t0.CAT_NAME = ?) AND (t1.NROREFERENCIA = t0.ESP_NROREF))
	bind => [Sistemas Operativos]
[EL Fine]: sql: 2014-10-09 10:12:53.893--ServerSession(1989311583)--Connection(1905800551)--Thread(Thread[AWT-EventQueue-0,6,main])--SELECT NOMBRE, PADRE FROM CATEGORIA WHERE (NOMBRE = ?)
	bind => [iOS]
[EL Fine]: sql: 2014-10-09 10:12:53.894--ServerSession(1989311583)--Connection(1905800551)--Thread(Thread[AWT-EventQueue-0,6,main])--SELECT t1.NROREFERENCIA, t1.DESCRIPCION, t1.NOMBRE, t1.PRECIO, t1.PROVEEDOR_ID, t0.ESP_NROREF FROM CATEGORIAESPECIFICACIONPROD t0, ESPECIFICACIONPRODUCTO t1 WHERE ((t0.CAT_NAME = ?) AND (t1.NROREFERENCIA = t0.ESP_NROREF))
	bind => [iOS]
[EL Fine]: sql: 2014-10-09 10:12:53.895--ServerSession(1989311583)--Connection(1905800551)--Thread(Thread[AWT-EventQueue-0,6,main])--SELECT NOMBRE, PADRE FROM CATEGORIA WHERE (NOMBRE = ?)
	bind => [Android]
[EL Fine]: sql: 2014-10-09 10:12:53.896--ServerSession(1989311583)--Connection(1905800551)--Thread(Thread[AWT-EventQueue-0,6,main])--SELECT t1.NROREFERENCIA, t1.DESCRIPCION, t1.NOMBRE, t1.PRECIO, t1.PROVEEDOR_ID, t0.ESP_NROREF FROM CATEGORIAESPECIFICACIONPROD t0, ESPECIFICACIONPRODUCTO t1 WHERE ((t0.CAT_NAME = ?) AND (t1.NROREFERENCIA = t0.ESP_NROREF))
	bind => [Android]
[EL Fine]: sql: 2014-10-09 10:12:53.897--ServerSession(1989311583)--Connection(1905800551)--Thread(Thread[AWT-EventQueue-0,6,main])--SELECT NOMBRE, PADRE FROM CATEGORIA
[EL Fine]: sql: 2014-10-09 10:12:53.899--ClientSession(1936224888)--Connection(1905800551)--Thread(Thread[AWT-EventQueue-0,6,main])--INSERT INTO CATEGORIA (NOMBRE, PADRE) VALUES (?, ?)
	bind => [Windows Phone, Sistemas Operativos]
[EL Fine]: sql: 2014-10-09 10:12:53.9--ServerSession(1989311583)--Connection(1905800551)--Thread(Thread[AWT-EventQueue-0,6,main])--SELECT NOMBRE, PADRE FROM CATEGORIA
[EL Fine]: sql: 2014-10-09 10:12:53.901--ServerSession(1989311583)--Connection(1905800551)--Thread(Thread[AWT-EventQueue-0,6,main])--SELECT NOMBRE, PADRE FROM CATEGORIA WHERE (NOMBRE = ?)
	bind => [Celulares]
[EL Fine]: sql: 2014-10-09 10:12:53.902--ServerSession(1989311583)--Connection(1905800551)--Thread(Thread[AWT-EventQueue-0,6,main])--SELECT t1.NROREFERENCIA, t1.DESCRIPCION, t1.NOMBRE, t1.PRECIO, t1.PROVEEDOR_ID, t0.ESP_NROREF FROM CATEGORIAESPECIFICACIONPROD t0, ESPECIFICACIONPRODUCTO t1 WHERE ((t0.CAT_NAME = ?) AND (t1.NROREFERENCIA = t0.ESP_NROREF))
	bind => [Celulares]
[EL Fine]: sql: 2014-10-09 10:12:53.903--ServerSession(1989311583)--Connection(1905800551)--Thread(Thread[AWT-EventQueue-0,6,main])--SELECT NOMBRE, PADRE FROM CATEGORIA WHERE (NOMBRE = ?)
	bind => [Sistemas Operativos]
[EL Fine]: sql: 2014-10-09 10:12:53.904--ServerSession(1989311583)--Connection(1905800551)--Thread(Thread[AWT-EventQueue-0,6,main])--SELECT t1.NROREFERENCIA, t1.DESCRIPCION, t1.NOMBRE, t1.PRECIO, t1.PROVEEDOR_ID, t0.ESP_NROREF FROM CATEGORIAESPECIFICACIONPROD t0, ESPECIFICACIONPRODUCTO t1 WHERE ((t0.CAT_NAME = ?) AND (t1.NROREFERENCIA = t0.ESP_NROREF))
	bind => [Sistemas Operativos]
[EL Fine]: sql: 2014-10-09 10:12:53.906--ServerSession(1989311583)--Connection(1905800551)--Thread(Thread[AWT-EventQueue-0,6,main])--SELECT NOMBRE, PADRE FROM CATEGORIA WHERE (NOMBRE = ?)
	bind => [iOS]
[EL Fine]: sql: 2014-10-09 10:12:53.908--ServerSession(1989311583)--Connection(1905800551)--Thread(Thread[AWT-EventQueue-0,6,main])--SELECT t1.NROREFERENCIA, t1.DESCRIPCION, t1.NOMBRE, t1.PRECIO, t1.PROVEEDOR_ID, t0.ESP_NROREF FROM CATEGORIAESPECIFICACIONPROD t0, ESPECIFICACIONPRODUCTO t1 WHERE ((t0.CAT_NAME = ?) AND (t1.NROREFERENCIA = t0.ESP_NROREF))
	bind => [iOS]
[EL Fine]: sql: 2014-10-09 10:12:53.91--ServerSession(1989311583)--Connection(1905800551)--Thread(Thread[AWT-EventQueue-0,6,main])--SELECT NOMBRE, PADRE FROM CATEGORIA WHERE (NOMBRE = ?)
	bind => [Android]
[EL Fine]: sql: 2014-10-09 10:12:53.911--ServerSession(1989311583)--Connection(1905800551)--Thread(Thread[AWT-EventQueue-0,6,main])--SELECT t1.NROREFERENCIA, t1.DESCRIPCION, t1.NOMBRE, t1.PRECIO, t1.PROVEEDOR_ID, t0.ESP_NROREF FROM CATEGORIAESPECIFICACIONPROD t0, ESPECIFICACIONPRODUCTO t1 WHERE ((t0.CAT_NAME = ?) AND (t1.NROREFERENCIA = t0.ESP_NROREF))
	bind => [Android]
[EL Fine]: sql: 2014-10-09 10:12:53.912--ServerSession(1989311583)--Connection(1905800551)--Thread(Thread[AWT-EventQueue-0,6,main])--SELECT NOMBRE, PADRE FROM CATEGORIA WHERE (NOMBRE = ?)
	bind => [Windows Phone]
[EL Fine]: sql: 2014-10-09 10:12:53.913--ServerSession(1989311583)--Connection(1905800551)--Thread(Thread[AWT-EventQueue-0,6,main])--SELECT t1.NROREFERENCIA, t1.DESCRIPCION, t1.NOMBRE, t1.PRECIO, t1.PROVEEDOR_ID, t0.ESP_NROREF FROM CATEGORIAESPECIFICACIONPROD t0, ESPECIFICACIONPRODUCTO t1 WHERE ((t0.CAT_NAME = ?) AND (t1.NROREFERENCIA = t0.ESP_NROREF))
	bind => [Windows Phone]
[EL Fine]: sql: 2014-10-09 10:12:53.914--ServerSession(1989311583)--Connection(1905800551)--Thread(Thread[AWT-EventQueue-0,6,main])--SELECT NOMBRE, PADRE FROM CATEGORIA
[EL Fine]: sql: 2014-10-09 10:12:53.916--ClientSession(1936224888)--Connection(1905800551)--Thread(Thread[AWT-EventQueue-0,6,main])--INSERT INTO CATEGORIA (NOMBRE, PADRE) VALUES (?, ?)
	bind => [Symbian, Sistemas Operativos]
[EL Fine]: sql: 2014-10-09 10:12:53.917--ServerSession(1989311583)--Connection(1905800551)--Thread(Thread[AWT-EventQueue-0,6,main])--SELECT NOMBRE, PADRE FROM CATEGORIA
[EL Fine]: sql: 2014-10-09 10:12:53.918--ServerSession(1989311583)--Connection(1905800551)--Thread(Thread[AWT-EventQueue-0,6,main])--SELECT NOMBRE, PADRE FROM CATEGORIA WHERE (NOMBRE = ?)
	bind => [Celulares]
[EL Fine]: sql: 2014-10-09 10:12:53.919--ServerSession(1989311583)--Connection(1905800551)--Thread(Thread[AWT-EventQueue-0,6,main])--SELECT t1.NROREFERENCIA, t1.DESCRIPCION, t1.NOMBRE, t1.PRECIO, t1.PROVEEDOR_ID, t0.ESP_NROREF FROM CATEGORIAESPECIFICACIONPROD t0, ESPECIFICACIONPRODUCTO t1 WHERE ((t0.CAT_NAME = ?) AND (t1.NROREFERENCIA = t0.ESP_NROREF))
	bind => [Celulares]
[EL Fine]: sql: 2014-10-09 10:12:53.92--ServerSession(1989311583)--Connection(1905800551)--Thread(Thread[AWT-EventQueue-0,6,main])--SELECT NOMBRE, PADRE FROM CATEGORIA WHERE (NOMBRE = ?)
	bind => [Sistemas Operativos]
[EL Fine]: sql: 2014-10-09 10:12:53.921--ServerSession(1989311583)--Connection(1905800551)--Thread(Thread[AWT-EventQueue-0,6,main])--SELECT t1.NROREFERENCIA, t1.DESCRIPCION, t1.NOMBRE, t1.PRECIO, t1.PROVEEDOR_ID, t0.ESP_NROREF FROM CATEGORIAESPECIFICACIONPROD t0, ESPECIFICACIONPRODUCTO t1 WHERE ((t0.CAT_NAME = ?) AND (t1.NROREFERENCIA = t0.ESP_NROREF))
	bind => [Sistemas Operativos]
[EL Fine]: sql: 2014-10-09 10:12:53.921--ServerSession(1989311583)--Connection(1905800551)--Thread(Thread[AWT-EventQueue-0,6,main])--SELECT NOMBRE, PADRE FROM CATEGORIA WHERE (NOMBRE = ?)
	bind => [iOS]
[EL Fine]: sql: 2014-10-09 10:12:53.922--ServerSession(1989311583)--Connection(1905800551)--Thread(Thread[AWT-EventQueue-0,6,main])--SELECT t1.NROREFERENCIA, t1.DESCRIPCION, t1.NOMBRE, t1.PRECIO, t1.PROVEEDOR_ID, t0.ESP_NROREF FROM CATEGORIAESPECIFICACIONPROD t0, ESPECIFICACIONPRODUCTO t1 WHERE ((t0.CAT_NAME = ?) AND (t1.NROREFERENCIA = t0.ESP_NROREF))
	bind => [iOS]
[EL Fine]: sql: 2014-10-09 10:12:53.923--ServerSession(1989311583)--Connection(1905800551)--Thread(Thread[AWT-EventQueue-0,6,main])--SELECT NOMBRE, PADRE FROM CATEGORIA WHERE (NOMBRE = ?)
	bind => [Android]
[EL Fine]: sql: 2014-10-09 10:12:53.924--ServerSession(1989311583)--Connection(1905800551)--Thread(Thread[AWT-EventQueue-0,6,main])--SELECT t1.NROREFERENCIA, t1.DESCRIPCION, t1.NOMBRE, t1.PRECIO, t1.PROVEEDOR_ID, t0.ESP_NROREF FROM CATEGORIAESPECIFICACIONPROD t0, ESPECIFICACIONPRODUCTO t1 WHERE ((t0.CAT_NAME = ?) AND (t1.NROREFERENCIA = t0.ESP_NROREF))
	bind => [Android]
[EL Fine]: sql: 2014-10-09 10:12:53.925--ServerSession(1989311583)--Connection(1905800551)--Thread(Thread[AWT-EventQueue-0,6,main])--SELECT NOMBRE, PADRE FROM CATEGORIA WHERE (NOMBRE = ?)
	bind => [Windows Phone]
[EL Fine]: sql: 2014-10-09 10:12:53.926--ServerSession(1989311583)--Connection(1905800551)--Thread(Thread[AWT-EventQueue-0,6,main])--SELECT t1.NROREFERENCIA, t1.DESCRIPCION, t1.NOMBRE, t1.PRECIO, t1.PROVEEDOR_ID, t0.ESP_NROREF FROM CATEGORIAESPECIFICACIONPROD t0, ESPECIFICACIONPRODUCTO t1 WHERE ((t0.CAT_NAME = ?) AND (t1.NROREFERENCIA = t0.ESP_NROREF))
	bind => [Windows Phone]
[EL Fine]: sql: 2014-10-09 10:12:53.927--ServerSession(1989311583)--Connection(1905800551)--Thread(Thread[AWT-EventQueue-0,6,main])--SELECT NOMBRE, PADRE FROM CATEGORIA WHERE (NOMBRE = ?)
	bind => [Symbian]
[EL Fine]: sql: 2014-10-09 10:12:53.929--ServerSession(1989311583)--Connection(1905800551)--Thread(Thread[AWT-EventQueue-0,6,main])--SELECT t1.NROREFERENCIA, t1.DESCRIPCION, t1.NOMBRE, t1.PRECIO, t1.PROVEEDOR_ID, t0.ESP_NROREF FROM CATEGORIAESPECIFICACIONPROD t0, ESPECIFICACIONPRODUCTO t1 WHERE ((t0.CAT_NAME = ?) AND (t1.NROREFERENCIA = t0.ESP_NROREF))
	bind => [Symbian]
[EL Fine]: sql: 2014-10-09 10:12:53.93--ServerSession(1989311583)--Connection(1905800551)--Thread(Thread[AWT-EventQueue-0,6,main])--SELECT NOMBRE, PADRE FROM CATEGORIA
[EL Fine]: sql: 2014-10-09 10:12:53.933--ClientSession(1936224888)--Connection(1905800551)--Thread(Thread[AWT-EventQueue-0,6,main])--INSERT INTO CATEGORIA (NOMBRE, PADRE) VALUES (?, ?)
	bind => [Blackberry OS, Sistemas Operativos]
[EL Fine]: sql: 2014-10-09 10:12:53.936--ServerSession(1989311583)--Connection(1905800551)--Thread(Thread[AWT-EventQueue-0,6,main])--SELECT NOMBRE, PADRE FROM CATEGORIA
[EL Fine]: sql: 2014-10-09 10:12:53.937--ServerSession(1989311583)--Connection(1905800551)--Thread(Thread[AWT-EventQueue-0,6,main])--SELECT NOMBRE, PADRE FROM CATEGORIA WHERE (NOMBRE = ?)
	bind => [Celulares]
[EL Fine]: sql: 2014-10-09 10:12:53.937--ServerSession(1989311583)--Connection(1905800551)--Thread(Thread[AWT-EventQueue-0,6,main])--SELECT t1.NROREFERENCIA, t1.DESCRIPCION, t1.NOMBRE, t1.PRECIO, t1.PROVEEDOR_ID, t0.ESP_NROREF FROM CATEGORIAESPECIFICACIONPROD t0, ESPECIFICACIONPRODUCTO t1 WHERE ((t0.CAT_NAME = ?) AND (t1.NROREFERENCIA = t0.ESP_NROREF))
	bind => [Celulares]
[EL Fine]: sql: 2014-10-09 10:12:53.939--ServerSession(1989311583)--Connection(1905800551)--Thread(Thread[AWT-EventQueue-0,6,main])--SELECT NOMBRE, PADRE FROM CATEGORIA WHERE (NOMBRE = ?)
	bind => [Sistemas Operativos]
[EL Fine]: sql: 2014-10-09 10:12:53.939--ServerSession(1989311583)--Connection(1905800551)--Thread(Thread[AWT-EventQueue-0,6,main])--SELECT t1.NROREFERENCIA, t1.DESCRIPCION, t1.NOMBRE, t1.PRECIO, t1.PROVEEDOR_ID, t0.ESP_NROREF FROM CATEGORIAESPECIFICACIONPROD t0, ESPECIFICACIONPRODUCTO t1 WHERE ((t0.CAT_NAME = ?) AND (t1.NROREFERENCIA = t0.ESP_NROREF))
	bind => [Sistemas Operativos]
[EL Fine]: sql: 2014-10-09 10:12:53.941--ServerSession(1989311583)--Connection(1905800551)--Thread(Thread[AWT-EventQueue-0,6,main])--SELECT NOMBRE, PADRE FROM CATEGORIA WHERE (NOMBRE = ?)
	bind => [iOS]
[EL Fine]: sql: 2014-10-09 10:12:53.942--ServerSession(1989311583)--Connection(1905800551)--Thread(Thread[AWT-EventQueue-0,6,main])--SELECT t1.NROREFERENCIA, t1.DESCRIPCION, t1.NOMBRE, t1.PRECIO, t1.PROVEEDOR_ID, t0.ESP_NROREF FROM CATEGORIAESPECIFICACIONPROD t0, ESPECIFICACIONPRODUCTO t1 WHERE ((t0.CAT_NAME = ?) AND (t1.NROREFERENCIA = t0.ESP_NROREF))
	bind => [iOS]
[EL Fine]: sql: 2014-10-09 10:12:53.944--ServerSession(1989311583)--Connection(1905800551)--Thread(Thread[AWT-EventQueue-0,6,main])--SELECT NOMBRE, PADRE FROM CATEGORIA WHERE (NOMBRE = ?)
	bind => [Android]
[EL Fine]: sql: 2014-10-09 10:12:53.945--ServerSession(1989311583)--Connection(1905800551)--Thread(Thread[AWT-EventQueue-0,6,main])--SELECT t1.NROREFERENCIA, t1.DESCRIPCION, t1.NOMBRE, t1.PRECIO, t1.PROVEEDOR_ID, t0.ESP_NROREF FROM CATEGORIAESPECIFICACIONPROD t0, ESPECIFICACIONPRODUCTO t1 WHERE ((t0.CAT_NAME = ?) AND (t1.NROREFERENCIA = t0.ESP_NROREF))
	bind => [Android]
[EL Fine]: sql: 2014-10-09 10:12:53.946--ServerSession(1989311583)--Connection(1905800551)--Thread(Thread[AWT-EventQueue-0,6,main])--SELECT NOMBRE, PADRE FROM CATEGORIA WHERE (NOMBRE = ?)
	bind => [Windows Phone]
[EL Fine]: sql: 2014-10-09 10:12:53.947--ServerSession(1989311583)--Connection(1905800551)--Thread(Thread[AWT-EventQueue-0,6,main])--SELECT t1.NROREFERENCIA, t1.DESCRIPCION, t1.NOMBRE, t1.PRECIO, t1.PROVEEDOR_ID, t0.ESP_NROREF FROM CATEGORIAESPECIFICACIONPROD t0, ESPECIFICACIONPRODUCTO t1 WHERE ((t0.CAT_NAME = ?) AND (t1.NROREFERENCIA = t0.ESP_NROREF))
	bind => [Windows Phone]
[EL Fine]: sql: 2014-10-09 10:12:53.948--ServerSession(1989311583)--Connection(1905800551)--Thread(Thread[AWT-EventQueue-0,6,main])--SELECT NOMBRE, PADRE FROM CATEGORIA WHERE (NOMBRE = ?)
	bind => [Symbian]
[EL Fine]: sql: 2014-10-09 10:12:53.95--ServerSession(1989311583)--Connection(1905800551)--Thread(Thread[AWT-EventQueue-0,6,main])--SELECT t1.NROREFERENCIA, t1.DESCRIPCION, t1.NOMBRE, t1.PRECIO, t1.PROVEEDOR_ID, t0.ESP_NROREF FROM CATEGORIAESPECIFICACIONPROD t0, ESPECIFICACIONPRODUCTO t1 WHERE ((t0.CAT_NAME = ?) AND (t1.NROREFERENCIA = t0.ESP_NROREF))
	bind => [Symbian]
[EL Fine]: sql: 2014-10-09 10:12:53.951--ServerSession(1989311583)--Connection(1905800551)--Thread(Thread[AWT-EventQueue-0,6,main])--SELECT NOMBRE, PADRE FROM CATEGORIA WHERE (NOMBRE = ?)
	bind => [Blackberry OS]
[EL Fine]: sql: 2014-10-09 10:12:53.952--ServerSession(1989311583)--Connection(1905800551)--Thread(Thread[AWT-EventQueue-0,6,main])--SELECT t1.NROREFERENCIA, t1.DESCRIPCION, t1.NOMBRE, t1.PRECIO, t1.PROVEEDOR_ID, t0.ESP_NROREF FROM CATEGORIAESPECIFICACIONPROD t0, ESPECIFICACIONPRODUCTO t1 WHERE ((t0.CAT_NAME = ?) AND (t1.NROREFERENCIA = t0.ESP_NROREF))
	bind => [Blackberry OS]
[EL Fine]: sql: 2014-10-09 10:12:53.953--ServerSession(1989311583)--Connection(1905800551)--Thread(Thread[AWT-EventQueue-0,6,main])--SELECT NOMBRE, PADRE FROM CATEGORIA
[EL Fine]: sql: 2014-10-09 10:12:53.955--ClientSession(1936224888)--Connection(1905800551)--Thread(Thread[AWT-EventQueue-0,6,main])--INSERT INTO CATEGORIA (NOMBRE, PADRE) VALUES (?, ?)
	bind => [Equipos, Celulares]
[EL Fine]: sql: 2014-10-09 10:12:53.96--ServerSession(1989311583)--Connection(1905800551)--Thread(Thread[AWT-EventQueue-0,6,main])--SELECT NOMBRE, PADRE FROM CATEGORIA
[EL Fine]: sql: 2014-10-09 10:12:53.961--ServerSession(1989311583)--Connection(1905800551)--Thread(Thread[AWT-EventQueue-0,6,main])--SELECT NOMBRE, PADRE FROM CATEGORIA WHERE (NOMBRE = ?)
	bind => [Celulares]
[EL Fine]: sql: 2014-10-09 10:12:53.962--ServerSession(1989311583)--Connection(1905800551)--Thread(Thread[AWT-EventQueue-0,6,main])--SELECT t1.NROREFERENCIA, t1.DESCRIPCION, t1.NOMBRE, t1.PRECIO, t1.PROVEEDOR_ID, t0.ESP_NROREF FROM CATEGORIAESPECIFICACIONPROD t0, ESPECIFICACIONPRODUCTO t1 WHERE ((t0.CAT_NAME = ?) AND (t1.NROREFERENCIA = t0.ESP_NROREF))
	bind => [Celulares]
[EL Fine]: sql: 2014-10-09 10:12:53.963--ServerSession(1989311583)--Connection(1905800551)--Thread(Thread[AWT-EventQueue-0,6,main])--SELECT NOMBRE, PADRE FROM CATEGORIA WHERE (NOMBRE = ?)
	bind => [Sistemas Operativos]
[EL Fine]: sql: 2014-10-09 10:12:53.964--ServerSession(1989311583)--Connection(1905800551)--Thread(Thread[AWT-EventQueue-0,6,main])--SELECT t1.NROREFERENCIA, t1.DESCRIPCION, t1.NOMBRE, t1.PRECIO, t1.PROVEEDOR_ID, t0.ESP_NROREF FROM CATEGORIAESPECIFICACIONPROD t0, ESPECIFICACIONPRODUCTO t1 WHERE ((t0.CAT_NAME = ?) AND (t1.NROREFERENCIA = t0.ESP_NROREF))
	bind => [Sistemas Operativos]
[EL Fine]: sql: 2014-10-09 10:12:53.965--ServerSession(1989311583)--Connection(1905800551)--Thread(Thread[AWT-EventQueue-0,6,main])--SELECT NOMBRE, PADRE FROM CATEGORIA WHERE (NOMBRE = ?)
	bind => [iOS]
[EL Fine]: sql: 2014-10-09 10:12:53.966--ServerSession(1989311583)--Connection(1905800551)--Thread(Thread[AWT-EventQueue-0,6,main])--SELECT t1.NROREFERENCIA, t1.DESCRIPCION, t1.NOMBRE, t1.PRECIO, t1.PROVEEDOR_ID, t0.ESP_NROREF FROM CATEGORIAESPECIFICACIONPROD t0, ESPECIFICACIONPRODUCTO t1 WHERE ((t0.CAT_NAME = ?) AND (t1.NROREFERENCIA = t0.ESP_NROREF))
	bind => [iOS]
[EL Fine]: sql: 2014-10-09 10:12:53.967--ServerSession(1989311583)--Connection(1905800551)--Thread(Thread[AWT-EventQueue-0,6,main])--SELECT NOMBRE, PADRE FROM CATEGORIA WHERE (NOMBRE = ?)
	bind => [Android]
[EL Fine]: sql: 2014-10-09 10:12:53.968--ServerSession(1989311583)--Connection(1905800551)--Thread(Thread[AWT-EventQueue-0,6,main])--SELECT t1.NROREFERENCIA, t1.DESCRIPCION, t1.NOMBRE, t1.PRECIO, t1.PROVEEDOR_ID, t0.ESP_NROREF FROM CATEGORIAESPECIFICACIONPROD t0, ESPECIFICACIONPRODUCTO t1 WHERE ((t0.CAT_NAME = ?) AND (t1.NROREFERENCIA = t0.ESP_NROREF))
	bind => [Android]
[EL Fine]: sql: 2014-10-09 10:12:53.969--ServerSession(1989311583)--Connection(1905800551)--Thread(Thread[AWT-EventQueue-0,6,main])--SELECT NOMBRE, PADRE FROM CATEGORIA WHERE (NOMBRE = ?)
	bind => [Windows Phone]
[EL Fine]: sql: 2014-10-09 10:12:53.97--ServerSession(1989311583)--Connection(1905800551)--Thread(Thread[AWT-EventQueue-0,6,main])--SELECT t1.NROREFERENCIA, t1.DESCRIPCION, t1.NOMBRE, t1.PRECIO, t1.PROVEEDOR_ID, t0.ESP_NROREF FROM CATEGORIAESPECIFICACIONPROD t0, ESPECIFICACIONPRODUCTO t1 WHERE ((t0.CAT_NAME = ?) AND (t1.NROREFERENCIA = t0.ESP_NROREF))
	bind => [Windows Phone]
[EL Fine]: sql: 2014-10-09 10:12:53.971--ServerSession(1989311583)--Connection(1905800551)--Thread(Thread[AWT-EventQueue-0,6,main])--SELECT NOMBRE, PADRE FROM CATEGORIA WHERE (NOMBRE = ?)
	bind => [Symbian]
[EL Fine]: sql: 2014-10-09 10:12:53.972--ServerSession(1989311583)--Connection(1905800551)--Thread(Thread[AWT-EventQueue-0,6,main])--SELECT t1.NROREFERENCIA, t1.DESCRIPCION, t1.NOMBRE, t1.PRECIO, t1.PROVEEDOR_ID, t0.ESP_NROREF FROM CATEGORIAESPECIFICACIONPROD t0, ESPECIFICACIONPRODUCTO t1 WHERE ((t0.CAT_NAME = ?) AND (t1.NROREFERENCIA = t0.ESP_NROREF))
	bind => [Symbian]
[EL Fine]: sql: 2014-10-09 10:12:53.973--ServerSession(1989311583)--Connection(1905800551)--Thread(Thread[AWT-EventQueue-0,6,main])--SELECT NOMBRE, PADRE FROM CATEGORIA WHERE (NOMBRE = ?)
	bind => [Blackberry OS]
[EL Fine]: sql: 2014-10-09 10:12:53.974--ServerSession(1989311583)--Connection(1905800551)--Thread(Thread[AWT-EventQueue-0,6,main])--SELECT t1.NROREFERENCIA, t1.DESCRIPCION, t1.NOMBRE, t1.PRECIO, t1.PROVEEDOR_ID, t0.ESP_NROREF FROM CATEGORIAESPECIFICACIONPROD t0, ESPECIFICACIONPRODUCTO t1 WHERE ((t0.CAT_NAME = ?) AND (t1.NROREFERENCIA = t0.ESP_NROREF))
	bind => [Blackberry OS]
[EL Fine]: sql: 2014-10-09 10:12:53.975--ServerSession(1989311583)--Connection(1905800551)--Thread(Thread[AWT-EventQueue-0,6,main])--SELECT NOMBRE, PADRE FROM CATEGORIA WHERE (NOMBRE = ?)
	bind => [Equipos]
[EL Fine]: sql: 2014-10-09 10:12:53.976--ServerSession(1989311583)--Connection(1905800551)--Thread(Thread[AWT-EventQueue-0,6,main])--SELECT t1.NROREFERENCIA, t1.DESCRIPCION, t1.NOMBRE, t1.PRECIO, t1.PROVEEDOR_ID, t0.ESP_NROREF FROM CATEGORIAESPECIFICACIONPROD t0, ESPECIFICACIONPRODUCTO t1 WHERE ((t0.CAT_NAME = ?) AND (t1.NROREFERENCIA = t0.ESP_NROREF))
	bind => [Equipos]
[EL Fine]: sql: 2014-10-09 10:12:53.98--ServerSession(1989311583)--Connection(1905800551)--Thread(Thread[AWT-EventQueue-0,6,main])--SELECT NOMBRE, PADRE FROM CATEGORIA
[EL Fine]: sql: 2014-10-09 10:12:53.985--ClientSession(1936224888)--Connection(1905800551)--Thread(Thread[AWT-EventQueue-0,6,main])--INSERT INTO CATEGORIA (NOMBRE, PADRE) VALUES (?, ?)
	bind => [iPhone, Equipos]
[EL Fine]: sql: 2014-10-09 10:12:53.986--ServerSession(1989311583)--Connection(1905800551)--Thread(Thread[AWT-EventQueue-0,6,main])--SELECT NOMBRE, PADRE FROM CATEGORIA
[EL Fine]: sql: 2014-10-09 10:12:53.987--ServerSession(1989311583)--Connection(1905800551)--Thread(Thread[AWT-EventQueue-0,6,main])--SELECT NOMBRE, PADRE FROM CATEGORIA WHERE (NOMBRE = ?)
	bind => [Celulares]
[EL Fine]: sql: 2014-10-09 10:12:53.988--ServerSession(1989311583)--Connection(1905800551)--Thread(Thread[AWT-EventQueue-0,6,main])--SELECT t1.NROREFERENCIA, t1.DESCRIPCION, t1.NOMBRE, t1.PRECIO, t1.PROVEEDOR_ID, t0.ESP_NROREF FROM CATEGORIAESPECIFICACIONPROD t0, ESPECIFICACIONPRODUCTO t1 WHERE ((t0.CAT_NAME = ?) AND (t1.NROREFERENCIA = t0.ESP_NROREF))
	bind => [Celulares]
[EL Fine]: sql: 2014-10-09 10:12:53.989--ServerSession(1989311583)--Connection(1905800551)--Thread(Thread[AWT-EventQueue-0,6,main])--SELECT NOMBRE, PADRE FROM CATEGORIA WHERE (NOMBRE = ?)
	bind => [Sistemas Operativos]
[EL Fine]: sql: 2014-10-09 10:12:53.99--ServerSession(1989311583)--Connection(1905800551)--Thread(Thread[AWT-EventQueue-0,6,main])--SELECT t1.NROREFERENCIA, t1.DESCRIPCION, t1.NOMBRE, t1.PRECIO, t1.PROVEEDOR_ID, t0.ESP_NROREF FROM CATEGORIAESPECIFICACIONPROD t0, ESPECIFICACIONPRODUCTO t1 WHERE ((t0.CAT_NAME = ?) AND (t1.NROREFERENCIA = t0.ESP_NROREF))
	bind => [Sistemas Operativos]
[EL Fine]: sql: 2014-10-09 10:12:53.991--ServerSession(1989311583)--Connection(1905800551)--Thread(Thread[AWT-EventQueue-0,6,main])--SELECT NOMBRE, PADRE FROM CATEGORIA WHERE (NOMBRE = ?)
	bind => [iOS]
[EL Fine]: sql: 2014-10-09 10:12:53.992--ServerSession(1989311583)--Connection(1905800551)--Thread(Thread[AWT-EventQueue-0,6,main])--SELECT t1.NROREFERENCIA, t1.DESCRIPCION, t1.NOMBRE, t1.PRECIO, t1.PROVEEDOR_ID, t0.ESP_NROREF FROM CATEGORIAESPECIFICACIONPROD t0, ESPECIFICACIONPRODUCTO t1 WHERE ((t0.CAT_NAME = ?) AND (t1.NROREFERENCIA = t0.ESP_NROREF))
	bind => [iOS]
[EL Fine]: sql: 2014-10-09 10:12:53.993--ServerSession(1989311583)--Connection(1905800551)--Thread(Thread[AWT-EventQueue-0,6,main])--SELECT NOMBRE, PADRE FROM CATEGORIA WHERE (NOMBRE = ?)
	bind => [Android]
[EL Fine]: sql: 2014-10-09 10:12:53.994--ServerSession(1989311583)--Connection(1905800551)--Thread(Thread[AWT-EventQueue-0,6,main])--SELECT t1.NROREFERENCIA, t1.DESCRIPCION, t1.NOMBRE, t1.PRECIO, t1.PROVEEDOR_ID, t0.ESP_NROREF FROM CATEGORIAESPECIFICACIONPROD t0, ESPECIFICACIONPRODUCTO t1 WHERE ((t0.CAT_NAME = ?) AND (t1.NROREFERENCIA = t0.ESP_NROREF))
	bind => [Android]
[EL Fine]: sql: 2014-10-09 10:12:53.995--ServerSession(1989311583)--Connection(1905800551)--Thread(Thread[AWT-EventQueue-0,6,main])--SELECT NOMBRE, PADRE FROM CATEGORIA WHERE (NOMBRE = ?)
	bind => [Windows Phone]
[EL Fine]: sql: 2014-10-09 10:12:53.996--ServerSession(1989311583)--Connection(1905800551)--Thread(Thread[AWT-EventQueue-0,6,main])--SELECT t1.NROREFERENCIA, t1.DESCRIPCION, t1.NOMBRE, t1.PRECIO, t1.PROVEEDOR_ID, t0.ESP_NROREF FROM CATEGORIAESPECIFICACIONPROD t0, ESPECIFICACIONPRODUCTO t1 WHERE ((t0.CAT_NAME = ?) AND (t1.NROREFERENCIA = t0.ESP_NROREF))
	bind => [Windows Phone]
[EL Fine]: sql: 2014-10-09 10:12:54.0--ServerSession(1989311583)--Connection(1905800551)--Thread(Thread[AWT-EventQueue-0,6,main])--SELECT NOMBRE, PADRE FROM CATEGORIA WHERE (NOMBRE = ?)
	bind => [Symbian]
[EL Fine]: sql: 2014-10-09 10:12:54.001--ServerSession(1989311583)--Connection(1905800551)--Thread(Thread[AWT-EventQueue-0,6,main])--SELECT t1.NROREFERENCIA, t1.DESCRIPCION, t1.NOMBRE, t1.PRECIO, t1.PROVEEDOR_ID, t0.ESP_NROREF FROM CATEGORIAESPECIFICACIONPROD t0, ESPECIFICACIONPRODUCTO t1 WHERE ((t0.CAT_NAME = ?) AND (t1.NROREFERENCIA = t0.ESP_NROREF))
	bind => [Symbian]
[EL Fine]: sql: 2014-10-09 10:12:54.002--ServerSession(1989311583)--Connection(1905800551)--Thread(Thread[AWT-EventQueue-0,6,main])--SELECT NOMBRE, PADRE FROM CATEGORIA WHERE (NOMBRE = ?)
	bind => [Blackberry OS]
[EL Fine]: sql: 2014-10-09 10:12:54.003--ServerSession(1989311583)--Connection(1905800551)--Thread(Thread[AWT-EventQueue-0,6,main])--SELECT t1.NROREFERENCIA, t1.DESCRIPCION, t1.NOMBRE, t1.PRECIO, t1.PROVEEDOR_ID, t0.ESP_NROREF FROM CATEGORIAESPECIFICACIONPROD t0, ESPECIFICACIONPRODUCTO t1 WHERE ((t0.CAT_NAME = ?) AND (t1.NROREFERENCIA = t0.ESP_NROREF))
	bind => [Blackberry OS]
[EL Fine]: sql: 2014-10-09 10:12:54.004--ServerSession(1989311583)--Connection(1905800551)--Thread(Thread[AWT-EventQueue-0,6,main])--SELECT NOMBRE, PADRE FROM CATEGORIA WHERE (NOMBRE = ?)
	bind => [Equipos]
[EL Fine]: sql: 2014-10-09 10:12:54.005--ServerSession(1989311583)--Connection(1905800551)--Thread(Thread[AWT-EventQueue-0,6,main])--SELECT t1.NROREFERENCIA, t1.DESCRIPCION, t1.NOMBRE, t1.PRECIO, t1.PROVEEDOR_ID, t0.ESP_NROREF FROM CATEGORIAESPECIFICACIONPROD t0, ESPECIFICACIONPRODUCTO t1 WHERE ((t0.CAT_NAME = ?) AND (t1.NROREFERENCIA = t0.ESP_NROREF))
	bind => [Equipos]
[EL Fine]: sql: 2014-10-09 10:12:54.006--ServerSession(1989311583)--Connection(1905800551)--Thread(Thread[AWT-EventQueue-0,6,main])--SELECT NOMBRE, PADRE FROM CATEGORIA WHERE (NOMBRE = ?)
	bind => [iPhone]
[EL Fine]: sql: 2014-10-09 10:12:54.007--ServerSession(1989311583)--Connection(1905800551)--Thread(Thread[AWT-EventQueue-0,6,main])--SELECT t1.NROREFERENCIA, t1.DESCRIPCION, t1.NOMBRE, t1.PRECIO, t1.PROVEEDOR_ID, t0.ESP_NROREF FROM CATEGORIAESPECIFICACIONPROD t0, ESPECIFICACIONPRODUCTO t1 WHERE ((t0.CAT_NAME = ?) AND (t1.NROREFERENCIA = t0.ESP_NROREF))
	bind => [iPhone]
[EL Fine]: sql: 2014-10-09 10:12:54.008--ServerSession(1989311583)--Connection(1905800551)--Thread(Thread[AWT-EventQueue-0,6,main])--SELECT NOMBRE, PADRE FROM CATEGORIA
[EL Fine]: sql: 2014-10-09 10:12:54.012--ClientSession(1936224888)--Connection(1905800551)--Thread(Thread[AWT-EventQueue-0,6,main])--INSERT INTO CATEGORIA (NOMBRE, PADRE) VALUES (?, ?)
	bind => [Nexus, Equipos]
[EL Fine]: sql: 2014-10-09 10:12:54.013--ServerSession(1989311583)--Connection(1905800551)--Thread(Thread[AWT-EventQueue-0,6,main])--SELECT NOMBRE, PADRE FROM CATEGORIA
[EL Fine]: sql: 2014-10-09 10:12:54.016--ServerSession(1989311583)--Connection(1905800551)--Thread(Thread[AWT-EventQueue-0,6,main])--SELECT NOMBRE, PADRE FROM CATEGORIA WHERE (NOMBRE = ?)
	bind => [Celulares]
[EL Fine]: sql: 2014-10-09 10:12:54.016--ServerSession(1989311583)--Connection(1905800551)--Thread(Thread[AWT-EventQueue-0,6,main])--SELECT t1.NROREFERENCIA, t1.DESCRIPCION, t1.NOMBRE, t1.PRECIO, t1.PROVEEDOR_ID, t0.ESP_NROREF FROM CATEGORIAESPECIFICACIONPROD t0, ESPECIFICACIONPRODUCTO t1 WHERE ((t0.CAT_NAME = ?) AND (t1.NROREFERENCIA = t0.ESP_NROREF))
	bind => [Celulares]
[EL Fine]: sql: 2014-10-09 10:12:54.017--ServerSession(1989311583)--Connection(1905800551)--Thread(Thread[AWT-EventQueue-0,6,main])--SELECT NOMBRE, PADRE FROM CATEGORIA WHERE (NOMBRE = ?)
	bind => [Sistemas Operativos]
[EL Fine]: sql: 2014-10-09 10:12:54.018--ServerSession(1989311583)--Connection(1905800551)--Thread(Thread[AWT-EventQueue-0,6,main])--SELECT t1.NROREFERENCIA, t1.DESCRIPCION, t1.NOMBRE, t1.PRECIO, t1.PROVEEDOR_ID, t0.ESP_NROREF FROM CATEGORIAESPECIFICACIONPROD t0, ESPECIFICACIONPRODUCTO t1 WHERE ((t0.CAT_NAME = ?) AND (t1.NROREFERENCIA = t0.ESP_NROREF))
	bind => [Sistemas Operativos]
[EL Fine]: sql: 2014-10-09 10:12:54.019--ServerSession(1989311583)--Connection(1905800551)--Thread(Thread[AWT-EventQueue-0,6,main])--SELECT NOMBRE, PADRE FROM CATEGORIA WHERE (NOMBRE = ?)
	bind => [iOS]
[EL Fine]: sql: 2014-10-09 10:12:54.02--ServerSession(1989311583)--Connection(1905800551)--Thread(Thread[AWT-EventQueue-0,6,main])--SELECT t1.NROREFERENCIA, t1.DESCRIPCION, t1.NOMBRE, t1.PRECIO, t1.PROVEEDOR_ID, t0.ESP_NROREF FROM CATEGORIAESPECIFICACIONPROD t0, ESPECIFICACIONPRODUCTO t1 WHERE ((t0.CAT_NAME = ?) AND (t1.NROREFERENCIA = t0.ESP_NROREF))
	bind => [iOS]
[EL Fine]: sql: 2014-10-09 10:12:54.021--ServerSession(1989311583)--Connection(1905800551)--Thread(Thread[AWT-EventQueue-0,6,main])--SELECT NOMBRE, PADRE FROM CATEGORIA WHERE (NOMBRE = ?)
	bind => [Android]
[EL Fine]: sql: 2014-10-09 10:12:54.022--ServerSession(1989311583)--Connection(1905800551)--Thread(Thread[AWT-EventQueue-0,6,main])--SELECT t1.NROREFERENCIA, t1.DESCRIPCION, t1.NOMBRE, t1.PRECIO, t1.PROVEEDOR_ID, t0.ESP_NROREF FROM CATEGORIAESPECIFICACIONPROD t0, ESPECIFICACIONPRODUCTO t1 WHERE ((t0.CAT_NAME = ?) AND (t1.NROREFERENCIA = t0.ESP_NROREF))
	bind => [Android]
[EL Fine]: sql: 2014-10-09 10:12:54.023--ServerSession(1989311583)--Connection(1905800551)--Thread(Thread[AWT-EventQueue-0,6,main])--SELECT NOMBRE, PADRE FROM CATEGORIA WHERE (NOMBRE = ?)
	bind => [Windows Phone]
[EL Fine]: sql: 2014-10-09 10:12:54.023--ServerSession(1989311583)--Connection(1905800551)--Thread(Thread[AWT-EventQueue-0,6,main])--SELECT t1.NROREFERENCIA, t1.DESCRIPCION, t1.NOMBRE, t1.PRECIO, t1.PROVEEDOR_ID, t0.ESP_NROREF FROM CATEGORIAESPECIFICACIONPROD t0, ESPECIFICACIONPRODUCTO t1 WHERE ((t0.CAT_NAME = ?) AND (t1.NROREFERENCIA = t0.ESP_NROREF))
	bind => [Windows Phone]
[EL Fine]: sql: 2014-10-09 10:12:54.024--ServerSession(1989311583)--Connection(1905800551)--Thread(Thread[AWT-EventQueue-0,6,main])--SELECT NOMBRE, PADRE FROM CATEGORIA WHERE (NOMBRE = ?)
	bind => [Symbian]
[EL Fine]: sql: 2014-10-09 10:12:54.025--ServerSession(1989311583)--Connection(1905800551)--Thread(Thread[AWT-EventQueue-0,6,main])--SELECT t1.NROREFERENCIA, t1.DESCRIPCION, t1.NOMBRE, t1.PRECIO, t1.PROVEEDOR_ID, t0.ESP_NROREF FROM CATEGORIAESPECIFICACIONPROD t0, ESPECIFICACIONPRODUCTO t1 WHERE ((t0.CAT_NAME = ?) AND (t1.NROREFERENCIA = t0.ESP_NROREF))
	bind => [Symbian]
[EL Fine]: sql: 2014-10-09 10:12:54.026--ServerSession(1989311583)--Connection(1905800551)--Thread(Thread[AWT-EventQueue-0,6,main])--SELECT NOMBRE, PADRE FROM CATEGORIA WHERE (NOMBRE = ?)
	bind => [Blackberry OS]
[EL Fine]: sql: 2014-10-09 10:12:54.027--ServerSession(1989311583)--Connection(1905800551)--Thread(Thread[AWT-EventQueue-0,6,main])--SELECT t1.NROREFERENCIA, t1.DESCRIPCION, t1.NOMBRE, t1.PRECIO, t1.PROVEEDOR_ID, t0.ESP_NROREF FROM CATEGORIAESPECIFICACIONPROD t0, ESPECIFICACIONPRODUCTO t1 WHERE ((t0.CAT_NAME = ?) AND (t1.NROREFERENCIA = t0.ESP_NROREF))
	bind => [Blackberry OS]
[EL Fine]: sql: 2014-10-09 10:12:54.028--ServerSession(1989311583)--Connection(1905800551)--Thread(Thread[AWT-EventQueue-0,6,main])--SELECT NOMBRE, PADRE FROM CATEGORIA WHERE (NOMBRE = ?)
	bind => [Equipos]
[EL Fine]: sql: 2014-10-09 10:12:54.028--ServerSession(1989311583)--Connection(1905800551)--Thread(Thread[AWT-EventQueue-0,6,main])--SELECT t1.NROREFERENCIA, t1.DESCRIPCION, t1.NOMBRE, t1.PRECIO, t1.PROVEEDOR_ID, t0.ESP_NROREF FROM CATEGORIAESPECIFICACIONPROD t0, ESPECIFICACIONPRODUCTO t1 WHERE ((t0.CAT_NAME = ?) AND (t1.NROREFERENCIA = t0.ESP_NROREF))
	bind => [Equipos]
[EL Fine]: sql: 2014-10-09 10:12:54.029--ServerSession(1989311583)--Connection(1905800551)--Thread(Thread[AWT-EventQueue-0,6,main])--SELECT NOMBRE, PADRE FROM CATEGORIA WHERE (NOMBRE = ?)
	bind => [iPhone]
[EL Fine]: sql: 2014-10-09 10:12:54.03--ServerSession(1989311583)--Connection(1905800551)--Thread(Thread[AWT-EventQueue-0,6,main])--SELECT t1.NROREFERENCIA, t1.DESCRIPCION, t1.NOMBRE, t1.PRECIO, t1.PROVEEDOR_ID, t0.ESP_NROREF FROM CATEGORIAESPECIFICACIONPROD t0, ESPECIFICACIONPRODUCTO t1 WHERE ((t0.CAT_NAME = ?) AND (t1.NROREFERENCIA = t0.ESP_NROREF))
	bind => [iPhone]
[EL Fine]: sql: 2014-10-09 10:12:54.032--ServerSession(1989311583)--Connection(1905800551)--Thread(Thread[AWT-EventQueue-0,6,main])--SELECT NOMBRE, PADRE FROM CATEGORIA WHERE (NOMBRE = ?)
	bind => [Nexus]
[EL Fine]: sql: 2014-10-09 10:12:54.032--ServerSession(1989311583)--Connection(1905800551)--Thread(Thread[AWT-EventQueue-0,6,main])--SELECT t1.NROREFERENCIA, t1.DESCRIPCION, t1.NOMBRE, t1.PRECIO, t1.PROVEEDOR_ID, t0.ESP_NROREF FROM CATEGORIAESPECIFICACIONPROD t0, ESPECIFICACIONPRODUCTO t1 WHERE ((t0.CAT_NAME = ?) AND (t1.NROREFERENCIA = t0.ESP_NROREF))
	bind => [Nexus]
[EL Fine]: sql: 2014-10-09 10:12:54.033--ServerSession(1989311583)--Connection(1905800551)--Thread(Thread[AWT-EventQueue-0,6,main])--SELECT NOMBRE, PADRE FROM CATEGORIA
[EL Fine]: sql: 2014-10-09 10:12:54.035--ClientSession(1936224888)--Connection(1905800551)--Thread(Thread[AWT-EventQueue-0,6,main])--INSERT INTO CATEGORIA (NOMBRE, PADRE) VALUES (?, ?)
	bind => [Samsung, Equipos]
[EL Fine]: sql: 2014-10-09 10:12:54.036--ServerSession(1989311583)--Connection(1905800551)--Thread(Thread[AWT-EventQueue-0,6,main])--SELECT NOMBRE, PADRE FROM CATEGORIA
[EL Fine]: sql: 2014-10-09 10:12:54.037--ServerSession(1989311583)--Connection(1905800551)--Thread(Thread[AWT-EventQueue-0,6,main])--SELECT NOMBRE, PADRE FROM CATEGORIA WHERE (NOMBRE = ?)
	bind => [Celulares]
[EL Fine]: sql: 2014-10-09 10:12:54.038--ServerSession(1989311583)--Connection(1905800551)--Thread(Thread[AWT-EventQueue-0,6,main])--SELECT t1.NROREFERENCIA, t1.DESCRIPCION, t1.NOMBRE, t1.PRECIO, t1.PROVEEDOR_ID, t0.ESP_NROREF FROM CATEGORIAESPECIFICACIONPROD t0, ESPECIFICACIONPRODUCTO t1 WHERE ((t0.CAT_NAME = ?) AND (t1.NROREFERENCIA = t0.ESP_NROREF))
	bind => [Celulares]
[EL Fine]: sql: 2014-10-09 10:12:54.039--ServerSession(1989311583)--Connection(1905800551)--Thread(Thread[AWT-EventQueue-0,6,main])--SELECT NOMBRE, PADRE FROM CATEGORIA WHERE (NOMBRE = ?)
	bind => [Sistemas Operativos]
[EL Fine]: sql: 2014-10-09 10:12:54.039--ServerSession(1989311583)--Connection(1905800551)--Thread(Thread[AWT-EventQueue-0,6,main])--SELECT t1.NROREFERENCIA, t1.DESCRIPCION, t1.NOMBRE, t1.PRECIO, t1.PROVEEDOR_ID, t0.ESP_NROREF FROM CATEGORIAESPECIFICACIONPROD t0, ESPECIFICACIONPRODUCTO t1 WHERE ((t0.CAT_NAME = ?) AND (t1.NROREFERENCIA = t0.ESP_NROREF))
	bind => [Sistemas Operativos]
[EL Fine]: sql: 2014-10-09 10:12:54.041--ServerSession(1989311583)--Connection(1905800551)--Thread(Thread[AWT-EventQueue-0,6,main])--SELECT NOMBRE, PADRE FROM CATEGORIA WHERE (NOMBRE = ?)
	bind => [iOS]
[EL Fine]: sql: 2014-10-09 10:12:54.041--ServerSession(1989311583)--Connection(1905800551)--Thread(Thread[AWT-EventQueue-0,6,main])--SELECT t1.NROREFERENCIA, t1.DESCRIPCION, t1.NOMBRE, t1.PRECIO, t1.PROVEEDOR_ID, t0.ESP_NROREF FROM CATEGORIAESPECIFICACIONPROD t0, ESPECIFICACIONPRODUCTO t1 WHERE ((t0.CAT_NAME = ?) AND (t1.NROREFERENCIA = t0.ESP_NROREF))
	bind => [iOS]
[EL Fine]: sql: 2014-10-09 10:12:54.042--ServerSession(1989311583)--Connection(1905800551)--Thread(Thread[AWT-EventQueue-0,6,main])--SELECT NOMBRE, PADRE FROM CATEGORIA WHERE (NOMBRE = ?)
	bind => [Android]
[EL Fine]: sql: 2014-10-09 10:12:54.043--ServerSession(1989311583)--Connection(1905800551)--Thread(Thread[AWT-EventQueue-0,6,main])--SELECT t1.NROREFERENCIA, t1.DESCRIPCION, t1.NOMBRE, t1.PRECIO, t1.PROVEEDOR_ID, t0.ESP_NROREF FROM CATEGORIAESPECIFICACIONPROD t0, ESPECIFICACIONPRODUCTO t1 WHERE ((t0.CAT_NAME = ?) AND (t1.NROREFERENCIA = t0.ESP_NROREF))
	bind => [Android]
[EL Fine]: sql: 2014-10-09 10:12:54.044--ServerSession(1989311583)--Connection(1905800551)--Thread(Thread[AWT-EventQueue-0,6,main])--SELECT NOMBRE, PADRE FROM CATEGORIA WHERE (NOMBRE = ?)
	bind => [Windows Phone]
[EL Fine]: sql: 2014-10-09 10:12:54.044--ServerSession(1989311583)--Connection(1905800551)--Thread(Thread[AWT-EventQueue-0,6,main])--SELECT t1.NROREFERENCIA, t1.DESCRIPCION, t1.NOMBRE, t1.PRECIO, t1.PROVEEDOR_ID, t0.ESP_NROREF FROM CATEGORIAESPECIFICACIONPROD t0, ESPECIFICACIONPRODUCTO t1 WHERE ((t0.CAT_NAME = ?) AND (t1.NROREFERENCIA = t0.ESP_NROREF))
	bind => [Windows Phone]
[EL Fine]: sql: 2014-10-09 10:12:54.045--ServerSession(1989311583)--Connection(1905800551)--Thread(Thread[AWT-EventQueue-0,6,main])--SELECT NOMBRE, PADRE FROM CATEGORIA WHERE (NOMBRE = ?)
	bind => [Symbian]
[EL Fine]: sql: 2014-10-09 10:12:54.046--ServerSession(1989311583)--Connection(1905800551)--Thread(Thread[AWT-EventQueue-0,6,main])--SELECT t1.NROREFERENCIA, t1.DESCRIPCION, t1.NOMBRE, t1.PRECIO, t1.PROVEEDOR_ID, t0.ESP_NROREF FROM CATEGORIAESPECIFICACIONPROD t0, ESPECIFICACIONPRODUCTO t1 WHERE ((t0.CAT_NAME = ?) AND (t1.NROREFERENCIA = t0.ESP_NROREF))
	bind => [Symbian]
[EL Fine]: sql: 2014-10-09 10:12:54.047--ServerSession(1989311583)--Connection(1905800551)--Thread(Thread[AWT-EventQueue-0,6,main])--SELECT NOMBRE, PADRE FROM CATEGORIA WHERE (NOMBRE = ?)
	bind => [Blackberry OS]
[EL Fine]: sql: 2014-10-09 10:12:54.048--ServerSession(1989311583)--Connection(1905800551)--Thread(Thread[AWT-EventQueue-0,6,main])--SELECT t1.NROREFERENCIA, t1.DESCRIPCION, t1.NOMBRE, t1.PRECIO, t1.PROVEEDOR_ID, t0.ESP_NROREF FROM CATEGORIAESPECIFICACIONPROD t0, ESPECIFICACIONPRODUCTO t1 WHERE ((t0.CAT_NAME = ?) AND (t1.NROREFERENCIA = t0.ESP_NROREF))
	bind => [Blackberry OS]
[EL Fine]: sql: 2014-10-09 10:12:54.049--ServerSession(1989311583)--Connection(1905800551)--Thread(Thread[AWT-EventQueue-0,6,main])--SELECT NOMBRE, PADRE FROM CATEGORIA WHERE (NOMBRE = ?)
	bind => [Equipos]
[EL Fine]: sql: 2014-10-09 10:12:54.05--ServerSession(1989311583)--Connection(1905800551)--Thread(Thread[AWT-EventQueue-0,6,main])--SELECT t1.NROREFERENCIA, t1.DESCRIPCION, t1.NOMBRE, t1.PRECIO, t1.PROVEEDOR_ID, t0.ESP_NROREF FROM CATEGORIAESPECIFICACIONPROD t0, ESPECIFICACIONPRODUCTO t1 WHERE ((t0.CAT_NAME = ?) AND (t1.NROREFERENCIA = t0.ESP_NROREF))
	bind => [Equipos]
[EL Fine]: sql: 2014-10-09 10:12:54.05--ServerSession(1989311583)--Connection(1905800551)--Thread(Thread[AWT-EventQueue-0,6,main])--SELECT NOMBRE, PADRE FROM CATEGORIA WHERE (NOMBRE = ?)
	bind => [iPhone]
[EL Fine]: sql: 2014-10-09 10:12:54.051--ServerSession(1989311583)--Connection(1905800551)--Thread(Thread[AWT-EventQueue-0,6,main])--SELECT t1.NROREFERENCIA, t1.DESCRIPCION, t1.NOMBRE, t1.PRECIO, t1.PROVEEDOR_ID, t0.ESP_NROREF FROM CATEGORIAESPECIFICACIONPROD t0, ESPECIFICACIONPRODUCTO t1 WHERE ((t0.CAT_NAME = ?) AND (t1.NROREFERENCIA = t0.ESP_NROREF))
	bind => [iPhone]
[EL Fine]: sql: 2014-10-09 10:12:54.052--ServerSession(1989311583)--Connection(1905800551)--Thread(Thread[AWT-EventQueue-0,6,main])--SELECT NOMBRE, PADRE FROM CATEGORIA WHERE (NOMBRE = ?)
	bind => [Nexus]
[EL Fine]: sql: 2014-10-09 10:12:54.053--ServerSession(1989311583)--Connection(1905800551)--Thread(Thread[AWT-EventQueue-0,6,main])--SELECT t1.NROREFERENCIA, t1.DESCRIPCION, t1.NOMBRE, t1.PRECIO, t1.PROVEEDOR_ID, t0.ESP_NROREF FROM CATEGORIAESPECIFICACIONPROD t0, ESPECIFICACIONPRODUCTO t1 WHERE ((t0.CAT_NAME = ?) AND (t1.NROREFERENCIA = t0.ESP_NROREF))
	bind => [Nexus]
[EL Fine]: sql: 2014-10-09 10:12:54.054--ServerSession(1989311583)--Connection(1905800551)--Thread(Thread[AWT-EventQueue-0,6,main])--SELECT NOMBRE, PADRE FROM CATEGORIA WHERE (NOMBRE = ?)
	bind => [Samsung]
[EL Fine]: sql: 2014-10-09 10:12:54.054--ServerSession(1989311583)--Connection(1905800551)--Thread(Thread[AWT-EventQueue-0,6,main])--SELECT t1.NROREFERENCIA, t1.DESCRIPCION, t1.NOMBRE, t1.PRECIO, t1.PROVEEDOR_ID, t0.ESP_NROREF FROM CATEGORIAESPECIFICACIONPROD t0, ESPECIFICACIONPRODUCTO t1 WHERE ((t0.CAT_NAME = ?) AND (t1.NROREFERENCIA = t0.ESP_NROREF))
	bind => [Samsung]
[EL Fine]: sql: 2014-10-09 10:12:54.055--ServerSession(1989311583)--Connection(1905800551)--Thread(Thread[AWT-EventQueue-0,6,main])--SELECT NOMBRE, PADRE FROM CATEGORIA
[EL Fine]: sql: 2014-10-09 10:12:54.058--ClientSession(1936224888)--Connection(1905800551)--Thread(Thread[AWT-EventQueue-0,6,main])--INSERT INTO CATEGORIA (NOMBRE, PADRE) VALUES (?, ?)
	bind => [Galaxy S3, Samsung]
[EL Fine]: sql: 2014-10-09 10:12:54.06--ServerSession(1989311583)--Connection(1905800551)--Thread(Thread[AWT-EventQueue-0,6,main])--SELECT NOMBRE, PADRE FROM CATEGORIA
[EL Fine]: sql: 2014-10-09 10:12:54.062--ServerSession(1989311583)--Connection(1905800551)--Thread(Thread[AWT-EventQueue-0,6,main])--SELECT NOMBRE, PADRE FROM CATEGORIA WHERE (NOMBRE = ?)
	bind => [Celulares]
[EL Fine]: sql: 2014-10-09 10:12:54.063--ServerSession(1989311583)--Connection(1905800551)--Thread(Thread[AWT-EventQueue-0,6,main])--SELECT t1.NROREFERENCIA, t1.DESCRIPCION, t1.NOMBRE, t1.PRECIO, t1.PROVEEDOR_ID, t0.ESP_NROREF FROM CATEGORIAESPECIFICACIONPROD t0, ESPECIFICACIONPRODUCTO t1 WHERE ((t0.CAT_NAME = ?) AND (t1.NROREFERENCIA = t0.ESP_NROREF))
	bind => [Celulares]
[EL Fine]: sql: 2014-10-09 10:12:54.065--ServerSession(1989311583)--Connection(1905800551)--Thread(Thread[AWT-EventQueue-0,6,main])--SELECT NOMBRE, PADRE FROM CATEGORIA WHERE (NOMBRE = ?)
	bind => [Sistemas Operativos]
[EL Fine]: sql: 2014-10-09 10:12:54.066--ServerSession(1989311583)--Connection(1905800551)--Thread(Thread[AWT-EventQueue-0,6,main])--SELECT t1.NROREFERENCIA, t1.DESCRIPCION, t1.NOMBRE, t1.PRECIO, t1.PROVEEDOR_ID, t0.ESP_NROREF FROM CATEGORIAESPECIFICACIONPROD t0, ESPECIFICACIONPRODUCTO t1 WHERE ((t0.CAT_NAME = ?) AND (t1.NROREFERENCIA = t0.ESP_NROREF))
	bind => [Sistemas Operativos]
[EL Fine]: sql: 2014-10-09 10:12:54.067--ServerSession(1989311583)--Connection(1905800551)--Thread(Thread[AWT-EventQueue-0,6,main])--SELECT NOMBRE, PADRE FROM CATEGORIA WHERE (NOMBRE = ?)
	bind => [iOS]
[EL Fine]: sql: 2014-10-09 10:12:54.068--ServerSession(1989311583)--Connection(1905800551)--Thread(Thread[AWT-EventQueue-0,6,main])--SELECT t1.NROREFERENCIA, t1.DESCRIPCION, t1.NOMBRE, t1.PRECIO, t1.PROVEEDOR_ID, t0.ESP_NROREF FROM CATEGORIAESPECIFICACIONPROD t0, ESPECIFICACIONPRODUCTO t1 WHERE ((t0.CAT_NAME = ?) AND (t1.NROREFERENCIA = t0.ESP_NROREF))
	bind => [iOS]
[EL Fine]: sql: 2014-10-09 10:12:54.069--ServerSession(1989311583)--Connection(1905800551)--Thread(Thread[AWT-EventQueue-0,6,main])--SELECT NOMBRE, PADRE FROM CATEGORIA WHERE (NOMBRE = ?)
	bind => [Android]
[EL Fine]: sql: 2014-10-09 10:12:54.07--ServerSession(1989311583)--Connection(1905800551)--Thread(Thread[AWT-EventQueue-0,6,main])--SELECT t1.NROREFERENCIA, t1.DESCRIPCION, t1.NOMBRE, t1.PRECIO, t1.PROVEEDOR_ID, t0.ESP_NROREF FROM CATEGORIAESPECIFICACIONPROD t0, ESPECIFICACIONPRODUCTO t1 WHERE ((t0.CAT_NAME = ?) AND (t1.NROREFERENCIA = t0.ESP_NROREF))
	bind => [Android]
[EL Fine]: sql: 2014-10-09 10:12:54.071--ServerSession(1989311583)--Connection(1905800551)--Thread(Thread[AWT-EventQueue-0,6,main])--SELECT NOMBRE, PADRE FROM CATEGORIA WHERE (NOMBRE = ?)
	bind => [Windows Phone]
[EL Fine]: sql: 2014-10-09 10:12:54.072--ServerSession(1989311583)--Connection(1905800551)--Thread(Thread[AWT-EventQueue-0,6,main])--SELECT t1.NROREFERENCIA, t1.DESCRIPCION, t1.NOMBRE, t1.PRECIO, t1.PROVEEDOR_ID, t0.ESP_NROREF FROM CATEGORIAESPECIFICACIONPROD t0, ESPECIFICACIONPRODUCTO t1 WHERE ((t0.CAT_NAME = ?) AND (t1.NROREFERENCIA = t0.ESP_NROREF))
	bind => [Windows Phone]
[EL Fine]: sql: 2014-10-09 10:12:54.073--ServerSession(1989311583)--Connection(1905800551)--Thread(Thread[AWT-EventQueue-0,6,main])--SELECT NOMBRE, PADRE FROM CATEGORIA WHERE (NOMBRE = ?)
	bind => [Symbian]
[EL Fine]: sql: 2014-10-09 10:12:54.073--ServerSession(1989311583)--Connection(1905800551)--Thread(Thread[AWT-EventQueue-0,6,main])--SELECT t1.NROREFERENCIA, t1.DESCRIPCION, t1.NOMBRE, t1.PRECIO, t1.PROVEEDOR_ID, t0.ESP_NROREF FROM CATEGORIAESPECIFICACIONPROD t0, ESPECIFICACIONPRODUCTO t1 WHERE ((t0.CAT_NAME = ?) AND (t1.NROREFERENCIA = t0.ESP_NROREF))
	bind => [Symbian]
[EL Fine]: sql: 2014-10-09 10:12:54.074--ServerSession(1989311583)--Connection(1905800551)--Thread(Thread[AWT-EventQueue-0,6,main])--SELECT NOMBRE, PADRE FROM CATEGORIA WHERE (NOMBRE = ?)
	bind => [Blackberry OS]
[EL Fine]: sql: 2014-10-09 10:12:54.075--ServerSession(1989311583)--Connection(1905800551)--Thread(Thread[AWT-EventQueue-0,6,main])--SELECT t1.NROREFERENCIA, t1.DESCRIPCION, t1.NOMBRE, t1.PRECIO, t1.PROVEEDOR_ID, t0.ESP_NROREF FROM CATEGORIAESPECIFICACIONPROD t0, ESPECIFICACIONPRODUCTO t1 WHERE ((t0.CAT_NAME = ?) AND (t1.NROREFERENCIA = t0.ESP_NROREF))
	bind => [Blackberry OS]
[EL Fine]: sql: 2014-10-09 10:12:54.076--ServerSession(1989311583)--Connection(1905800551)--Thread(Thread[AWT-EventQueue-0,6,main])--SELECT NOMBRE, PADRE FROM CATEGORIA WHERE (NOMBRE = ?)
	bind => [Equipos]
[EL Fine]: sql: 2014-10-09 10:12:54.077--ServerSession(1989311583)--Connection(1905800551)--Thread(Thread[AWT-EventQueue-0,6,main])--SELECT t1.NROREFERENCIA, t1.DESCRIPCION, t1.NOMBRE, t1.PRECIO, t1.PROVEEDOR_ID, t0.ESP_NROREF FROM CATEGORIAESPECIFICACIONPROD t0, ESPECIFICACIONPRODUCTO t1 WHERE ((t0.CAT_NAME = ?) AND (t1.NROREFERENCIA = t0.ESP_NROREF))
	bind => [Equipos]
[EL Fine]: sql: 2014-10-09 10:12:54.078--ServerSession(1989311583)--Connection(1905800551)--Thread(Thread[AWT-EventQueue-0,6,main])--SELECT NOMBRE, PADRE FROM CATEGORIA WHERE (NOMBRE = ?)
	bind => [iPhone]
[EL Fine]: sql: 2014-10-09 10:12:54.079--ServerSession(1989311583)--Connection(1905800551)--Thread(Thread[AWT-EventQueue-0,6,main])--SELECT t1.NROREFERENCIA, t1.DESCRIPCION, t1.NOMBRE, t1.PRECIO, t1.PROVEEDOR_ID, t0.ESP_NROREF FROM CATEGORIAESPECIFICACIONPROD t0, ESPECIFICACIONPRODUCTO t1 WHERE ((t0.CAT_NAME = ?) AND (t1.NROREFERENCIA = t0.ESP_NROREF))
	bind => [iPhone]
[EL Fine]: sql: 2014-10-09 10:12:54.08--ServerSession(1989311583)--Connection(1905800551)--Thread(Thread[AWT-EventQueue-0,6,main])--SELECT NOMBRE, PADRE FROM CATEGORIA WHERE (NOMBRE = ?)
	bind => [Nexus]
[EL Fine]: sql: 2014-10-09 10:12:54.082--ServerSession(1989311583)--Connection(1905800551)--Thread(Thread[AWT-EventQueue-0,6,main])--SELECT t1.NROREFERENCIA, t1.DESCRIPCION, t1.NOMBRE, t1.PRECIO, t1.PROVEEDOR_ID, t0.ESP_NROREF FROM CATEGORIAESPECIFICACIONPROD t0, ESPECIFICACIONPRODUCTO t1 WHERE ((t0.CAT_NAME = ?) AND (t1.NROREFERENCIA = t0.ESP_NROREF))
	bind => [Nexus]
[EL Fine]: sql: 2014-10-09 10:12:54.083--ServerSession(1989311583)--Connection(1905800551)--Thread(Thread[AWT-EventQueue-0,6,main])--SELECT NOMBRE, PADRE FROM CATEGORIA WHERE (NOMBRE = ?)
	bind => [Samsung]
[EL Fine]: sql: 2014-10-09 10:12:54.084--ServerSession(1989311583)--Connection(1905800551)--Thread(Thread[AWT-EventQueue-0,6,main])--SELECT t1.NROREFERENCIA, t1.DESCRIPCION, t1.NOMBRE, t1.PRECIO, t1.PROVEEDOR_ID, t0.ESP_NROREF FROM CATEGORIAESPECIFICACIONPROD t0, ESPECIFICACIONPRODUCTO t1 WHERE ((t0.CAT_NAME = ?) AND (t1.NROREFERENCIA = t0.ESP_NROREF))
	bind => [Samsung]
[EL Fine]: sql: 2014-10-09 10:12:54.085--ServerSession(1989311583)--Connection(1905800551)--Thread(Thread[AWT-EventQueue-0,6,main])--SELECT NOMBRE, PADRE FROM CATEGORIA WHERE (NOMBRE = ?)
	bind => [Galaxy S3]
[EL Fine]: sql: 2014-10-09 10:12:54.085--ServerSession(1989311583)--Connection(1905800551)--Thread(Thread[AWT-EventQueue-0,6,main])--SELECT t1.NROREFERENCIA, t1.DESCRIPCION, t1.NOMBRE, t1.PRECIO, t1.PROVEEDOR_ID, t0.ESP_NROREF FROM CATEGORIAESPECIFICACIONPROD t0, ESPECIFICACIONPRODUCTO t1 WHERE ((t0.CAT_NAME = ?) AND (t1.NROREFERENCIA = t0.ESP_NROREF))
	bind => [Galaxy S3]
[EL Fine]: sql: 2014-10-09 10:12:54.086--ServerSession(1989311583)--Connection(1905800551)--Thread(Thread[AWT-EventQueue-0,6,main])--SELECT NOMBRE, PADRE FROM CATEGORIA
[EL Fine]: sql: 2014-10-09 10:12:54.088--ClientSession(1936224888)--Connection(1905800551)--Thread(Thread[AWT-EventQueue-0,6,main])--INSERT INTO CATEGORIA (NOMBRE, PADRE) VALUES (?, ?)
	bind => [Galaxy S4, Samsung]
[EL Fine]: sql: 2014-10-09 10:12:54.089--ServerSession(1989311583)--Connection(1905800551)--Thread(Thread[AWT-EventQueue-0,6,main])--SELECT NOMBRE, PADRE FROM CATEGORIA
[EL Fine]: sql: 2014-10-09 10:12:54.09--ServerSession(1989311583)--Connection(1905800551)--Thread(Thread[AWT-EventQueue-0,6,main])--SELECT NOMBRE, PADRE FROM CATEGORIA WHERE (NOMBRE = ?)
	bind => [Celulares]
[EL Fine]: sql: 2014-10-09 10:12:54.091--ServerSession(1989311583)--Connection(1905800551)--Thread(Thread[AWT-EventQueue-0,6,main])--SELECT t1.NROREFERENCIA, t1.DESCRIPCION, t1.NOMBRE, t1.PRECIO, t1.PROVEEDOR_ID, t0.ESP_NROREF FROM CATEGORIAESPECIFICACIONPROD t0, ESPECIFICACIONPRODUCTO t1 WHERE ((t0.CAT_NAME = ?) AND (t1.NROREFERENCIA = t0.ESP_NROREF))
	bind => [Celulares]
[EL Fine]: sql: 2014-10-09 10:12:54.092--ServerSession(1989311583)--Connection(1905800551)--Thread(Thread[AWT-EventQueue-0,6,main])--SELECT NOMBRE, PADRE FROM CATEGORIA WHERE (NOMBRE = ?)
	bind => [Sistemas Operativos]
[EL Fine]: sql: 2014-10-09 10:12:54.092--ServerSession(1989311583)--Connection(1905800551)--Thread(Thread[AWT-EventQueue-0,6,main])--SELECT t1.NROREFERENCIA, t1.DESCRIPCION, t1.NOMBRE, t1.PRECIO, t1.PROVEEDOR_ID, t0.ESP_NROREF FROM CATEGORIAESPECIFICACIONPROD t0, ESPECIFICACIONPRODUCTO t1 WHERE ((t0.CAT_NAME = ?) AND (t1.NROREFERENCIA = t0.ESP_NROREF))
	bind => [Sistemas Operativos]
[EL Fine]: sql: 2014-10-09 10:12:54.093--ServerSession(1989311583)--Connection(1905800551)--Thread(Thread[AWT-EventQueue-0,6,main])--SELECT NOMBRE, PADRE FROM CATEGORIA WHERE (NOMBRE = ?)
	bind => [iOS]
[EL Fine]: sql: 2014-10-09 10:12:54.094--ServerSession(1989311583)--Connection(1905800551)--Thread(Thread[AWT-EventQueue-0,6,main])--SELECT t1.NROREFERENCIA, t1.DESCRIPCION, t1.NOMBRE, t1.PRECIO, t1.PROVEEDOR_ID, t0.ESP_NROREF FROM CATEGORIAESPECIFICACIONPROD t0, ESPECIFICACIONPRODUCTO t1 WHERE ((t0.CAT_NAME = ?) AND (t1.NROREFERENCIA = t0.ESP_NROREF))
	bind => [iOS]
[EL Fine]: sql: 2014-10-09 10:12:54.095--ServerSession(1989311583)--Connection(1905800551)--Thread(Thread[AWT-EventQueue-0,6,main])--SELECT NOMBRE, PADRE FROM CATEGORIA WHERE (NOMBRE = ?)
	bind => [Android]
[EL Fine]: sql: 2014-10-09 10:12:54.095--ServerSession(1989311583)--Connection(1905800551)--Thread(Thread[AWT-EventQueue-0,6,main])--SELECT t1.NROREFERENCIA, t1.DESCRIPCION, t1.NOMBRE, t1.PRECIO, t1.PROVEEDOR_ID, t0.ESP_NROREF FROM CATEGORIAESPECIFICACIONPROD t0, ESPECIFICACIONPRODUCTO t1 WHERE ((t0.CAT_NAME = ?) AND (t1.NROREFERENCIA = t0.ESP_NROREF))
	bind => [Android]
[EL Fine]: sql: 2014-10-09 10:12:54.096--ServerSession(1989311583)--Connection(1905800551)--Thread(Thread[AWT-EventQueue-0,6,main])--SELECT NOMBRE, PADRE FROM CATEGORIA WHERE (NOMBRE = ?)
	bind => [Windows Phone]
[EL Fine]: sql: 2014-10-09 10:12:54.097--ServerSession(1989311583)--Connection(1905800551)--Thread(Thread[AWT-EventQueue-0,6,main])--SELECT t1.NROREFERENCIA, t1.DESCRIPCION, t1.NOMBRE, t1.PRECIO, t1.PROVEEDOR_ID, t0.ESP_NROREF FROM CATEGORIAESPECIFICACIONPROD t0, ESPECIFICACIONPRODUCTO t1 WHERE ((t0.CAT_NAME = ?) AND (t1.NROREFERENCIA = t0.ESP_NROREF))
	bind => [Windows Phone]
[EL Fine]: sql: 2014-10-09 10:12:54.098--ServerSession(1989311583)--Connection(1905800551)--Thread(Thread[AWT-EventQueue-0,6,main])--SELECT NOMBRE, PADRE FROM CATEGORIA WHERE (NOMBRE = ?)
	bind => [Symbian]
[EL Fine]: sql: 2014-10-09 10:12:54.099--ServerSession(1989311583)--Connection(1905800551)--Thread(Thread[AWT-EventQueue-0,6,main])--SELECT t1.NROREFERENCIA, t1.DESCRIPCION, t1.NOMBRE, t1.PRECIO, t1.PROVEEDOR_ID, t0.ESP_NROREF FROM CATEGORIAESPECIFICACIONPROD t0, ESPECIFICACIONPRODUCTO t1 WHERE ((t0.CAT_NAME = ?) AND (t1.NROREFERENCIA = t0.ESP_NROREF))
	bind => [Symbian]
[EL Fine]: sql: 2014-10-09 10:12:54.1--ServerSession(1989311583)--Connection(1905800551)--Thread(Thread[AWT-EventQueue-0,6,main])--SELECT NOMBRE, PADRE FROM CATEGORIA WHERE (NOMBRE = ?)
	bind => [Blackberry OS]
[EL Fine]: sql: 2014-10-09 10:12:54.101--ServerSession(1989311583)--Connection(1905800551)--Thread(Thread[AWT-EventQueue-0,6,main])--SELECT t1.NROREFERENCIA, t1.DESCRIPCION, t1.NOMBRE, t1.PRECIO, t1.PROVEEDOR_ID, t0.ESP_NROREF FROM CATEGORIAESPECIFICACIONPROD t0, ESPECIFICACIONPRODUCTO t1 WHERE ((t0.CAT_NAME = ?) AND (t1.NROREFERENCIA = t0.ESP_NROREF))
	bind => [Blackberry OS]
[EL Fine]: sql: 2014-10-09 10:12:54.102--ServerSession(1989311583)--Connection(1905800551)--Thread(Thread[AWT-EventQueue-0,6,main])--SELECT NOMBRE, PADRE FROM CATEGORIA WHERE (NOMBRE = ?)
	bind => [Equipos]
[EL Fine]: sql: 2014-10-09 10:12:54.102--ServerSession(1989311583)--Connection(1905800551)--Thread(Thread[AWT-EventQueue-0,6,main])--SELECT t1.NROREFERENCIA, t1.DESCRIPCION, t1.NOMBRE, t1.PRECIO, t1.PROVEEDOR_ID, t0.ESP_NROREF FROM CATEGORIAESPECIFICACIONPROD t0, ESPECIFICACIONPRODUCTO t1 WHERE ((t0.CAT_NAME = ?) AND (t1.NROREFERENCIA = t0.ESP_NROREF))
	bind => [Equipos]
[EL Fine]: sql: 2014-10-09 10:12:54.103--ServerSession(1989311583)--Connection(1905800551)--Thread(Thread[AWT-EventQueue-0,6,main])--SELECT NOMBRE, PADRE FROM CATEGORIA WHERE (NOMBRE = ?)
	bind => [iPhone]
[EL Fine]: sql: 2014-10-09 10:12:54.104--ServerSession(1989311583)--Connection(1905800551)--Thread(Thread[AWT-EventQueue-0,6,main])--SELECT t1.NROREFERENCIA, t1.DESCRIPCION, t1.NOMBRE, t1.PRECIO, t1.PROVEEDOR_ID, t0.ESP_NROREF FROM CATEGORIAESPECIFICACIONPROD t0, ESPECIFICACIONPRODUCTO t1 WHERE ((t0.CAT_NAME = ?) AND (t1.NROREFERENCIA = t0.ESP_NROREF))
	bind => [iPhone]
[EL Fine]: sql: 2014-10-09 10:12:54.104--ServerSession(1989311583)--Connection(1905800551)--Thread(Thread[AWT-EventQueue-0,6,main])--SELECT NOMBRE, PADRE FROM CATEGORIA WHERE (NOMBRE = ?)
	bind => [Nexus]
[EL Fine]: sql: 2014-10-09 10:12:54.105--ServerSession(1989311583)--Connection(1905800551)--Thread(Thread[AWT-EventQueue-0,6,main])--SELECT t1.NROREFERENCIA, t1.DESCRIPCION, t1.NOMBRE, t1.PRECIO, t1.PROVEEDOR_ID, t0.ESP_NROREF FROM CATEGORIAESPECIFICACIONPROD t0, ESPECIFICACIONPRODUCTO t1 WHERE ((t0.CAT_NAME = ?) AND (t1.NROREFERENCIA = t0.ESP_NROREF))
	bind => [Nexus]
[EL Fine]: sql: 2014-10-09 10:12:54.106--ServerSession(1989311583)--Connection(1905800551)--Thread(Thread[AWT-EventQueue-0,6,main])--SELECT NOMBRE, PADRE FROM CATEGORIA WHERE (NOMBRE = ?)
	bind => [Samsung]
[EL Fine]: sql: 2014-10-09 10:12:54.107--ServerSession(1989311583)--Connection(1905800551)--Thread(Thread[AWT-EventQueue-0,6,main])--SELECT t1.NROREFERENCIA, t1.DESCRIPCION, t1.NOMBRE, t1.PRECIO, t1.PROVEEDOR_ID, t0.ESP_NROREF FROM CATEGORIAESPECIFICACIONPROD t0, ESPECIFICACIONPRODUCTO t1 WHERE ((t0.CAT_NAME = ?) AND (t1.NROREFERENCIA = t0.ESP_NROREF))
	bind => [Samsung]
[EL Fine]: sql: 2014-10-09 10:12:54.108--ServerSession(1989311583)--Connection(1905800551)--Thread(Thread[AWT-EventQueue-0,6,main])--SELECT NOMBRE, PADRE FROM CATEGORIA WHERE (NOMBRE = ?)
	bind => [Galaxy S3]
[EL Fine]: sql: 2014-10-09 10:12:54.108--ServerSession(1989311583)--Connection(1905800551)--Thread(Thread[AWT-EventQueue-0,6,main])--SELECT t1.NROREFERENCIA, t1.DESCRIPCION, t1.NOMBRE, t1.PRECIO, t1.PROVEEDOR_ID, t0.ESP_NROREF FROM CATEGORIAESPECIFICACIONPROD t0, ESPECIFICACIONPRODUCTO t1 WHERE ((t0.CAT_NAME = ?) AND (t1.NROREFERENCIA = t0.ESP_NROREF))
	bind => [Galaxy S3]
[EL Fine]: sql: 2014-10-09 10:12:54.109--ServerSession(1989311583)--Connection(1905800551)--Thread(Thread[AWT-EventQueue-0,6,main])--SELECT NOMBRE, PADRE FROM CATEGORIA WHERE (NOMBRE = ?)
	bind => [Galaxy S4]
[EL Fine]: sql: 2014-10-09 10:12:54.11--ServerSession(1989311583)--Connection(1905800551)--Thread(Thread[AWT-EventQueue-0,6,main])--SELECT t1.NROREFERENCIA, t1.DESCRIPCION, t1.NOMBRE, t1.PRECIO, t1.PROVEEDOR_ID, t0.ESP_NROREF FROM CATEGORIAESPECIFICACIONPROD t0, ESPECIFICACIONPRODUCTO t1 WHERE ((t0.CAT_NAME = ?) AND (t1.NROREFERENCIA = t0.ESP_NROREF))
	bind => [Galaxy S4]
[EL Fine]: sql: 2014-10-09 10:12:54.111--ServerSession(1989311583)--Connection(1905800551)--Thread(Thread[AWT-EventQueue-0,6,main])--SELECT NOMBRE, PADRE FROM CATEGORIA
[EL Fine]: sql: 2014-10-09 10:12:54.116--ClientSession(1936224888)--Connection(1905800551)--Thread(Thread[AWT-EventQueue-0,6,main])--INSERT INTO CATEGORIA (NOMBRE, PADRE) VALUES (?, ?)
	bind => [Galaxy Ace, Samsung]
[EL Fine]: sql: 2014-10-09 10:12:54.117--ServerSession(1989311583)--Connection(1905800551)--Thread(Thread[AWT-EventQueue-0,6,main])--SELECT NOMBRE, PADRE FROM CATEGORIA
[EL Fine]: sql: 2014-10-09 10:12:54.118--ServerSession(1989311583)--Connection(1905800551)--Thread(Thread[AWT-EventQueue-0,6,main])--SELECT NOMBRE, PADRE FROM CATEGORIA WHERE (NOMBRE = ?)
	bind => [Celulares]
[EL Fine]: sql: 2014-10-09 10:12:54.118--ServerSession(1989311583)--Connection(1905800551)--Thread(Thread[AWT-EventQueue-0,6,main])--SELECT t1.NROREFERENCIA, t1.DESCRIPCION, t1.NOMBRE, t1.PRECIO, t1.PROVEEDOR_ID, t0.ESP_NROREF FROM CATEGORIAESPECIFICACIONPROD t0, ESPECIFICACIONPRODUCTO t1 WHERE ((t0.CAT_NAME = ?) AND (t1.NROREFERENCIA = t0.ESP_NROREF))
	bind => [Celulares]
[EL Fine]: sql: 2014-10-09 10:12:54.119--ServerSession(1989311583)--Connection(1905800551)--Thread(Thread[AWT-EventQueue-0,6,main])--SELECT NOMBRE, PADRE FROM CATEGORIA WHERE (NOMBRE = ?)
	bind => [Sistemas Operativos]
[EL Fine]: sql: 2014-10-09 10:12:54.119--ServerSession(1989311583)--Connection(1905800551)--Thread(Thread[AWT-EventQueue-0,6,main])--SELECT t1.NROREFERENCIA, t1.DESCRIPCION, t1.NOMBRE, t1.PRECIO, t1.PROVEEDOR_ID, t0.ESP_NROREF FROM CATEGORIAESPECIFICACIONPROD t0, ESPECIFICACIONPRODUCTO t1 WHERE ((t0.CAT_NAME = ?) AND (t1.NROREFERENCIA = t0.ESP_NROREF))
	bind => [Sistemas Operativos]
[EL Fine]: sql: 2014-10-09 10:12:54.12--ServerSession(1989311583)--Connection(1905800551)--Thread(Thread[AWT-EventQueue-0,6,main])--SELECT NOMBRE, PADRE FROM CATEGORIA WHERE (NOMBRE = ?)
	bind => [iOS]
[EL Fine]: sql: 2014-10-09 10:12:54.12--ServerSession(1989311583)--Connection(1905800551)--Thread(Thread[AWT-EventQueue-0,6,main])--SELECT t1.NROREFERENCIA, t1.DESCRIPCION, t1.NOMBRE, t1.PRECIO, t1.PROVEEDOR_ID, t0.ESP_NROREF FROM CATEGORIAESPECIFICACIONPROD t0, ESPECIFICACIONPRODUCTO t1 WHERE ((t0.CAT_NAME = ?) AND (t1.NROREFERENCIA = t0.ESP_NROREF))
	bind => [iOS]
[EL Fine]: sql: 2014-10-09 10:12:54.121--ServerSession(1989311583)--Connection(1905800551)--Thread(Thread[AWT-EventQueue-0,6,main])--SELECT NOMBRE, PADRE FROM CATEGORIA WHERE (NOMBRE = ?)
	bind => [Android]
[EL Fine]: sql: 2014-10-09 10:12:54.122--ServerSession(1989311583)--Connection(1905800551)--Thread(Thread[AWT-EventQueue-0,6,main])--SELECT t1.NROREFERENCIA, t1.DESCRIPCION, t1.NOMBRE, t1.PRECIO, t1.PROVEEDOR_ID, t0.ESP_NROREF FROM CATEGORIAESPECIFICACIONPROD t0, ESPECIFICACIONPRODUCTO t1 WHERE ((t0.CAT_NAME = ?) AND (t1.NROREFERENCIA = t0.ESP_NROREF))
	bind => [Android]
[EL Fine]: sql: 2014-10-09 10:12:54.123--ServerSession(1989311583)--Connection(1905800551)--Thread(Thread[AWT-EventQueue-0,6,main])--SELECT NOMBRE, PADRE FROM CATEGORIA WHERE (NOMBRE = ?)
	bind => [Windows Phone]
[EL Fine]: sql: 2014-10-09 10:12:54.123--ServerSession(1989311583)--Connection(1905800551)--Thread(Thread[AWT-EventQueue-0,6,main])--SELECT t1.NROREFERENCIA, t1.DESCRIPCION, t1.NOMBRE, t1.PRECIO, t1.PROVEEDOR_ID, t0.ESP_NROREF FROM CATEGORIAESPECIFICACIONPROD t0, ESPECIFICACIONPRODUCTO t1 WHERE ((t0.CAT_NAME = ?) AND (t1.NROREFERENCIA = t0.ESP_NROREF))
	bind => [Windows Phone]
[EL Fine]: sql: 2014-10-09 10:12:54.124--ServerSession(1989311583)--Connection(1905800551)--Thread(Thread[AWT-EventQueue-0,6,main])--SELECT NOMBRE, PADRE FROM CATEGORIA WHERE (NOMBRE = ?)
	bind => [Symbian]
[EL Fine]: sql: 2014-10-09 10:12:54.125--ServerSession(1989311583)--Connection(1905800551)--Thread(Thread[AWT-EventQueue-0,6,main])--SELECT t1.NROREFERENCIA, t1.DESCRIPCION, t1.NOMBRE, t1.PRECIO, t1.PROVEEDOR_ID, t0.ESP_NROREF FROM CATEGORIAESPECIFICACIONPROD t0, ESPECIFICACIONPRODUCTO t1 WHERE ((t0.CAT_NAME = ?) AND (t1.NROREFERENCIA = t0.ESP_NROREF))
	bind => [Symbian]
[EL Fine]: sql: 2014-10-09 10:12:54.125--ServerSession(1989311583)--Connection(1905800551)--Thread(Thread[AWT-EventQueue-0,6,main])--SELECT NOMBRE, PADRE FROM CATEGORIA WHERE (NOMBRE = ?)
	bind => [Blackberry OS]
[EL Fine]: sql: 2014-10-09 10:12:54.126--ServerSession(1989311583)--Connection(1905800551)--Thread(Thread[AWT-EventQueue-0,6,main])--SELECT t1.NROREFERENCIA, t1.DESCRIPCION, t1.NOMBRE, t1.PRECIO, t1.PROVEEDOR_ID, t0.ESP_NROREF FROM CATEGORIAESPECIFICACIONPROD t0, ESPECIFICACIONPRODUCTO t1 WHERE ((t0.CAT_NAME = ?) AND (t1.NROREFERENCIA = t0.ESP_NROREF))
	bind => [Blackberry OS]
[EL Fine]: sql: 2014-10-09 10:12:54.126--ServerSession(1989311583)--Connection(1905800551)--Thread(Thread[AWT-EventQueue-0,6,main])--SELECT NOMBRE, PADRE FROM CATEGORIA WHERE (NOMBRE = ?)
	bind => [Equipos]
[EL Fine]: sql: 2014-10-09 10:12:54.127--ServerSession(1989311583)--Connection(1905800551)--Thread(Thread[AWT-EventQueue-0,6,main])--SELECT t1.NROREFERENCIA, t1.DESCRIPCION, t1.NOMBRE, t1.PRECIO, t1.PROVEEDOR_ID, t0.ESP_NROREF FROM CATEGORIAESPECIFICACIONPROD t0, ESPECIFICACIONPRODUCTO t1 WHERE ((t0.CAT_NAME = ?) AND (t1.NROREFERENCIA = t0.ESP_NROREF))
	bind => [Equipos]
[EL Fine]: sql: 2014-10-09 10:12:54.127--ServerSession(1989311583)--Connection(1905800551)--Thread(Thread[AWT-EventQueue-0,6,main])--SELECT NOMBRE, PADRE FROM CATEGORIA WHERE (NOMBRE = ?)
	bind => [iPhone]
[EL Fine]: sql: 2014-10-09 10:12:54.128--ServerSession(1989311583)--Connection(1905800551)--Thread(Thread[AWT-EventQueue-0,6,main])--SELECT t1.NROREFERENCIA, t1.DESCRIPCION, t1.NOMBRE, t1.PRECIO, t1.PROVEEDOR_ID, t0.ESP_NROREF FROM CATEGORIAESPECIFICACIONPROD t0, ESPECIFICACIONPRODUCTO t1 WHERE ((t0.CAT_NAME = ?) AND (t1.NROREFERENCIA = t0.ESP_NROREF))
	bind => [iPhone]
[EL Fine]: sql: 2014-10-09 10:12:54.129--ServerSession(1989311583)--Connection(1905800551)--Thread(Thread[AWT-EventQueue-0,6,main])--SELECT NOMBRE, PADRE FROM CATEGORIA WHERE (NOMBRE = ?)
	bind => [Nexus]
[EL Fine]: sql: 2014-10-09 10:12:54.129--ServerSession(1989311583)--Connection(1905800551)--Thread(Thread[AWT-EventQueue-0,6,main])--SELECT t1.NROREFERENCIA, t1.DESCRIPCION, t1.NOMBRE, t1.PRECIO, t1.PROVEEDOR_ID, t0.ESP_NROREF FROM CATEGORIAESPECIFICACIONPROD t0, ESPECIFICACIONPRODUCTO t1 WHERE ((t0.CAT_NAME = ?) AND (t1.NROREFERENCIA = t0.ESP_NROREF))
	bind => [Nexus]
[EL Fine]: sql: 2014-10-09 10:12:54.13--ServerSession(1989311583)--Connection(1905800551)--Thread(Thread[AWT-EventQueue-0,6,main])--SELECT NOMBRE, PADRE FROM CATEGORIA WHERE (NOMBRE = ?)
	bind => [Samsung]
[EL Fine]: sql: 2014-10-09 10:12:54.131--ServerSession(1989311583)--Connection(1905800551)--Thread(Thread[AWT-EventQueue-0,6,main])--SELECT t1.NROREFERENCIA, t1.DESCRIPCION, t1.NOMBRE, t1.PRECIO, t1.PROVEEDOR_ID, t0.ESP_NROREF FROM CATEGORIAESPECIFICACIONPROD t0, ESPECIFICACIONPRODUCTO t1 WHERE ((t0.CAT_NAME = ?) AND (t1.NROREFERENCIA = t0.ESP_NROREF))
	bind => [Samsung]
[EL Fine]: sql: 2014-10-09 10:12:54.131--ServerSession(1989311583)--Connection(1905800551)--Thread(Thread[AWT-EventQueue-0,6,main])--SELECT NOMBRE, PADRE FROM CATEGORIA WHERE (NOMBRE = ?)
	bind => [Galaxy S3]
[EL Fine]: sql: 2014-10-09 10:12:54.132--ServerSession(1989311583)--Connection(1905800551)--Thread(Thread[AWT-EventQueue-0,6,main])--SELECT t1.NROREFERENCIA, t1.DESCRIPCION, t1.NOMBRE, t1.PRECIO, t1.PROVEEDOR_ID, t0.ESP_NROREF FROM CATEGORIAESPECIFICACIONPROD t0, ESPECIFICACIONPRODUCTO t1 WHERE ((t0.CAT_NAME = ?) AND (t1.NROREFERENCIA = t0.ESP_NROREF))
	bind => [Galaxy S3]
[EL Fine]: sql: 2014-10-09 10:12:54.133--ServerSession(1989311583)--Connection(1905800551)--Thread(Thread[AWT-EventQueue-0,6,main])--SELECT NOMBRE, PADRE FROM CATEGORIA WHERE (NOMBRE = ?)
	bind => [Galaxy S4]
[EL Fine]: sql: 2014-10-09 10:12:54.133--ServerSession(1989311583)--Connection(1905800551)--Thread(Thread[AWT-EventQueue-0,6,main])--SELECT t1.NROREFERENCIA, t1.DESCRIPCION, t1.NOMBRE, t1.PRECIO, t1.PROVEEDOR_ID, t0.ESP_NROREF FROM CATEGORIAESPECIFICACIONPROD t0, ESPECIFICACIONPRODUCTO t1 WHERE ((t0.CAT_NAME = ?) AND (t1.NROREFERENCIA = t0.ESP_NROREF))
	bind => [Galaxy S4]
[EL Fine]: sql: 2014-10-09 10:12:54.134--ServerSession(1989311583)--Connection(1905800551)--Thread(Thread[AWT-EventQueue-0,6,main])--SELECT NOMBRE, PADRE FROM CATEGORIA WHERE (NOMBRE = ?)
	bind => [Galaxy Ace]
[EL Fine]: sql: 2014-10-09 10:12:54.135--ServerSession(1989311583)--Connection(1905800551)--Thread(Thread[AWT-EventQueue-0,6,main])--SELECT t1.NROREFERENCIA, t1.DESCRIPCION, t1.NOMBRE, t1.PRECIO, t1.PROVEEDOR_ID, t0.ESP_NROREF FROM CATEGORIAESPECIFICACIONPROD t0, ESPECIFICACIONPRODUCTO t1 WHERE ((t0.CAT_NAME = ?) AND (t1.NROREFERENCIA = t0.ESP_NROREF))
	bind => [Galaxy Ace]
[EL Fine]: sql: 2014-10-09 10:12:54.135--ServerSession(1989311583)--Connection(1905800551)--Thread(Thread[AWT-EventQueue-0,6,main])--SELECT NOMBRE, PADRE FROM CATEGORIA
[EL Fine]: sql: 2014-10-09 10:12:54.136--ClientSession(1936224888)--Connection(1905800551)--Thread(Thread[AWT-EventQueue-0,6,main])--INSERT INTO CATEGORIA (NOMBRE, PADRE) VALUES (?, ?)
	bind => [Blackberry, Equipos]
[EL Fine]: sql: 2014-10-09 10:12:54.137--ServerSession(1989311583)--Connection(1905800551)--Thread(Thread[AWT-EventQueue-0,6,main])--SELECT NOMBRE, PADRE FROM CATEGORIA
[EL Fine]: sql: 2014-10-09 10:12:54.138--ServerSession(1989311583)--Connection(1905800551)--Thread(Thread[AWT-EventQueue-0,6,main])--SELECT NOMBRE, PADRE FROM CATEGORIA WHERE (NOMBRE = ?)
	bind => [Celulares]
[EL Fine]: sql: 2014-10-09 10:12:54.138--ServerSession(1989311583)--Connection(1905800551)--Thread(Thread[AWT-EventQueue-0,6,main])--SELECT t1.NROREFERENCIA, t1.DESCRIPCION, t1.NOMBRE, t1.PRECIO, t1.PROVEEDOR_ID, t0.ESP_NROREF FROM CATEGORIAESPECIFICACIONPROD t0, ESPECIFICACIONPRODUCTO t1 WHERE ((t0.CAT_NAME = ?) AND (t1.NROREFERENCIA = t0.ESP_NROREF))
	bind => [Celulares]
[EL Fine]: sql: 2014-10-09 10:12:54.139--ServerSession(1989311583)--Connection(1905800551)--Thread(Thread[AWT-EventQueue-0,6,main])--SELECT NOMBRE, PADRE FROM CATEGORIA WHERE (NOMBRE = ?)
	bind => [Sistemas Operativos]
[EL Fine]: sql: 2014-10-09 10:12:54.14--ServerSession(1989311583)--Connection(1905800551)--Thread(Thread[AWT-EventQueue-0,6,main])--SELECT t1.NROREFERENCIA, t1.DESCRIPCION, t1.NOMBRE, t1.PRECIO, t1.PROVEEDOR_ID, t0.ESP_NROREF FROM CATEGORIAESPECIFICACIONPROD t0, ESPECIFICACIONPRODUCTO t1 WHERE ((t0.CAT_NAME = ?) AND (t1.NROREFERENCIA = t0.ESP_NROREF))
	bind => [Sistemas Operativos]
[EL Fine]: sql: 2014-10-09 10:12:54.141--ServerSession(1989311583)--Connection(1905800551)--Thread(Thread[AWT-EventQueue-0,6,main])--SELECT NOMBRE, PADRE FROM CATEGORIA WHERE (NOMBRE = ?)
	bind => [iOS]
[EL Fine]: sql: 2014-10-09 10:12:54.141--ServerSession(1989311583)--Connection(1905800551)--Thread(Thread[AWT-EventQueue-0,6,main])--SELECT t1.NROREFERENCIA, t1.DESCRIPCION, t1.NOMBRE, t1.PRECIO, t1.PROVEEDOR_ID, t0.ESP_NROREF FROM CATEGORIAESPECIFICACIONPROD t0, ESPECIFICACIONPRODUCTO t1 WHERE ((t0.CAT_NAME = ?) AND (t1.NROREFERENCIA = t0.ESP_NROREF))
	bind => [iOS]
[EL Fine]: sql: 2014-10-09 10:12:54.142--ServerSession(1989311583)--Connection(1905800551)--Thread(Thread[AWT-EventQueue-0,6,main])--SELECT NOMBRE, PADRE FROM CATEGORIA WHERE (NOMBRE = ?)
	bind => [Android]
[EL Fine]: sql: 2014-10-09 10:12:54.143--ServerSession(1989311583)--Connection(1905800551)--Thread(Thread[AWT-EventQueue-0,6,main])--SELECT t1.NROREFERENCIA, t1.DESCRIPCION, t1.NOMBRE, t1.PRECIO, t1.PROVEEDOR_ID, t0.ESP_NROREF FROM CATEGORIAESPECIFICACIONPROD t0, ESPECIFICACIONPRODUCTO t1 WHERE ((t0.CAT_NAME = ?) AND (t1.NROREFERENCIA = t0.ESP_NROREF))
	bind => [Android]
[EL Fine]: sql: 2014-10-09 10:12:54.144--ServerSession(1989311583)--Connection(1905800551)--Thread(Thread[AWT-EventQueue-0,6,main])--SELECT NOMBRE, PADRE FROM CATEGORIA WHERE (NOMBRE = ?)
	bind => [Windows Phone]
[EL Fine]: sql: 2014-10-09 10:12:54.144--ServerSession(1989311583)--Connection(1905800551)--Thread(Thread[AWT-EventQueue-0,6,main])--SELECT t1.NROREFERENCIA, t1.DESCRIPCION, t1.NOMBRE, t1.PRECIO, t1.PROVEEDOR_ID, t0.ESP_NROREF FROM CATEGORIAESPECIFICACIONPROD t0, ESPECIFICACIONPRODUCTO t1 WHERE ((t0.CAT_NAME = ?) AND (t1.NROREFERENCIA = t0.ESP_NROREF))
	bind => [Windows Phone]
[EL Fine]: sql: 2014-10-09 10:12:54.145--ServerSession(1989311583)--Connection(1905800551)--Thread(Thread[AWT-EventQueue-0,6,main])--SELECT NOMBRE, PADRE FROM CATEGORIA WHERE (NOMBRE = ?)
	bind => [Symbian]
[EL Fine]: sql: 2014-10-09 10:12:54.146--ServerSession(1989311583)--Connection(1905800551)--Thread(Thread[AWT-EventQueue-0,6,main])--SELECT t1.NROREFERENCIA, t1.DESCRIPCION, t1.NOMBRE, t1.PRECIO, t1.PROVEEDOR_ID, t0.ESP_NROREF FROM CATEGORIAESPECIFICACIONPROD t0, ESPECIFICACIONPRODUCTO t1 WHERE ((t0.CAT_NAME = ?) AND (t1.NROREFERENCIA = t0.ESP_NROREF))
	bind => [Symbian]
[EL Fine]: sql: 2014-10-09 10:12:54.146--ServerSession(1989311583)--Connection(1905800551)--Thread(Thread[AWT-EventQueue-0,6,main])--SELECT NOMBRE, PADRE FROM CATEGORIA WHERE (NOMBRE = ?)
	bind => [Blackberry OS]
[EL Fine]: sql: 2014-10-09 10:12:54.147--ServerSession(1989311583)--Connection(1905800551)--Thread(Thread[AWT-EventQueue-0,6,main])--SELECT t1.NROREFERENCIA, t1.DESCRIPCION, t1.NOMBRE, t1.PRECIO, t1.PROVEEDOR_ID, t0.ESP_NROREF FROM CATEGORIAESPECIFICACIONPROD t0, ESPECIFICACIONPRODUCTO t1 WHERE ((t0.CAT_NAME = ?) AND (t1.NROREFERENCIA = t0.ESP_NROREF))
	bind => [Blackberry OS]
[EL Fine]: sql: 2014-10-09 10:12:54.148--ServerSession(1989311583)--Connection(1905800551)--Thread(Thread[AWT-EventQueue-0,6,main])--SELECT NOMBRE, PADRE FROM CATEGORIA WHERE (NOMBRE = ?)
	bind => [Equipos]
[EL Fine]: sql: 2014-10-09 10:12:54.149--ServerSession(1989311583)--Connection(1905800551)--Thread(Thread[AWT-EventQueue-0,6,main])--SELECT t1.NROREFERENCIA, t1.DESCRIPCION, t1.NOMBRE, t1.PRECIO, t1.PROVEEDOR_ID, t0.ESP_NROREF FROM CATEGORIAESPECIFICACIONPROD t0, ESPECIFICACIONPRODUCTO t1 WHERE ((t0.CAT_NAME = ?) AND (t1.NROREFERENCIA = t0.ESP_NROREF))
	bind => [Equipos]
[EL Fine]: sql: 2014-10-09 10:12:54.15--ServerSession(1989311583)--Connection(1905800551)--Thread(Thread[AWT-EventQueue-0,6,main])--SELECT NOMBRE, PADRE FROM CATEGORIA WHERE (NOMBRE = ?)
	bind => [iPhone]
[EL Fine]: sql: 2014-10-09 10:12:54.15--ServerSession(1989311583)--Connection(1905800551)--Thread(Thread[AWT-EventQueue-0,6,main])--SELECT t1.NROREFERENCIA, t1.DESCRIPCION, t1.NOMBRE, t1.PRECIO, t1.PROVEEDOR_ID, t0.ESP_NROREF FROM CATEGORIAESPECIFICACIONPROD t0, ESPECIFICACIONPRODUCTO t1 WHERE ((t0.CAT_NAME = ?) AND (t1.NROREFERENCIA = t0.ESP_NROREF))
	bind => [iPhone]
[EL Fine]: sql: 2014-10-09 10:12:54.151--ServerSession(1989311583)--Connection(1905800551)--Thread(Thread[AWT-EventQueue-0,6,main])--SELECT NOMBRE, PADRE FROM CATEGORIA WHERE (NOMBRE = ?)
	bind => [Nexus]
[EL Fine]: sql: 2014-10-09 10:12:54.152--ServerSession(1989311583)--Connection(1905800551)--Thread(Thread[AWT-EventQueue-0,6,main])--SELECT t1.NROREFERENCIA, t1.DESCRIPCION, t1.NOMBRE, t1.PRECIO, t1.PROVEEDOR_ID, t0.ESP_NROREF FROM CATEGORIAESPECIFICACIONPROD t0, ESPECIFICACIONPRODUCTO t1 WHERE ((t0.CAT_NAME = ?) AND (t1.NROREFERENCIA = t0.ESP_NROREF))
	bind => [Nexus]
[EL Fine]: sql: 2014-10-09 10:12:54.152--ServerSession(1989311583)--Connection(1905800551)--Thread(Thread[AWT-EventQueue-0,6,main])--SELECT NOMBRE, PADRE FROM CATEGORIA WHERE (NOMBRE = ?)
	bind => [Samsung]
[EL Fine]: sql: 2014-10-09 10:12:54.153--ServerSession(1989311583)--Connection(1905800551)--Thread(Thread[AWT-EventQueue-0,6,main])--SELECT t1.NROREFERENCIA, t1.DESCRIPCION, t1.NOMBRE, t1.PRECIO, t1.PROVEEDOR_ID, t0.ESP_NROREF FROM CATEGORIAESPECIFICACIONPROD t0, ESPECIFICACIONPRODUCTO t1 WHERE ((t0.CAT_NAME = ?) AND (t1.NROREFERENCIA = t0.ESP_NROREF))
	bind => [Samsung]
[EL Fine]: sql: 2014-10-09 10:12:54.154--ServerSession(1989311583)--Connection(1905800551)--Thread(Thread[AWT-EventQueue-0,6,main])--SELECT NOMBRE, PADRE FROM CATEGORIA WHERE (NOMBRE = ?)
	bind => [Galaxy S3]
[EL Fine]: sql: 2014-10-09 10:12:54.154--ServerSession(1989311583)--Connection(1905800551)--Thread(Thread[AWT-EventQueue-0,6,main])--SELECT t1.NROREFERENCIA, t1.DESCRIPCION, t1.NOMBRE, t1.PRECIO, t1.PROVEEDOR_ID, t0.ESP_NROREF FROM CATEGORIAESPECIFICACIONPROD t0, ESPECIFICACIONPRODUCTO t1 WHERE ((t0.CAT_NAME = ?) AND (t1.NROREFERENCIA = t0.ESP_NROREF))
	bind => [Galaxy S3]
[EL Fine]: sql: 2014-10-09 10:12:54.155--ServerSession(1989311583)--Connection(1905800551)--Thread(Thread[AWT-EventQueue-0,6,main])--SELECT NOMBRE, PADRE FROM CATEGORIA WHERE (NOMBRE = ?)
	bind => [Galaxy S4]
[EL Fine]: sql: 2014-10-09 10:12:54.156--ServerSession(1989311583)--Connection(1905800551)--Thread(Thread[AWT-EventQueue-0,6,main])--SELECT t1.NROREFERENCIA, t1.DESCRIPCION, t1.NOMBRE, t1.PRECIO, t1.PROVEEDOR_ID, t0.ESP_NROREF FROM CATEGORIAESPECIFICACIONPROD t0, ESPECIFICACIONPRODUCTO t1 WHERE ((t0.CAT_NAME = ?) AND (t1.NROREFERENCIA = t0.ESP_NROREF))
	bind => [Galaxy S4]
[EL Fine]: sql: 2014-10-09 10:12:54.157--ServerSession(1989311583)--Connection(1905800551)--Thread(Thread[AWT-EventQueue-0,6,main])--SELECT NOMBRE, PADRE FROM CATEGORIA WHERE (NOMBRE = ?)
	bind => [Galaxy Ace]
[EL Fine]: sql: 2014-10-09 10:12:54.157--ServerSession(1989311583)--Connection(1905800551)--Thread(Thread[AWT-EventQueue-0,6,main])--SELECT t1.NROREFERENCIA, t1.DESCRIPCION, t1.NOMBRE, t1.PRECIO, t1.PROVEEDOR_ID, t0.ESP_NROREF FROM CATEGORIAESPECIFICACIONPROD t0, ESPECIFICACIONPRODUCTO t1 WHERE ((t0.CAT_NAME = ?) AND (t1.NROREFERENCIA = t0.ESP_NROREF))
	bind => [Galaxy Ace]
[EL Fine]: sql: 2014-10-09 10:12:54.158--ServerSession(1989311583)--Connection(1905800551)--Thread(Thread[AWT-EventQueue-0,6,main])--SELECT NOMBRE, PADRE FROM CATEGORIA WHERE (NOMBRE = ?)
	bind => [Blackberry]
[EL Fine]: sql: 2014-10-09 10:12:54.159--ServerSession(1989311583)--Connection(1905800551)--Thread(Thread[AWT-EventQueue-0,6,main])--SELECT t1.NROREFERENCIA, t1.DESCRIPCION, t1.NOMBRE, t1.PRECIO, t1.PROVEEDOR_ID, t0.ESP_NROREF FROM CATEGORIAESPECIFICACIONPROD t0, ESPECIFICACIONPRODUCTO t1 WHERE ((t0.CAT_NAME = ?) AND (t1.NROREFERENCIA = t0.ESP_NROREF))
	bind => [Blackberry]
[EL Fine]: sql: 2014-10-09 10:12:54.16--ServerSession(1989311583)--Connection(1905800551)--Thread(Thread[AWT-EventQueue-0,6,main])--SELECT NOMBRE, PADRE FROM CATEGORIA
[EL Fine]: sql: 2014-10-09 10:12:54.161--ClientSession(1936224888)--Connection(1905800551)--Thread(Thread[AWT-EventQueue-0,6,main])--INSERT INTO CATEGORIA (NOMBRE, PADRE) VALUES (?, ?)
	bind => [Nokia, Equipos]
[EL Fine]: sql: 2014-10-09 10:12:54.163--ServerSession(1989311583)--Connection(1905800551)--Thread(Thread[AWT-EventQueue-0,6,main])--SELECT NOMBRE, PADRE FROM CATEGORIA
[EL Fine]: sql: 2014-10-09 10:12:54.163--ServerSession(1989311583)--Connection(1905800551)--Thread(Thread[AWT-EventQueue-0,6,main])--SELECT NOMBRE, PADRE FROM CATEGORIA WHERE (NOMBRE = ?)
	bind => [Celulares]
[EL Fine]: sql: 2014-10-09 10:12:54.164--ServerSession(1989311583)--Connection(1905800551)--Thread(Thread[AWT-EventQueue-0,6,main])--SELECT t1.NROREFERENCIA, t1.DESCRIPCION, t1.NOMBRE, t1.PRECIO, t1.PROVEEDOR_ID, t0.ESP_NROREF FROM CATEGORIAESPECIFICACIONPROD t0, ESPECIFICACIONPRODUCTO t1 WHERE ((t0.CAT_NAME = ?) AND (t1.NROREFERENCIA = t0.ESP_NROREF))
	bind => [Celulares]
[EL Fine]: sql: 2014-10-09 10:12:54.165--ServerSession(1989311583)--Connection(1905800551)--Thread(Thread[AWT-EventQueue-0,6,main])--SELECT NOMBRE, PADRE FROM CATEGORIA WHERE (NOMBRE = ?)
	bind => [Sistemas Operativos]
[EL Fine]: sql: 2014-10-09 10:12:54.166--ServerSession(1989311583)--Connection(1905800551)--Thread(Thread[AWT-EventQueue-0,6,main])--SELECT t1.NROREFERENCIA, t1.DESCRIPCION, t1.NOMBRE, t1.PRECIO, t1.PROVEEDOR_ID, t0.ESP_NROREF FROM CATEGORIAESPECIFICACIONPROD t0, ESPECIFICACIONPRODUCTO t1 WHERE ((t0.CAT_NAME = ?) AND (t1.NROREFERENCIA = t0.ESP_NROREF))
	bind => [Sistemas Operativos]
[EL Fine]: sql: 2014-10-09 10:12:54.167--ServerSession(1989311583)--Connection(1905800551)--Thread(Thread[AWT-EventQueue-0,6,main])--SELECT NOMBRE, PADRE FROM CATEGORIA WHERE (NOMBRE = ?)
	bind => [iOS]
[EL Fine]: sql: 2014-10-09 10:12:54.167--ServerSession(1989311583)--Connection(1905800551)--Thread(Thread[AWT-EventQueue-0,6,main])--SELECT t1.NROREFERENCIA, t1.DESCRIPCION, t1.NOMBRE, t1.PRECIO, t1.PROVEEDOR_ID, t0.ESP_NROREF FROM CATEGORIAESPECIFICACIONPROD t0, ESPECIFICACIONPRODUCTO t1 WHERE ((t0.CAT_NAME = ?) AND (t1.NROREFERENCIA = t0.ESP_NROREF))
	bind => [iOS]
[EL Fine]: sql: 2014-10-09 10:12:54.168--ServerSession(1989311583)--Connection(1905800551)--Thread(Thread[AWT-EventQueue-0,6,main])--SELECT NOMBRE, PADRE FROM CATEGORIA WHERE (NOMBRE = ?)
	bind => [Android]
[EL Fine]: sql: 2014-10-09 10:12:54.169--ServerSession(1989311583)--Connection(1905800551)--Thread(Thread[AWT-EventQueue-0,6,main])--SELECT t1.NROREFERENCIA, t1.DESCRIPCION, t1.NOMBRE, t1.PRECIO, t1.PROVEEDOR_ID, t0.ESP_NROREF FROM CATEGORIAESPECIFICACIONPROD t0, ESPECIFICACIONPRODUCTO t1 WHERE ((t0.CAT_NAME = ?) AND (t1.NROREFERENCIA = t0.ESP_NROREF))
	bind => [Android]
[EL Fine]: sql: 2014-10-09 10:12:54.17--ServerSession(1989311583)--Connection(1905800551)--Thread(Thread[AWT-EventQueue-0,6,main])--SELECT NOMBRE, PADRE FROM CATEGORIA WHERE (NOMBRE = ?)
	bind => [Windows Phone]
[EL Fine]: sql: 2014-10-09 10:12:54.17--ServerSession(1989311583)--Connection(1905800551)--Thread(Thread[AWT-EventQueue-0,6,main])--SELECT t1.NROREFERENCIA, t1.DESCRIPCION, t1.NOMBRE, t1.PRECIO, t1.PROVEEDOR_ID, t0.ESP_NROREF FROM CATEGORIAESPECIFICACIONPROD t0, ESPECIFICACIONPRODUCTO t1 WHERE ((t0.CAT_NAME = ?) AND (t1.NROREFERENCIA = t0.ESP_NROREF))
	bind => [Windows Phone]
[EL Fine]: sql: 2014-10-09 10:12:54.171--ServerSession(1989311583)--Connection(1905800551)--Thread(Thread[AWT-EventQueue-0,6,main])--SELECT NOMBRE, PADRE FROM CATEGORIA WHERE (NOMBRE = ?)
	bind => [Symbian]
[EL Fine]: sql: 2014-10-09 10:12:54.172--ServerSession(1989311583)--Connection(1905800551)--Thread(Thread[AWT-EventQueue-0,6,main])--SELECT t1.NROREFERENCIA, t1.DESCRIPCION, t1.NOMBRE, t1.PRECIO, t1.PROVEEDOR_ID, t0.ESP_NROREF FROM CATEGORIAESPECIFICACIONPROD t0, ESPECIFICACIONPRODUCTO t1 WHERE ((t0.CAT_NAME = ?) AND (t1.NROREFERENCIA = t0.ESP_NROREF))
	bind => [Symbian]
[EL Fine]: sql: 2014-10-09 10:12:54.173--ServerSession(1989311583)--Connection(1905800551)--Thread(Thread[AWT-EventQueue-0,6,main])--SELECT NOMBRE, PADRE FROM CATEGORIA WHERE (NOMBRE = ?)
	bind => [Blackberry OS]
[EL Fine]: sql: 2014-10-09 10:12:54.174--ServerSession(1989311583)--Connection(1905800551)--Thread(Thread[AWT-EventQueue-0,6,main])--SELECT t1.NROREFERENCIA, t1.DESCRIPCION, t1.NOMBRE, t1.PRECIO, t1.PROVEEDOR_ID, t0.ESP_NROREF FROM CATEGORIAESPECIFICACIONPROD t0, ESPECIFICACIONPRODUCTO t1 WHERE ((t0.CAT_NAME = ?) AND (t1.NROREFERENCIA = t0.ESP_NROREF))
	bind => [Blackberry OS]
[EL Fine]: sql: 2014-10-09 10:12:54.174--ServerSession(1989311583)--Connection(1905800551)--Thread(Thread[AWT-EventQueue-0,6,main])--SELECT NOMBRE, PADRE FROM CATEGORIA WHERE (NOMBRE = ?)
	bind => [Equipos]
[EL Fine]: sql: 2014-10-09 10:12:54.175--ServerSession(1989311583)--Connection(1905800551)--Thread(Thread[AWT-EventQueue-0,6,main])--SELECT t1.NROREFERENCIA, t1.DESCRIPCION, t1.NOMBRE, t1.PRECIO, t1.PROVEEDOR_ID, t0.ESP_NROREF FROM CATEGORIAESPECIFICACIONPROD t0, ESPECIFICACIONPRODUCTO t1 WHERE ((t0.CAT_NAME = ?) AND (t1.NROREFERENCIA = t0.ESP_NROREF))
	bind => [Equipos]
[EL Fine]: sql: 2014-10-09 10:12:54.175--ServerSession(1989311583)--Connection(1905800551)--Thread(Thread[AWT-EventQueue-0,6,main])--SELECT NOMBRE, PADRE FROM CATEGORIA WHERE (NOMBRE = ?)
	bind => [iPhone]
[EL Fine]: sql: 2014-10-09 10:12:54.176--ServerSession(1989311583)--Connection(1905800551)--Thread(Thread[AWT-EventQueue-0,6,main])--SELECT t1.NROREFERENCIA, t1.DESCRIPCION, t1.NOMBRE, t1.PRECIO, t1.PROVEEDOR_ID, t0.ESP_NROREF FROM CATEGORIAESPECIFICACIONPROD t0, ESPECIFICACIONPRODUCTO t1 WHERE ((t0.CAT_NAME = ?) AND (t1.NROREFERENCIA = t0.ESP_NROREF))
	bind => [iPhone]
[EL Fine]: sql: 2014-10-09 10:12:54.181--ServerSession(1989311583)--Connection(1905800551)--Thread(Thread[AWT-EventQueue-0,6,main])--SELECT NOMBRE, PADRE FROM CATEGORIA WHERE (NOMBRE = ?)
	bind => [Nexus]
[EL Fine]: sql: 2014-10-09 10:12:54.181--ServerSession(1989311583)--Connection(1905800551)--Thread(Thread[AWT-EventQueue-0,6,main])--SELECT t1.NROREFERENCIA, t1.DESCRIPCION, t1.NOMBRE, t1.PRECIO, t1.PROVEEDOR_ID, t0.ESP_NROREF FROM CATEGORIAESPECIFICACIONPROD t0, ESPECIFICACIONPRODUCTO t1 WHERE ((t0.CAT_NAME = ?) AND (t1.NROREFERENCIA = t0.ESP_NROREF))
	bind => [Nexus]
[EL Fine]: sql: 2014-10-09 10:12:54.183--ServerSession(1989311583)--Connection(1905800551)--Thread(Thread[AWT-EventQueue-0,6,main])--SELECT NOMBRE, PADRE FROM CATEGORIA WHERE (NOMBRE = ?)
	bind => [Samsung]
[EL Fine]: sql: 2014-10-09 10:12:54.183--ServerSession(1989311583)--Connection(1905800551)--Thread(Thread[AWT-EventQueue-0,6,main])--SELECT t1.NROREFERENCIA, t1.DESCRIPCION, t1.NOMBRE, t1.PRECIO, t1.PROVEEDOR_ID, t0.ESP_NROREF FROM CATEGORIAESPECIFICACIONPROD t0, ESPECIFICACIONPRODUCTO t1 WHERE ((t0.CAT_NAME = ?) AND (t1.NROREFERENCIA = t0.ESP_NROREF))
	bind => [Samsung]
[EL Fine]: sql: 2014-10-09 10:12:54.185--ServerSession(1989311583)--Connection(1905800551)--Thread(Thread[AWT-EventQueue-0,6,main])--SELECT NOMBRE, PADRE FROM CATEGORIA WHERE (NOMBRE = ?)
	bind => [Galaxy S3]
[EL Fine]: sql: 2014-10-09 10:12:54.186--ServerSession(1989311583)--Connection(1905800551)--Thread(Thread[AWT-EventQueue-0,6,main])--SELECT t1.NROREFERENCIA, t1.DESCRIPCION, t1.NOMBRE, t1.PRECIO, t1.PROVEEDOR_ID, t0.ESP_NROREF FROM CATEGORIAESPECIFICACIONPROD t0, ESPECIFICACIONPRODUCTO t1 WHERE ((t0.CAT_NAME = ?) AND (t1.NROREFERENCIA = t0.ESP_NROREF))
	bind => [Galaxy S3]
[EL Fine]: sql: 2014-10-09 10:12:54.187--ServerSession(1989311583)--Connection(1905800551)--Thread(Thread[AWT-EventQueue-0,6,main])--SELECT NOMBRE, PADRE FROM CATEGORIA WHERE (NOMBRE = ?)
	bind => [Galaxy S4]
[EL Fine]: sql: 2014-10-09 10:12:54.189--ServerSession(1989311583)--Connection(1905800551)--Thread(Thread[AWT-EventQueue-0,6,main])--SELECT t1.NROREFERENCIA, t1.DESCRIPCION, t1.NOMBRE, t1.PRECIO, t1.PROVEEDOR_ID, t0.ESP_NROREF FROM CATEGORIAESPECIFICACIONPROD t0, ESPECIFICACIONPRODUCTO t1 WHERE ((t0.CAT_NAME = ?) AND (t1.NROREFERENCIA = t0.ESP_NROREF))
	bind => [Galaxy S4]
[EL Fine]: sql: 2014-10-09 10:12:54.196--ServerSession(1989311583)--Connection(1905800551)--Thread(Thread[AWT-EventQueue-0,6,main])--SELECT NOMBRE, PADRE FROM CATEGORIA WHERE (NOMBRE = ?)
	bind => [Galaxy Ace]
[EL Fine]: sql: 2014-10-09 10:12:54.2--ServerSession(1989311583)--Connection(1905800551)--Thread(Thread[AWT-EventQueue-0,6,main])--SELECT t1.NROREFERENCIA, t1.DESCRIPCION, t1.NOMBRE, t1.PRECIO, t1.PROVEEDOR_ID, t0.ESP_NROREF FROM CATEGORIAESPECIFICACIONPROD t0, ESPECIFICACIONPRODUCTO t1 WHERE ((t0.CAT_NAME = ?) AND (t1.NROREFERENCIA = t0.ESP_NROREF))
	bind => [Galaxy Ace]
[EL Fine]: sql: 2014-10-09 10:12:54.204--ServerSession(1989311583)--Connection(1905800551)--Thread(Thread[AWT-EventQueue-0,6,main])--SELECT NOMBRE, PADRE FROM CATEGORIA WHERE (NOMBRE = ?)
	bind => [Blackberry]
[EL Fine]: sql: 2014-10-09 10:12:54.207--ServerSession(1989311583)--Connection(1905800551)--Thread(Thread[AWT-EventQueue-0,6,main])--SELECT t1.NROREFERENCIA, t1.DESCRIPCION, t1.NOMBRE, t1.PRECIO, t1.PROVEEDOR_ID, t0.ESP_NROREF FROM CATEGORIAESPECIFICACIONPROD t0, ESPECIFICACIONPRODUCTO t1 WHERE ((t0.CAT_NAME = ?) AND (t1.NROREFERENCIA = t0.ESP_NROREF))
	bind => [Blackberry]
[EL Fine]: sql: 2014-10-09 10:12:54.208--ServerSession(1989311583)--Connection(1905800551)--Thread(Thread[AWT-EventQueue-0,6,main])--SELECT NOMBRE, PADRE FROM CATEGORIA WHERE (NOMBRE = ?)
	bind => [Nokia]
[EL Fine]: sql: 2014-10-09 10:12:54.211--ServerSession(1989311583)--Connection(1905800551)--Thread(Thread[AWT-EventQueue-0,6,main])--SELECT t1.NROREFERENCIA, t1.DESCRIPCION, t1.NOMBRE, t1.PRECIO, t1.PROVEEDOR_ID, t0.ESP_NROREF FROM CATEGORIAESPECIFICACIONPROD t0, ESPECIFICACIONPRODUCTO t1 WHERE ((t0.CAT_NAME = ?) AND (t1.NROREFERENCIA = t0.ESP_NROREF))
	bind => [Nokia]
[EL Fine]: sql: 2014-10-09 10:12:54.213--ServerSession(1989311583)--Connection(1905800551)--Thread(Thread[AWT-EventQueue-0,6,main])--SELECT NOMBRE, PADRE FROM CATEGORIA
[EL Fine]: sql: 2014-10-09 10:12:54.214--ClientSession(1936224888)--Connection(1905800551)--Thread(Thread[AWT-EventQueue-0,6,main])--INSERT INTO CATEGORIA (NOMBRE, PADRE) VALUES (?, ?)
	bind => [Accesorios, Celulares]
[EL Fine]: sql: 2014-10-09 10:12:54.215--ServerSession(1989311583)--Connection(1905800551)--Thread(Thread[AWT-EventQueue-0,6,main])--SELECT NOMBRE, PADRE FROM CATEGORIA
[EL Fine]: sql: 2014-10-09 10:12:54.215--ServerSession(1989311583)--Connection(1905800551)--Thread(Thread[AWT-EventQueue-0,6,main])--SELECT NOMBRE, PADRE FROM CATEGORIA WHERE (NOMBRE = ?)
	bind => [Celulares]
[EL Fine]: sql: 2014-10-09 10:12:54.216--ServerSession(1989311583)--Connection(1905800551)--Thread(Thread[AWT-EventQueue-0,6,main])--SELECT t1.NROREFERENCIA, t1.DESCRIPCION, t1.NOMBRE, t1.PRECIO, t1.PROVEEDOR_ID, t0.ESP_NROREF FROM CATEGORIAESPECIFICACIONPROD t0, ESPECIFICACIONPRODUCTO t1 WHERE ((t0.CAT_NAME = ?) AND (t1.NROREFERENCIA = t0.ESP_NROREF))
	bind => [Celulares]
[EL Fine]: sql: 2014-10-09 10:12:54.216--ServerSession(1989311583)--Connection(1905800551)--Thread(Thread[AWT-EventQueue-0,6,main])--SELECT NOMBRE, PADRE FROM CATEGORIA WHERE (NOMBRE = ?)
	bind => [Sistemas Operativos]
[EL Fine]: sql: 2014-10-09 10:12:54.217--ServerSession(1989311583)--Connection(1905800551)--Thread(Thread[AWT-EventQueue-0,6,main])--SELECT t1.NROREFERENCIA, t1.DESCRIPCION, t1.NOMBRE, t1.PRECIO, t1.PROVEEDOR_ID, t0.ESP_NROREF FROM CATEGORIAESPECIFICACIONPROD t0, ESPECIFICACIONPRODUCTO t1 WHERE ((t0.CAT_NAME = ?) AND (t1.NROREFERENCIA = t0.ESP_NROREF))
	bind => [Sistemas Operativos]
[EL Fine]: sql: 2014-10-09 10:12:54.217--ServerSession(1989311583)--Connection(1905800551)--Thread(Thread[AWT-EventQueue-0,6,main])--SELECT NOMBRE, PADRE FROM CATEGORIA WHERE (NOMBRE = ?)
	bind => [iOS]
[EL Fine]: sql: 2014-10-09 10:12:54.218--ServerSession(1989311583)--Connection(1905800551)--Thread(Thread[AWT-EventQueue-0,6,main])--SELECT t1.NROREFERENCIA, t1.DESCRIPCION, t1.NOMBRE, t1.PRECIO, t1.PROVEEDOR_ID, t0.ESP_NROREF FROM CATEGORIAESPECIFICACIONPROD t0, ESPECIFICACIONPRODUCTO t1 WHERE ((t0.CAT_NAME = ?) AND (t1.NROREFERENCIA = t0.ESP_NROREF))
	bind => [iOS]
[EL Fine]: sql: 2014-10-09 10:12:54.218--ServerSession(1989311583)--Connection(1905800551)--Thread(Thread[AWT-EventQueue-0,6,main])--SELECT NOMBRE, PADRE FROM CATEGORIA WHERE (NOMBRE = ?)
	bind => [Android]
[EL Fine]: sql: 2014-10-09 10:12:54.219--ServerSession(1989311583)--Connection(1905800551)--Thread(Thread[AWT-EventQueue-0,6,main])--SELECT t1.NROREFERENCIA, t1.DESCRIPCION, t1.NOMBRE, t1.PRECIO, t1.PROVEEDOR_ID, t0.ESP_NROREF FROM CATEGORIAESPECIFICACIONPROD t0, ESPECIFICACIONPRODUCTO t1 WHERE ((t0.CAT_NAME = ?) AND (t1.NROREFERENCIA = t0.ESP_NROREF))
	bind => [Android]
[EL Fine]: sql: 2014-10-09 10:12:54.219--ServerSession(1989311583)--Connection(1905800551)--Thread(Thread[AWT-EventQueue-0,6,main])--SELECT NOMBRE, PADRE FROM CATEGORIA WHERE (NOMBRE = ?)
	bind => [Windows Phone]
[EL Fine]: sql: 2014-10-09 10:12:54.22--ServerSession(1989311583)--Connection(1905800551)--Thread(Thread[AWT-EventQueue-0,6,main])--SELECT t1.NROREFERENCIA, t1.DESCRIPCION, t1.NOMBRE, t1.PRECIO, t1.PROVEEDOR_ID, t0.ESP_NROREF FROM CATEGORIAESPECIFICACIONPROD t0, ESPECIFICACIONPRODUCTO t1 WHERE ((t0.CAT_NAME = ?) AND (t1.NROREFERENCIA = t0.ESP_NROREF))
	bind => [Windows Phone]
[EL Fine]: sql: 2014-10-09 10:12:54.22--ServerSession(1989311583)--Connection(1905800551)--Thread(Thread[AWT-EventQueue-0,6,main])--SELECT NOMBRE, PADRE FROM CATEGORIA WHERE (NOMBRE = ?)
	bind => [Symbian]
[EL Fine]: sql: 2014-10-09 10:12:54.22--ServerSession(1989311583)--Connection(1905800551)--Thread(Thread[AWT-EventQueue-0,6,main])--SELECT t1.NROREFERENCIA, t1.DESCRIPCION, t1.NOMBRE, t1.PRECIO, t1.PROVEEDOR_ID, t0.ESP_NROREF FROM CATEGORIAESPECIFICACIONPROD t0, ESPECIFICACIONPRODUCTO t1 WHERE ((t0.CAT_NAME = ?) AND (t1.NROREFERENCIA = t0.ESP_NROREF))
	bind => [Symbian]
[EL Fine]: sql: 2014-10-09 10:12:54.221--ServerSession(1989311583)--Connection(1905800551)--Thread(Thread[AWT-EventQueue-0,6,main])--SELECT NOMBRE, PADRE FROM CATEGORIA WHERE (NOMBRE = ?)
	bind => [Blackberry OS]
[EL Fine]: sql: 2014-10-09 10:12:54.221--ServerSession(1989311583)--Connection(1905800551)--Thread(Thread[AWT-EventQueue-0,6,main])--SELECT t1.NROREFERENCIA, t1.DESCRIPCION, t1.NOMBRE, t1.PRECIO, t1.PROVEEDOR_ID, t0.ESP_NROREF FROM CATEGORIAESPECIFICACIONPROD t0, ESPECIFICACIONPRODUCTO t1 WHERE ((t0.CAT_NAME = ?) AND (t1.NROREFERENCIA = t0.ESP_NROREF))
	bind => [Blackberry OS]
[EL Fine]: sql: 2014-10-09 10:12:54.222--ServerSession(1989311583)--Connection(1905800551)--Thread(Thread[AWT-EventQueue-0,6,main])--SELECT NOMBRE, PADRE FROM CATEGORIA WHERE (NOMBRE = ?)
	bind => [Equipos]
[EL Fine]: sql: 2014-10-09 10:12:54.222--ServerSession(1989311583)--Connection(1905800551)--Thread(Thread[AWT-EventQueue-0,6,main])--SELECT t1.NROREFERENCIA, t1.DESCRIPCION, t1.NOMBRE, t1.PRECIO, t1.PROVEEDOR_ID, t0.ESP_NROREF FROM CATEGORIAESPECIFICACIONPROD t0, ESPECIFICACIONPRODUCTO t1 WHERE ((t0.CAT_NAME = ?) AND (t1.NROREFERENCIA = t0.ESP_NROREF))
	bind => [Equipos]
[EL Fine]: sql: 2014-10-09 10:12:54.223--ServerSession(1989311583)--Connection(1905800551)--Thread(Thread[AWT-EventQueue-0,6,main])--SELECT NOMBRE, PADRE FROM CATEGORIA WHERE (NOMBRE = ?)
	bind => [iPhone]
[EL Fine]: sql: 2014-10-09 10:12:54.223--ServerSession(1989311583)--Connection(1905800551)--Thread(Thread[AWT-EventQueue-0,6,main])--SELECT t1.NROREFERENCIA, t1.DESCRIPCION, t1.NOMBRE, t1.PRECIO, t1.PROVEEDOR_ID, t0.ESP_NROREF FROM CATEGORIAESPECIFICACIONPROD t0, ESPECIFICACIONPRODUCTO t1 WHERE ((t0.CAT_NAME = ?) AND (t1.NROREFERENCIA = t0.ESP_NROREF))
	bind => [iPhone]
[EL Fine]: sql: 2014-10-09 10:12:54.224--ServerSession(1989311583)--Connection(1905800551)--Thread(Thread[AWT-EventQueue-0,6,main])--SELECT NOMBRE, PADRE FROM CATEGORIA WHERE (NOMBRE = ?)
	bind => [Nexus]
[EL Fine]: sql: 2014-10-09 10:12:54.224--ServerSession(1989311583)--Connection(1905800551)--Thread(Thread[AWT-EventQueue-0,6,main])--SELECT t1.NROREFERENCIA, t1.DESCRIPCION, t1.NOMBRE, t1.PRECIO, t1.PROVEEDOR_ID, t0.ESP_NROREF FROM CATEGORIAESPECIFICACIONPROD t0, ESPECIFICACIONPRODUCTO t1 WHERE ((t0.CAT_NAME = ?) AND (t1.NROREFERENCIA = t0.ESP_NROREF))
	bind => [Nexus]
[EL Fine]: sql: 2014-10-09 10:12:54.225--ServerSession(1989311583)--Connection(1905800551)--Thread(Thread[AWT-EventQueue-0,6,main])--SELECT NOMBRE, PADRE FROM CATEGORIA WHERE (NOMBRE = ?)
	bind => [Samsung]
[EL Fine]: sql: 2014-10-09 10:12:54.225--ServerSession(1989311583)--Connection(1905800551)--Thread(Thread[AWT-EventQueue-0,6,main])--SELECT t1.NROREFERENCIA, t1.DESCRIPCION, t1.NOMBRE, t1.PRECIO, t1.PROVEEDOR_ID, t0.ESP_NROREF FROM CATEGORIAESPECIFICACIONPROD t0, ESPECIFICACIONPRODUCTO t1 WHERE ((t0.CAT_NAME = ?) AND (t1.NROREFERENCIA = t0.ESP_NROREF))
	bind => [Samsung]
[EL Fine]: sql: 2014-10-09 10:12:54.226--ServerSession(1989311583)--Connection(1905800551)--Thread(Thread[AWT-EventQueue-0,6,main])--SELECT NOMBRE, PADRE FROM CATEGORIA WHERE (NOMBRE = ?)
	bind => [Galaxy S3]
[EL Fine]: sql: 2014-10-09 10:12:54.226--ServerSession(1989311583)--Connection(1905800551)--Thread(Thread[AWT-EventQueue-0,6,main])--SELECT t1.NROREFERENCIA, t1.DESCRIPCION, t1.NOMBRE, t1.PRECIO, t1.PROVEEDOR_ID, t0.ESP_NROREF FROM CATEGORIAESPECIFICACIONPROD t0, ESPECIFICACIONPRODUCTO t1 WHERE ((t0.CAT_NAME = ?) AND (t1.NROREFERENCIA = t0.ESP_NROREF))
	bind => [Galaxy S3]
[EL Fine]: sql: 2014-10-09 10:12:54.227--ServerSession(1989311583)--Connection(1905800551)--Thread(Thread[AWT-EventQueue-0,6,main])--SELECT NOMBRE, PADRE FROM CATEGORIA WHERE (NOMBRE = ?)
	bind => [Galaxy S4]
[EL Fine]: sql: 2014-10-09 10:12:54.227--ServerSession(1989311583)--Connection(1905800551)--Thread(Thread[AWT-EventQueue-0,6,main])--SELECT t1.NROREFERENCIA, t1.DESCRIPCION, t1.NOMBRE, t1.PRECIO, t1.PROVEEDOR_ID, t0.ESP_NROREF FROM CATEGORIAESPECIFICACIONPROD t0, ESPECIFICACIONPRODUCTO t1 WHERE ((t0.CAT_NAME = ?) AND (t1.NROREFERENCIA = t0.ESP_NROREF))
	bind => [Galaxy S4]
[EL Fine]: sql: 2014-10-09 10:12:54.228--ServerSession(1989311583)--Connection(1905800551)--Thread(Thread[AWT-EventQueue-0,6,main])--SELECT NOMBRE, PADRE FROM CATEGORIA WHERE (NOMBRE = ?)
	bind => [Galaxy Ace]
[EL Fine]: sql: 2014-10-09 10:12:54.229--ServerSession(1989311583)--Connection(1905800551)--Thread(Thread[AWT-EventQueue-0,6,main])--SELECT t1.NROREFERENCIA, t1.DESCRIPCION, t1.NOMBRE, t1.PRECIO, t1.PROVEEDOR_ID, t0.ESP_NROREF FROM CATEGORIAESPECIFICACIONPROD t0, ESPECIFICACIONPRODUCTO t1 WHERE ((t0.CAT_NAME = ?) AND (t1.NROREFERENCIA = t0.ESP_NROREF))
	bind => [Galaxy Ace]
[EL Fine]: sql: 2014-10-09 10:12:54.23--ServerSession(1989311583)--Connection(1905800551)--Thread(Thread[AWT-EventQueue-0,6,main])--SELECT NOMBRE, PADRE FROM CATEGORIA WHERE (NOMBRE = ?)
	bind => [Blackberry]
[EL Fine]: sql: 2014-10-09 10:12:54.23--ServerSession(1989311583)--Connection(1905800551)--Thread(Thread[AWT-EventQueue-0,6,main])--SELECT t1.NROREFERENCIA, t1.DESCRIPCION, t1.NOMBRE, t1.PRECIO, t1.PROVEEDOR_ID, t0.ESP_NROREF FROM CATEGORIAESPECIFICACIONPROD t0, ESPECIFICACIONPRODUCTO t1 WHERE ((t0.CAT_NAME = ?) AND (t1.NROREFERENCIA = t0.ESP_NROREF))
	bind => [Blackberry]
[EL Fine]: sql: 2014-10-09 10:12:54.231--ServerSession(1989311583)--Connection(1905800551)--Thread(Thread[AWT-EventQueue-0,6,main])--SELECT NOMBRE, PADRE FROM CATEGORIA WHERE (NOMBRE = ?)
	bind => [Nokia]
[EL Fine]: sql: 2014-10-09 10:12:54.231--ServerSession(1989311583)--Connection(1905800551)--Thread(Thread[AWT-EventQueue-0,6,main])--SELECT t1.NROREFERENCIA, t1.DESCRIPCION, t1.NOMBRE, t1.PRECIO, t1.PROVEEDOR_ID, t0.ESP_NROREF FROM CATEGORIAESPECIFICACIONPROD t0, ESPECIFICACIONPRODUCTO t1 WHERE ((t0.CAT_NAME = ?) AND (t1.NROREFERENCIA = t0.ESP_NROREF))
	bind => [Nokia]
[EL Fine]: sql: 2014-10-09 10:12:54.232--ServerSession(1989311583)--Connection(1905800551)--Thread(Thread[AWT-EventQueue-0,6,main])--SELECT NOMBRE, PADRE FROM CATEGORIA WHERE (NOMBRE = ?)
	bind => [Accesorios]
[EL Fine]: sql: 2014-10-09 10:12:54.233--ServerSession(1989311583)--Connection(1905800551)--Thread(Thread[AWT-EventQueue-0,6,main])--SELECT t1.NROREFERENCIA, t1.DESCRIPCION, t1.NOMBRE, t1.PRECIO, t1.PROVEEDOR_ID, t0.ESP_NROREF FROM CATEGORIAESPECIFICACIONPROD t0, ESPECIFICACIONPRODUCTO t1 WHERE ((t0.CAT_NAME = ?) AND (t1.NROREFERENCIA = t0.ESP_NROREF))
	bind => [Accesorios]
[EL Fine]: sql: 2014-10-09 10:12:54.233--ServerSession(1989311583)--Connection(1905800551)--Thread(Thread[AWT-EventQueue-0,6,main])--SELECT NOMBRE, PADRE FROM CATEGORIA
[EL Fine]: sql: 2014-10-09 10:12:54.234--ClientSession(1936224888)--Connection(1905800551)--Thread(Thread[AWT-EventQueue-0,6,main])--INSERT INTO CATEGORIA (NOMBRE, PADRE) VALUES (?, ?)
	bind => [Protectores, Accesorios]
[EL Fine]: sql: 2014-10-09 10:12:54.235--ServerSession(1989311583)--Connection(1905800551)--Thread(Thread[AWT-EventQueue-0,6,main])--SELECT NOMBRE, PADRE FROM CATEGORIA
[EL Fine]: sql: 2014-10-09 10:12:54.236--ServerSession(1989311583)--Connection(1905800551)--Thread(Thread[AWT-EventQueue-0,6,main])--SELECT NOMBRE, PADRE FROM CATEGORIA WHERE (NOMBRE = ?)
	bind => [Celulares]
[EL Fine]: sql: 2014-10-09 10:12:54.236--ServerSession(1989311583)--Connection(1905800551)--Thread(Thread[AWT-EventQueue-0,6,main])--SELECT t1.NROREFERENCIA, t1.DESCRIPCION, t1.NOMBRE, t1.PRECIO, t1.PROVEEDOR_ID, t0.ESP_NROREF FROM CATEGORIAESPECIFICACIONPROD t0, ESPECIFICACIONPRODUCTO t1 WHERE ((t0.CAT_NAME = ?) AND (t1.NROREFERENCIA = t0.ESP_NROREF))
	bind => [Celulares]
[EL Fine]: sql: 2014-10-09 10:12:54.237--ServerSession(1989311583)--Connection(1905800551)--Thread(Thread[AWT-EventQueue-0,6,main])--SELECT NOMBRE, PADRE FROM CATEGORIA WHERE (NOMBRE = ?)
	bind => [Sistemas Operativos]
[EL Fine]: sql: 2014-10-09 10:12:54.238--ServerSession(1989311583)--Connection(1905800551)--Thread(Thread[AWT-EventQueue-0,6,main])--SELECT t1.NROREFERENCIA, t1.DESCRIPCION, t1.NOMBRE, t1.PRECIO, t1.PROVEEDOR_ID, t0.ESP_NROREF FROM CATEGORIAESPECIFICACIONPROD t0, ESPECIFICACIONPRODUCTO t1 WHERE ((t0.CAT_NAME = ?) AND (t1.NROREFERENCIA = t0.ESP_NROREF))
	bind => [Sistemas Operativos]
[EL Fine]: sql: 2014-10-09 10:12:54.238--ServerSession(1989311583)--Connection(1905800551)--Thread(Thread[AWT-EventQueue-0,6,main])--SELECT NOMBRE, PADRE FROM CATEGORIA WHERE (NOMBRE = ?)
	bind => [iOS]
[EL Fine]: sql: 2014-10-09 10:12:54.239--ServerSession(1989311583)--Connection(1905800551)--Thread(Thread[AWT-EventQueue-0,6,main])--SELECT t1.NROREFERENCIA, t1.DESCRIPCION, t1.NOMBRE, t1.PRECIO, t1.PROVEEDOR_ID, t0.ESP_NROREF FROM CATEGORIAESPECIFICACIONPROD t0, ESPECIFICACIONPRODUCTO t1 WHERE ((t0.CAT_NAME = ?) AND (t1.NROREFERENCIA = t0.ESP_NROREF))
	bind => [iOS]
[EL Fine]: sql: 2014-10-09 10:12:54.239--ServerSession(1989311583)--Connection(1905800551)--Thread(Thread[AWT-EventQueue-0,6,main])--SELECT NOMBRE, PADRE FROM CATEGORIA WHERE (NOMBRE = ?)
	bind => [Android]
[EL Fine]: sql: 2014-10-09 10:12:54.24--ServerSession(1989311583)--Connection(1905800551)--Thread(Thread[AWT-EventQueue-0,6,main])--SELECT t1.NROREFERENCIA, t1.DESCRIPCION, t1.NOMBRE, t1.PRECIO, t1.PROVEEDOR_ID, t0.ESP_NROREF FROM CATEGORIAESPECIFICACIONPROD t0, ESPECIFICACIONPRODUCTO t1 WHERE ((t0.CAT_NAME = ?) AND (t1.NROREFERENCIA = t0.ESP_NROREF))
	bind => [Android]
[EL Fine]: sql: 2014-10-09 10:12:54.241--ServerSession(1989311583)--Connection(1905800551)--Thread(Thread[AWT-EventQueue-0,6,main])--SELECT NOMBRE, PADRE FROM CATEGORIA WHERE (NOMBRE = ?)
	bind => [Windows Phone]
[EL Fine]: sql: 2014-10-09 10:12:54.242--ServerSession(1989311583)--Connection(1905800551)--Thread(Thread[AWT-EventQueue-0,6,main])--SELECT t1.NROREFERENCIA, t1.DESCRIPCION, t1.NOMBRE, t1.PRECIO, t1.PROVEEDOR_ID, t0.ESP_NROREF FROM CATEGORIAESPECIFICACIONPROD t0, ESPECIFICACIONPRODUCTO t1 WHERE ((t0.CAT_NAME = ?) AND (t1.NROREFERENCIA = t0.ESP_NROREF))
	bind => [Windows Phone]
[EL Fine]: sql: 2014-10-09 10:12:54.243--ServerSession(1989311583)--Connection(1905800551)--Thread(Thread[AWT-EventQueue-0,6,main])--SELECT NOMBRE, PADRE FROM CATEGORIA WHERE (NOMBRE = ?)
	bind => [Symbian]
[EL Fine]: sql: 2014-10-09 10:12:54.252--ServerSession(1989311583)--Connection(1905800551)--Thread(Thread[AWT-EventQueue-0,6,main])--SELECT t1.NROREFERENCIA, t1.DESCRIPCION, t1.NOMBRE, t1.PRECIO, t1.PROVEEDOR_ID, t0.ESP_NROREF FROM CATEGORIAESPECIFICACIONPROD t0, ESPECIFICACIONPRODUCTO t1 WHERE ((t0.CAT_NAME = ?) AND (t1.NROREFERENCIA = t0.ESP_NROREF))
	bind => [Symbian]
[EL Fine]: sql: 2014-10-09 10:12:54.253--ServerSession(1989311583)--Connection(1905800551)--Thread(Thread[AWT-EventQueue-0,6,main])--SELECT NOMBRE, PADRE FROM CATEGORIA WHERE (NOMBRE = ?)
	bind => [Blackberry OS]
[EL Fine]: sql: 2014-10-09 10:12:54.254--ServerSession(1989311583)--Connection(1905800551)--Thread(Thread[AWT-EventQueue-0,6,main])--SELECT t1.NROREFERENCIA, t1.DESCRIPCION, t1.NOMBRE, t1.PRECIO, t1.PROVEEDOR_ID, t0.ESP_NROREF FROM CATEGORIAESPECIFICACIONPROD t0, ESPECIFICACIONPRODUCTO t1 WHERE ((t0.CAT_NAME = ?) AND (t1.NROREFERENCIA = t0.ESP_NROREF))
	bind => [Blackberry OS]
[EL Fine]: sql: 2014-10-09 10:12:54.254--ServerSession(1989311583)--Connection(1905800551)--Thread(Thread[AWT-EventQueue-0,6,main])--SELECT NOMBRE, PADRE FROM CATEGORIA WHERE (NOMBRE = ?)
	bind => [Equipos]
[EL Fine]: sql: 2014-10-09 10:12:54.255--ServerSession(1989311583)--Connection(1905800551)--Thread(Thread[AWT-EventQueue-0,6,main])--SELECT t1.NROREFERENCIA, t1.DESCRIPCION, t1.NOMBRE, t1.PRECIO, t1.PROVEEDOR_ID, t0.ESP_NROREF FROM CATEGORIAESPECIFICACIONPROD t0, ESPECIFICACIONPRODUCTO t1 WHERE ((t0.CAT_NAME = ?) AND (t1.NROREFERENCIA = t0.ESP_NROREF))
	bind => [Equipos]
[EL Fine]: sql: 2014-10-09 10:12:54.256--ServerSession(1989311583)--Connection(1905800551)--Thread(Thread[AWT-EventQueue-0,6,main])--SELECT NOMBRE, PADRE FROM CATEGORIA WHERE (NOMBRE = ?)
	bind => [iPhone]
[EL Fine]: sql: 2014-10-09 10:12:54.257--ServerSession(1989311583)--Connection(1905800551)--Thread(Thread[AWT-EventQueue-0,6,main])--SELECT t1.NROREFERENCIA, t1.DESCRIPCION, t1.NOMBRE, t1.PRECIO, t1.PROVEEDOR_ID, t0.ESP_NROREF FROM CATEGORIAESPECIFICACIONPROD t0, ESPECIFICACIONPRODUCTO t1 WHERE ((t0.CAT_NAME = ?) AND (t1.NROREFERENCIA = t0.ESP_NROREF))
	bind => [iPhone]
[EL Fine]: sql: 2014-10-09 10:12:54.258--ServerSession(1989311583)--Connection(1905800551)--Thread(Thread[AWT-EventQueue-0,6,main])--SELECT NOMBRE, PADRE FROM CATEGORIA WHERE (NOMBRE = ?)
	bind => [Nexus]
[EL Fine]: sql: 2014-10-09 10:12:54.258--ServerSession(1989311583)--Connection(1905800551)--Thread(Thread[AWT-EventQueue-0,6,main])--SELECT t1.NROREFERENCIA, t1.DESCRIPCION, t1.NOMBRE, t1.PRECIO, t1.PROVEEDOR_ID, t0.ESP_NROREF FROM CATEGORIAESPECIFICACIONPROD t0, ESPECIFICACIONPRODUCTO t1 WHERE ((t0.CAT_NAME = ?) AND (t1.NROREFERENCIA = t0.ESP_NROREF))
	bind => [Nexus]
[EL Fine]: sql: 2014-10-09 10:12:54.259--ServerSession(1989311583)--Connection(1905800551)--Thread(Thread[AWT-EventQueue-0,6,main])--SELECT NOMBRE, PADRE FROM CATEGORIA WHERE (NOMBRE = ?)
	bind => [Samsung]
[EL Fine]: sql: 2014-10-09 10:12:54.26--ServerSession(1989311583)--Connection(1905800551)--Thread(Thread[AWT-EventQueue-0,6,main])--SELECT t1.NROREFERENCIA, t1.DESCRIPCION, t1.NOMBRE, t1.PRECIO, t1.PROVEEDOR_ID, t0.ESP_NROREF FROM CATEGORIAESPECIFICACIONPROD t0, ESPECIFICACIONPRODUCTO t1 WHERE ((t0.CAT_NAME = ?) AND (t1.NROREFERENCIA = t0.ESP_NROREF))
	bind => [Samsung]
[EL Fine]: sql: 2014-10-09 10:12:54.261--ServerSession(1989311583)--Connection(1905800551)--Thread(Thread[AWT-EventQueue-0,6,main])--SELECT NOMBRE, PADRE FROM CATEGORIA WHERE (NOMBRE = ?)
	bind => [Galaxy S3]
[EL Fine]: sql: 2014-10-09 10:12:54.262--ServerSession(1989311583)--Connection(1905800551)--Thread(Thread[AWT-EventQueue-0,6,main])--SELECT t1.NROREFERENCIA, t1.DESCRIPCION, t1.NOMBRE, t1.PRECIO, t1.PROVEEDOR_ID, t0.ESP_NROREF FROM CATEGORIAESPECIFICACIONPROD t0, ESPECIFICACIONPRODUCTO t1 WHERE ((t0.CAT_NAME = ?) AND (t1.NROREFERENCIA = t0.ESP_NROREF))
	bind => [Galaxy S3]
[EL Fine]: sql: 2014-10-09 10:12:54.264--ServerSession(1989311583)--Connection(1905800551)--Thread(Thread[AWT-EventQueue-0,6,main])--SELECT NOMBRE, PADRE FROM CATEGORIA WHERE (NOMBRE = ?)
	bind => [Galaxy S4]
[EL Fine]: sql: 2014-10-09 10:12:54.265--ServerSession(1989311583)--Connection(1905800551)--Thread(Thread[AWT-EventQueue-0,6,main])--SELECT t1.NROREFERENCIA, t1.DESCRIPCION, t1.NOMBRE, t1.PRECIO, t1.PROVEEDOR_ID, t0.ESP_NROREF FROM CATEGORIAESPECIFICACIONPROD t0, ESPECIFICACIONPRODUCTO t1 WHERE ((t0.CAT_NAME = ?) AND (t1.NROREFERENCIA = t0.ESP_NROREF))
	bind => [Galaxy S4]
[EL Fine]: sql: 2014-10-09 10:12:54.266--ServerSession(1989311583)--Connection(1905800551)--Thread(Thread[AWT-EventQueue-0,6,main])--SELECT NOMBRE, PADRE FROM CATEGORIA WHERE (NOMBRE = ?)
	bind => [Galaxy Ace]
[EL Fine]: sql: 2014-10-09 10:12:54.267--ServerSession(1989311583)--Connection(1905800551)--Thread(Thread[AWT-EventQueue-0,6,main])--SELECT t1.NROREFERENCIA, t1.DESCRIPCION, t1.NOMBRE, t1.PRECIO, t1.PROVEEDOR_ID, t0.ESP_NROREF FROM CATEGORIAESPECIFICACIONPROD t0, ESPECIFICACIONPRODUCTO t1 WHERE ((t0.CAT_NAME = ?) AND (t1.NROREFERENCIA = t0.ESP_NROREF))
	bind => [Galaxy Ace]
[EL Fine]: sql: 2014-10-09 10:12:54.267--ServerSession(1989311583)--Connection(1905800551)--Thread(Thread[AWT-EventQueue-0,6,main])--SELECT NOMBRE, PADRE FROM CATEGORIA WHERE (NOMBRE = ?)
	bind => [Blackberry]
[EL Fine]: sql: 2014-10-09 10:12:54.268--ServerSession(1989311583)--Connection(1905800551)--Thread(Thread[AWT-EventQueue-0,6,main])--SELECT t1.NROREFERENCIA, t1.DESCRIPCION, t1.NOMBRE, t1.PRECIO, t1.PROVEEDOR_ID, t0.ESP_NROREF FROM CATEGORIAESPECIFICACIONPROD t0, ESPECIFICACIONPRODUCTO t1 WHERE ((t0.CAT_NAME = ?) AND (t1.NROREFERENCIA = t0.ESP_NROREF))
	bind => [Blackberry]
[EL Fine]: sql: 2014-10-09 10:12:54.269--ServerSession(1989311583)--Connection(1905800551)--Thread(Thread[AWT-EventQueue-0,6,main])--SELECT NOMBRE, PADRE FROM CATEGORIA WHERE (NOMBRE = ?)
	bind => [Nokia]
[EL Fine]: sql: 2014-10-09 10:12:54.269--ServerSession(1989311583)--Connection(1905800551)--Thread(Thread[AWT-EventQueue-0,6,main])--SELECT t1.NROREFERENCIA, t1.DESCRIPCION, t1.NOMBRE, t1.PRECIO, t1.PROVEEDOR_ID, t0.ESP_NROREF FROM CATEGORIAESPECIFICACIONPROD t0, ESPECIFICACIONPRODUCTO t1 WHERE ((t0.CAT_NAME = ?) AND (t1.NROREFERENCIA = t0.ESP_NROREF))
	bind => [Nokia]
[EL Fine]: sql: 2014-10-09 10:12:54.27--ServerSession(1989311583)--Connection(1905800551)--Thread(Thread[AWT-EventQueue-0,6,main])--SELECT NOMBRE, PADRE FROM CATEGORIA WHERE (NOMBRE = ?)
	bind => [Accesorios]
[EL Fine]: sql: 2014-10-09 10:12:54.27--ServerSession(1989311583)--Connection(1905800551)--Thread(Thread[AWT-EventQueue-0,6,main])--SELECT t1.NROREFERENCIA, t1.DESCRIPCION, t1.NOMBRE, t1.PRECIO, t1.PROVEEDOR_ID, t0.ESP_NROREF FROM CATEGORIAESPECIFICACIONPROD t0, ESPECIFICACIONPRODUCTO t1 WHERE ((t0.CAT_NAME = ?) AND (t1.NROREFERENCIA = t0.ESP_NROREF))
	bind => [Accesorios]
[EL Fine]: sql: 2014-10-09 10:12:54.271--ServerSession(1989311583)--Connection(1905800551)--Thread(Thread[AWT-EventQueue-0,6,main])--SELECT NOMBRE, PADRE FROM CATEGORIA WHERE (NOMBRE = ?)
	bind => [Protectores]
[EL Fine]: sql: 2014-10-09 10:12:54.272--ServerSession(1989311583)--Connection(1905800551)--Thread(Thread[AWT-EventQueue-0,6,main])--SELECT t1.NROREFERENCIA, t1.DESCRIPCION, t1.NOMBRE, t1.PRECIO, t1.PROVEEDOR_ID, t0.ESP_NROREF FROM CATEGORIAESPECIFICACIONPROD t0, ESPECIFICACIONPRODUCTO t1 WHERE ((t0.CAT_NAME = ?) AND (t1.NROREFERENCIA = t0.ESP_NROREF))
	bind => [Protectores]
[EL Fine]: sql: 2014-10-09 10:12:54.272--ServerSession(1989311583)--Connection(1905800551)--Thread(Thread[AWT-EventQueue-0,6,main])--SELECT NOMBRE, PADRE FROM CATEGORIA
[EL Fine]: sql: 2014-10-09 10:12:54.274--ClientSession(1936224888)--Connection(1905800551)--Thread(Thread[AWT-EventQueue-0,6,main])--INSERT INTO CATEGORIA (NOMBRE, PADRE) VALUES (?, ?)
	bind => [Baterías, Accesorios]
[EL Fine]: sql: 2014-10-09 10:12:54.276--ClientSession(1936224888)--Connection(1905800551)--Thread(Thread[AWT-EventQueue-0,6,main])--INSERT INTO CATEGORIA (NOMBRE, PADRE) VALUES (?, ?)
	bind => [Apple, null]
[EL Fine]: sql: 2014-10-09 10:12:54.278--ClientSession(1936224888)--Connection(1905800551)--Thread(Thread[AWT-EventQueue-0,6,main])--INSERT INTO CATEGORIA (NOMBRE, PADRE) VALUES (?, ?)
	bind => [Videojuegos, null]
[EL Fine]: sql: 2014-10-09 10:12:54.279--ServerSession(1989311583)--Connection(1905800551)--Thread(Thread[AWT-EventQueue-0,6,main])--SELECT NOMBRE, PADRE FROM CATEGORIA
[EL Fine]: sql: 2014-10-09 10:12:54.28--ServerSession(1989311583)--Connection(1905800551)--Thread(Thread[AWT-EventQueue-0,6,main])--SELECT NOMBRE, PADRE FROM CATEGORIA WHERE (NOMBRE = ?)
	bind => [Celulares]
[EL Fine]: sql: 2014-10-09 10:12:54.281--ServerSession(1989311583)--Connection(1905800551)--Thread(Thread[AWT-EventQueue-0,6,main])--SELECT t1.NROREFERENCIA, t1.DESCRIPCION, t1.NOMBRE, t1.PRECIO, t1.PROVEEDOR_ID, t0.ESP_NROREF FROM CATEGORIAESPECIFICACIONPROD t0, ESPECIFICACIONPRODUCTO t1 WHERE ((t0.CAT_NAME = ?) AND (t1.NROREFERENCIA = t0.ESP_NROREF))
	bind => [Celulares]
[EL Fine]: sql: 2014-10-09 10:12:54.282--ServerSession(1989311583)--Connection(1905800551)--Thread(Thread[AWT-EventQueue-0,6,main])--SELECT NOMBRE, PADRE FROM CATEGORIA WHERE (NOMBRE = ?)
	bind => [Sistemas Operativos]
[EL Fine]: sql: 2014-10-09 10:12:54.282--ServerSession(1989311583)--Connection(1905800551)--Thread(Thread[AWT-EventQueue-0,6,main])--SELECT t1.NROREFERENCIA, t1.DESCRIPCION, t1.NOMBRE, t1.PRECIO, t1.PROVEEDOR_ID, t0.ESP_NROREF FROM CATEGORIAESPECIFICACIONPROD t0, ESPECIFICACIONPRODUCTO t1 WHERE ((t0.CAT_NAME = ?) AND (t1.NROREFERENCIA = t0.ESP_NROREF))
	bind => [Sistemas Operativos]
[EL Fine]: sql: 2014-10-09 10:12:54.284--ServerSession(1989311583)--Connection(1905800551)--Thread(Thread[AWT-EventQueue-0,6,main])--SELECT NOMBRE, PADRE FROM CATEGORIA WHERE (NOMBRE = ?)
	bind => [iOS]
[EL Fine]: sql: 2014-10-09 10:12:54.285--ServerSession(1989311583)--Connection(1905800551)--Thread(Thread[AWT-EventQueue-0,6,main])--SELECT t1.NROREFERENCIA, t1.DESCRIPCION, t1.NOMBRE, t1.PRECIO, t1.PROVEEDOR_ID, t0.ESP_NROREF FROM CATEGORIAESPECIFICACIONPROD t0, ESPECIFICACIONPRODUCTO t1 WHERE ((t0.CAT_NAME = ?) AND (t1.NROREFERENCIA = t0.ESP_NROREF))
	bind => [iOS]
[EL Fine]: sql: 2014-10-09 10:12:54.286--ServerSession(1989311583)--Connection(1905800551)--Thread(Thread[AWT-EventQueue-0,6,main])--SELECT NOMBRE, PADRE FROM CATEGORIA WHERE (NOMBRE = ?)
	bind => [Android]
[EL Fine]: sql: 2014-10-09 10:12:54.287--ServerSession(1989311583)--Connection(1905800551)--Thread(Thread[AWT-EventQueue-0,6,main])--SELECT t1.NROREFERENCIA, t1.DESCRIPCION, t1.NOMBRE, t1.PRECIO, t1.PROVEEDOR_ID, t0.ESP_NROREF FROM CATEGORIAESPECIFICACIONPROD t0, ESPECIFICACIONPRODUCTO t1 WHERE ((t0.CAT_NAME = ?) AND (t1.NROREFERENCIA = t0.ESP_NROREF))
	bind => [Android]
[EL Fine]: sql: 2014-10-09 10:12:54.288--ServerSession(1989311583)--Connection(1905800551)--Thread(Thread[AWT-EventQueue-0,6,main])--SELECT NOMBRE, PADRE FROM CATEGORIA WHERE (NOMBRE = ?)
	bind => [Windows Phone]
[EL Fine]: sql: 2014-10-09 10:12:54.288--ServerSession(1989311583)--Connection(1905800551)--Thread(Thread[AWT-EventQueue-0,6,main])--SELECT t1.NROREFERENCIA, t1.DESCRIPCION, t1.NOMBRE, t1.PRECIO, t1.PROVEEDOR_ID, t0.ESP_NROREF FROM CATEGORIAESPECIFICACIONPROD t0, ESPECIFICACIONPRODUCTO t1 WHERE ((t0.CAT_NAME = ?) AND (t1.NROREFERENCIA = t0.ESP_NROREF))
	bind => [Windows Phone]
[EL Fine]: sql: 2014-10-09 10:12:54.289--ServerSession(1989311583)--Connection(1905800551)--Thread(Thread[AWT-EventQueue-0,6,main])--SELECT NOMBRE, PADRE FROM CATEGORIA WHERE (NOMBRE = ?)
	bind => [Symbian]
[EL Fine]: sql: 2014-10-09 10:12:54.29--ServerSession(1989311583)--Connection(1905800551)--Thread(Thread[AWT-EventQueue-0,6,main])--SELECT t1.NROREFERENCIA, t1.DESCRIPCION, t1.NOMBRE, t1.PRECIO, t1.PROVEEDOR_ID, t0.ESP_NROREF FROM CATEGORIAESPECIFICACIONPROD t0, ESPECIFICACIONPRODUCTO t1 WHERE ((t0.CAT_NAME = ?) AND (t1.NROREFERENCIA = t0.ESP_NROREF))
	bind => [Symbian]
[EL Fine]: sql: 2014-10-09 10:12:54.29--ServerSession(1989311583)--Connection(1905800551)--Thread(Thread[AWT-EventQueue-0,6,main])--SELECT NOMBRE, PADRE FROM CATEGORIA WHERE (NOMBRE = ?)
	bind => [Blackberry OS]
[EL Fine]: sql: 2014-10-09 10:12:54.291--ServerSession(1989311583)--Connection(1905800551)--Thread(Thread[AWT-EventQueue-0,6,main])--SELECT t1.NROREFERENCIA, t1.DESCRIPCION, t1.NOMBRE, t1.PRECIO, t1.PROVEEDOR_ID, t0.ESP_NROREF FROM CATEGORIAESPECIFICACIONPROD t0, ESPECIFICACIONPRODUCTO t1 WHERE ((t0.CAT_NAME = ?) AND (t1.NROREFERENCIA = t0.ESP_NROREF))
	bind => [Blackberry OS]
[EL Fine]: sql: 2014-10-09 10:12:54.292--ServerSession(1989311583)--Connection(1905800551)--Thread(Thread[AWT-EventQueue-0,6,main])--SELECT NOMBRE, PADRE FROM CATEGORIA WHERE (NOMBRE = ?)
	bind => [Equipos]
[EL Fine]: sql: 2014-10-09 10:12:54.293--ServerSession(1989311583)--Connection(1905800551)--Thread(Thread[AWT-EventQueue-0,6,main])--SELECT t1.NROREFERENCIA, t1.DESCRIPCION, t1.NOMBRE, t1.PRECIO, t1.PROVEEDOR_ID, t0.ESP_NROREF FROM CATEGORIAESPECIFICACIONPROD t0, ESPECIFICACIONPRODUCTO t1 WHERE ((t0.CAT_NAME = ?) AND (t1.NROREFERENCIA = t0.ESP_NROREF))
	bind => [Equipos]
[EL Fine]: sql: 2014-10-09 10:12:54.293--ServerSession(1989311583)--Connection(1905800551)--Thread(Thread[AWT-EventQueue-0,6,main])--SELECT NOMBRE, PADRE FROM CATEGORIA WHERE (NOMBRE = ?)
	bind => [iPhone]
[EL Fine]: sql: 2014-10-09 10:12:54.294--ServerSession(1989311583)--Connection(1905800551)--Thread(Thread[AWT-EventQueue-0,6,main])--SELECT t1.NROREFERENCIA, t1.DESCRIPCION, t1.NOMBRE, t1.PRECIO, t1.PROVEEDOR_ID, t0.ESP_NROREF FROM CATEGORIAESPECIFICACIONPROD t0, ESPECIFICACIONPRODUCTO t1 WHERE ((t0.CAT_NAME = ?) AND (t1.NROREFERENCIA = t0.ESP_NROREF))
	bind => [iPhone]
[EL Fine]: sql: 2014-10-09 10:12:54.294--ServerSession(1989311583)--Connection(1905800551)--Thread(Thread[AWT-EventQueue-0,6,main])--SELECT NOMBRE, PADRE FROM CATEGORIA WHERE (NOMBRE = ?)
	bind => [Nexus]
[EL Fine]: sql: 2014-10-09 10:12:54.295--ServerSession(1989311583)--Connection(1905800551)--Thread(Thread[AWT-EventQueue-0,6,main])--SELECT t1.NROREFERENCIA, t1.DESCRIPCION, t1.NOMBRE, t1.PRECIO, t1.PROVEEDOR_ID, t0.ESP_NROREF FROM CATEGORIAESPECIFICACIONPROD t0, ESPECIFICACIONPRODUCTO t1 WHERE ((t0.CAT_NAME = ?) AND (t1.NROREFERENCIA = t0.ESP_NROREF))
	bind => [Nexus]
[EL Fine]: sql: 2014-10-09 10:12:54.296--ServerSession(1989311583)--Connection(1905800551)--Thread(Thread[AWT-EventQueue-0,6,main])--SELECT NOMBRE, PADRE FROM CATEGORIA WHERE (NOMBRE = ?)
	bind => [Samsung]
[EL Fine]: sql: 2014-10-09 10:12:54.296--ServerSession(1989311583)--Connection(1905800551)--Thread(Thread[AWT-EventQueue-0,6,main])--SELECT t1.NROREFERENCIA, t1.DESCRIPCION, t1.NOMBRE, t1.PRECIO, t1.PROVEEDOR_ID, t0.ESP_NROREF FROM CATEGORIAESPECIFICACIONPROD t0, ESPECIFICACIONPRODUCTO t1 WHERE ((t0.CAT_NAME = ?) AND (t1.NROREFERENCIA = t0.ESP_NROREF))
	bind => [Samsung]
[EL Fine]: sql: 2014-10-09 10:12:54.297--ServerSession(1989311583)--Connection(1905800551)--Thread(Thread[AWT-EventQueue-0,6,main])--SELECT NOMBRE, PADRE FROM CATEGORIA WHERE (NOMBRE = ?)
	bind => [Galaxy S3]
[EL Fine]: sql: 2014-10-09 10:12:54.297--ServerSession(1989311583)--Connection(1905800551)--Thread(Thread[AWT-EventQueue-0,6,main])--SELECT t1.NROREFERENCIA, t1.DESCRIPCION, t1.NOMBRE, t1.PRECIO, t1.PROVEEDOR_ID, t0.ESP_NROREF FROM CATEGORIAESPECIFICACIONPROD t0, ESPECIFICACIONPRODUCTO t1 WHERE ((t0.CAT_NAME = ?) AND (t1.NROREFERENCIA = t0.ESP_NROREF))
	bind => [Galaxy S3]
[EL Fine]: sql: 2014-10-09 10:12:54.298--ServerSession(1989311583)--Connection(1905800551)--Thread(Thread[AWT-EventQueue-0,6,main])--SELECT NOMBRE, PADRE FROM CATEGORIA WHERE (NOMBRE = ?)
	bind => [Galaxy S4]
[EL Fine]: sql: 2014-10-09 10:12:54.298--ServerSession(1989311583)--Connection(1905800551)--Thread(Thread[AWT-EventQueue-0,6,main])--SELECT t1.NROREFERENCIA, t1.DESCRIPCION, t1.NOMBRE, t1.PRECIO, t1.PROVEEDOR_ID, t0.ESP_NROREF FROM CATEGORIAESPECIFICACIONPROD t0, ESPECIFICACIONPRODUCTO t1 WHERE ((t0.CAT_NAME = ?) AND (t1.NROREFERENCIA = t0.ESP_NROREF))
	bind => [Galaxy S4]
[EL Fine]: sql: 2014-10-09 10:12:54.299--ServerSession(1989311583)--Connection(1905800551)--Thread(Thread[AWT-EventQueue-0,6,main])--SELECT NOMBRE, PADRE FROM CATEGORIA WHERE (NOMBRE = ?)
	bind => [Galaxy Ace]
[EL Fine]: sql: 2014-10-09 10:12:54.299--ServerSession(1989311583)--Connection(1905800551)--Thread(Thread[AWT-EventQueue-0,6,main])--SELECT t1.NROREFERENCIA, t1.DESCRIPCION, t1.NOMBRE, t1.PRECIO, t1.PROVEEDOR_ID, t0.ESP_NROREF FROM CATEGORIAESPECIFICACIONPROD t0, ESPECIFICACIONPRODUCTO t1 WHERE ((t0.CAT_NAME = ?) AND (t1.NROREFERENCIA = t0.ESP_NROREF))
	bind => [Galaxy Ace]
[EL Fine]: sql: 2014-10-09 10:12:54.3--ServerSession(1989311583)--Connection(1905800551)--Thread(Thread[AWT-EventQueue-0,6,main])--SELECT NOMBRE, PADRE FROM CATEGORIA WHERE (NOMBRE = ?)
	bind => [Blackberry]
[EL Fine]: sql: 2014-10-09 10:12:54.301--ServerSession(1989311583)--Connection(1905800551)--Thread(Thread[AWT-EventQueue-0,6,main])--SELECT t1.NROREFERENCIA, t1.DESCRIPCION, t1.NOMBRE, t1.PRECIO, t1.PROVEEDOR_ID, t0.ESP_NROREF FROM CATEGORIAESPECIFICACIONPROD t0, ESPECIFICACIONPRODUCTO t1 WHERE ((t0.CAT_NAME = ?) AND (t1.NROREFERENCIA = t0.ESP_NROREF))
	bind => [Blackberry]
[EL Fine]: sql: 2014-10-09 10:12:54.301--ServerSession(1989311583)--Connection(1905800551)--Thread(Thread[AWT-EventQueue-0,6,main])--SELECT NOMBRE, PADRE FROM CATEGORIA WHERE (NOMBRE = ?)
	bind => [Nokia]
[EL Fine]: sql: 2014-10-09 10:12:54.302--ServerSession(1989311583)--Connection(1905800551)--Thread(Thread[AWT-EventQueue-0,6,main])--SELECT t1.NROREFERENCIA, t1.DESCRIPCION, t1.NOMBRE, t1.PRECIO, t1.PROVEEDOR_ID, t0.ESP_NROREF FROM CATEGORIAESPECIFICACIONPROD t0, ESPECIFICACIONPRODUCTO t1 WHERE ((t0.CAT_NAME = ?) AND (t1.NROREFERENCIA = t0.ESP_NROREF))
	bind => [Nokia]
[EL Fine]: sql: 2014-10-09 10:12:54.302--ServerSession(1989311583)--Connection(1905800551)--Thread(Thread[AWT-EventQueue-0,6,main])--SELECT NOMBRE, PADRE FROM CATEGORIA WHERE (NOMBRE = ?)
	bind => [Accesorios]
[EL Fine]: sql: 2014-10-09 10:12:54.303--ServerSession(1989311583)--Connection(1905800551)--Thread(Thread[AWT-EventQueue-0,6,main])--SELECT t1.NROREFERENCIA, t1.DESCRIPCION, t1.NOMBRE, t1.PRECIO, t1.PROVEEDOR_ID, t0.ESP_NROREF FROM CATEGORIAESPECIFICACIONPROD t0, ESPECIFICACIONPRODUCTO t1 WHERE ((t0.CAT_NAME = ?) AND (t1.NROREFERENCIA = t0.ESP_NROREF))
	bind => [Accesorios]
[EL Fine]: sql: 2014-10-09 10:12:54.303--ServerSession(1989311583)--Connection(1905800551)--Thread(Thread[AWT-EventQueue-0,6,main])--SELECT NOMBRE, PADRE FROM CATEGORIA WHERE (NOMBRE = ?)
	bind => [Protectores]
[EL Fine]: sql: 2014-10-09 10:12:54.304--ServerSession(1989311583)--Connection(1905800551)--Thread(Thread[AWT-EventQueue-0,6,main])--SELECT t1.NROREFERENCIA, t1.DESCRIPCION, t1.NOMBRE, t1.PRECIO, t1.PROVEEDOR_ID, t0.ESP_NROREF FROM CATEGORIAESPECIFICACIONPROD t0, ESPECIFICACIONPRODUCTO t1 WHERE ((t0.CAT_NAME = ?) AND (t1.NROREFERENCIA = t0.ESP_NROREF))
	bind => [Protectores]
[EL Fine]: sql: 2014-10-09 10:12:54.305--ServerSession(1989311583)--Connection(1905800551)--Thread(Thread[AWT-EventQueue-0,6,main])--SELECT NOMBRE, PADRE FROM CATEGORIA WHERE (NOMBRE = ?)
	bind => [Baterías]
[EL Fine]: sql: 2014-10-09 10:12:54.306--ServerSession(1989311583)--Connection(1905800551)--Thread(Thread[AWT-EventQueue-0,6,main])--SELECT t1.NROREFERENCIA, t1.DESCRIPCION, t1.NOMBRE, t1.PRECIO, t1.PROVEEDOR_ID, t0.ESP_NROREF FROM CATEGORIAESPECIFICACIONPROD t0, ESPECIFICACIONPRODUCTO t1 WHERE ((t0.CAT_NAME = ?) AND (t1.NROREFERENCIA = t0.ESP_NROREF))
	bind => [Baterías]
[EL Fine]: sql: 2014-10-09 10:12:54.307--ServerSession(1989311583)--Connection(1905800551)--Thread(Thread[AWT-EventQueue-0,6,main])--SELECT NOMBRE, PADRE FROM CATEGORIA WHERE (NOMBRE = ?)
	bind => [Apple]
[EL Fine]: sql: 2014-10-09 10:12:54.308--ServerSession(1989311583)--Connection(1905800551)--Thread(Thread[AWT-EventQueue-0,6,main])--SELECT t1.NROREFERENCIA, t1.DESCRIPCION, t1.NOMBRE, t1.PRECIO, t1.PROVEEDOR_ID, t0.ESP_NROREF FROM CATEGORIAESPECIFICACIONPROD t0, ESPECIFICACIONPRODUCTO t1 WHERE ((t0.CAT_NAME = ?) AND (t1.NROREFERENCIA = t0.ESP_NROREF))
	bind => [Apple]
[EL Fine]: sql: 2014-10-09 10:12:54.309--ServerSession(1989311583)--Connection(1905800551)--Thread(Thread[AWT-EventQueue-0,6,main])--SELECT NOMBRE, PADRE FROM CATEGORIA WHERE (NOMBRE = ?)
	bind => [Videojuegos]
[EL Fine]: sql: 2014-10-09 10:12:54.309--ServerSession(1989311583)--Connection(1905800551)--Thread(Thread[AWT-EventQueue-0,6,main])--SELECT t1.NROREFERENCIA, t1.DESCRIPCION, t1.NOMBRE, t1.PRECIO, t1.PROVEEDOR_ID, t0.ESP_NROREF FROM CATEGORIAESPECIFICACIONPROD t0, ESPECIFICACIONPRODUCTO t1 WHERE ((t0.CAT_NAME = ?) AND (t1.NROREFERENCIA = t0.ESP_NROREF))
	bind => [Videojuegos]
[EL Fine]: sql: 2014-10-09 10:12:54.31--ServerSession(1989311583)--Connection(1905800551)--Thread(Thread[AWT-EventQueue-0,6,main])--SELECT NOMBRE, PADRE FROM CATEGORIA
[EL Fine]: sql: 2014-10-09 10:12:54.312--ClientSession(1936224888)--Connection(1905800551)--Thread(Thread[AWT-EventQueue-0,6,main])--INSERT INTO CATEGORIA (NOMBRE, PADRE) VALUES (?, ?)
	bind => [Playstation, Videojuegos]
[EL Fine]: sql: 2014-10-09 10:12:54.314--ServerSession(1989311583)--Connection(1905800551)--Thread(Thread[AWT-EventQueue-0,6,main])--SELECT NOMBRE, PADRE FROM CATEGORIA
[EL Fine]: sql: 2014-10-09 10:12:54.315--ServerSession(1989311583)--Connection(1905800551)--Thread(Thread[AWT-EventQueue-0,6,main])--SELECT NOMBRE, PADRE FROM CATEGORIA WHERE (NOMBRE = ?)
	bind => [Celulares]
[EL Fine]: sql: 2014-10-09 10:12:54.315--ServerSession(1989311583)--Connection(1905800551)--Thread(Thread[AWT-EventQueue-0,6,main])--SELECT t1.NROREFERENCIA, t1.DESCRIPCION, t1.NOMBRE, t1.PRECIO, t1.PROVEEDOR_ID, t0.ESP_NROREF FROM CATEGORIAESPECIFICACIONPROD t0, ESPECIFICACIONPRODUCTO t1 WHERE ((t0.CAT_NAME = ?) AND (t1.NROREFERENCIA = t0.ESP_NROREF))
	bind => [Celulares]
[EL Fine]: sql: 2014-10-09 10:12:54.316--ServerSession(1989311583)--Connection(1905800551)--Thread(Thread[AWT-EventQueue-0,6,main])--SELECT NOMBRE, PADRE FROM CATEGORIA WHERE (NOMBRE = ?)
	bind => [Sistemas Operativos]
[EL Fine]: sql: 2014-10-09 10:12:54.317--ServerSession(1989311583)--Connection(1905800551)--Thread(Thread[AWT-EventQueue-0,6,main])--SELECT t1.NROREFERENCIA, t1.DESCRIPCION, t1.NOMBRE, t1.PRECIO, t1.PROVEEDOR_ID, t0.ESP_NROREF FROM CATEGORIAESPECIFICACIONPROD t0, ESPECIFICACIONPRODUCTO t1 WHERE ((t0.CAT_NAME = ?) AND (t1.NROREFERENCIA = t0.ESP_NROREF))
	bind => [Sistemas Operativos]
[EL Fine]: sql: 2014-10-09 10:12:54.318--ServerSession(1989311583)--Connection(1905800551)--Thread(Thread[AWT-EventQueue-0,6,main])--SELECT NOMBRE, PADRE FROM CATEGORIA WHERE (NOMBRE = ?)
	bind => [iOS]
[EL Fine]: sql: 2014-10-09 10:12:54.319--ServerSession(1989311583)--Connection(1905800551)--Thread(Thread[AWT-EventQueue-0,6,main])--SELECT t1.NROREFERENCIA, t1.DESCRIPCION, t1.NOMBRE, t1.PRECIO, t1.PROVEEDOR_ID, t0.ESP_NROREF FROM CATEGORIAESPECIFICACIONPROD t0, ESPECIFICACIONPRODUCTO t1 WHERE ((t0.CAT_NAME = ?) AND (t1.NROREFERENCIA = t0.ESP_NROREF))
	bind => [iOS]
[EL Fine]: sql: 2014-10-09 10:12:54.32--ServerSession(1989311583)--Connection(1905800551)--Thread(Thread[AWT-EventQueue-0,6,main])--SELECT NOMBRE, PADRE FROM CATEGORIA WHERE (NOMBRE = ?)
	bind => [Android]
[EL Fine]: sql: 2014-10-09 10:12:54.32--ServerSession(1989311583)--Connection(1905800551)--Thread(Thread[AWT-EventQueue-0,6,main])--SELECT t1.NROREFERENCIA, t1.DESCRIPCION, t1.NOMBRE, t1.PRECIO, t1.PROVEEDOR_ID, t0.ESP_NROREF FROM CATEGORIAESPECIFICACIONPROD t0, ESPECIFICACIONPRODUCTO t1 WHERE ((t0.CAT_NAME = ?) AND (t1.NROREFERENCIA = t0.ESP_NROREF))
	bind => [Android]
[EL Fine]: sql: 2014-10-09 10:12:54.321--ServerSession(1989311583)--Connection(1905800551)--Thread(Thread[AWT-EventQueue-0,6,main])--SELECT NOMBRE, PADRE FROM CATEGORIA WHERE (NOMBRE = ?)
	bind => [Windows Phone]
[EL Fine]: sql: 2014-10-09 10:12:54.322--ServerSession(1989311583)--Connection(1905800551)--Thread(Thread[AWT-EventQueue-0,6,main])--SELECT t1.NROREFERENCIA, t1.DESCRIPCION, t1.NOMBRE, t1.PRECIO, t1.PROVEEDOR_ID, t0.ESP_NROREF FROM CATEGORIAESPECIFICACIONPROD t0, ESPECIFICACIONPRODUCTO t1 WHERE ((t0.CAT_NAME = ?) AND (t1.NROREFERENCIA = t0.ESP_NROREF))
	bind => [Windows Phone]
[EL Fine]: sql: 2014-10-09 10:12:54.322--ServerSession(1989311583)--Connection(1905800551)--Thread(Thread[AWT-EventQueue-0,6,main])--SELECT NOMBRE, PADRE FROM CATEGORIA WHERE (NOMBRE = ?)
	bind => [Symbian]
[EL Fine]: sql: 2014-10-09 10:12:54.323--ServerSession(1989311583)--Connection(1905800551)--Thread(Thread[AWT-EventQueue-0,6,main])--SELECT t1.NROREFERENCIA, t1.DESCRIPCION, t1.NOMBRE, t1.PRECIO, t1.PROVEEDOR_ID, t0.ESP_NROREF FROM CATEGORIAESPECIFICACIONPROD t0, ESPECIFICACIONPRODUCTO t1 WHERE ((t0.CAT_NAME = ?) AND (t1.NROREFERENCIA = t0.ESP_NROREF))
	bind => [Symbian]
[EL Fine]: sql: 2014-10-09 10:12:54.323--ServerSession(1989311583)--Connection(1905800551)--Thread(Thread[AWT-EventQueue-0,6,main])--SELECT NOMBRE, PADRE FROM CATEGORIA WHERE (NOMBRE = ?)
	bind => [Blackberry OS]
[EL Fine]: sql: 2014-10-09 10:12:54.324--ServerSession(1989311583)--Connection(1905800551)--Thread(Thread[AWT-EventQueue-0,6,main])--SELECT t1.NROREFERENCIA, t1.DESCRIPCION, t1.NOMBRE, t1.PRECIO, t1.PROVEEDOR_ID, t0.ESP_NROREF FROM CATEGORIAESPECIFICACIONPROD t0, ESPECIFICACIONPRODUCTO t1 WHERE ((t0.CAT_NAME = ?) AND (t1.NROREFERENCIA = t0.ESP_NROREF))
	bind => [Blackberry OS]
[EL Fine]: sql: 2014-10-09 10:12:54.325--ServerSession(1989311583)--Connection(1905800551)--Thread(Thread[AWT-EventQueue-0,6,main])--SELECT NOMBRE, PADRE FROM CATEGORIA WHERE (NOMBRE = ?)
	bind => [Equipos]
[EL Fine]: sql: 2014-10-09 10:12:54.325--ServerSession(1989311583)--Connection(1905800551)--Thread(Thread[AWT-EventQueue-0,6,main])--SELECT t1.NROREFERENCIA, t1.DESCRIPCION, t1.NOMBRE, t1.PRECIO, t1.PROVEEDOR_ID, t0.ESP_NROREF FROM CATEGORIAESPECIFICACIONPROD t0, ESPECIFICACIONPRODUCTO t1 WHERE ((t0.CAT_NAME = ?) AND (t1.NROREFERENCIA = t0.ESP_NROREF))
	bind => [Equipos]
[EL Fine]: sql: 2014-10-09 10:12:54.326--ServerSession(1989311583)--Connection(1905800551)--Thread(Thread[AWT-EventQueue-0,6,main])--SELECT NOMBRE, PADRE FROM CATEGORIA WHERE (NOMBRE = ?)
	bind => [iPhone]
[EL Fine]: sql: 2014-10-09 10:12:54.326--ServerSession(1989311583)--Connection(1905800551)--Thread(Thread[AWT-EventQueue-0,6,main])--SELECT t1.NROREFERENCIA, t1.DESCRIPCION, t1.NOMBRE, t1.PRECIO, t1.PROVEEDOR_ID, t0.ESP_NROREF FROM CATEGORIAESPECIFICACIONPROD t0, ESPECIFICACIONPRODUCTO t1 WHERE ((t0.CAT_NAME = ?) AND (t1.NROREFERENCIA = t0.ESP_NROREF))
	bind => [iPhone]
[EL Fine]: sql: 2014-10-09 10:12:54.327--ServerSession(1989311583)--Connection(1905800551)--Thread(Thread[AWT-EventQueue-0,6,main])--SELECT NOMBRE, PADRE FROM CATEGORIA WHERE (NOMBRE = ?)
	bind => [Nexus]
[EL Fine]: sql: 2014-10-09 10:12:54.327--ServerSession(1989311583)--Connection(1905800551)--Thread(Thread[AWT-EventQueue-0,6,main])--SELECT t1.NROREFERENCIA, t1.DESCRIPCION, t1.NOMBRE, t1.PRECIO, t1.PROVEEDOR_ID, t0.ESP_NROREF FROM CATEGORIAESPECIFICACIONPROD t0, ESPECIFICACIONPRODUCTO t1 WHERE ((t0.CAT_NAME = ?) AND (t1.NROREFERENCIA = t0.ESP_NROREF))
	bind => [Nexus]
[EL Fine]: sql: 2014-10-09 10:12:54.328--ServerSession(1989311583)--Connection(1905800551)--Thread(Thread[AWT-EventQueue-0,6,main])--SELECT NOMBRE, PADRE FROM CATEGORIA WHERE (NOMBRE = ?)
	bind => [Samsung]
[EL Fine]: sql: 2014-10-09 10:12:54.328--ServerSession(1989311583)--Connection(1905800551)--Thread(Thread[AWT-EventQueue-0,6,main])--SELECT t1.NROREFERENCIA, t1.DESCRIPCION, t1.NOMBRE, t1.PRECIO, t1.PROVEEDOR_ID, t0.ESP_NROREF FROM CATEGORIAESPECIFICACIONPROD t0, ESPECIFICACIONPRODUCTO t1 WHERE ((t0.CAT_NAME = ?) AND (t1.NROREFERENCIA = t0.ESP_NROREF))
	bind => [Samsung]
[EL Fine]: sql: 2014-10-09 10:12:54.329--ServerSession(1989311583)--Connection(1905800551)--Thread(Thread[AWT-EventQueue-0,6,main])--SELECT NOMBRE, PADRE FROM CATEGORIA WHERE (NOMBRE = ?)
	bind => [Galaxy S3]
[EL Fine]: sql: 2014-10-09 10:12:54.329--ServerSession(1989311583)--Connection(1905800551)--Thread(Thread[AWT-EventQueue-0,6,main])--SELECT t1.NROREFERENCIA, t1.DESCRIPCION, t1.NOMBRE, t1.PRECIO, t1.PROVEEDOR_ID, t0.ESP_NROREF FROM CATEGORIAESPECIFICACIONPROD t0, ESPECIFICACIONPRODUCTO t1 WHERE ((t0.CAT_NAME = ?) AND (t1.NROREFERENCIA = t0.ESP_NROREF))
	bind => [Galaxy S3]
[EL Fine]: sql: 2014-10-09 10:12:54.33--ServerSession(1989311583)--Connection(1905800551)--Thread(Thread[AWT-EventQueue-0,6,main])--SELECT NOMBRE, PADRE FROM CATEGORIA WHERE (NOMBRE = ?)
	bind => [Galaxy S4]
[EL Fine]: sql: 2014-10-09 10:12:54.33--ServerSession(1989311583)--Connection(1905800551)--Thread(Thread[AWT-EventQueue-0,6,main])--SELECT t1.NROREFERENCIA, t1.DESCRIPCION, t1.NOMBRE, t1.PRECIO, t1.PROVEEDOR_ID, t0.ESP_NROREF FROM CATEGORIAESPECIFICACIONPROD t0, ESPECIFICACIONPRODUCTO t1 WHERE ((t0.CAT_NAME = ?) AND (t1.NROREFERENCIA = t0.ESP_NROREF))
	bind => [Galaxy S4]
[EL Fine]: sql: 2014-10-09 10:12:54.331--ServerSession(1989311583)--Connection(1905800551)--Thread(Thread[AWT-EventQueue-0,6,main])--SELECT NOMBRE, PADRE FROM CATEGORIA WHERE (NOMBRE = ?)
	bind => [Galaxy Ace]
[EL Fine]: sql: 2014-10-09 10:12:54.331--ServerSession(1989311583)--Connection(1905800551)--Thread(Thread[AWT-EventQueue-0,6,main])--SELECT t1.NROREFERENCIA, t1.DESCRIPCION, t1.NOMBRE, t1.PRECIO, t1.PROVEEDOR_ID, t0.ESP_NROREF FROM CATEGORIAESPECIFICACIONPROD t0, ESPECIFICACIONPRODUCTO t1 WHERE ((t0.CAT_NAME = ?) AND (t1.NROREFERENCIA = t0.ESP_NROREF))
	bind => [Galaxy Ace]
[EL Fine]: sql: 2014-10-09 10:12:54.332--ServerSession(1989311583)--Connection(1905800551)--Thread(Thread[AWT-EventQueue-0,6,main])--SELECT NOMBRE, PADRE FROM CATEGORIA WHERE (NOMBRE = ?)
	bind => [Blackberry]
[EL Fine]: sql: 2014-10-09 10:12:54.333--ServerSession(1989311583)--Connection(1905800551)--Thread(Thread[AWT-EventQueue-0,6,main])--SELECT t1.NROREFERENCIA, t1.DESCRIPCION, t1.NOMBRE, t1.PRECIO, t1.PROVEEDOR_ID, t0.ESP_NROREF FROM CATEGORIAESPECIFICACIONPROD t0, ESPECIFICACIONPRODUCTO t1 WHERE ((t0.CAT_NAME = ?) AND (t1.NROREFERENCIA = t0.ESP_NROREF))
	bind => [Blackberry]
[EL Fine]: sql: 2014-10-09 10:12:54.333--ServerSession(1989311583)--Connection(1905800551)--Thread(Thread[AWT-EventQueue-0,6,main])--SELECT NOMBRE, PADRE FROM CATEGORIA WHERE (NOMBRE = ?)
	bind => [Nokia]
[EL Fine]: sql: 2014-10-09 10:12:54.333--ServerSession(1989311583)--Connection(1905800551)--Thread(Thread[AWT-EventQueue-0,6,main])--SELECT t1.NROREFERENCIA, t1.DESCRIPCION, t1.NOMBRE, t1.PRECIO, t1.PROVEEDOR_ID, t0.ESP_NROREF FROM CATEGORIAESPECIFICACIONPROD t0, ESPECIFICACIONPRODUCTO t1 WHERE ((t0.CAT_NAME = ?) AND (t1.NROREFERENCIA = t0.ESP_NROREF))
	bind => [Nokia]
[EL Fine]: sql: 2014-10-09 10:12:54.334--ServerSession(1989311583)--Connection(1905800551)--Thread(Thread[AWT-EventQueue-0,6,main])--SELECT NOMBRE, PADRE FROM CATEGORIA WHERE (NOMBRE = ?)
	bind => [Accesorios]
[EL Fine]: sql: 2014-10-09 10:12:54.334--ServerSession(1989311583)--Connection(1905800551)--Thread(Thread[AWT-EventQueue-0,6,main])--SELECT t1.NROREFERENCIA, t1.DESCRIPCION, t1.NOMBRE, t1.PRECIO, t1.PROVEEDOR_ID, t0.ESP_NROREF FROM CATEGORIAESPECIFICACIONPROD t0, ESPECIFICACIONPRODUCTO t1 WHERE ((t0.CAT_NAME = ?) AND (t1.NROREFERENCIA = t0.ESP_NROREF))
	bind => [Accesorios]
[EL Fine]: sql: 2014-10-09 10:12:54.335--ServerSession(1989311583)--Connection(1905800551)--Thread(Thread[AWT-EventQueue-0,6,main])--SELECT NOMBRE, PADRE FROM CATEGORIA WHERE (NOMBRE = ?)
	bind => [Protectores]
[EL Fine]: sql: 2014-10-09 10:12:54.335--ServerSession(1989311583)--Connection(1905800551)--Thread(Thread[AWT-EventQueue-0,6,main])--SELECT t1.NROREFERENCIA, t1.DESCRIPCION, t1.NOMBRE, t1.PRECIO, t1.PROVEEDOR_ID, t0.ESP_NROREF FROM CATEGORIAESPECIFICACIONPROD t0, ESPECIFICACIONPRODUCTO t1 WHERE ((t0.CAT_NAME = ?) AND (t1.NROREFERENCIA = t0.ESP_NROREF))
	bind => [Protectores]
[EL Fine]: sql: 2014-10-09 10:12:54.336--ServerSession(1989311583)--Connection(1905800551)--Thread(Thread[AWT-EventQueue-0,6,main])--SELECT NOMBRE, PADRE FROM CATEGORIA WHERE (NOMBRE = ?)
	bind => [Baterías]
[EL Fine]: sql: 2014-10-09 10:12:54.337--ServerSession(1989311583)--Connection(1905800551)--Thread(Thread[AWT-EventQueue-0,6,main])--SELECT t1.NROREFERENCIA, t1.DESCRIPCION, t1.NOMBRE, t1.PRECIO, t1.PROVEEDOR_ID, t0.ESP_NROREF FROM CATEGORIAESPECIFICACIONPROD t0, ESPECIFICACIONPRODUCTO t1 WHERE ((t0.CAT_NAME = ?) AND (t1.NROREFERENCIA = t0.ESP_NROREF))
	bind => [Baterías]
[EL Fine]: sql: 2014-10-09 10:12:54.337--ServerSession(1989311583)--Connection(1905800551)--Thread(Thread[AWT-EventQueue-0,6,main])--SELECT NOMBRE, PADRE FROM CATEGORIA WHERE (NOMBRE = ?)
	bind => [Apple]
[EL Fine]: sql: 2014-10-09 10:12:54.338--ServerSession(1989311583)--Connection(1905800551)--Thread(Thread[AWT-EventQueue-0,6,main])--SELECT t1.NROREFERENCIA, t1.DESCRIPCION, t1.NOMBRE, t1.PRECIO, t1.PROVEEDOR_ID, t0.ESP_NROREF FROM CATEGORIAESPECIFICACIONPROD t0, ESPECIFICACIONPRODUCTO t1 WHERE ((t0.CAT_NAME = ?) AND (t1.NROREFERENCIA = t0.ESP_NROREF))
	bind => [Apple]
[EL Fine]: sql: 2014-10-09 10:12:54.339--ServerSession(1989311583)--Connection(1905800551)--Thread(Thread[AWT-EventQueue-0,6,main])--SELECT NOMBRE, PADRE FROM CATEGORIA WHERE (NOMBRE = ?)
	bind => [Videojuegos]
[EL Fine]: sql: 2014-10-09 10:12:54.34--ServerSession(1989311583)--Connection(1905800551)--Thread(Thread[AWT-EventQueue-0,6,main])--SELECT t1.NROREFERENCIA, t1.DESCRIPCION, t1.NOMBRE, t1.PRECIO, t1.PROVEEDOR_ID, t0.ESP_NROREF FROM CATEGORIAESPECIFICACIONPROD t0, ESPECIFICACIONPRODUCTO t1 WHERE ((t0.CAT_NAME = ?) AND (t1.NROREFERENCIA = t0.ESP_NROREF))
	bind => [Videojuegos]
[EL Fine]: sql: 2014-10-09 10:12:54.341--ServerSession(1989311583)--Connection(1905800551)--Thread(Thread[AWT-EventQueue-0,6,main])--SELECT NOMBRE, PADRE FROM CATEGORIA WHERE (NOMBRE = ?)
	bind => [Playstation]
[EL Fine]: sql: 2014-10-09 10:12:54.341--ServerSession(1989311583)--Connection(1905800551)--Thread(Thread[AWT-EventQueue-0,6,main])--SELECT t1.NROREFERENCIA, t1.DESCRIPCION, t1.NOMBRE, t1.PRECIO, t1.PROVEEDOR_ID, t0.ESP_NROREF FROM CATEGORIAESPECIFICACIONPROD t0, ESPECIFICACIONPRODUCTO t1 WHERE ((t0.CAT_NAME = ?) AND (t1.NROREFERENCIA = t0.ESP_NROREF))
	bind => [Playstation]
[EL Fine]: sql: 2014-10-09 10:12:54.342--ServerSession(1989311583)--Connection(1905800551)--Thread(Thread[AWT-EventQueue-0,6,main])--SELECT NOMBRE, PADRE FROM CATEGORIA
[EL Fine]: sql: 2014-10-09 10:12:54.343--ClientSession(1936224888)--Connection(1905800551)--Thread(Thread[AWT-EventQueue-0,6,main])--INSERT INTO CATEGORIA (NOMBRE, PADRE) VALUES (?, ?)
	bind => [Xbox, Videojuegos]
[EL Fine]: sql: 2014-10-09 10:12:54.344--ServerSession(1989311583)--Connection(1905800551)--Thread(Thread[AWT-EventQueue-0,6,main])--SELECT NOMBRE, PADRE FROM CATEGORIA
[EL Fine]: sql: 2014-10-09 10:12:54.345--ServerSession(1989311583)--Connection(1905800551)--Thread(Thread[AWT-EventQueue-0,6,main])--SELECT NOMBRE, PADRE FROM CATEGORIA WHERE (NOMBRE = ?)
	bind => [Celulares]
[EL Fine]: sql: 2014-10-09 10:12:54.345--ServerSession(1989311583)--Connection(1905800551)--Thread(Thread[AWT-EventQueue-0,6,main])--SELECT t1.NROREFERENCIA, t1.DESCRIPCION, t1.NOMBRE, t1.PRECIO, t1.PROVEEDOR_ID, t0.ESP_NROREF FROM CATEGORIAESPECIFICACIONPROD t0, ESPECIFICACIONPRODUCTO t1 WHERE ((t0.CAT_NAME = ?) AND (t1.NROREFERENCIA = t0.ESP_NROREF))
	bind => [Celulares]
[EL Fine]: sql: 2014-10-09 10:12:54.346--ServerSession(1989311583)--Connection(1905800551)--Thread(Thread[AWT-EventQueue-0,6,main])--SELECT NOMBRE, PADRE FROM CATEGORIA WHERE (NOMBRE = ?)
	bind => [Sistemas Operativos]
[EL Fine]: sql: 2014-10-09 10:12:54.346--ServerSession(1989311583)--Connection(1905800551)--Thread(Thread[AWT-EventQueue-0,6,main])--SELECT t1.NROREFERENCIA, t1.DESCRIPCION, t1.NOMBRE, t1.PRECIO, t1.PROVEEDOR_ID, t0.ESP_NROREF FROM CATEGORIAESPECIFICACIONPROD t0, ESPECIFICACIONPRODUCTO t1 WHERE ((t0.CAT_NAME = ?) AND (t1.NROREFERENCIA = t0.ESP_NROREF))
	bind => [Sistemas Operativos]
[EL Fine]: sql: 2014-10-09 10:12:54.347--ServerSession(1989311583)--Connection(1905800551)--Thread(Thread[AWT-EventQueue-0,6,main])--SELECT NOMBRE, PADRE FROM CATEGORIA WHERE (NOMBRE = ?)
	bind => [iOS]
[EL Fine]: sql: 2014-10-09 10:12:54.347--ServerSession(1989311583)--Connection(1905800551)--Thread(Thread[AWT-EventQueue-0,6,main])--SELECT t1.NROREFERENCIA, t1.DESCRIPCION, t1.NOMBRE, t1.PRECIO, t1.PROVEEDOR_ID, t0.ESP_NROREF FROM CATEGORIAESPECIFICACIONPROD t0, ESPECIFICACIONPRODUCTO t1 WHERE ((t0.CAT_NAME = ?) AND (t1.NROREFERENCIA = t0.ESP_NROREF))
	bind => [iOS]
[EL Fine]: sql: 2014-10-09 10:12:54.347--ServerSession(1989311583)--Connection(1905800551)--Thread(Thread[AWT-EventQueue-0,6,main])--SELECT NOMBRE, PADRE FROM CATEGORIA WHERE (NOMBRE = ?)
	bind => [Android]
[EL Fine]: sql: 2014-10-09 10:12:54.348--ServerSession(1989311583)--Connection(1905800551)--Thread(Thread[AWT-EventQueue-0,6,main])--SELECT t1.NROREFERENCIA, t1.DESCRIPCION, t1.NOMBRE, t1.PRECIO, t1.PROVEEDOR_ID, t0.ESP_NROREF FROM CATEGORIAESPECIFICACIONPROD t0, ESPECIFICACIONPRODUCTO t1 WHERE ((t0.CAT_NAME = ?) AND (t1.NROREFERENCIA = t0.ESP_NROREF))
	bind => [Android]
[EL Fine]: sql: 2014-10-09 10:12:54.348--ServerSession(1989311583)--Connection(1905800551)--Thread(Thread[AWT-EventQueue-0,6,main])--SELECT NOMBRE, PADRE FROM CATEGORIA WHERE (NOMBRE = ?)
	bind => [Windows Phone]
[EL Fine]: sql: 2014-10-09 10:12:54.349--ServerSession(1989311583)--Connection(1905800551)--Thread(Thread[AWT-EventQueue-0,6,main])--SELECT t1.NROREFERENCIA, t1.DESCRIPCION, t1.NOMBRE, t1.PRECIO, t1.PROVEEDOR_ID, t0.ESP_NROREF FROM CATEGORIAESPECIFICACIONPROD t0, ESPECIFICACIONPRODUCTO t1 WHERE ((t0.CAT_NAME = ?) AND (t1.NROREFERENCIA = t0.ESP_NROREF))
	bind => [Windows Phone]
[EL Fine]: sql: 2014-10-09 10:12:54.349--ServerSession(1989311583)--Connection(1905800551)--Thread(Thread[AWT-EventQueue-0,6,main])--SELECT NOMBRE, PADRE FROM CATEGORIA WHERE (NOMBRE = ?)
	bind => [Symbian]
[EL Fine]: sql: 2014-10-09 10:12:54.35--ServerSession(1989311583)--Connection(1905800551)--Thread(Thread[AWT-EventQueue-0,6,main])--SELECT t1.NROREFERENCIA, t1.DESCRIPCION, t1.NOMBRE, t1.PRECIO, t1.PROVEEDOR_ID, t0.ESP_NROREF FROM CATEGORIAESPECIFICACIONPROD t0, ESPECIFICACIONPRODUCTO t1 WHERE ((t0.CAT_NAME = ?) AND (t1.NROREFERENCIA = t0.ESP_NROREF))
	bind => [Symbian]
[EL Fine]: sql: 2014-10-09 10:12:54.35--ServerSession(1989311583)--Connection(1905800551)--Thread(Thread[AWT-EventQueue-0,6,main])--SELECT NOMBRE, PADRE FROM CATEGORIA WHERE (NOMBRE = ?)
	bind => [Blackberry OS]
[EL Fine]: sql: 2014-10-09 10:12:54.351--ServerSession(1989311583)--Connection(1905800551)--Thread(Thread[AWT-EventQueue-0,6,main])--SELECT t1.NROREFERENCIA, t1.DESCRIPCION, t1.NOMBRE, t1.PRECIO, t1.PROVEEDOR_ID, t0.ESP_NROREF FROM CATEGORIAESPECIFICACIONPROD t0, ESPECIFICACIONPRODUCTO t1 WHERE ((t0.CAT_NAME = ?) AND (t1.NROREFERENCIA = t0.ESP_NROREF))
	bind => [Blackberry OS]
[EL Fine]: sql: 2014-10-09 10:12:54.351--ServerSession(1989311583)--Connection(1905800551)--Thread(Thread[AWT-EventQueue-0,6,main])--SELECT NOMBRE, PADRE FROM CATEGORIA WHERE (NOMBRE = ?)
	bind => [Equipos]
[EL Fine]: sql: 2014-10-09 10:12:54.351--ServerSession(1989311583)--Connection(1905800551)--Thread(Thread[AWT-EventQueue-0,6,main])--SELECT t1.NROREFERENCIA, t1.DESCRIPCION, t1.NOMBRE, t1.PRECIO, t1.PROVEEDOR_ID, t0.ESP_NROREF FROM CATEGORIAESPECIFICACIONPROD t0, ESPECIFICACIONPRODUCTO t1 WHERE ((t0.CAT_NAME = ?) AND (t1.NROREFERENCIA = t0.ESP_NROREF))
	bind => [Equipos]
[EL Fine]: sql: 2014-10-09 10:12:54.352--ServerSession(1989311583)--Connection(1905800551)--Thread(Thread[AWT-EventQueue-0,6,main])--SELECT NOMBRE, PADRE FROM CATEGORIA WHERE (NOMBRE = ?)
	bind => [iPhone]
[EL Fine]: sql: 2014-10-09 10:12:54.352--ServerSession(1989311583)--Connection(1905800551)--Thread(Thread[AWT-EventQueue-0,6,main])--SELECT t1.NROREFERENCIA, t1.DESCRIPCION, t1.NOMBRE, t1.PRECIO, t1.PROVEEDOR_ID, t0.ESP_NROREF FROM CATEGORIAESPECIFICACIONPROD t0, ESPECIFICACIONPRODUCTO t1 WHERE ((t0.CAT_NAME = ?) AND (t1.NROREFERENCIA = t0.ESP_NROREF))
	bind => [iPhone]
[EL Fine]: sql: 2014-10-09 10:12:54.353--ServerSession(1989311583)--Connection(1905800551)--Thread(Thread[AWT-EventQueue-0,6,main])--SELECT NOMBRE, PADRE FROM CATEGORIA WHERE (NOMBRE = ?)
	bind => [Nexus]
[EL Fine]: sql: 2014-10-09 10:12:54.353--ServerSession(1989311583)--Connection(1905800551)--Thread(Thread[AWT-EventQueue-0,6,main])--SELECT t1.NROREFERENCIA, t1.DESCRIPCION, t1.NOMBRE, t1.PRECIO, t1.PROVEEDOR_ID, t0.ESP_NROREF FROM CATEGORIAESPECIFICACIONPROD t0, ESPECIFICACIONPRODUCTO t1 WHERE ((t0.CAT_NAME = ?) AND (t1.NROREFERENCIA = t0.ESP_NROREF))
	bind => [Nexus]
[EL Fine]: sql: 2014-10-09 10:12:54.354--ServerSession(1989311583)--Connection(1905800551)--Thread(Thread[AWT-EventQueue-0,6,main])--SELECT NOMBRE, PADRE FROM CATEGORIA WHERE (NOMBRE = ?)
	bind => [Samsung]
[EL Fine]: sql: 2014-10-09 10:12:54.354--ServerSession(1989311583)--Connection(1905800551)--Thread(Thread[AWT-EventQueue-0,6,main])--SELECT t1.NROREFERENCIA, t1.DESCRIPCION, t1.NOMBRE, t1.PRECIO, t1.PROVEEDOR_ID, t0.ESP_NROREF FROM CATEGORIAESPECIFICACIONPROD t0, ESPECIFICACIONPRODUCTO t1 WHERE ((t0.CAT_NAME = ?) AND (t1.NROREFERENCIA = t0.ESP_NROREF))
	bind => [Samsung]
[EL Fine]: sql: 2014-10-09 10:12:54.354--ServerSession(1989311583)--Connection(1905800551)--Thread(Thread[AWT-EventQueue-0,6,main])--SELECT NOMBRE, PADRE FROM CATEGORIA WHERE (NOMBRE = ?)
	bind => [Galaxy S3]
[EL Fine]: sql: 2014-10-09 10:12:54.355--ServerSession(1989311583)--Connection(1905800551)--Thread(Thread[AWT-EventQueue-0,6,main])--SELECT t1.NROREFERENCIA, t1.DESCRIPCION, t1.NOMBRE, t1.PRECIO, t1.PROVEEDOR_ID, t0.ESP_NROREF FROM CATEGORIAESPECIFICACIONPROD t0, ESPECIFICACIONPRODUCTO t1 WHERE ((t0.CAT_NAME = ?) AND (t1.NROREFERENCIA = t0.ESP_NROREF))
	bind => [Galaxy S3]
[EL Fine]: sql: 2014-10-09 10:12:54.355--ServerSession(1989311583)--Connection(1905800551)--Thread(Thread[AWT-EventQueue-0,6,main])--SELECT NOMBRE, PADRE FROM CATEGORIA WHERE (NOMBRE = ?)
	bind => [Galaxy S4]
[EL Fine]: sql: 2014-10-09 10:12:54.356--ServerSession(1989311583)--Connection(1905800551)--Thread(Thread[AWT-EventQueue-0,6,main])--SELECT t1.NROREFERENCIA, t1.DESCRIPCION, t1.NOMBRE, t1.PRECIO, t1.PROVEEDOR_ID, t0.ESP_NROREF FROM CATEGORIAESPECIFICACIONPROD t0, ESPECIFICACIONPRODUCTO t1 WHERE ((t0.CAT_NAME = ?) AND (t1.NROREFERENCIA = t0.ESP_NROREF))
	bind => [Galaxy S4]
[EL Fine]: sql: 2014-10-09 10:12:54.356--ServerSession(1989311583)--Connection(1905800551)--Thread(Thread[AWT-EventQueue-0,6,main])--SELECT NOMBRE, PADRE FROM CATEGORIA WHERE (NOMBRE = ?)
	bind => [Galaxy Ace]
[EL Fine]: sql: 2014-10-09 10:12:54.357--ServerSession(1989311583)--Connection(1905800551)--Thread(Thread[AWT-EventQueue-0,6,main])--SELECT t1.NROREFERENCIA, t1.DESCRIPCION, t1.NOMBRE, t1.PRECIO, t1.PROVEEDOR_ID, t0.ESP_NROREF FROM CATEGORIAESPECIFICACIONPROD t0, ESPECIFICACIONPRODUCTO t1 WHERE ((t0.CAT_NAME = ?) AND (t1.NROREFERENCIA = t0.ESP_NROREF))
	bind => [Galaxy Ace]
[EL Fine]: sql: 2014-10-09 10:12:54.357--ServerSession(1989311583)--Connection(1905800551)--Thread(Thread[AWT-EventQueue-0,6,main])--SELECT NOMBRE, PADRE FROM CATEGORIA WHERE (NOMBRE = ?)
	bind => [Blackberry]
[EL Fine]: sql: 2014-10-09 10:12:54.357--ServerSession(1989311583)--Connection(1905800551)--Thread(Thread[AWT-EventQueue-0,6,main])--SELECT t1.NROREFERENCIA, t1.DESCRIPCION, t1.NOMBRE, t1.PRECIO, t1.PROVEEDOR_ID, t0.ESP_NROREF FROM CATEGORIAESPECIFICACIONPROD t0, ESPECIFICACIONPRODUCTO t1 WHERE ((t0.CAT_NAME = ?) AND (t1.NROREFERENCIA = t0.ESP_NROREF))
	bind => [Blackberry]
[EL Fine]: sql: 2014-10-09 10:12:54.358--ServerSession(1989311583)--Connection(1905800551)--Thread(Thread[AWT-EventQueue-0,6,main])--SELECT NOMBRE, PADRE FROM CATEGORIA WHERE (NOMBRE = ?)
	bind => [Nokia]
[EL Fine]: sql: 2014-10-09 10:12:54.358--ServerSession(1989311583)--Connection(1905800551)--Thread(Thread[AWT-EventQueue-0,6,main])--SELECT t1.NROREFERENCIA, t1.DESCRIPCION, t1.NOMBRE, t1.PRECIO, t1.PROVEEDOR_ID, t0.ESP_NROREF FROM CATEGORIAESPECIFICACIONPROD t0, ESPECIFICACIONPRODUCTO t1 WHERE ((t0.CAT_NAME = ?) AND (t1.NROREFERENCIA = t0.ESP_NROREF))
	bind => [Nokia]
[EL Fine]: sql: 2014-10-09 10:12:54.359--ServerSession(1989311583)--Connection(1905800551)--Thread(Thread[AWT-EventQueue-0,6,main])--SELECT NOMBRE, PADRE FROM CATEGORIA WHERE (NOMBRE = ?)
	bind => [Accesorios]
[EL Fine]: sql: 2014-10-09 10:12:54.359--ServerSession(1989311583)--Connection(1905800551)--Thread(Thread[AWT-EventQueue-0,6,main])--SELECT t1.NROREFERENCIA, t1.DESCRIPCION, t1.NOMBRE, t1.PRECIO, t1.PROVEEDOR_ID, t0.ESP_NROREF FROM CATEGORIAESPECIFICACIONPROD t0, ESPECIFICACIONPRODUCTO t1 WHERE ((t0.CAT_NAME = ?) AND (t1.NROREFERENCIA = t0.ESP_NROREF))
	bind => [Accesorios]
[EL Fine]: sql: 2014-10-09 10:12:54.36--ServerSession(1989311583)--Connection(1905800551)--Thread(Thread[AWT-EventQueue-0,6,main])--SELECT NOMBRE, PADRE FROM CATEGORIA WHERE (NOMBRE = ?)
	bind => [Protectores]
[EL Fine]: sql: 2014-10-09 10:12:54.36--ServerSession(1989311583)--Connection(1905800551)--Thread(Thread[AWT-EventQueue-0,6,main])--SELECT t1.NROREFERENCIA, t1.DESCRIPCION, t1.NOMBRE, t1.PRECIO, t1.PROVEEDOR_ID, t0.ESP_NROREF FROM CATEGORIAESPECIFICACIONPROD t0, ESPECIFICACIONPRODUCTO t1 WHERE ((t0.CAT_NAME = ?) AND (t1.NROREFERENCIA = t0.ESP_NROREF))
	bind => [Protectores]
[EL Fine]: sql: 2014-10-09 10:12:54.36--ServerSession(1989311583)--Connection(1905800551)--Thread(Thread[AWT-EventQueue-0,6,main])--SELECT NOMBRE, PADRE FROM CATEGORIA WHERE (NOMBRE = ?)
	bind => [Baterías]
[EL Fine]: sql: 2014-10-09 10:12:54.361--ServerSession(1989311583)--Connection(1905800551)--Thread(Thread[AWT-EventQueue-0,6,main])--SELECT t1.NROREFERENCIA, t1.DESCRIPCION, t1.NOMBRE, t1.PRECIO, t1.PROVEEDOR_ID, t0.ESP_NROREF FROM CATEGORIAESPECIFICACIONPROD t0, ESPECIFICACIONPRODUCTO t1 WHERE ((t0.CAT_NAME = ?) AND (t1.NROREFERENCIA = t0.ESP_NROREF))
	bind => [Baterías]
[EL Fine]: sql: 2014-10-09 10:12:54.361--ServerSession(1989311583)--Connection(1905800551)--Thread(Thread[AWT-EventQueue-0,6,main])--SELECT NOMBRE, PADRE FROM CATEGORIA WHERE (NOMBRE = ?)
	bind => [Apple]
[EL Fine]: sql: 2014-10-09 10:12:54.362--ServerSession(1989311583)--Connection(1905800551)--Thread(Thread[AWT-EventQueue-0,6,main])--SELECT t1.NROREFERENCIA, t1.DESCRIPCION, t1.NOMBRE, t1.PRECIO, t1.PROVEEDOR_ID, t0.ESP_NROREF FROM CATEGORIAESPECIFICACIONPROD t0, ESPECIFICACIONPRODUCTO t1 WHERE ((t0.CAT_NAME = ?) AND (t1.NROREFERENCIA = t0.ESP_NROREF))
	bind => [Apple]
[EL Fine]: sql: 2014-10-09 10:12:54.362--ServerSession(1989311583)--Connection(1905800551)--Thread(Thread[AWT-EventQueue-0,6,main])--SELECT NOMBRE, PADRE FROM CATEGORIA WHERE (NOMBRE = ?)
	bind => [Videojuegos]
[EL Fine]: sql: 2014-10-09 10:12:54.362--ServerSession(1989311583)--Connection(1905800551)--Thread(Thread[AWT-EventQueue-0,6,main])--SELECT t1.NROREFERENCIA, t1.DESCRIPCION, t1.NOMBRE, t1.PRECIO, t1.PROVEEDOR_ID, t0.ESP_NROREF FROM CATEGORIAESPECIFICACIONPROD t0, ESPECIFICACIONPRODUCTO t1 WHERE ((t0.CAT_NAME = ?) AND (t1.NROREFERENCIA = t0.ESP_NROREF))
	bind => [Videojuegos]
[EL Fine]: sql: 2014-10-09 10:12:54.363--ServerSession(1989311583)--Connection(1905800551)--Thread(Thread[AWT-EventQueue-0,6,main])--SELECT NOMBRE, PADRE FROM CATEGORIA WHERE (NOMBRE = ?)
	bind => [Playstation]
[EL Fine]: sql: 2014-10-09 10:12:54.363--ServerSession(1989311583)--Connection(1905800551)--Thread(Thread[AWT-EventQueue-0,6,main])--SELECT t1.NROREFERENCIA, t1.DESCRIPCION, t1.NOMBRE, t1.PRECIO, t1.PROVEEDOR_ID, t0.ESP_NROREF FROM CATEGORIAESPECIFICACIONPROD t0, ESPECIFICACIONPRODUCTO t1 WHERE ((t0.CAT_NAME = ?) AND (t1.NROREFERENCIA = t0.ESP_NROREF))
	bind => [Playstation]
[EL Fine]: sql: 2014-10-09 10:12:54.364--ServerSession(1989311583)--Connection(1905800551)--Thread(Thread[AWT-EventQueue-0,6,main])--SELECT NOMBRE, PADRE FROM CATEGORIA WHERE (NOMBRE = ?)
	bind => [Xbox]
[EL Fine]: sql: 2014-10-09 10:12:54.364--ServerSession(1989311583)--Connection(1905800551)--Thread(Thread[AWT-EventQueue-0,6,main])--SELECT t1.NROREFERENCIA, t1.DESCRIPCION, t1.NOMBRE, t1.PRECIO, t1.PROVEEDOR_ID, t0.ESP_NROREF FROM CATEGORIAESPECIFICACIONPROD t0, ESPECIFICACIONPRODUCTO t1 WHERE ((t0.CAT_NAME = ?) AND (t1.NROREFERENCIA = t0.ESP_NROREF))
	bind => [Xbox]
[EL Fine]: sql: 2014-10-09 10:12:54.365--ServerSession(1989311583)--Connection(1905800551)--Thread(Thread[AWT-EventQueue-0,6,main])--SELECT NOMBRE, PADRE FROM CATEGORIA
[EL Fine]: sql: 2014-10-09 10:12:54.365--ServerSession(1989311583)--Connection(1905800551)--Thread(Thread[AWT-EventQueue-0,6,main])--SELECT NOMBRE, PADRE FROM CATEGORIA
[EL Fine]: sql: 2014-10-09 10:12:54.366--ServerSession(1989311583)--Connection(1905800551)--Thread(Thread[AWT-EventQueue-0,6,main])--SELECT NOMBRE, PADRE FROM CATEGORIA WHERE (NOMBRE = ?)
	bind => [Celulares]
[EL Fine]: sql: 2014-10-09 10:12:54.366--ServerSession(1989311583)--Connection(1905800551)--Thread(Thread[AWT-EventQueue-0,6,main])--SELECT t1.NROREFERENCIA, t1.DESCRIPCION, t1.NOMBRE, t1.PRECIO, t1.PROVEEDOR_ID, t0.ESP_NROREF FROM CATEGORIAESPECIFICACIONPROD t0, ESPECIFICACIONPRODUCTO t1 WHERE ((t0.CAT_NAME = ?) AND (t1.NROREFERENCIA = t0.ESP_NROREF))
	bind => [Celulares]
[EL Fine]: sql: 2014-10-09 10:12:54.367--ServerSession(1989311583)--Connection(1905800551)--Thread(Thread[AWT-EventQueue-0,6,main])--SELECT NOMBRE, PADRE FROM CATEGORIA WHERE (NOMBRE = ?)
	bind => [Sistemas Operativos]
[EL Fine]: sql: 2014-10-09 10:12:54.367--ServerSession(1989311583)--Connection(1905800551)--Thread(Thread[AWT-EventQueue-0,6,main])--SELECT t1.NROREFERENCIA, t1.DESCRIPCION, t1.NOMBRE, t1.PRECIO, t1.PROVEEDOR_ID, t0.ESP_NROREF FROM CATEGORIAESPECIFICACIONPROD t0, ESPECIFICACIONPRODUCTO t1 WHERE ((t0.CAT_NAME = ?) AND (t1.NROREFERENCIA = t0.ESP_NROREF))
	bind => [Sistemas Operativos]
[EL Fine]: sql: 2014-10-09 10:12:54.367--ServerSession(1989311583)--Connection(1905800551)--Thread(Thread[AWT-EventQueue-0,6,main])--SELECT NOMBRE, PADRE FROM CATEGORIA WHERE (NOMBRE = ?)
	bind => [iOS]
[EL Fine]: sql: 2014-10-09 10:12:54.368--ServerSession(1989311583)--Connection(1905800551)--Thread(Thread[AWT-EventQueue-0,6,main])--SELECT t1.NROREFERENCIA, t1.DESCRIPCION, t1.NOMBRE, t1.PRECIO, t1.PROVEEDOR_ID, t0.ESP_NROREF FROM CATEGORIAESPECIFICACIONPROD t0, ESPECIFICACIONPRODUCTO t1 WHERE ((t0.CAT_NAME = ?) AND (t1.NROREFERENCIA = t0.ESP_NROREF))
	bind => [iOS]
[EL Fine]: sql: 2014-10-09 10:12:54.368--ServerSession(1989311583)--Connection(1905800551)--Thread(Thread[AWT-EventQueue-0,6,main])--SELECT NOMBRE, PADRE FROM CATEGORIA WHERE (NOMBRE = ?)
	bind => [Android]
[EL Fine]: sql: 2014-10-09 10:12:54.369--ServerSession(1989311583)--Connection(1905800551)--Thread(Thread[AWT-EventQueue-0,6,main])--SELECT t1.NROREFERENCIA, t1.DESCRIPCION, t1.NOMBRE, t1.PRECIO, t1.PROVEEDOR_ID, t0.ESP_NROREF FROM CATEGORIAESPECIFICACIONPROD t0, ESPECIFICACIONPRODUCTO t1 WHERE ((t0.CAT_NAME = ?) AND (t1.NROREFERENCIA = t0.ESP_NROREF))
	bind => [Android]
[EL Fine]: sql: 2014-10-09 10:12:54.369--ServerSession(1989311583)--Connection(1905800551)--Thread(Thread[AWT-EventQueue-0,6,main])--SELECT NOMBRE, PADRE FROM CATEGORIA WHERE (NOMBRE = ?)
	bind => [Windows Phone]
[EL Fine]: sql: 2014-10-09 10:12:54.37--ServerSession(1989311583)--Connection(1905800551)--Thread(Thread[AWT-EventQueue-0,6,main])--SELECT t1.NROREFERENCIA, t1.DESCRIPCION, t1.NOMBRE, t1.PRECIO, t1.PROVEEDOR_ID, t0.ESP_NROREF FROM CATEGORIAESPECIFICACIONPROD t0, ESPECIFICACIONPRODUCTO t1 WHERE ((t0.CAT_NAME = ?) AND (t1.NROREFERENCIA = t0.ESP_NROREF))
	bind => [Windows Phone]
[EL Fine]: sql: 2014-10-09 10:12:54.37--ServerSession(1989311583)--Connection(1905800551)--Thread(Thread[AWT-EventQueue-0,6,main])--SELECT NOMBRE, PADRE FROM CATEGORIA WHERE (NOMBRE = ?)
	bind => [Symbian]
[EL Fine]: sql: 2014-10-09 10:12:54.371--ServerSession(1989311583)--Connection(1905800551)--Thread(Thread[AWT-EventQueue-0,6,main])--SELECT t1.NROREFERENCIA, t1.DESCRIPCION, t1.NOMBRE, t1.PRECIO, t1.PROVEEDOR_ID, t0.ESP_NROREF FROM CATEGORIAESPECIFICACIONPROD t0, ESPECIFICACIONPRODUCTO t1 WHERE ((t0.CAT_NAME = ?) AND (t1.NROREFERENCIA = t0.ESP_NROREF))
	bind => [Symbian]
[EL Fine]: sql: 2014-10-09 10:12:54.371--ServerSession(1989311583)--Connection(1905800551)--Thread(Thread[AWT-EventQueue-0,6,main])--SELECT NOMBRE, PADRE FROM CATEGORIA WHERE (NOMBRE = ?)
	bind => [Blackberry OS]
[EL Fine]: sql: 2014-10-09 10:12:54.372--ServerSession(1989311583)--Connection(1905800551)--Thread(Thread[AWT-EventQueue-0,6,main])--SELECT t1.NROREFERENCIA, t1.DESCRIPCION, t1.NOMBRE, t1.PRECIO, t1.PROVEEDOR_ID, t0.ESP_NROREF FROM CATEGORIAESPECIFICACIONPROD t0, ESPECIFICACIONPRODUCTO t1 WHERE ((t0.CAT_NAME = ?) AND (t1.NROREFERENCIA = t0.ESP_NROREF))
	bind => [Blackberry OS]
[EL Fine]: sql: 2014-10-09 10:12:54.373--ServerSession(1989311583)--Connection(1905800551)--Thread(Thread[AWT-EventQueue-0,6,main])--SELECT NOMBRE, PADRE FROM CATEGORIA WHERE (NOMBRE = ?)
	bind => [Equipos]
[EL Fine]: sql: 2014-10-09 10:12:54.374--ServerSession(1989311583)--Connection(1905800551)--Thread(Thread[AWT-EventQueue-0,6,main])--SELECT t1.NROREFERENCIA, t1.DESCRIPCION, t1.NOMBRE, t1.PRECIO, t1.PROVEEDOR_ID, t0.ESP_NROREF FROM CATEGORIAESPECIFICACIONPROD t0, ESPECIFICACIONPRODUCTO t1 WHERE ((t0.CAT_NAME = ?) AND (t1.NROREFERENCIA = t0.ESP_NROREF))
	bind => [Equipos]
[EL Fine]: sql: 2014-10-09 10:12:54.374--ServerSession(1989311583)--Connection(1905800551)--Thread(Thread[AWT-EventQueue-0,6,main])--SELECT NOMBRE, PADRE FROM CATEGORIA WHERE (NOMBRE = ?)
	bind => [iPhone]
[EL Fine]: sql: 2014-10-09 10:12:54.375--ServerSession(1989311583)--Connection(1905800551)--Thread(Thread[AWT-EventQueue-0,6,main])--SELECT t1.NROREFERENCIA, t1.DESCRIPCION, t1.NOMBRE, t1.PRECIO, t1.PROVEEDOR_ID, t0.ESP_NROREF FROM CATEGORIAESPECIFICACIONPROD t0, ESPECIFICACIONPRODUCTO t1 WHERE ((t0.CAT_NAME = ?) AND (t1.NROREFERENCIA = t0.ESP_NROREF))
	bind => [iPhone]
[EL Fine]: sql: 2014-10-09 10:12:54.376--ServerSession(1989311583)--Connection(1905800551)--Thread(Thread[AWT-EventQueue-0,6,main])--SELECT NOMBRE, PADRE FROM CATEGORIA WHERE (NOMBRE = ?)
	bind => [Nexus]
[EL Fine]: sql: 2014-10-09 10:12:54.376--ServerSession(1989311583)--Connection(1905800551)--Thread(Thread[AWT-EventQueue-0,6,main])--SELECT t1.NROREFERENCIA, t1.DESCRIPCION, t1.NOMBRE, t1.PRECIO, t1.PROVEEDOR_ID, t0.ESP_NROREF FROM CATEGORIAESPECIFICACIONPROD t0, ESPECIFICACIONPRODUCTO t1 WHERE ((t0.CAT_NAME = ?) AND (t1.NROREFERENCIA = t0.ESP_NROREF))
	bind => [Nexus]
[EL Fine]: sql: 2014-10-09 10:12:54.377--ServerSession(1989311583)--Connection(1905800551)--Thread(Thread[AWT-EventQueue-0,6,main])--SELECT NOMBRE, PADRE FROM CATEGORIA WHERE (NOMBRE = ?)
	bind => [Samsung]
[EL Fine]: sql: 2014-10-09 10:12:54.378--ServerSession(1989311583)--Connection(1905800551)--Thread(Thread[AWT-EventQueue-0,6,main])--SELECT t1.NROREFERENCIA, t1.DESCRIPCION, t1.NOMBRE, t1.PRECIO, t1.PROVEEDOR_ID, t0.ESP_NROREF FROM CATEGORIAESPECIFICACIONPROD t0, ESPECIFICACIONPRODUCTO t1 WHERE ((t0.CAT_NAME = ?) AND (t1.NROREFERENCIA = t0.ESP_NROREF))
	bind => [Samsung]
[EL Fine]: sql: 2014-10-09 10:12:54.379--ServerSession(1989311583)--Connection(1905800551)--Thread(Thread[AWT-EventQueue-0,6,main])--SELECT NOMBRE, PADRE FROM CATEGORIA WHERE (NOMBRE = ?)
	bind => [Galaxy S3]
[EL Fine]: sql: 2014-10-09 10:12:54.379--ServerSession(1989311583)--Connection(1905800551)--Thread(Thread[AWT-EventQueue-0,6,main])--SELECT t1.NROREFERENCIA, t1.DESCRIPCION, t1.NOMBRE, t1.PRECIO, t1.PROVEEDOR_ID, t0.ESP_NROREF FROM CATEGORIAESPECIFICACIONPROD t0, ESPECIFICACIONPRODUCTO t1 WHERE ((t0.CAT_NAME = ?) AND (t1.NROREFERENCIA = t0.ESP_NROREF))
	bind => [Galaxy S3]
[EL Fine]: sql: 2014-10-09 10:12:54.38--ServerSession(1989311583)--Connection(1905800551)--Thread(Thread[AWT-EventQueue-0,6,main])--SELECT NOMBRE, PADRE FROM CATEGORIA WHERE (NOMBRE = ?)
	bind => [Galaxy S4]
[EL Fine]: sql: 2014-10-09 10:12:54.381--ServerSession(1989311583)--Connection(1905800551)--Thread(Thread[AWT-EventQueue-0,6,main])--SELECT t1.NROREFERENCIA, t1.DESCRIPCION, t1.NOMBRE, t1.PRECIO, t1.PROVEEDOR_ID, t0.ESP_NROREF FROM CATEGORIAESPECIFICACIONPROD t0, ESPECIFICACIONPRODUCTO t1 WHERE ((t0.CAT_NAME = ?) AND (t1.NROREFERENCIA = t0.ESP_NROREF))
	bind => [Galaxy S4]
[EL Fine]: sql: 2014-10-09 10:12:54.382--ServerSession(1989311583)--Connection(1905800551)--Thread(Thread[AWT-EventQueue-0,6,main])--SELECT NOMBRE, PADRE FROM CATEGORIA WHERE (NOMBRE = ?)
	bind => [Galaxy Ace]
[EL Fine]: sql: 2014-10-09 10:12:54.383--ServerSession(1989311583)--Connection(1905800551)--Thread(Thread[AWT-EventQueue-0,6,main])--SELECT t1.NROREFERENCIA, t1.DESCRIPCION, t1.NOMBRE, t1.PRECIO, t1.PROVEEDOR_ID, t0.ESP_NROREF FROM CATEGORIAESPECIFICACIONPROD t0, ESPECIFICACIONPRODUCTO t1 WHERE ((t0.CAT_NAME = ?) AND (t1.NROREFERENCIA = t0.ESP_NROREF))
	bind => [Galaxy Ace]
[EL Fine]: sql: 2014-10-09 10:12:54.384--ServerSession(1989311583)--Connection(1905800551)--Thread(Thread[AWT-EventQueue-0,6,main])--SELECT NOMBRE, PADRE FROM CATEGORIA WHERE (NOMBRE = ?)
	bind => [Blackberry]
[EL Fine]: sql: 2014-10-09 10:12:54.384--ServerSession(1989311583)--Connection(1905800551)--Thread(Thread[AWT-EventQueue-0,6,main])--SELECT t1.NROREFERENCIA, t1.DESCRIPCION, t1.NOMBRE, t1.PRECIO, t1.PROVEEDOR_ID, t0.ESP_NROREF FROM CATEGORIAESPECIFICACIONPROD t0, ESPECIFICACIONPRODUCTO t1 WHERE ((t0.CAT_NAME = ?) AND (t1.NROREFERENCIA = t0.ESP_NROREF))
	bind => [Blackberry]
[EL Fine]: sql: 2014-10-09 10:12:54.385--ServerSession(1989311583)--Connection(1905800551)--Thread(Thread[AWT-EventQueue-0,6,main])--SELECT NOMBRE, PADRE FROM CATEGORIA WHERE (NOMBRE = ?)
	bind => [Nokia]
[EL Fine]: sql: 2014-10-09 10:12:54.386--ServerSession(1989311583)--Connection(1905800551)--Thread(Thread[AWT-EventQueue-0,6,main])--SELECT t1.NROREFERENCIA, t1.DESCRIPCION, t1.NOMBRE, t1.PRECIO, t1.PROVEEDOR_ID, t0.ESP_NROREF FROM CATEGORIAESPECIFICACIONPROD t0, ESPECIFICACIONPRODUCTO t1 WHERE ((t0.CAT_NAME = ?) AND (t1.NROREFERENCIA = t0.ESP_NROREF))
	bind => [Nokia]
[EL Fine]: sql: 2014-10-09 10:12:54.387--ServerSession(1989311583)--Connection(1905800551)--Thread(Thread[AWT-EventQueue-0,6,main])--SELECT NOMBRE, PADRE FROM CATEGORIA WHERE (NOMBRE = ?)
	bind => [Accesorios]
[EL Fine]: sql: 2014-10-09 10:12:54.387--ServerSession(1989311583)--Connection(1905800551)--Thread(Thread[AWT-EventQueue-0,6,main])--SELECT t1.NROREFERENCIA, t1.DESCRIPCION, t1.NOMBRE, t1.PRECIO, t1.PROVEEDOR_ID, t0.ESP_NROREF FROM CATEGORIAESPECIFICACIONPROD t0, ESPECIFICACIONPRODUCTO t1 WHERE ((t0.CAT_NAME = ?) AND (t1.NROREFERENCIA = t0.ESP_NROREF))
	bind => [Accesorios]
[EL Fine]: sql: 2014-10-09 10:12:54.388--ServerSession(1989311583)--Connection(1905800551)--Thread(Thread[AWT-EventQueue-0,6,main])--SELECT NOMBRE, PADRE FROM CATEGORIA WHERE (NOMBRE = ?)
	bind => [Protectores]
[EL Fine]: sql: 2014-10-09 10:12:54.389--ServerSession(1989311583)--Connection(1905800551)--Thread(Thread[AWT-EventQueue-0,6,main])--SELECT t1.NROREFERENCIA, t1.DESCRIPCION, t1.NOMBRE, t1.PRECIO, t1.PROVEEDOR_ID, t0.ESP_NROREF FROM CATEGORIAESPECIFICACIONPROD t0, ESPECIFICACIONPRODUCTO t1 WHERE ((t0.CAT_NAME = ?) AND (t1.NROREFERENCIA = t0.ESP_NROREF))
	bind => [Protectores]
[EL Fine]: sql: 2014-10-09 10:12:54.39--ServerSession(1989311583)--Connection(1905800551)--Thread(Thread[AWT-EventQueue-0,6,main])--SELECT NOMBRE, PADRE FROM CATEGORIA WHERE (NOMBRE = ?)
	bind => [Baterías]
[EL Fine]: sql: 2014-10-09 10:12:54.396--ServerSession(1989311583)--Connection(1905800551)--Thread(Thread[AWT-EventQueue-0,6,main])--SELECT t1.NROREFERENCIA, t1.DESCRIPCION, t1.NOMBRE, t1.PRECIO, t1.PROVEEDOR_ID, t0.ESP_NROREF FROM CATEGORIAESPECIFICACIONPROD t0, ESPECIFICACIONPRODUCTO t1 WHERE ((t0.CAT_NAME = ?) AND (t1.NROREFERENCIA = t0.ESP_NROREF))
	bind => [Baterías]
[EL Fine]: sql: 2014-10-09 10:12:54.397--ServerSession(1989311583)--Connection(1905800551)--Thread(Thread[AWT-EventQueue-0,6,main])--SELECT NOMBRE, PADRE FROM CATEGORIA WHERE (NOMBRE = ?)
	bind => [Apple]
[EL Fine]: sql: 2014-10-09 10:12:54.398--ServerSession(1989311583)--Connection(1905800551)--Thread(Thread[AWT-EventQueue-0,6,main])--SELECT t1.NROREFERENCIA, t1.DESCRIPCION, t1.NOMBRE, t1.PRECIO, t1.PROVEEDOR_ID, t0.ESP_NROREF FROM CATEGORIAESPECIFICACIONPROD t0, ESPECIFICACIONPRODUCTO t1 WHERE ((t0.CAT_NAME = ?) AND (t1.NROREFERENCIA = t0.ESP_NROREF))
	bind => [Apple]
[EL Fine]: sql: 2014-10-09 10:12:54.399--ServerSession(1989311583)--Connection(1905800551)--Thread(Thread[AWT-EventQueue-0,6,main])--SELECT NOMBRE, PADRE FROM CATEGORIA WHERE (NOMBRE = ?)
	bind => [Videojuegos]
[EL Fine]: sql: 2014-10-09 10:12:54.404--ServerSession(1989311583)--Connection(1905800551)--Thread(Thread[AWT-EventQueue-0,6,main])--SELECT t1.NROREFERENCIA, t1.DESCRIPCION, t1.NOMBRE, t1.PRECIO, t1.PROVEEDOR_ID, t0.ESP_NROREF FROM CATEGORIAESPECIFICACIONPROD t0, ESPECIFICACIONPRODUCTO t1 WHERE ((t0.CAT_NAME = ?) AND (t1.NROREFERENCIA = t0.ESP_NROREF))
	bind => [Videojuegos]
[EL Fine]: sql: 2014-10-09 10:12:54.405--ServerSession(1989311583)--Connection(1905800551)--Thread(Thread[AWT-EventQueue-0,6,main])--SELECT NOMBRE, PADRE FROM CATEGORIA WHERE (NOMBRE = ?)
	bind => [Playstation]
[EL Fine]: sql: 2014-10-09 10:12:54.405--ServerSession(1989311583)--Connection(1905800551)--Thread(Thread[AWT-EventQueue-0,6,main])--SELECT t1.NROREFERENCIA, t1.DESCRIPCION, t1.NOMBRE, t1.PRECIO, t1.PROVEEDOR_ID, t0.ESP_NROREF FROM CATEGORIAESPECIFICACIONPROD t0, ESPECIFICACIONPRODUCTO t1 WHERE ((t0.CAT_NAME = ?) AND (t1.NROREFERENCIA = t0.ESP_NROREF))
	bind => [Playstation]
[EL Fine]: sql: 2014-10-09 10:12:54.406--ServerSession(1989311583)--Connection(1905800551)--Thread(Thread[AWT-EventQueue-0,6,main])--SELECT NOMBRE, PADRE FROM CATEGORIA WHERE (NOMBRE = ?)
	bind => [Xbox]
[EL Fine]: sql: 2014-10-09 10:12:54.406--ServerSession(1989311583)--Connection(1905800551)--Thread(Thread[AWT-EventQueue-0,6,main])--SELECT t1.NROREFERENCIA, t1.DESCRIPCION, t1.NOMBRE, t1.PRECIO, t1.PROVEEDOR_ID, t0.ESP_NROREF FROM CATEGORIAESPECIFICACIONPROD t0, ESPECIFICACIONPRODUCTO t1 WHERE ((t0.CAT_NAME = ?) AND (t1.NROREFERENCIA = t0.ESP_NROREF))
	bind => [Xbox]
[EL Fine]: sql: 2014-10-09 10:12:54.407--ServerSession(1989311583)--Connection(1905800551)--Thread(Thread[AWT-EventQueue-0,6,main])--SELECT NOMBRE, PADRE FROM CATEGORIA
[EL Fine]: sql: 2014-10-09 10:12:54.407--ServerSession(1989311583)--Connection(1905800551)--Thread(Thread[AWT-EventQueue-0,6,main])--SELECT NOMBRE, PADRE FROM CATEGORIA
[EL Fine]: sql: 2014-10-09 10:12:54.41--ServerSession(1989311583)--Connection(1905800551)--Thread(Thread[AWT-EventQueue-0,6,main])--SELECT NOMBRE, PADRE FROM CATEGORIA WHERE (NOMBRE = ?)
	bind => [Celulares]
[EL Fine]: sql: 2014-10-09 10:12:54.41--ServerSession(1989311583)--Connection(1905800551)--Thread(Thread[AWT-EventQueue-0,6,main])--SELECT t1.NROREFERENCIA, t1.DESCRIPCION, t1.NOMBRE, t1.PRECIO, t1.PROVEEDOR_ID, t0.ESP_NROREF FROM CATEGORIAESPECIFICACIONPROD t0, ESPECIFICACIONPRODUCTO t1 WHERE ((t0.CAT_NAME = ?) AND (t1.NROREFERENCIA = t0.ESP_NROREF))
	bind => [Celulares]
[EL Fine]: sql: 2014-10-09 10:12:54.411--ServerSession(1989311583)--Connection(1905800551)--Thread(Thread[AWT-EventQueue-0,6,main])--SELECT NOMBRE, PADRE FROM CATEGORIA WHERE (NOMBRE = ?)
	bind => [Sistemas Operativos]
[EL Fine]: sql: 2014-10-09 10:12:54.411--ServerSession(1989311583)--Connection(1905800551)--Thread(Thread[AWT-EventQueue-0,6,main])--SELECT t1.NROREFERENCIA, t1.DESCRIPCION, t1.NOMBRE, t1.PRECIO, t1.PROVEEDOR_ID, t0.ESP_NROREF FROM CATEGORIAESPECIFICACIONPROD t0, ESPECIFICACIONPRODUCTO t1 WHERE ((t0.CAT_NAME = ?) AND (t1.NROREFERENCIA = t0.ESP_NROREF))
	bind => [Sistemas Operativos]
[EL Fine]: sql: 2014-10-09 10:12:54.412--ServerSession(1989311583)--Connection(1905800551)--Thread(Thread[AWT-EventQueue-0,6,main])--SELECT NOMBRE, PADRE FROM CATEGORIA WHERE (NOMBRE = ?)
	bind => [iOS]
[EL Fine]: sql: 2014-10-09 10:12:54.413--ServerSession(1989311583)--Connection(1905800551)--Thread(Thread[AWT-EventQueue-0,6,main])--SELECT t1.NROREFERENCIA, t1.DESCRIPCION, t1.NOMBRE, t1.PRECIO, t1.PROVEEDOR_ID, t0.ESP_NROREF FROM CATEGORIAESPECIFICACIONPROD t0, ESPECIFICACIONPRODUCTO t1 WHERE ((t0.CAT_NAME = ?) AND (t1.NROREFERENCIA = t0.ESP_NROREF))
	bind => [iOS]
[EL Fine]: sql: 2014-10-09 10:12:54.414--ServerSession(1989311583)--Connection(1905800551)--Thread(Thread[AWT-EventQueue-0,6,main])--SELECT NOMBRE, PADRE FROM CATEGORIA WHERE (NOMBRE = ?)
	bind => [Android]
[EL Fine]: sql: 2014-10-09 10:12:54.414--ServerSession(1989311583)--Connection(1905800551)--Thread(Thread[AWT-EventQueue-0,6,main])--SELECT t1.NROREFERENCIA, t1.DESCRIPCION, t1.NOMBRE, t1.PRECIO, t1.PROVEEDOR_ID, t0.ESP_NROREF FROM CATEGORIAESPECIFICACIONPROD t0, ESPECIFICACIONPRODUCTO t1 WHERE ((t0.CAT_NAME = ?) AND (t1.NROREFERENCIA = t0.ESP_NROREF))
	bind => [Android]
[EL Fine]: sql: 2014-10-09 10:12:54.415--ServerSession(1989311583)--Connection(1905800551)--Thread(Thread[AWT-EventQueue-0,6,main])--SELECT NOMBRE, PADRE FROM CATEGORIA WHERE (NOMBRE = ?)
	bind => [Windows Phone]
[EL Fine]: sql: 2014-10-09 10:12:54.415--ServerSession(1989311583)--Connection(1905800551)--Thread(Thread[AWT-EventQueue-0,6,main])--SELECT t1.NROREFERENCIA, t1.DESCRIPCION, t1.NOMBRE, t1.PRECIO, t1.PROVEEDOR_ID, t0.ESP_NROREF FROM CATEGORIAESPECIFICACIONPROD t0, ESPECIFICACIONPRODUCTO t1 WHERE ((t0.CAT_NAME = ?) AND (t1.NROREFERENCIA = t0.ESP_NROREF))
	bind => [Windows Phone]
[EL Fine]: sql: 2014-10-09 10:12:54.416--ServerSession(1989311583)--Connection(1905800551)--Thread(Thread[AWT-EventQueue-0,6,main])--SELECT NOMBRE, PADRE FROM CATEGORIA WHERE (NOMBRE = ?)
	bind => [Symbian]
[EL Fine]: sql: 2014-10-09 10:12:54.416--ServerSession(1989311583)--Connection(1905800551)--Thread(Thread[AWT-EventQueue-0,6,main])--SELECT t1.NROREFERENCIA, t1.DESCRIPCION, t1.NOMBRE, t1.PRECIO, t1.PROVEEDOR_ID, t0.ESP_NROREF FROM CATEGORIAESPECIFICACIONPROD t0, ESPECIFICACIONPRODUCTO t1 WHERE ((t0.CAT_NAME = ?) AND (t1.NROREFERENCIA = t0.ESP_NROREF))
	bind => [Symbian]
[EL Fine]: sql: 2014-10-09 10:12:54.417--ServerSession(1989311583)--Connection(1905800551)--Thread(Thread[AWT-EventQueue-0,6,main])--SELECT NOMBRE, PADRE FROM CATEGORIA WHERE (NOMBRE = ?)
	bind => [Blackberry OS]
[EL Fine]: sql: 2014-10-09 10:12:54.418--ServerSession(1989311583)--Connection(1905800551)--Thread(Thread[AWT-EventQueue-0,6,main])--SELECT t1.NROREFERENCIA, t1.DESCRIPCION, t1.NOMBRE, t1.PRECIO, t1.PROVEEDOR_ID, t0.ESP_NROREF FROM CATEGORIAESPECIFICACIONPROD t0, ESPECIFICACIONPRODUCTO t1 WHERE ((t0.CAT_NAME = ?) AND (t1.NROREFERENCIA = t0.ESP_NROREF))
	bind => [Blackberry OS]
[EL Fine]: sql: 2014-10-09 10:12:54.418--ServerSession(1989311583)--Connection(1905800551)--Thread(Thread[AWT-EventQueue-0,6,main])--SELECT NOMBRE, PADRE FROM CATEGORIA WHERE (NOMBRE = ?)
	bind => [Equipos]
[EL Fine]: sql: 2014-10-09 10:12:54.419--ServerSession(1989311583)--Connection(1905800551)--Thread(Thread[AWT-EventQueue-0,6,main])--SELECT t1.NROREFERENCIA, t1.DESCRIPCION, t1.NOMBRE, t1.PRECIO, t1.PROVEEDOR_ID, t0.ESP_NROREF FROM CATEGORIAESPECIFICACIONPROD t0, ESPECIFICACIONPRODUCTO t1 WHERE ((t0.CAT_NAME = ?) AND (t1.NROREFERENCIA = t0.ESP_NROREF))
	bind => [Equipos]
[EL Fine]: sql: 2014-10-09 10:12:54.419--ServerSession(1989311583)--Connection(1905800551)--Thread(Thread[AWT-EventQueue-0,6,main])--SELECT NOMBRE, PADRE FROM CATEGORIA WHERE (NOMBRE = ?)
	bind => [iPhone]
[EL Fine]: sql: 2014-10-09 10:12:54.42--ServerSession(1989311583)--Connection(1905800551)--Thread(Thread[AWT-EventQueue-0,6,main])--SELECT t1.NROREFERENCIA, t1.DESCRIPCION, t1.NOMBRE, t1.PRECIO, t1.PROVEEDOR_ID, t0.ESP_NROREF FROM CATEGORIAESPECIFICACIONPROD t0, ESPECIFICACIONPRODUCTO t1 WHERE ((t0.CAT_NAME = ?) AND (t1.NROREFERENCIA = t0.ESP_NROREF))
	bind => [iPhone]
[EL Fine]: sql: 2014-10-09 10:12:54.421--ServerSession(1989311583)--Connection(1905800551)--Thread(Thread[AWT-EventQueue-0,6,main])--SELECT NOMBRE, PADRE FROM CATEGORIA WHERE (NOMBRE = ?)
	bind => [Nexus]
[EL Fine]: sql: 2014-10-09 10:12:54.421--ServerSession(1989311583)--Connection(1905800551)--Thread(Thread[AWT-EventQueue-0,6,main])--SELECT t1.NROREFERENCIA, t1.DESCRIPCION, t1.NOMBRE, t1.PRECIO, t1.PROVEEDOR_ID, t0.ESP_NROREF FROM CATEGORIAESPECIFICACIONPROD t0, ESPECIFICACIONPRODUCTO t1 WHERE ((t0.CAT_NAME = ?) AND (t1.NROREFERENCIA = t0.ESP_NROREF))
	bind => [Nexus]
[EL Fine]: sql: 2014-10-09 10:12:54.422--ServerSession(1989311583)--Connection(1905800551)--Thread(Thread[AWT-EventQueue-0,6,main])--SELECT NOMBRE, PADRE FROM CATEGORIA WHERE (NOMBRE = ?)
	bind => [Samsung]
[EL Fine]: sql: 2014-10-09 10:12:54.423--ServerSession(1989311583)--Connection(1905800551)--Thread(Thread[AWT-EventQueue-0,6,main])--SELECT t1.NROREFERENCIA, t1.DESCRIPCION, t1.NOMBRE, t1.PRECIO, t1.PROVEEDOR_ID, t0.ESP_NROREF FROM CATEGORIAESPECIFICACIONPROD t0, ESPECIFICACIONPRODUCTO t1 WHERE ((t0.CAT_NAME = ?) AND (t1.NROREFERENCIA = t0.ESP_NROREF))
	bind => [Samsung]
[EL Fine]: sql: 2014-10-09 10:12:54.423--ServerSession(1989311583)--Connection(1905800551)--Thread(Thread[AWT-EventQueue-0,6,main])--SELECT NOMBRE, PADRE FROM CATEGORIA WHERE (NOMBRE = ?)
	bind => [Galaxy S3]
[EL Fine]: sql: 2014-10-09 10:12:54.424--ServerSession(1989311583)--Connection(1905800551)--Thread(Thread[AWT-EventQueue-0,6,main])--SELECT t1.NROREFERENCIA, t1.DESCRIPCION, t1.NOMBRE, t1.PRECIO, t1.PROVEEDOR_ID, t0.ESP_NROREF FROM CATEGORIAESPECIFICACIONPROD t0, ESPECIFICACIONPRODUCTO t1 WHERE ((t0.CAT_NAME = ?) AND (t1.NROREFERENCIA = t0.ESP_NROREF))
	bind => [Galaxy S3]
[EL Fine]: sql: 2014-10-09 10:12:54.429--ServerSession(1989311583)--Connection(1905800551)--Thread(Thread[AWT-EventQueue-0,6,main])--SELECT NOMBRE, PADRE FROM CATEGORIA WHERE (NOMBRE = ?)
	bind => [Galaxy S4]
[EL Fine]: sql: 2014-10-09 10:12:54.43--ServerSession(1989311583)--Connection(1905800551)--Thread(Thread[AWT-EventQueue-0,6,main])--SELECT t1.NROREFERENCIA, t1.DESCRIPCION, t1.NOMBRE, t1.PRECIO, t1.PROVEEDOR_ID, t0.ESP_NROREF FROM CATEGORIAESPECIFICACIONPROD t0, ESPECIFICACIONPRODUCTO t1 WHERE ((t0.CAT_NAME = ?) AND (t1.NROREFERENCIA = t0.ESP_NROREF))
	bind => [Galaxy S4]
[EL Fine]: sql: 2014-10-09 10:12:54.431--ServerSession(1989311583)--Connection(1905800551)--Thread(Thread[AWT-EventQueue-0,6,main])--SELECT NOMBRE, PADRE FROM CATEGORIA WHERE (NOMBRE = ?)
	bind => [Galaxy Ace]
[EL Fine]: sql: 2014-10-09 10:12:54.431--ServerSession(1989311583)--Connection(1905800551)--Thread(Thread[AWT-EventQueue-0,6,main])--SELECT t1.NROREFERENCIA, t1.DESCRIPCION, t1.NOMBRE, t1.PRECIO, t1.PROVEEDOR_ID, t0.ESP_NROREF FROM CATEGORIAESPECIFICACIONPROD t0, ESPECIFICACIONPRODUCTO t1 WHERE ((t0.CAT_NAME = ?) AND (t1.NROREFERENCIA = t0.ESP_NROREF))
	bind => [Galaxy Ace]
[EL Fine]: sql: 2014-10-09 10:12:54.432--ServerSession(1989311583)--Connection(1905800551)--Thread(Thread[AWT-EventQueue-0,6,main])--SELECT NOMBRE, PADRE FROM CATEGORIA WHERE (NOMBRE = ?)
	bind => [Blackberry]
[EL Fine]: sql: 2014-10-09 10:12:54.433--ServerSession(1989311583)--Connection(1905800551)--Thread(Thread[AWT-EventQueue-0,6,main])--SELECT t1.NROREFERENCIA, t1.DESCRIPCION, t1.NOMBRE, t1.PRECIO, t1.PROVEEDOR_ID, t0.ESP_NROREF FROM CATEGORIAESPECIFICACIONPROD t0, ESPECIFICACIONPRODUCTO t1 WHERE ((t0.CAT_NAME = ?) AND (t1.NROREFERENCIA = t0.ESP_NROREF))
	bind => [Blackberry]
[EL Fine]: sql: 2014-10-09 10:12:54.433--ServerSession(1989311583)--Connection(1905800551)--Thread(Thread[AWT-EventQueue-0,6,main])--SELECT NOMBRE, PADRE FROM CATEGORIA WHERE (NOMBRE = ?)
	bind => [Nokia]
[EL Fine]: sql: 2014-10-09 10:12:54.434--ServerSession(1989311583)--Connection(1905800551)--Thread(Thread[AWT-EventQueue-0,6,main])--SELECT t1.NROREFERENCIA, t1.DESCRIPCION, t1.NOMBRE, t1.PRECIO, t1.PROVEEDOR_ID, t0.ESP_NROREF FROM CATEGORIAESPECIFICACIONPROD t0, ESPECIFICACIONPRODUCTO t1 WHERE ((t0.CAT_NAME = ?) AND (t1.NROREFERENCIA = t0.ESP_NROREF))
	bind => [Nokia]
[EL Fine]: sql: 2014-10-09 10:12:54.435--ServerSession(1989311583)--Connection(1905800551)--Thread(Thread[AWT-EventQueue-0,6,main])--SELECT NOMBRE, PADRE FROM CATEGORIA WHERE (NOMBRE = ?)
	bind => [Accesorios]
[EL Fine]: sql: 2014-10-09 10:12:54.435--ServerSession(1989311583)--Connection(1905800551)--Thread(Thread[AWT-EventQueue-0,6,main])--SELECT t1.NROREFERENCIA, t1.DESCRIPCION, t1.NOMBRE, t1.PRECIO, t1.PROVEEDOR_ID, t0.ESP_NROREF FROM CATEGORIAESPECIFICACIONPROD t0, ESPECIFICACIONPRODUCTO t1 WHERE ((t0.CAT_NAME = ?) AND (t1.NROREFERENCIA = t0.ESP_NROREF))
	bind => [Accesorios]
[EL Fine]: sql: 2014-10-09 10:12:54.435--ServerSession(1989311583)--Connection(1905800551)--Thread(Thread[AWT-EventQueue-0,6,main])--SELECT NOMBRE, PADRE FROM CATEGORIA WHERE (NOMBRE = ?)
	bind => [Protectores]
[EL Fine]: sql: 2014-10-09 10:12:54.436--ServerSession(1989311583)--Connection(1905800551)--Thread(Thread[AWT-EventQueue-0,6,main])--SELECT t1.NROREFERENCIA, t1.DESCRIPCION, t1.NOMBRE, t1.PRECIO, t1.PROVEEDOR_ID, t0.ESP_NROREF FROM CATEGORIAESPECIFICACIONPROD t0, ESPECIFICACIONPRODUCTO t1 WHERE ((t0.CAT_NAME = ?) AND (t1.NROREFERENCIA = t0.ESP_NROREF))
	bind => [Protectores]
[EL Fine]: sql: 2014-10-09 10:12:54.436--ServerSession(1989311583)--Connection(1905800551)--Thread(Thread[AWT-EventQueue-0,6,main])--SELECT NOMBRE, PADRE FROM CATEGORIA WHERE (NOMBRE = ?)
	bind => [Baterías]
[EL Fine]: sql: 2014-10-09 10:12:54.437--ServerSession(1989311583)--Connection(1905800551)--Thread(Thread[AWT-EventQueue-0,6,main])--SELECT t1.NROREFERENCIA, t1.DESCRIPCION, t1.NOMBRE, t1.PRECIO, t1.PROVEEDOR_ID, t0.ESP_NROREF FROM CATEGORIAESPECIFICACIONPROD t0, ESPECIFICACIONPRODUCTO t1 WHERE ((t0.CAT_NAME = ?) AND (t1.NROREFERENCIA = t0.ESP_NROREF))
	bind => [Baterías]
[EL Fine]: sql: 2014-10-09 10:12:54.437--ServerSession(1989311583)--Connection(1905800551)--Thread(Thread[AWT-EventQueue-0,6,main])--SELECT NOMBRE, PADRE FROM CATEGORIA WHERE (NOMBRE = ?)
	bind => [Apple]
[EL Fine]: sql: 2014-10-09 10:12:54.438--ServerSession(1989311583)--Connection(1905800551)--Thread(Thread[AWT-EventQueue-0,6,main])--SELECT t1.NROREFERENCIA, t1.DESCRIPCION, t1.NOMBRE, t1.PRECIO, t1.PROVEEDOR_ID, t0.ESP_NROREF FROM CATEGORIAESPECIFICACIONPROD t0, ESPECIFICACIONPRODUCTO t1 WHERE ((t0.CAT_NAME = ?) AND (t1.NROREFERENCIA = t0.ESP_NROREF))
	bind => [Apple]
[EL Fine]: sql: 2014-10-09 10:12:54.438--ServerSession(1989311583)--Connection(1905800551)--Thread(Thread[AWT-EventQueue-0,6,main])--SELECT NOMBRE, PADRE FROM CATEGORIA WHERE (NOMBRE = ?)
	bind => [Videojuegos]
[EL Fine]: sql: 2014-10-09 10:12:54.438--ServerSession(1989311583)--Connection(1905800551)--Thread(Thread[AWT-EventQueue-0,6,main])--SELECT t1.NROREFERENCIA, t1.DESCRIPCION, t1.NOMBRE, t1.PRECIO, t1.PROVEEDOR_ID, t0.ESP_NROREF FROM CATEGORIAESPECIFICACIONPROD t0, ESPECIFICACIONPRODUCTO t1 WHERE ((t0.CAT_NAME = ?) AND (t1.NROREFERENCIA = t0.ESP_NROREF))
	bind => [Videojuegos]
[EL Fine]: sql: 2014-10-09 10:12:54.439--ServerSession(1989311583)--Connection(1905800551)--Thread(Thread[AWT-EventQueue-0,6,main])--SELECT NOMBRE, PADRE FROM CATEGORIA WHERE (NOMBRE = ?)
	bind => [Playstation]
[EL Fine]: sql: 2014-10-09 10:12:54.439--ServerSession(1989311583)--Connection(1905800551)--Thread(Thread[AWT-EventQueue-0,6,main])--SELECT t1.NROREFERENCIA, t1.DESCRIPCION, t1.NOMBRE, t1.PRECIO, t1.PROVEEDOR_ID, t0.ESP_NROREF FROM CATEGORIAESPECIFICACIONPROD t0, ESPECIFICACIONPRODUCTO t1 WHERE ((t0.CAT_NAME = ?) AND (t1.NROREFERENCIA = t0.ESP_NROREF))
	bind => [Playstation]
[EL Fine]: sql: 2014-10-09 10:12:54.439--ServerSession(1989311583)--Connection(1905800551)--Thread(Thread[AWT-EventQueue-0,6,main])--SELECT NOMBRE, PADRE FROM CATEGORIA WHERE (NOMBRE = ?)
	bind => [Xbox]
[EL Fine]: sql: 2014-10-09 10:12:54.44--ServerSession(1989311583)--Connection(1905800551)--Thread(Thread[AWT-EventQueue-0,6,main])--SELECT t1.NROREFERENCIA, t1.DESCRIPCION, t1.NOMBRE, t1.PRECIO, t1.PROVEEDOR_ID, t0.ESP_NROREF FROM CATEGORIAESPECIFICACIONPROD t0, ESPECIFICACIONPRODUCTO t1 WHERE ((t0.CAT_NAME = ?) AND (t1.NROREFERENCIA = t0.ESP_NROREF))
	bind => [Xbox]
[EL Fine]: sql: 2014-10-09 10:12:54.44--ServerSession(1989311583)--Connection(1905800551)--Thread(Thread[AWT-EventQueue-0,6,main])--SELECT NOMBRE, PADRE FROM CATEGORIA
[EL Fine]: sql: 2014-10-09 10:12:54.444--ServerSession(1989311583)--Connection(1905800551)--Thread(Thread[AWT-EventQueue-0,6,main])--SELECT NROREFERENCIA, DESCRIPCION, NOMBRE, PRECIO, PROVEEDOR_ID FROM ESPECIFICACIONPRODUCTO
[EL Fine]: sql: 2014-10-09 10:12:54.445--ServerSession(1989311583)--Connection(1905800551)--Thread(Thread[AWT-EventQueue-0,6,main])--SELECT NOMBRE, PADRE FROM CATEGORIA
[EL Fine]: sql: 2014-10-09 10:12:54.445--ServerSession(1989311583)--Connection(1905800551)--Thread(Thread[AWT-EventQueue-0,6,main])--SELECT NOMBRE, PADRE FROM CATEGORIA WHERE (NOMBRE = ?)
	bind => [Celulares]
[EL Fine]: sql: 2014-10-09 10:12:54.446--ServerSession(1989311583)--Connection(1905800551)--Thread(Thread[AWT-EventQueue-0,6,main])--SELECT t1.NROREFERENCIA, t1.DESCRIPCION, t1.NOMBRE, t1.PRECIO, t1.PROVEEDOR_ID, t0.ESP_NROREF FROM CATEGORIAESPECIFICACIONPROD t0, ESPECIFICACIONPRODUCTO t1 WHERE ((t0.CAT_NAME = ?) AND (t1.NROREFERENCIA = t0.ESP_NROREF))
	bind => [Celulares]
[EL Fine]: sql: 2014-10-09 10:12:54.446--ServerSession(1989311583)--Connection(1905800551)--Thread(Thread[AWT-EventQueue-0,6,main])--SELECT NOMBRE, PADRE FROM CATEGORIA WHERE (NOMBRE = ?)
	bind => [Sistemas Operativos]
[EL Fine]: sql: 2014-10-09 10:12:54.446--ServerSession(1989311583)--Connection(1905800551)--Thread(Thread[AWT-EventQueue-0,6,main])--SELECT t1.NROREFERENCIA, t1.DESCRIPCION, t1.NOMBRE, t1.PRECIO, t1.PROVEEDOR_ID, t0.ESP_NROREF FROM CATEGORIAESPECIFICACIONPROD t0, ESPECIFICACIONPRODUCTO t1 WHERE ((t0.CAT_NAME = ?) AND (t1.NROREFERENCIA = t0.ESP_NROREF))
	bind => [Sistemas Operativos]
[EL Fine]: sql: 2014-10-09 10:12:54.447--ServerSession(1989311583)--Connection(1905800551)--Thread(Thread[AWT-EventQueue-0,6,main])--SELECT NOMBRE, PADRE FROM CATEGORIA WHERE (NOMBRE = ?)
	bind => [iOS]
[EL Fine]: sql: 2014-10-09 10:12:54.447--ServerSession(1989311583)--Connection(1905800551)--Thread(Thread[AWT-EventQueue-0,6,main])--SELECT t1.NROREFERENCIA, t1.DESCRIPCION, t1.NOMBRE, t1.PRECIO, t1.PROVEEDOR_ID, t0.ESP_NROREF FROM CATEGORIAESPECIFICACIONPROD t0, ESPECIFICACIONPRODUCTO t1 WHERE ((t0.CAT_NAME = ?) AND (t1.NROREFERENCIA = t0.ESP_NROREF))
	bind => [iOS]
[EL Fine]: sql: 2014-10-09 10:12:54.448--ServerSession(1989311583)--Connection(1905800551)--Thread(Thread[AWT-EventQueue-0,6,main])--SELECT NOMBRE, PADRE FROM CATEGORIA WHERE (NOMBRE = ?)
	bind => [Android]
[EL Fine]: sql: 2014-10-09 10:12:54.448--ServerSession(1989311583)--Connection(1905800551)--Thread(Thread[AWT-EventQueue-0,6,main])--SELECT t1.NROREFERENCIA, t1.DESCRIPCION, t1.NOMBRE, t1.PRECIO, t1.PROVEEDOR_ID, t0.ESP_NROREF FROM CATEGORIAESPECIFICACIONPROD t0, ESPECIFICACIONPRODUCTO t1 WHERE ((t0.CAT_NAME = ?) AND (t1.NROREFERENCIA = t0.ESP_NROREF))
	bind => [Android]
[EL Fine]: sql: 2014-10-09 10:12:54.448--ServerSession(1989311583)--Connection(1905800551)--Thread(Thread[AWT-EventQueue-0,6,main])--SELECT NOMBRE, PADRE FROM CATEGORIA WHERE (NOMBRE = ?)
	bind => [Windows Phone]
[EL Fine]: sql: 2014-10-09 10:12:54.449--ServerSession(1989311583)--Connection(1905800551)--Thread(Thread[AWT-EventQueue-0,6,main])--SELECT t1.NROREFERENCIA, t1.DESCRIPCION, t1.NOMBRE, t1.PRECIO, t1.PROVEEDOR_ID, t0.ESP_NROREF FROM CATEGORIAESPECIFICACIONPROD t0, ESPECIFICACIONPRODUCTO t1 WHERE ((t0.CAT_NAME = ?) AND (t1.NROREFERENCIA = t0.ESP_NROREF))
	bind => [Windows Phone]
[EL Fine]: sql: 2014-10-09 10:12:54.449--ServerSession(1989311583)--Connection(1905800551)--Thread(Thread[AWT-EventQueue-0,6,main])--SELECT NOMBRE, PADRE FROM CATEGORIA WHERE (NOMBRE = ?)
	bind => [Symbian]
[EL Fine]: sql: 2014-10-09 10:12:54.45--ServerSession(1989311583)--Connection(1905800551)--Thread(Thread[AWT-EventQueue-0,6,main])--SELECT t1.NROREFERENCIA, t1.DESCRIPCION, t1.NOMBRE, t1.PRECIO, t1.PROVEEDOR_ID, t0.ESP_NROREF FROM CATEGORIAESPECIFICACIONPROD t0, ESPECIFICACIONPRODUCTO t1 WHERE ((t0.CAT_NAME = ?) AND (t1.NROREFERENCIA = t0.ESP_NROREF))
	bind => [Symbian]
[EL Fine]: sql: 2014-10-09 10:12:54.45--ServerSession(1989311583)--Connection(1905800551)--Thread(Thread[AWT-EventQueue-0,6,main])--SELECT NOMBRE, PADRE FROM CATEGORIA WHERE (NOMBRE = ?)
	bind => [Blackberry OS]
[EL Fine]: sql: 2014-10-09 10:12:54.45--ServerSession(1989311583)--Connection(1905800551)--Thread(Thread[AWT-EventQueue-0,6,main])--SELECT t1.NROREFERENCIA, t1.DESCRIPCION, t1.NOMBRE, t1.PRECIO, t1.PROVEEDOR_ID, t0.ESP_NROREF FROM CATEGORIAESPECIFICACIONPROD t0, ESPECIFICACIONPRODUCTO t1 WHERE ((t0.CAT_NAME = ?) AND (t1.NROREFERENCIA = t0.ESP_NROREF))
	bind => [Blackberry OS]
[EL Fine]: sql: 2014-10-09 10:12:54.451--ServerSession(1989311583)--Connection(1905800551)--Thread(Thread[AWT-EventQueue-0,6,main])--SELECT NOMBRE, PADRE FROM CATEGORIA WHERE (NOMBRE = ?)
	bind => [Equipos]
[EL Fine]: sql: 2014-10-09 10:12:54.451--ServerSession(1989311583)--Connection(1905800551)--Thread(Thread[AWT-EventQueue-0,6,main])--SELECT t1.NROREFERENCIA, t1.DESCRIPCION, t1.NOMBRE, t1.PRECIO, t1.PROVEEDOR_ID, t0.ESP_NROREF FROM CATEGORIAESPECIFICACIONPROD t0, ESPECIFICACIONPRODUCTO t1 WHERE ((t0.CAT_NAME = ?) AND (t1.NROREFERENCIA = t0.ESP_NROREF))
	bind => [Equipos]
[EL Fine]: sql: 2014-10-09 10:12:54.451--ServerSession(1989311583)--Connection(1905800551)--Thread(Thread[AWT-EventQueue-0,6,main])--SELECT NOMBRE, PADRE FROM CATEGORIA WHERE (NOMBRE = ?)
	bind => [iPhone]
[EL Fine]: sql: 2014-10-09 10:12:54.452--ServerSession(1989311583)--Connection(1905800551)--Thread(Thread[AWT-EventQueue-0,6,main])--SELECT t1.NROREFERENCIA, t1.DESCRIPCION, t1.NOMBRE, t1.PRECIO, t1.PROVEEDOR_ID, t0.ESP_NROREF FROM CATEGORIAESPECIFICACIONPROD t0, ESPECIFICACIONPRODUCTO t1 WHERE ((t0.CAT_NAME = ?) AND (t1.NROREFERENCIA = t0.ESP_NROREF))
	bind => [iPhone]
[EL Fine]: sql: 2014-10-09 10:12:54.453--ServerSession(1989311583)--Connection(1905800551)--Thread(Thread[AWT-EventQueue-0,6,main])--SELECT NOMBRE, PADRE FROM CATEGORIA WHERE (NOMBRE = ?)
	bind => [Nexus]
[EL Fine]: sql: 2014-10-09 10:12:54.453--ServerSession(1989311583)--Connection(1905800551)--Thread(Thread[AWT-EventQueue-0,6,main])--SELECT t1.NROREFERENCIA, t1.DESCRIPCION, t1.NOMBRE, t1.PRECIO, t1.PROVEEDOR_ID, t0.ESP_NROREF FROM CATEGORIAESPECIFICACIONPROD t0, ESPECIFICACIONPRODUCTO t1 WHERE ((t0.CAT_NAME = ?) AND (t1.NROREFERENCIA = t0.ESP_NROREF))
	bind => [Nexus]
[EL Fine]: sql: 2014-10-09 10:12:54.454--ServerSession(1989311583)--Connection(1905800551)--Thread(Thread[AWT-EventQueue-0,6,main])--SELECT NOMBRE, PADRE FROM CATEGORIA WHERE (NOMBRE = ?)
	bind => [Samsung]
[EL Fine]: sql: 2014-10-09 10:12:54.454--ServerSession(1989311583)--Connection(1905800551)--Thread(Thread[AWT-EventQueue-0,6,main])--SELECT t1.NROREFERENCIA, t1.DESCRIPCION, t1.NOMBRE, t1.PRECIO, t1.PROVEEDOR_ID, t0.ESP_NROREF FROM CATEGORIAESPECIFICACIONPROD t0, ESPECIFICACIONPRODUCTO t1 WHERE ((t0.CAT_NAME = ?) AND (t1.NROREFERENCIA = t0.ESP_NROREF))
	bind => [Samsung]
[EL Fine]: sql: 2014-10-09 10:12:54.454--ServerSession(1989311583)--Connection(1905800551)--Thread(Thread[AWT-EventQueue-0,6,main])--SELECT NOMBRE, PADRE FROM CATEGORIA WHERE (NOMBRE = ?)
	bind => [Galaxy S3]
[EL Fine]: sql: 2014-10-09 10:12:54.455--ServerSession(1989311583)--Connection(1905800551)--Thread(Thread[AWT-EventQueue-0,6,main])--SELECT t1.NROREFERENCIA, t1.DESCRIPCION, t1.NOMBRE, t1.PRECIO, t1.PROVEEDOR_ID, t0.ESP_NROREF FROM CATEGORIAESPECIFICACIONPROD t0, ESPECIFICACIONPRODUCTO t1 WHERE ((t0.CAT_NAME = ?) AND (t1.NROREFERENCIA = t0.ESP_NROREF))
	bind => [Galaxy S3]
[EL Fine]: sql: 2014-10-09 10:12:54.455--ServerSession(1989311583)--Connection(1905800551)--Thread(Thread[AWT-EventQueue-0,6,main])--SELECT NOMBRE, PADRE FROM CATEGORIA WHERE (NOMBRE = ?)
	bind => [Galaxy S4]
[EL Fine]: sql: 2014-10-09 10:12:54.456--ServerSession(1989311583)--Connection(1905800551)--Thread(Thread[AWT-EventQueue-0,6,main])--SELECT t1.NROREFERENCIA, t1.DESCRIPCION, t1.NOMBRE, t1.PRECIO, t1.PROVEEDOR_ID, t0.ESP_NROREF FROM CATEGORIAESPECIFICACIONPROD t0, ESPECIFICACIONPRODUCTO t1 WHERE ((t0.CAT_NAME = ?) AND (t1.NROREFERENCIA = t0.ESP_NROREF))
	bind => [Galaxy S4]
[EL Fine]: sql: 2014-10-09 10:12:54.456--ServerSession(1989311583)--Connection(1905800551)--Thread(Thread[AWT-EventQueue-0,6,main])--SELECT NOMBRE, PADRE FROM CATEGORIA WHERE (NOMBRE = ?)
	bind => [Galaxy Ace]
[EL Fine]: sql: 2014-10-09 10:12:54.457--ServerSession(1989311583)--Connection(1905800551)--Thread(Thread[AWT-EventQueue-0,6,main])--SELECT t1.NROREFERENCIA, t1.DESCRIPCION, t1.NOMBRE, t1.PRECIO, t1.PROVEEDOR_ID, t0.ESP_NROREF FROM CATEGORIAESPECIFICACIONPROD t0, ESPECIFICACIONPRODUCTO t1 WHERE ((t0.CAT_NAME = ?) AND (t1.NROREFERENCIA = t0.ESP_NROREF))
	bind => [Galaxy Ace]
[EL Fine]: sql: 2014-10-09 10:12:54.457--ServerSession(1989311583)--Connection(1905800551)--Thread(Thread[AWT-EventQueue-0,6,main])--SELECT NOMBRE, PADRE FROM CATEGORIA WHERE (NOMBRE = ?)
	bind => [Blackberry]
[EL Fine]: sql: 2014-10-09 10:12:54.458--ServerSession(1989311583)--Connection(1905800551)--Thread(Thread[AWT-EventQueue-0,6,main])--SELECT t1.NROREFERENCIA, t1.DESCRIPCION, t1.NOMBRE, t1.PRECIO, t1.PROVEEDOR_ID, t0.ESP_NROREF FROM CATEGORIAESPECIFICACIONPROD t0, ESPECIFICACIONPRODUCTO t1 WHERE ((t0.CAT_NAME = ?) AND (t1.NROREFERENCIA = t0.ESP_NROREF))
	bind => [Blackberry]
[EL Fine]: sql: 2014-10-09 10:12:54.458--ServerSession(1989311583)--Connection(1905800551)--Thread(Thread[AWT-EventQueue-0,6,main])--SELECT NOMBRE, PADRE FROM CATEGORIA WHERE (NOMBRE = ?)
	bind => [Nokia]
[EL Fine]: sql: 2014-10-09 10:12:54.459--ServerSession(1989311583)--Connection(1905800551)--Thread(Thread[AWT-EventQueue-0,6,main])--SELECT t1.NROREFERENCIA, t1.DESCRIPCION, t1.NOMBRE, t1.PRECIO, t1.PROVEEDOR_ID, t0.ESP_NROREF FROM CATEGORIAESPECIFICACIONPROD t0, ESPECIFICACIONPRODUCTO t1 WHERE ((t0.CAT_NAME = ?) AND (t1.NROREFERENCIA = t0.ESP_NROREF))
	bind => [Nokia]
[EL Fine]: sql: 2014-10-09 10:12:54.459--ServerSession(1989311583)--Connection(1905800551)--Thread(Thread[AWT-EventQueue-0,6,main])--SELECT NOMBRE, PADRE FROM CATEGORIA WHERE (NOMBRE = ?)
	bind => [Accesorios]
[EL Fine]: sql: 2014-10-09 10:12:54.46--ServerSession(1989311583)--Connection(1905800551)--Thread(Thread[AWT-EventQueue-0,6,main])--SELECT t1.NROREFERENCIA, t1.DESCRIPCION, t1.NOMBRE, t1.PRECIO, t1.PROVEEDOR_ID, t0.ESP_NROREF FROM CATEGORIAESPECIFICACIONPROD t0, ESPECIFICACIONPRODUCTO t1 WHERE ((t0.CAT_NAME = ?) AND (t1.NROREFERENCIA = t0.ESP_NROREF))
	bind => [Accesorios]
[EL Fine]: sql: 2014-10-09 10:12:54.46--ServerSession(1989311583)--Connection(1905800551)--Thread(Thread[AWT-EventQueue-0,6,main])--SELECT NOMBRE, PADRE FROM CATEGORIA WHERE (NOMBRE = ?)
	bind => [Protectores]
[EL Fine]: sql: 2014-10-09 10:12:54.461--ServerSession(1989311583)--Connection(1905800551)--Thread(Thread[AWT-EventQueue-0,6,main])--SELECT t1.NROREFERENCIA, t1.DESCRIPCION, t1.NOMBRE, t1.PRECIO, t1.PROVEEDOR_ID, t0.ESP_NROREF FROM CATEGORIAESPECIFICACIONPROD t0, ESPECIFICACIONPRODUCTO t1 WHERE ((t0.CAT_NAME = ?) AND (t1.NROREFERENCIA = t0.ESP_NROREF))
	bind => [Protectores]
[EL Fine]: sql: 2014-10-09 10:12:54.462--ServerSession(1989311583)--Connection(1905800551)--Thread(Thread[AWT-EventQueue-0,6,main])--SELECT NOMBRE, PADRE FROM CATEGORIA WHERE (NOMBRE = ?)
	bind => [Baterías]
[EL Fine]: sql: 2014-10-09 10:12:54.462--ServerSession(1989311583)--Connection(1905800551)--Thread(Thread[AWT-EventQueue-0,6,main])--SELECT t1.NROREFERENCIA, t1.DESCRIPCION, t1.NOMBRE, t1.PRECIO, t1.PROVEEDOR_ID, t0.ESP_NROREF FROM CATEGORIAESPECIFICACIONPROD t0, ESPECIFICACIONPRODUCTO t1 WHERE ((t0.CAT_NAME = ?) AND (t1.NROREFERENCIA = t0.ESP_NROREF))
	bind => [Baterías]
[EL Fine]: sql: 2014-10-09 10:12:54.464--ServerSession(1989311583)--Connection(1905800551)--Thread(Thread[AWT-EventQueue-0,6,main])--SELECT NOMBRE, PADRE FROM CATEGORIA WHERE (NOMBRE = ?)
	bind => [Apple]
[EL Fine]: sql: 2014-10-09 10:12:54.464--ServerSession(1989311583)--Connection(1905800551)--Thread(Thread[AWT-EventQueue-0,6,main])--SELECT t1.NROREFERENCIA, t1.DESCRIPCION, t1.NOMBRE, t1.PRECIO, t1.PROVEEDOR_ID, t0.ESP_NROREF FROM CATEGORIAESPECIFICACIONPROD t0, ESPECIFICACIONPRODUCTO t1 WHERE ((t0.CAT_NAME = ?) AND (t1.NROREFERENCIA = t0.ESP_NROREF))
	bind => [Apple]
[EL Fine]: sql: 2014-10-09 10:12:54.465--ServerSession(1989311583)--Connection(1905800551)--Thread(Thread[AWT-EventQueue-0,6,main])--SELECT NOMBRE, PADRE FROM CATEGORIA WHERE (NOMBRE = ?)
	bind => [Videojuegos]
[EL Fine]: sql: 2014-10-09 10:12:54.465--ServerSession(1989311583)--Connection(1905800551)--Thread(Thread[AWT-EventQueue-0,6,main])--SELECT t1.NROREFERENCIA, t1.DESCRIPCION, t1.NOMBRE, t1.PRECIO, t1.PROVEEDOR_ID, t0.ESP_NROREF FROM CATEGORIAESPECIFICACIONPROD t0, ESPECIFICACIONPRODUCTO t1 WHERE ((t0.CAT_NAME = ?) AND (t1.NROREFERENCIA = t0.ESP_NROREF))
	bind => [Videojuegos]
[EL Fine]: sql: 2014-10-09 10:12:54.466--ServerSession(1989311583)--Connection(1905800551)--Thread(Thread[AWT-EventQueue-0,6,main])--SELECT NOMBRE, PADRE FROM CATEGORIA WHERE (NOMBRE = ?)
	bind => [Playstation]
[EL Fine]: sql: 2014-10-09 10:12:54.466--ServerSession(1989311583)--Connection(1905800551)--Thread(Thread[AWT-EventQueue-0,6,main])--SELECT t1.NROREFERENCIA, t1.DESCRIPCION, t1.NOMBRE, t1.PRECIO, t1.PROVEEDOR_ID, t0.ESP_NROREF FROM CATEGORIAESPECIFICACIONPROD t0, ESPECIFICACIONPRODUCTO t1 WHERE ((t0.CAT_NAME = ?) AND (t1.NROREFERENCIA = t0.ESP_NROREF))
	bind => [Playstation]
[EL Fine]: sql: 2014-10-09 10:12:54.467--ServerSession(1989311583)--Connection(1905800551)--Thread(Thread[AWT-EventQueue-0,6,main])--SELECT NOMBRE, PADRE FROM CATEGORIA WHERE (NOMBRE = ?)
	bind => [Xbox]
[EL Fine]: sql: 2014-10-09 10:12:54.467--ServerSession(1989311583)--Connection(1905800551)--Thread(Thread[AWT-EventQueue-0,6,main])--SELECT t1.NROREFERENCIA, t1.DESCRIPCION, t1.NOMBRE, t1.PRECIO, t1.PROVEEDOR_ID, t0.ESP_NROREF FROM CATEGORIAESPECIFICACIONPROD t0, ESPECIFICACIONPRODUCTO t1 WHERE ((t0.CAT_NAME = ?) AND (t1.NROREFERENCIA = t0.ESP_NROREF))
	bind => [Xbox]
[EL Fine]: sql: 2014-10-09 10:12:54.468--ServerSession(1989311583)--Connection(1905800551)--Thread(Thread[AWT-EventQueue-0,6,main])--SELECT NOMBRE, PADRE FROM CATEGORIA
[EL Fine]: sql: 2014-10-09 10:12:54.469--ServerSession(1989311583)--Connection(1905800551)--Thread(Thread[AWT-EventQueue-0,6,main])--SELECT NOMBRE, PADRE FROM CATEGORIA
[EL Fine]: sql: 2014-10-09 10:12:54.469--ServerSession(1989311583)--Connection(1905800551)--Thread(Thread[AWT-EventQueue-0,6,main])--SELECT NOMBRE, PADRE FROM CATEGORIA WHERE (NOMBRE = ?)
	bind => [Celulares]
[EL Fine]: sql: 2014-10-09 10:12:54.469--ServerSession(1989311583)--Connection(1905800551)--Thread(Thread[AWT-EventQueue-0,6,main])--SELECT t1.NROREFERENCIA, t1.DESCRIPCION, t1.NOMBRE, t1.PRECIO, t1.PROVEEDOR_ID, t0.ESP_NROREF FROM CATEGORIAESPECIFICACIONPROD t0, ESPECIFICACIONPRODUCTO t1 WHERE ((t0.CAT_NAME = ?) AND (t1.NROREFERENCIA = t0.ESP_NROREF))
	bind => [Celulares]
[EL Fine]: sql: 2014-10-09 10:12:54.47--ServerSession(1989311583)--Connection(1905800551)--Thread(Thread[AWT-EventQueue-0,6,main])--SELECT NOMBRE, PADRE FROM CATEGORIA WHERE (NOMBRE = ?)
	bind => [Sistemas Operativos]
[EL Fine]: sql: 2014-10-09 10:12:54.47--ServerSession(1989311583)--Connection(1905800551)--Thread(Thread[AWT-EventQueue-0,6,main])--SELECT t1.NROREFERENCIA, t1.DESCRIPCION, t1.NOMBRE, t1.PRECIO, t1.PROVEEDOR_ID, t0.ESP_NROREF FROM CATEGORIAESPECIFICACIONPROD t0, ESPECIFICACIONPRODUCTO t1 WHERE ((t0.CAT_NAME = ?) AND (t1.NROREFERENCIA = t0.ESP_NROREF))
	bind => [Sistemas Operativos]
[EL Fine]: sql: 2014-10-09 10:12:54.471--ServerSession(1989311583)--Connection(1905800551)--Thread(Thread[AWT-EventQueue-0,6,main])--SELECT NOMBRE, PADRE FROM CATEGORIA WHERE (NOMBRE = ?)
	bind => [iOS]
[EL Fine]: sql: 2014-10-09 10:12:54.471--ServerSession(1989311583)--Connection(1905800551)--Thread(Thread[AWT-EventQueue-0,6,main])--SELECT t1.NROREFERENCIA, t1.DESCRIPCION, t1.NOMBRE, t1.PRECIO, t1.PROVEEDOR_ID, t0.ESP_NROREF FROM CATEGORIAESPECIFICACIONPROD t0, ESPECIFICACIONPRODUCTO t1 WHERE ((t0.CAT_NAME = ?) AND (t1.NROREFERENCIA = t0.ESP_NROREF))
	bind => [iOS]
[EL Fine]: sql: 2014-10-09 10:12:54.471--ServerSession(1989311583)--Connection(1905800551)--Thread(Thread[AWT-EventQueue-0,6,main])--SELECT NOMBRE, PADRE FROM CATEGORIA WHERE (NOMBRE = ?)
	bind => [Android]
[EL Fine]: sql: 2014-10-09 10:12:54.471--ServerSession(1989311583)--Connection(1905800551)--Thread(Thread[AWT-EventQueue-0,6,main])--SELECT t1.NROREFERENCIA, t1.DESCRIPCION, t1.NOMBRE, t1.PRECIO, t1.PROVEEDOR_ID, t0.ESP_NROREF FROM CATEGORIAESPECIFICACIONPROD t0, ESPECIFICACIONPRODUCTO t1 WHERE ((t0.CAT_NAME = ?) AND (t1.NROREFERENCIA = t0.ESP_NROREF))
	bind => [Android]
[EL Fine]: sql: 2014-10-09 10:12:54.472--ServerSession(1989311583)--Connection(1905800551)--Thread(Thread[AWT-EventQueue-0,6,main])--SELECT NOMBRE, PADRE FROM CATEGORIA WHERE (NOMBRE = ?)
	bind => [Windows Phone]
[EL Fine]: sql: 2014-10-09 10:12:54.472--ServerSession(1989311583)--Connection(1905800551)--Thread(Thread[AWT-EventQueue-0,6,main])--SELECT t1.NROREFERENCIA, t1.DESCRIPCION, t1.NOMBRE, t1.PRECIO, t1.PROVEEDOR_ID, t0.ESP_NROREF FROM CATEGORIAESPECIFICACIONPROD t0, ESPECIFICACIONPRODUCTO t1 WHERE ((t0.CAT_NAME = ?) AND (t1.NROREFERENCIA = t0.ESP_NROREF))
	bind => [Windows Phone]
[EL Fine]: sql: 2014-10-09 10:12:54.473--ServerSession(1989311583)--Connection(1905800551)--Thread(Thread[AWT-EventQueue-0,6,main])--SELECT NOMBRE, PADRE FROM CATEGORIA WHERE (NOMBRE = ?)
	bind => [Symbian]
[EL Fine]: sql: 2014-10-09 10:12:54.473--ServerSession(1989311583)--Connection(1905800551)--Thread(Thread[AWT-EventQueue-0,6,main])--SELECT t1.NROREFERENCIA, t1.DESCRIPCION, t1.NOMBRE, t1.PRECIO, t1.PROVEEDOR_ID, t0.ESP_NROREF FROM CATEGORIAESPECIFICACIONPROD t0, ESPECIFICACIONPRODUCTO t1 WHERE ((t0.CAT_NAME = ?) AND (t1.NROREFERENCIA = t0.ESP_NROREF))
	bind => [Symbian]
[EL Fine]: sql: 2014-10-09 10:12:54.473--ServerSession(1989311583)--Connection(1905800551)--Thread(Thread[AWT-EventQueue-0,6,main])--SELECT NOMBRE, PADRE FROM CATEGORIA WHERE (NOMBRE = ?)
	bind => [Blackberry OS]
[EL Fine]: sql: 2014-10-09 10:12:54.474--ServerSession(1989311583)--Connection(1905800551)--Thread(Thread[AWT-EventQueue-0,6,main])--SELECT t1.NROREFERENCIA, t1.DESCRIPCION, t1.NOMBRE, t1.PRECIO, t1.PROVEEDOR_ID, t0.ESP_NROREF FROM CATEGORIAESPECIFICACIONPROD t0, ESPECIFICACIONPRODUCTO t1 WHERE ((t0.CAT_NAME = ?) AND (t1.NROREFERENCIA = t0.ESP_NROREF))
	bind => [Blackberry OS]
[EL Fine]: sql: 2014-10-09 10:12:54.474--ServerSession(1989311583)--Connection(1905800551)--Thread(Thread[AWT-EventQueue-0,6,main])--SELECT NOMBRE, PADRE FROM CATEGORIA WHERE (NOMBRE = ?)
	bind => [Equipos]
[EL Fine]: sql: 2014-10-09 10:12:54.475--ServerSession(1989311583)--Connection(1905800551)--Thread(Thread[AWT-EventQueue-0,6,main])--SELECT t1.NROREFERENCIA, t1.DESCRIPCION, t1.NOMBRE, t1.PRECIO, t1.PROVEEDOR_ID, t0.ESP_NROREF FROM CATEGORIAESPECIFICACIONPROD t0, ESPECIFICACIONPRODUCTO t1 WHERE ((t0.CAT_NAME = ?) AND (t1.NROREFERENCIA = t0.ESP_NROREF))
	bind => [Equipos]
[EL Fine]: sql: 2014-10-09 10:12:54.476--ServerSession(1989311583)--Connection(1905800551)--Thread(Thread[AWT-EventQueue-0,6,main])--SELECT NOMBRE, PADRE FROM CATEGORIA WHERE (NOMBRE = ?)
	bind => [iPhone]
[EL Fine]: sql: 2014-10-09 10:12:54.476--ServerSession(1989311583)--Connection(1905800551)--Thread(Thread[AWT-EventQueue-0,6,main])--SELECT t1.NROREFERENCIA, t1.DESCRIPCION, t1.NOMBRE, t1.PRECIO, t1.PROVEEDOR_ID, t0.ESP_NROREF FROM CATEGORIAESPECIFICACIONPROD t0, ESPECIFICACIONPRODUCTO t1 WHERE ((t0.CAT_NAME = ?) AND (t1.NROREFERENCIA = t0.ESP_NROREF))
	bind => [iPhone]
[EL Fine]: sql: 2014-10-09 10:12:54.477--ServerSession(1989311583)--Connection(1905800551)--Thread(Thread[AWT-EventQueue-0,6,main])--SELECT NOMBRE, PADRE FROM CATEGORIA WHERE (NOMBRE = ?)
	bind => [Nexus]
[EL Fine]: sql: 2014-10-09 10:12:54.477--ServerSession(1989311583)--Connection(1905800551)--Thread(Thread[AWT-EventQueue-0,6,main])--SELECT t1.NROREFERENCIA, t1.DESCRIPCION, t1.NOMBRE, t1.PRECIO, t1.PROVEEDOR_ID, t0.ESP_NROREF FROM CATEGORIAESPECIFICACIONPROD t0, ESPECIFICACIONPRODUCTO t1 WHERE ((t0.CAT_NAME = ?) AND (t1.NROREFERENCIA = t0.ESP_NROREF))
	bind => [Nexus]
[EL Fine]: sql: 2014-10-09 10:12:54.478--ServerSession(1989311583)--Connection(1905800551)--Thread(Thread[AWT-EventQueue-0,6,main])--SELECT NOMBRE, PADRE FROM CATEGORIA WHERE (NOMBRE = ?)
	bind => [Samsung]
[EL Fine]: sql: 2014-10-09 10:12:54.48--ServerSession(1989311583)--Connection(1905800551)--Thread(Thread[AWT-EventQueue-0,6,main])--SELECT t1.NROREFERENCIA, t1.DESCRIPCION, t1.NOMBRE, t1.PRECIO, t1.PROVEEDOR_ID, t0.ESP_NROREF FROM CATEGORIAESPECIFICACIONPROD t0, ESPECIFICACIONPRODUCTO t1 WHERE ((t0.CAT_NAME = ?) AND (t1.NROREFERENCIA = t0.ESP_NROREF))
	bind => [Samsung]
[EL Fine]: sql: 2014-10-09 10:12:54.481--ServerSession(1989311583)--Connection(1905800551)--Thread(Thread[AWT-EventQueue-0,6,main])--SELECT NOMBRE, PADRE FROM CATEGORIA WHERE (NOMBRE = ?)
	bind => [Galaxy S3]
[EL Fine]: sql: 2014-10-09 10:12:54.481--ServerSession(1989311583)--Connection(1905800551)--Thread(Thread[AWT-EventQueue-0,6,main])--SELECT t1.NROREFERENCIA, t1.DESCRIPCION, t1.NOMBRE, t1.PRECIO, t1.PROVEEDOR_ID, t0.ESP_NROREF FROM CATEGORIAESPECIFICACIONPROD t0, ESPECIFICACIONPRODUCTO t1 WHERE ((t0.CAT_NAME = ?) AND (t1.NROREFERENCIA = t0.ESP_NROREF))
	bind => [Galaxy S3]
[EL Fine]: sql: 2014-10-09 10:12:54.482--ServerSession(1989311583)--Connection(1905800551)--Thread(Thread[AWT-EventQueue-0,6,main])--SELECT NOMBRE, PADRE FROM CATEGORIA WHERE (NOMBRE = ?)
	bind => [Galaxy S4]
[EL Fine]: sql: 2014-10-09 10:12:54.483--ServerSession(1989311583)--Connection(1905800551)--Thread(Thread[AWT-EventQueue-0,6,main])--SELECT t1.NROREFERENCIA, t1.DESCRIPCION, t1.NOMBRE, t1.PRECIO, t1.PROVEEDOR_ID, t0.ESP_NROREF FROM CATEGORIAESPECIFICACIONPROD t0, ESPECIFICACIONPRODUCTO t1 WHERE ((t0.CAT_NAME = ?) AND (t1.NROREFERENCIA = t0.ESP_NROREF))
	bind => [Galaxy S4]
[EL Fine]: sql: 2014-10-09 10:12:54.484--ServerSession(1989311583)--Connection(1905800551)--Thread(Thread[AWT-EventQueue-0,6,main])--SELECT NOMBRE, PADRE FROM CATEGORIA WHERE (NOMBRE = ?)
	bind => [Galaxy Ace]
[EL Fine]: sql: 2014-10-09 10:12:54.484--ServerSession(1989311583)--Connection(1905800551)--Thread(Thread[AWT-EventQueue-0,6,main])--SELECT t1.NROREFERENCIA, t1.DESCRIPCION, t1.NOMBRE, t1.PRECIO, t1.PROVEEDOR_ID, t0.ESP_NROREF FROM CATEGORIAESPECIFICACIONPROD t0, ESPECIFICACIONPRODUCTO t1 WHERE ((t0.CAT_NAME = ?) AND (t1.NROREFERENCIA = t0.ESP_NROREF))
	bind => [Galaxy Ace]
[EL Fine]: sql: 2014-10-09 10:12:54.485--ServerSession(1989311583)--Connection(1905800551)--Thread(Thread[AWT-EventQueue-0,6,main])--SELECT NOMBRE, PADRE FROM CATEGORIA WHERE (NOMBRE = ?)
	bind => [Blackberry]
[EL Fine]: sql: 2014-10-09 10:12:54.486--ServerSession(1989311583)--Connection(1905800551)--Thread(Thread[AWT-EventQueue-0,6,main])--SELECT t1.NROREFERENCIA, t1.DESCRIPCION, t1.NOMBRE, t1.PRECIO, t1.PROVEEDOR_ID, t0.ESP_NROREF FROM CATEGORIAESPECIFICACIONPROD t0, ESPECIFICACIONPRODUCTO t1 WHERE ((t0.CAT_NAME = ?) AND (t1.NROREFERENCIA = t0.ESP_NROREF))
	bind => [Blackberry]
[EL Fine]: sql: 2014-10-09 10:12:54.487--ServerSession(1989311583)--Connection(1905800551)--Thread(Thread[AWT-EventQueue-0,6,main])--SELECT NOMBRE, PADRE FROM CATEGORIA WHERE (NOMBRE = ?)
	bind => [Nokia]
[EL Fine]: sql: 2014-10-09 10:12:54.488--ServerSession(1989311583)--Connection(1905800551)--Thread(Thread[AWT-EventQueue-0,6,main])--SELECT t1.NROREFERENCIA, t1.DESCRIPCION, t1.NOMBRE, t1.PRECIO, t1.PROVEEDOR_ID, t0.ESP_NROREF FROM CATEGORIAESPECIFICACIONPROD t0, ESPECIFICACIONPRODUCTO t1 WHERE ((t0.CAT_NAME = ?) AND (t1.NROREFERENCIA = t0.ESP_NROREF))
	bind => [Nokia]
[EL Fine]: sql: 2014-10-09 10:12:54.488--ServerSession(1989311583)--Connection(1905800551)--Thread(Thread[AWT-EventQueue-0,6,main])--SELECT NOMBRE, PADRE FROM CATEGORIA WHERE (NOMBRE = ?)
	bind => [Accesorios]
[EL Fine]: sql: 2014-10-09 10:12:54.489--ServerSession(1989311583)--Connection(1905800551)--Thread(Thread[AWT-EventQueue-0,6,main])--SELECT t1.NROREFERENCIA, t1.DESCRIPCION, t1.NOMBRE, t1.PRECIO, t1.PROVEEDOR_ID, t0.ESP_NROREF FROM CATEGORIAESPECIFICACIONPROD t0, ESPECIFICACIONPRODUCTO t1 WHERE ((t0.CAT_NAME = ?) AND (t1.NROREFERENCIA = t0.ESP_NROREF))
	bind => [Accesorios]
[EL Fine]: sql: 2014-10-09 10:12:54.489--ServerSession(1989311583)--Connection(1905800551)--Thread(Thread[AWT-EventQueue-0,6,main])--SELECT NOMBRE, PADRE FROM CATEGORIA WHERE (NOMBRE = ?)
	bind => [Protectores]
[EL Fine]: sql: 2014-10-09 10:12:54.489--ServerSession(1989311583)--Connection(1905800551)--Thread(Thread[AWT-EventQueue-0,6,main])--SELECT t1.NROREFERENCIA, t1.DESCRIPCION, t1.NOMBRE, t1.PRECIO, t1.PROVEEDOR_ID, t0.ESP_NROREF FROM CATEGORIAESPECIFICACIONPROD t0, ESPECIFICACIONPRODUCTO t1 WHERE ((t0.CAT_NAME = ?) AND (t1.NROREFERENCIA = t0.ESP_NROREF))
	bind => [Protectores]
[EL Fine]: sql: 2014-10-09 10:12:54.49--ServerSession(1989311583)--Connection(1905800551)--Thread(Thread[AWT-EventQueue-0,6,main])--SELECT NOMBRE, PADRE FROM CATEGORIA WHERE (NOMBRE = ?)
	bind => [Baterías]
[EL Fine]: sql: 2014-10-09 10:12:54.49--ServerSession(1989311583)--Connection(1905800551)--Thread(Thread[AWT-EventQueue-0,6,main])--SELECT t1.NROREFERENCIA, t1.DESCRIPCION, t1.NOMBRE, t1.PRECIO, t1.PROVEEDOR_ID, t0.ESP_NROREF FROM CATEGORIAESPECIFICACIONPROD t0, ESPECIFICACIONPRODUCTO t1 WHERE ((t0.CAT_NAME = ?) AND (t1.NROREFERENCIA = t0.ESP_NROREF))
	bind => [Baterías]
[EL Fine]: sql: 2014-10-09 10:12:54.491--ServerSession(1989311583)--Connection(1905800551)--Thread(Thread[AWT-EventQueue-0,6,main])--SELECT NOMBRE, PADRE FROM CATEGORIA WHERE (NOMBRE = ?)
	bind => [Apple]
[EL Fine]: sql: 2014-10-09 10:12:54.491--ServerSession(1989311583)--Connection(1905800551)--Thread(Thread[AWT-EventQueue-0,6,main])--SELECT t1.NROREFERENCIA, t1.DESCRIPCION, t1.NOMBRE, t1.PRECIO, t1.PROVEEDOR_ID, t0.ESP_NROREF FROM CATEGORIAESPECIFICACIONPROD t0, ESPECIFICACIONPRODUCTO t1 WHERE ((t0.CAT_NAME = ?) AND (t1.NROREFERENCIA = t0.ESP_NROREF))
	bind => [Apple]
[EL Fine]: sql: 2014-10-09 10:12:54.492--ServerSession(1989311583)--Connection(1905800551)--Thread(Thread[AWT-EventQueue-0,6,main])--SELECT NOMBRE, PADRE FROM CATEGORIA WHERE (NOMBRE = ?)
	bind => [Videojuegos]
[EL Fine]: sql: 2014-10-09 10:12:54.492--ServerSession(1989311583)--Connection(1905800551)--Thread(Thread[AWT-EventQueue-0,6,main])--SELECT t1.NROREFERENCIA, t1.DESCRIPCION, t1.NOMBRE, t1.PRECIO, t1.PROVEEDOR_ID, t0.ESP_NROREF FROM CATEGORIAESPECIFICACIONPROD t0, ESPECIFICACIONPRODUCTO t1 WHERE ((t0.CAT_NAME = ?) AND (t1.NROREFERENCIA = t0.ESP_NROREF))
	bind => [Videojuegos]
[EL Fine]: sql: 2014-10-09 10:12:54.493--ServerSession(1989311583)--Connection(1905800551)--Thread(Thread[AWT-EventQueue-0,6,main])--SELECT NOMBRE, PADRE FROM CATEGORIA WHERE (NOMBRE = ?)
	bind => [Playstation]
[EL Fine]: sql: 2014-10-09 10:12:54.493--ServerSession(1989311583)--Connection(1905800551)--Thread(Thread[AWT-EventQueue-0,6,main])--SELECT t1.NROREFERENCIA, t1.DESCRIPCION, t1.NOMBRE, t1.PRECIO, t1.PROVEEDOR_ID, t0.ESP_NROREF FROM CATEGORIAESPECIFICACIONPROD t0, ESPECIFICACIONPRODUCTO t1 WHERE ((t0.CAT_NAME = ?) AND (t1.NROREFERENCIA = t0.ESP_NROREF))
	bind => [Playstation]
[EL Fine]: sql: 2014-10-09 10:12:54.494--ServerSession(1989311583)--Connection(1905800551)--Thread(Thread[AWT-EventQueue-0,6,main])--SELECT NOMBRE, PADRE FROM CATEGORIA WHERE (NOMBRE = ?)
	bind => [Xbox]
[EL Fine]: sql: 2014-10-09 10:12:54.494--ServerSession(1989311583)--Connection(1905800551)--Thread(Thread[AWT-EventQueue-0,6,main])--SELECT t1.NROREFERENCIA, t1.DESCRIPCION, t1.NOMBRE, t1.PRECIO, t1.PROVEEDOR_ID, t0.ESP_NROREF FROM CATEGORIAESPECIFICACIONPROD t0, ESPECIFICACIONPRODUCTO t1 WHERE ((t0.CAT_NAME = ?) AND (t1.NROREFERENCIA = t0.ESP_NROREF))
	bind => [Xbox]
[EL Fine]: sql: 2014-10-09 10:12:54.495--ServerSession(1989311583)--Connection(1905800551)--Thread(Thread[AWT-EventQueue-0,6,main])--SELECT NOMBRE, PADRE FROM CATEGORIA
[EL Fine]: sql: 2014-10-09 10:12:54.495--ServerSession(1989311583)--Connection(1905800551)--Thread(Thread[AWT-EventQueue-0,6,main])--SELECT NOMBRE, PADRE FROM CATEGORIA
[EL Fine]: sql: 2014-10-09 10:12:54.495--ServerSession(1989311583)--Connection(1905800551)--Thread(Thread[AWT-EventQueue-0,6,main])--SELECT NOMBRE, PADRE FROM CATEGORIA WHERE (NOMBRE = ?)
	bind => [Celulares]
[EL Fine]: sql: 2014-10-09 10:12:54.496--ServerSession(1989311583)--Connection(1905800551)--Thread(Thread[AWT-EventQueue-0,6,main])--SELECT t1.NROREFERENCIA, t1.DESCRIPCION, t1.NOMBRE, t1.PRECIO, t1.PROVEEDOR_ID, t0.ESP_NROREF FROM CATEGORIAESPECIFICACIONPROD t0, ESPECIFICACIONPRODUCTO t1 WHERE ((t0.CAT_NAME = ?) AND (t1.NROREFERENCIA = t0.ESP_NROREF))
	bind => [Celulares]
[EL Fine]: sql: 2014-10-09 10:12:54.496--ServerSession(1989311583)--Connection(1905800551)--Thread(Thread[AWT-EventQueue-0,6,main])--SELECT NOMBRE, PADRE FROM CATEGORIA WHERE (NOMBRE = ?)
	bind => [Sistemas Operativos]
[EL Fine]: sql: 2014-10-09 10:12:54.497--ServerSession(1989311583)--Connection(1905800551)--Thread(Thread[AWT-EventQueue-0,6,main])--SELECT t1.NROREFERENCIA, t1.DESCRIPCION, t1.NOMBRE, t1.PRECIO, t1.PROVEEDOR_ID, t0.ESP_NROREF FROM CATEGORIAESPECIFICACIONPROD t0, ESPECIFICACIONPRODUCTO t1 WHERE ((t0.CAT_NAME = ?) AND (t1.NROREFERENCIA = t0.ESP_NROREF))
	bind => [Sistemas Operativos]
[EL Fine]: sql: 2014-10-09 10:12:54.497--ServerSession(1989311583)--Connection(1905800551)--Thread(Thread[AWT-EventQueue-0,6,main])--SELECT NOMBRE, PADRE FROM CATEGORIA WHERE (NOMBRE = ?)
	bind => [iOS]
[EL Fine]: sql: 2014-10-09 10:12:54.498--ServerSession(1989311583)--Connection(1905800551)--Thread(Thread[AWT-EventQueue-0,6,main])--SELECT t1.NROREFERENCIA, t1.DESCRIPCION, t1.NOMBRE, t1.PRECIO, t1.PROVEEDOR_ID, t0.ESP_NROREF FROM CATEGORIAESPECIFICACIONPROD t0, ESPECIFICACIONPRODUCTO t1 WHERE ((t0.CAT_NAME = ?) AND (t1.NROREFERENCIA = t0.ESP_NROREF))
	bind => [iOS]
[EL Fine]: sql: 2014-10-09 10:12:54.498--ServerSession(1989311583)--Connection(1905800551)--Thread(Thread[AWT-EventQueue-0,6,main])--SELECT NOMBRE, PADRE FROM CATEGORIA WHERE (NOMBRE = ?)
	bind => [Android]
[EL Fine]: sql: 2014-10-09 10:12:54.499--ServerSession(1989311583)--Connection(1905800551)--Thread(Thread[AWT-EventQueue-0,6,main])--SELECT t1.NROREFERENCIA, t1.DESCRIPCION, t1.NOMBRE, t1.PRECIO, t1.PROVEEDOR_ID, t0.ESP_NROREF FROM CATEGORIAESPECIFICACIONPROD t0, ESPECIFICACIONPRODUCTO t1 WHERE ((t0.CAT_NAME = ?) AND (t1.NROREFERENCIA = t0.ESP_NROREF))
	bind => [Android]
[EL Fine]: sql: 2014-10-09 10:12:54.499--ServerSession(1989311583)--Connection(1905800551)--Thread(Thread[AWT-EventQueue-0,6,main])--SELECT NOMBRE, PADRE FROM CATEGORIA WHERE (NOMBRE = ?)
	bind => [Windows Phone]
[EL Fine]: sql: 2014-10-09 10:12:54.5--ServerSession(1989311583)--Connection(1905800551)--Thread(Thread[AWT-EventQueue-0,6,main])--SELECT t1.NROREFERENCIA, t1.DESCRIPCION, t1.NOMBRE, t1.PRECIO, t1.PROVEEDOR_ID, t0.ESP_NROREF FROM CATEGORIAESPECIFICACIONPROD t0, ESPECIFICACIONPRODUCTO t1 WHERE ((t0.CAT_NAME = ?) AND (t1.NROREFERENCIA = t0.ESP_NROREF))
	bind => [Windows Phone]
[EL Fine]: sql: 2014-10-09 10:12:54.501--ServerSession(1989311583)--Connection(1905800551)--Thread(Thread[AWT-EventQueue-0,6,main])--SELECT NOMBRE, PADRE FROM CATEGORIA WHERE (NOMBRE = ?)
	bind => [Symbian]
[EL Fine]: sql: 2014-10-09 10:12:54.501--ServerSession(1989311583)--Connection(1905800551)--Thread(Thread[AWT-EventQueue-0,6,main])--SELECT t1.NROREFERENCIA, t1.DESCRIPCION, t1.NOMBRE, t1.PRECIO, t1.PROVEEDOR_ID, t0.ESP_NROREF FROM CATEGORIAESPECIFICACIONPROD t0, ESPECIFICACIONPRODUCTO t1 WHERE ((t0.CAT_NAME = ?) AND (t1.NROREFERENCIA = t0.ESP_NROREF))
	bind => [Symbian]
[EL Fine]: sql: 2014-10-09 10:12:54.502--ServerSession(1989311583)--Connection(1905800551)--Thread(Thread[AWT-EventQueue-0,6,main])--SELECT NOMBRE, PADRE FROM CATEGORIA WHERE (NOMBRE = ?)
	bind => [Blackberry OS]
[EL Fine]: sql: 2014-10-09 10:12:54.502--ServerSession(1989311583)--Connection(1905800551)--Thread(Thread[AWT-EventQueue-0,6,main])--SELECT t1.NROREFERENCIA, t1.DESCRIPCION, t1.NOMBRE, t1.PRECIO, t1.PROVEEDOR_ID, t0.ESP_NROREF FROM CATEGORIAESPECIFICACIONPROD t0, ESPECIFICACIONPRODUCTO t1 WHERE ((t0.CAT_NAME = ?) AND (t1.NROREFERENCIA = t0.ESP_NROREF))
	bind => [Blackberry OS]
[EL Fine]: sql: 2014-10-09 10:12:54.502--ServerSession(1989311583)--Connection(1905800551)--Thread(Thread[AWT-EventQueue-0,6,main])--SELECT NOMBRE, PADRE FROM CATEGORIA WHERE (NOMBRE = ?)
	bind => [Equipos]
[EL Fine]: sql: 2014-10-09 10:12:54.503--ServerSession(1989311583)--Connection(1905800551)--Thread(Thread[AWT-EventQueue-0,6,main])--SELECT t1.NROREFERENCIA, t1.DESCRIPCION, t1.NOMBRE, t1.PRECIO, t1.PROVEEDOR_ID, t0.ESP_NROREF FROM CATEGORIAESPECIFICACIONPROD t0, ESPECIFICACIONPRODUCTO t1 WHERE ((t0.CAT_NAME = ?) AND (t1.NROREFERENCIA = t0.ESP_NROREF))
	bind => [Equipos]
[EL Fine]: sql: 2014-10-09 10:12:54.503--ServerSession(1989311583)--Connection(1905800551)--Thread(Thread[AWT-EventQueue-0,6,main])--SELECT NOMBRE, PADRE FROM CATEGORIA WHERE (NOMBRE = ?)
	bind => [iPhone]
[EL Fine]: sql: 2014-10-09 10:12:54.504--ServerSession(1989311583)--Connection(1905800551)--Thread(Thread[AWT-EventQueue-0,6,main])--SELECT t1.NROREFERENCIA, t1.DESCRIPCION, t1.NOMBRE, t1.PRECIO, t1.PROVEEDOR_ID, t0.ESP_NROREF FROM CATEGORIAESPECIFICACIONPROD t0, ESPECIFICACIONPRODUCTO t1 WHERE ((t0.CAT_NAME = ?) AND (t1.NROREFERENCIA = t0.ESP_NROREF))
	bind => [iPhone]
[EL Fine]: sql: 2014-10-09 10:12:54.504--ServerSession(1989311583)--Connection(1905800551)--Thread(Thread[AWT-EventQueue-0,6,main])--SELECT NOMBRE, PADRE FROM CATEGORIA WHERE (NOMBRE = ?)
	bind => [Nexus]
[EL Fine]: sql: 2014-10-09 10:12:54.505--ServerSession(1989311583)--Connection(1905800551)--Thread(Thread[AWT-EventQueue-0,6,main])--SELECT t1.NROREFERENCIA, t1.DESCRIPCION, t1.NOMBRE, t1.PRECIO, t1.PROVEEDOR_ID, t0.ESP_NROREF FROM CATEGORIAESPECIFICACIONPROD t0, ESPECIFICACIONPRODUCTO t1 WHERE ((t0.CAT_NAME = ?) AND (t1.NROREFERENCIA = t0.ESP_NROREF))
	bind => [Nexus]
[EL Fine]: sql: 2014-10-09 10:12:54.505--ServerSession(1989311583)--Connection(1905800551)--Thread(Thread[AWT-EventQueue-0,6,main])--SELECT NOMBRE, PADRE FROM CATEGORIA WHERE (NOMBRE = ?)
	bind => [Samsung]
[EL Fine]: sql: 2014-10-09 10:12:54.506--ServerSession(1989311583)--Connection(1905800551)--Thread(Thread[AWT-EventQueue-0,6,main])--SELECT t1.NROREFERENCIA, t1.DESCRIPCION, t1.NOMBRE, t1.PRECIO, t1.PROVEEDOR_ID, t0.ESP_NROREF FROM CATEGORIAESPECIFICACIONPROD t0, ESPECIFICACIONPRODUCTO t1 WHERE ((t0.CAT_NAME = ?) AND (t1.NROREFERENCIA = t0.ESP_NROREF))
	bind => [Samsung]
[EL Fine]: sql: 2014-10-09 10:12:54.506--ServerSession(1989311583)--Connection(1905800551)--Thread(Thread[AWT-EventQueue-0,6,main])--SELECT NOMBRE, PADRE FROM CATEGORIA WHERE (NOMBRE = ?)
	bind => [Galaxy S3]
[EL Fine]: sql: 2014-10-09 10:12:54.507--ServerSession(1989311583)--Connection(1905800551)--Thread(Thread[AWT-EventQueue-0,6,main])--SELECT t1.NROREFERENCIA, t1.DESCRIPCION, t1.NOMBRE, t1.PRECIO, t1.PROVEEDOR_ID, t0.ESP_NROREF FROM CATEGORIAESPECIFICACIONPROD t0, ESPECIFICACIONPRODUCTO t1 WHERE ((t0.CAT_NAME = ?) AND (t1.NROREFERENCIA = t0.ESP_NROREF))
	bind => [Galaxy S3]
[EL Fine]: sql: 2014-10-09 10:12:54.508--ServerSession(1989311583)--Connection(1905800551)--Thread(Thread[AWT-EventQueue-0,6,main])--SELECT NOMBRE, PADRE FROM CATEGORIA WHERE (NOMBRE = ?)
	bind => [Galaxy S4]
[EL Fine]: sql: 2014-10-09 10:12:54.508--ServerSession(1989311583)--Connection(1905800551)--Thread(Thread[AWT-EventQueue-0,6,main])--SELECT t1.NROREFERENCIA, t1.DESCRIPCION, t1.NOMBRE, t1.PRECIO, t1.PROVEEDOR_ID, t0.ESP_NROREF FROM CATEGORIAESPECIFICACIONPROD t0, ESPECIFICACIONPRODUCTO t1 WHERE ((t0.CAT_NAME = ?) AND (t1.NROREFERENCIA = t0.ESP_NROREF))
	bind => [Galaxy S4]
[EL Fine]: sql: 2014-10-09 10:12:54.509--ServerSession(1989311583)--Connection(1905800551)--Thread(Thread[AWT-EventQueue-0,6,main])--SELECT NOMBRE, PADRE FROM CATEGORIA WHERE (NOMBRE = ?)
	bind => [Galaxy Ace]
[EL Fine]: sql: 2014-10-09 10:12:54.51--ServerSession(1989311583)--Connection(1905800551)--Thread(Thread[AWT-EventQueue-0,6,main])--SELECT t1.NROREFERENCIA, t1.DESCRIPCION, t1.NOMBRE, t1.PRECIO, t1.PROVEEDOR_ID, t0.ESP_NROREF FROM CATEGORIAESPECIFICACIONPROD t0, ESPECIFICACIONPRODUCTO t1 WHERE ((t0.CAT_NAME = ?) AND (t1.NROREFERENCIA = t0.ESP_NROREF))
	bind => [Galaxy Ace]
[EL Fine]: sql: 2014-10-09 10:12:54.511--ServerSession(1989311583)--Connection(1905800551)--Thread(Thread[AWT-EventQueue-0,6,main])--SELECT NOMBRE, PADRE FROM CATEGORIA WHERE (NOMBRE = ?)
	bind => [Blackberry]
[EL Fine]: sql: 2014-10-09 10:12:54.511--ServerSession(1989311583)--Connection(1905800551)--Thread(Thread[AWT-EventQueue-0,6,main])--SELECT t1.NROREFERENCIA, t1.DESCRIPCION, t1.NOMBRE, t1.PRECIO, t1.PROVEEDOR_ID, t0.ESP_NROREF FROM CATEGORIAESPECIFICACIONPROD t0, ESPECIFICACIONPRODUCTO t1 WHERE ((t0.CAT_NAME = ?) AND (t1.NROREFERENCIA = t0.ESP_NROREF))
	bind => [Blackberry]
[EL Fine]: sql: 2014-10-09 10:12:54.512--ServerSession(1989311583)--Connection(1905800551)--Thread(Thread[AWT-EventQueue-0,6,main])--SELECT NOMBRE, PADRE FROM CATEGORIA WHERE (NOMBRE = ?)
	bind => [Nokia]
[EL Fine]: sql: 2014-10-09 10:12:54.513--ServerSession(1989311583)--Connection(1905800551)--Thread(Thread[AWT-EventQueue-0,6,main])--SELECT t1.NROREFERENCIA, t1.DESCRIPCION, t1.NOMBRE, t1.PRECIO, t1.PROVEEDOR_ID, t0.ESP_NROREF FROM CATEGORIAESPECIFICACIONPROD t0, ESPECIFICACIONPRODUCTO t1 WHERE ((t0.CAT_NAME = ?) AND (t1.NROREFERENCIA = t0.ESP_NROREF))
	bind => [Nokia]
[EL Fine]: sql: 2014-10-09 10:12:54.513--ServerSession(1989311583)--Connection(1905800551)--Thread(Thread[AWT-EventQueue-0,6,main])--SELECT NOMBRE, PADRE FROM CATEGORIA WHERE (NOMBRE = ?)
	bind => [Accesorios]
[EL Fine]: sql: 2014-10-09 10:12:54.514--ServerSession(1989311583)--Connection(1905800551)--Thread(Thread[AWT-EventQueue-0,6,main])--SELECT t1.NROREFERENCIA, t1.DESCRIPCION, t1.NOMBRE, t1.PRECIO, t1.PROVEEDOR_ID, t0.ESP_NROREF FROM CATEGORIAESPECIFICACIONPROD t0, ESPECIFICACIONPRODUCTO t1 WHERE ((t0.CAT_NAME = ?) AND (t1.NROREFERENCIA = t0.ESP_NROREF))
	bind => [Accesorios]
[EL Fine]: sql: 2014-10-09 10:12:54.515--ServerSession(1989311583)--Connection(1905800551)--Thread(Thread[AWT-EventQueue-0,6,main])--SELECT NOMBRE, PADRE FROM CATEGORIA WHERE (NOMBRE = ?)
	bind => [Protectores]
[EL Fine]: sql: 2014-10-09 10:12:54.515--ServerSession(1989311583)--Connection(1905800551)--Thread(Thread[AWT-EventQueue-0,6,main])--SELECT t1.NROREFERENCIA, t1.DESCRIPCION, t1.NOMBRE, t1.PRECIO, t1.PROVEEDOR_ID, t0.ESP_NROREF FROM CATEGORIAESPECIFICACIONPROD t0, ESPECIFICACIONPRODUCTO t1 WHERE ((t0.CAT_NAME = ?) AND (t1.NROREFERENCIA = t0.ESP_NROREF))
	bind => [Protectores]
[EL Fine]: sql: 2014-10-09 10:12:54.515--ServerSession(1989311583)--Connection(1905800551)--Thread(Thread[AWT-EventQueue-0,6,main])--SELECT NOMBRE, PADRE FROM CATEGORIA WHERE (NOMBRE = ?)
	bind => [Baterías]
[EL Fine]: sql: 2014-10-09 10:12:54.516--ServerSession(1989311583)--Connection(1905800551)--Thread(Thread[AWT-EventQueue-0,6,main])--SELECT t1.NROREFERENCIA, t1.DESCRIPCION, t1.NOMBRE, t1.PRECIO, t1.PROVEEDOR_ID, t0.ESP_NROREF FROM CATEGORIAESPECIFICACIONPROD t0, ESPECIFICACIONPRODUCTO t1 WHERE ((t0.CAT_NAME = ?) AND (t1.NROREFERENCIA = t0.ESP_NROREF))
	bind => [Baterías]
[EL Fine]: sql: 2014-10-09 10:12:54.516--ServerSession(1989311583)--Connection(1905800551)--Thread(Thread[AWT-EventQueue-0,6,main])--SELECT NOMBRE, PADRE FROM CATEGORIA WHERE (NOMBRE = ?)
	bind => [Apple]
[EL Fine]: sql: 2014-10-09 10:12:54.517--ServerSession(1989311583)--Connection(1905800551)--Thread(Thread[AWT-EventQueue-0,6,main])--SELECT t1.NROREFERENCIA, t1.DESCRIPCION, t1.NOMBRE, t1.PRECIO, t1.PROVEEDOR_ID, t0.ESP_NROREF FROM CATEGORIAESPECIFICACIONPROD t0, ESPECIFICACIONPRODUCTO t1 WHERE ((t0.CAT_NAME = ?) AND (t1.NROREFERENCIA = t0.ESP_NROREF))
	bind => [Apple]
[EL Fine]: sql: 2014-10-09 10:12:54.517--ServerSession(1989311583)--Connection(1905800551)--Thread(Thread[AWT-EventQueue-0,6,main])--SELECT NOMBRE, PADRE FROM CATEGORIA WHERE (NOMBRE = ?)
	bind => [Videojuegos]
[EL Fine]: sql: 2014-10-09 10:12:54.518--ServerSession(1989311583)--Connection(1905800551)--Thread(Thread[AWT-EventQueue-0,6,main])--SELECT t1.NROREFERENCIA, t1.DESCRIPCION, t1.NOMBRE, t1.PRECIO, t1.PROVEEDOR_ID, t0.ESP_NROREF FROM CATEGORIAESPECIFICACIONPROD t0, ESPECIFICACIONPRODUCTO t1 WHERE ((t0.CAT_NAME = ?) AND (t1.NROREFERENCIA = t0.ESP_NROREF))
	bind => [Videojuegos]
[EL Fine]: sql: 2014-10-09 10:12:54.518--ServerSession(1989311583)--Connection(1905800551)--Thread(Thread[AWT-EventQueue-0,6,main])--SELECT NOMBRE, PADRE FROM CATEGORIA WHERE (NOMBRE = ?)
	bind => [Playstation]
[EL Fine]: sql: 2014-10-09 10:12:54.519--ServerSession(1989311583)--Connection(1905800551)--Thread(Thread[AWT-EventQueue-0,6,main])--SELECT t1.NROREFERENCIA, t1.DESCRIPCION, t1.NOMBRE, t1.PRECIO, t1.PROVEEDOR_ID, t0.ESP_NROREF FROM CATEGORIAESPECIFICACIONPROD t0, ESPECIFICACIONPRODUCTO t1 WHERE ((t0.CAT_NAME = ?) AND (t1.NROREFERENCIA = t0.ESP_NROREF))
	bind => [Playstation]
[EL Fine]: sql: 2014-10-09 10:12:54.519--ServerSession(1989311583)--Connection(1905800551)--Thread(Thread[AWT-EventQueue-0,6,main])--SELECT NOMBRE, PADRE FROM CATEGORIA WHERE (NOMBRE = ?)
	bind => [Xbox]
[EL Fine]: sql: 2014-10-09 10:12:54.519--ServerSession(1989311583)--Connection(1905800551)--Thread(Thread[AWT-EventQueue-0,6,main])--SELECT t1.NROREFERENCIA, t1.DESCRIPCION, t1.NOMBRE, t1.PRECIO, t1.PROVEEDOR_ID, t0.ESP_NROREF FROM CATEGORIAESPECIFICACIONPROD t0, ESPECIFICACIONPRODUCTO t1 WHERE ((t0.CAT_NAME = ?) AND (t1.NROREFERENCIA = t0.ESP_NROREF))
	bind => [Xbox]
[EL Fine]: sql: 2014-10-09 10:12:54.52--ServerSession(1989311583)--Connection(1905800551)--Thread(Thread[AWT-EventQueue-0,6,main])--SELECT NOMBRE, PADRE FROM CATEGORIA
[EL Fine]: sql: 2014-10-09 10:12:54.52--ServerSession(1989311583)--Connection(1905800551)--Thread(Thread[AWT-EventQueue-0,6,main])--SELECT NROREFERENCIA, DESCRIPCION, NOMBRE, PRECIO, PROVEEDOR_ID FROM ESPECIFICACIONPRODUCTO
[EL Fine]: sql: 2014-10-09 10:12:54.521--ServerSession(1989311583)--Connection(1905800551)--Thread(Thread[AWT-EventQueue-0,6,main])--SELECT NOMBRE, PADRE FROM CATEGORIA
[EL Fine]: sql: 2014-10-09 10:12:54.521--ServerSession(1989311583)--Connection(1905800551)--Thread(Thread[AWT-EventQueue-0,6,main])--SELECT NOMBRE, PADRE FROM CATEGORIA WHERE (NOMBRE = ?)
	bind => [Celulares]
[EL Fine]: sql: 2014-10-09 10:12:54.522--ServerSession(1989311583)--Connection(1905800551)--Thread(Thread[AWT-EventQueue-0,6,main])--SELECT t1.NROREFERENCIA, t1.DESCRIPCION, t1.NOMBRE, t1.PRECIO, t1.PROVEEDOR_ID, t0.ESP_NROREF FROM CATEGORIAESPECIFICACIONPROD t0, ESPECIFICACIONPRODUCTO t1 WHERE ((t0.CAT_NAME = ?) AND (t1.NROREFERENCIA = t0.ESP_NROREF))
	bind => [Celulares]
[EL Fine]: sql: 2014-10-09 10:12:54.522--ServerSession(1989311583)--Connection(1905800551)--Thread(Thread[AWT-EventQueue-0,6,main])--SELECT NOMBRE, PADRE FROM CATEGORIA WHERE (NOMBRE = ?)
	bind => [Sistemas Operativos]
[EL Fine]: sql: 2014-10-09 10:12:54.523--ServerSession(1989311583)--Connection(1905800551)--Thread(Thread[AWT-EventQueue-0,6,main])--SELECT t1.NROREFERENCIA, t1.DESCRIPCION, t1.NOMBRE, t1.PRECIO, t1.PROVEEDOR_ID, t0.ESP_NROREF FROM CATEGORIAESPECIFICACIONPROD t0, ESPECIFICACIONPRODUCTO t1 WHERE ((t0.CAT_NAME = ?) AND (t1.NROREFERENCIA = t0.ESP_NROREF))
	bind => [Sistemas Operativos]
[EL Fine]: sql: 2014-10-09 10:12:54.523--ServerSession(1989311583)--Connection(1905800551)--Thread(Thread[AWT-EventQueue-0,6,main])--SELECT NOMBRE, PADRE FROM CATEGORIA WHERE (NOMBRE = ?)
	bind => [iOS]
[EL Fine]: sql: 2014-10-09 10:12:54.524--ServerSession(1989311583)--Connection(1905800551)--Thread(Thread[AWT-EventQueue-0,6,main])--SELECT t1.NROREFERENCIA, t1.DESCRIPCION, t1.NOMBRE, t1.PRECIO, t1.PROVEEDOR_ID, t0.ESP_NROREF FROM CATEGORIAESPECIFICACIONPROD t0, ESPECIFICACIONPRODUCTO t1 WHERE ((t0.CAT_NAME = ?) AND (t1.NROREFERENCIA = t0.ESP_NROREF))
	bind => [iOS]
[EL Fine]: sql: 2014-10-09 10:12:54.524--ServerSession(1989311583)--Connection(1905800551)--Thread(Thread[AWT-EventQueue-0,6,main])--SELECT NOMBRE, PADRE FROM CATEGORIA WHERE (NOMBRE = ?)
	bind => [Android]
[EL Fine]: sql: 2014-10-09 10:12:54.525--ServerSession(1989311583)--Connection(1905800551)--Thread(Thread[AWT-EventQueue-0,6,main])--SELECT t1.NROREFERENCIA, t1.DESCRIPCION, t1.NOMBRE, t1.PRECIO, t1.PROVEEDOR_ID, t0.ESP_NROREF FROM CATEGORIAESPECIFICACIONPROD t0, ESPECIFICACIONPRODUCTO t1 WHERE ((t0.CAT_NAME = ?) AND (t1.NROREFERENCIA = t0.ESP_NROREF))
	bind => [Android]
[EL Fine]: sql: 2014-10-09 10:12:54.525--ServerSession(1989311583)--Connection(1905800551)--Thread(Thread[AWT-EventQueue-0,6,main])--SELECT NOMBRE, PADRE FROM CATEGORIA WHERE (NOMBRE = ?)
	bind => [Windows Phone]
[EL Fine]: sql: 2014-10-09 10:12:54.526--ServerSession(1989311583)--Connection(1905800551)--Thread(Thread[AWT-EventQueue-0,6,main])--SELECT t1.NROREFERENCIA, t1.DESCRIPCION, t1.NOMBRE, t1.PRECIO, t1.PROVEEDOR_ID, t0.ESP_NROREF FROM CATEGORIAESPECIFICACIONPROD t0, ESPECIFICACIONPRODUCTO t1 WHERE ((t0.CAT_NAME = ?) AND (t1.NROREFERENCIA = t0.ESP_NROREF))
	bind => [Windows Phone]
[EL Fine]: sql: 2014-10-09 10:12:54.526--ServerSession(1989311583)--Connection(1905800551)--Thread(Thread[AWT-EventQueue-0,6,main])--SELECT NOMBRE, PADRE FROM CATEGORIA WHERE (NOMBRE = ?)
	bind => [Symbian]
[EL Fine]: sql: 2014-10-09 10:12:54.527--ServerSession(1989311583)--Connection(1905800551)--Thread(Thread[AWT-EventQueue-0,6,main])--SELECT t1.NROREFERENCIA, t1.DESCRIPCION, t1.NOMBRE, t1.PRECIO, t1.PROVEEDOR_ID, t0.ESP_NROREF FROM CATEGORIAESPECIFICACIONPROD t0, ESPECIFICACIONPRODUCTO t1 WHERE ((t0.CAT_NAME = ?) AND (t1.NROREFERENCIA = t0.ESP_NROREF))
	bind => [Symbian]
[EL Fine]: sql: 2014-10-09 10:12:54.527--ServerSession(1989311583)--Connection(1905800551)--Thread(Thread[AWT-EventQueue-0,6,main])--SELECT NOMBRE, PADRE FROM CATEGORIA WHERE (NOMBRE = ?)
	bind => [Blackberry OS]
[EL Fine]: sql: 2014-10-09 10:12:54.528--ServerSession(1989311583)--Connection(1905800551)--Thread(Thread[AWT-EventQueue-0,6,main])--SELECT t1.NROREFERENCIA, t1.DESCRIPCION, t1.NOMBRE, t1.PRECIO, t1.PROVEEDOR_ID, t0.ESP_NROREF FROM CATEGORIAESPECIFICACIONPROD t0, ESPECIFICACIONPRODUCTO t1 WHERE ((t0.CAT_NAME = ?) AND (t1.NROREFERENCIA = t0.ESP_NROREF))
	bind => [Blackberry OS]
[EL Fine]: sql: 2014-10-09 10:12:54.529--ServerSession(1989311583)--Connection(1905800551)--Thread(Thread[AWT-EventQueue-0,6,main])--SELECT NOMBRE, PADRE FROM CATEGORIA WHERE (NOMBRE = ?)
	bind => [Equipos]
[EL Fine]: sql: 2014-10-09 10:12:54.529--ServerSession(1989311583)--Connection(1905800551)--Thread(Thread[AWT-EventQueue-0,6,main])--SELECT t1.NROREFERENCIA, t1.DESCRIPCION, t1.NOMBRE, t1.PRECIO, t1.PROVEEDOR_ID, t0.ESP_NROREF FROM CATEGORIAESPECIFICACIONPROD t0, ESPECIFICACIONPRODUCTO t1 WHERE ((t0.CAT_NAME = ?) AND (t1.NROREFERENCIA = t0.ESP_NROREF))
	bind => [Equipos]
[EL Fine]: sql: 2014-10-09 10:12:54.53--ServerSession(1989311583)--Connection(1905800551)--Thread(Thread[AWT-EventQueue-0,6,main])--SELECT NOMBRE, PADRE FROM CATEGORIA WHERE (NOMBRE = ?)
	bind => [iPhone]
[EL Fine]: sql: 2014-10-09 10:12:54.53--ServerSession(1989311583)--Connection(1905800551)--Thread(Thread[AWT-EventQueue-0,6,main])--SELECT t1.NROREFERENCIA, t1.DESCRIPCION, t1.NOMBRE, t1.PRECIO, t1.PROVEEDOR_ID, t0.ESP_NROREF FROM CATEGORIAESPECIFICACIONPROD t0, ESPECIFICACIONPRODUCTO t1 WHERE ((t0.CAT_NAME = ?) AND (t1.NROREFERENCIA = t0.ESP_NROREF))
	bind => [iPhone]
[EL Fine]: sql: 2014-10-09 10:12:54.531--ServerSession(1989311583)--Connection(1905800551)--Thread(Thread[AWT-EventQueue-0,6,main])--SELECT NOMBRE, PADRE FROM CATEGORIA WHERE (NOMBRE = ?)
	bind => [Nexus]
[EL Fine]: sql: 2014-10-09 10:12:54.532--ServerSession(1989311583)--Connection(1905800551)--Thread(Thread[AWT-EventQueue-0,6,main])--SELECT t1.NROREFERENCIA, t1.DESCRIPCION, t1.NOMBRE, t1.PRECIO, t1.PROVEEDOR_ID, t0.ESP_NROREF FROM CATEGORIAESPECIFICACIONPROD t0, ESPECIFICACIONPRODUCTO t1 WHERE ((t0.CAT_NAME = ?) AND (t1.NROREFERENCIA = t0.ESP_NROREF))
	bind => [Nexus]
[EL Fine]: sql: 2014-10-09 10:12:54.532--ServerSession(1989311583)--Connection(1905800551)--Thread(Thread[AWT-EventQueue-0,6,main])--SELECT NOMBRE, PADRE FROM CATEGORIA WHERE (NOMBRE = ?)
	bind => [Samsung]
[EL Fine]: sql: 2014-10-09 10:12:54.533--ServerSession(1989311583)--Connection(1905800551)--Thread(Thread[AWT-EventQueue-0,6,main])--SELECT t1.NROREFERENCIA, t1.DESCRIPCION, t1.NOMBRE, t1.PRECIO, t1.PROVEEDOR_ID, t0.ESP_NROREF FROM CATEGORIAESPECIFICACIONPROD t0, ESPECIFICACIONPRODUCTO t1 WHERE ((t0.CAT_NAME = ?) AND (t1.NROREFERENCIA = t0.ESP_NROREF))
	bind => [Samsung]
[EL Fine]: sql: 2014-10-09 10:12:54.534--ServerSession(1989311583)--Connection(1905800551)--Thread(Thread[AWT-EventQueue-0,6,main])--SELECT NOMBRE, PADRE FROM CATEGORIA WHERE (NOMBRE = ?)
	bind => [Galaxy S3]
[EL Fine]: sql: 2014-10-09 10:12:54.534--ServerSession(1989311583)--Connection(1905800551)--Thread(Thread[AWT-EventQueue-0,6,main])--SELECT t1.NROREFERENCIA, t1.DESCRIPCION, t1.NOMBRE, t1.PRECIO, t1.PROVEEDOR_ID, t0.ESP_NROREF FROM CATEGORIAESPECIFICACIONPROD t0, ESPECIFICACIONPRODUCTO t1 WHERE ((t0.CAT_NAME = ?) AND (t1.NROREFERENCIA = t0.ESP_NROREF))
	bind => [Galaxy S3]
[EL Fine]: sql: 2014-10-09 10:12:54.535--ServerSession(1989311583)--Connection(1905800551)--Thread(Thread[AWT-EventQueue-0,6,main])--SELECT NOMBRE, PADRE FROM CATEGORIA WHERE (NOMBRE = ?)
	bind => [Galaxy S4]
[EL Fine]: sql: 2014-10-09 10:12:54.536--ServerSession(1989311583)--Connection(1905800551)--Thread(Thread[AWT-EventQueue-0,6,main])--SELECT t1.NROREFERENCIA, t1.DESCRIPCION, t1.NOMBRE, t1.PRECIO, t1.PROVEEDOR_ID, t0.ESP_NROREF FROM CATEGORIAESPECIFICACIONPROD t0, ESPECIFICACIONPRODUCTO t1 WHERE ((t0.CAT_NAME = ?) AND (t1.NROREFERENCIA = t0.ESP_NROREF))
	bind => [Galaxy S4]
[EL Fine]: sql: 2014-10-09 10:12:54.536--ServerSession(1989311583)--Connection(1905800551)--Thread(Thread[AWT-EventQueue-0,6,main])--SELECT NOMBRE, PADRE FROM CATEGORIA WHERE (NOMBRE = ?)
	bind => [Galaxy Ace]
[EL Fine]: sql: 2014-10-09 10:12:54.537--ServerSession(1989311583)--Connection(1905800551)--Thread(Thread[AWT-EventQueue-0,6,main])--SELECT t1.NROREFERENCIA, t1.DESCRIPCION, t1.NOMBRE, t1.PRECIO, t1.PROVEEDOR_ID, t0.ESP_NROREF FROM CATEGORIAESPECIFICACIONPROD t0, ESPECIFICACIONPRODUCTO t1 WHERE ((t0.CAT_NAME = ?) AND (t1.NROREFERENCIA = t0.ESP_NROREF))
	bind => [Galaxy Ace]
[EL Fine]: sql: 2014-10-09 10:12:54.538--ServerSession(1989311583)--Connection(1905800551)--Thread(Thread[AWT-EventQueue-0,6,main])--SELECT NOMBRE, PADRE FROM CATEGORIA WHERE (NOMBRE = ?)
	bind => [Blackberry]
[EL Fine]: sql: 2014-10-09 10:12:54.538--ServerSession(1989311583)--Connection(1905800551)--Thread(Thread[AWT-EventQueue-0,6,main])--SELECT t1.NROREFERENCIA, t1.DESCRIPCION, t1.NOMBRE, t1.PRECIO, t1.PROVEEDOR_ID, t0.ESP_NROREF FROM CATEGORIAESPECIFICACIONPROD t0, ESPECIFICACIONPRODUCTO t1 WHERE ((t0.CAT_NAME = ?) AND (t1.NROREFERENCIA = t0.ESP_NROREF))
	bind => [Blackberry]
[EL Fine]: sql: 2014-10-09 10:12:54.539--ServerSession(1989311583)--Connection(1905800551)--Thread(Thread[AWT-EventQueue-0,6,main])--SELECT NOMBRE, PADRE FROM CATEGORIA WHERE (NOMBRE = ?)
	bind => [Nokia]
[EL Fine]: sql: 2014-10-09 10:12:54.54--ServerSession(1989311583)--Connection(1905800551)--Thread(Thread[AWT-EventQueue-0,6,main])--SELECT t1.NROREFERENCIA, t1.DESCRIPCION, t1.NOMBRE, t1.PRECIO, t1.PROVEEDOR_ID, t0.ESP_NROREF FROM CATEGORIAESPECIFICACIONPROD t0, ESPECIFICACIONPRODUCTO t1 WHERE ((t0.CAT_NAME = ?) AND (t1.NROREFERENCIA = t0.ESP_NROREF))
	bind => [Nokia]
[EL Fine]: sql: 2014-10-09 10:12:54.541--ServerSession(1989311583)--Connection(1905800551)--Thread(Thread[AWT-EventQueue-0,6,main])--SELECT NOMBRE, PADRE FROM CATEGORIA WHERE (NOMBRE = ?)
	bind => [Accesorios]
[EL Fine]: sql: 2014-10-09 10:12:54.541--ServerSession(1989311583)--Connection(1905800551)--Thread(Thread[AWT-EventQueue-0,6,main])--SELECT t1.NROREFERENCIA, t1.DESCRIPCION, t1.NOMBRE, t1.PRECIO, t1.PROVEEDOR_ID, t0.ESP_NROREF FROM CATEGORIAESPECIFICACIONPROD t0, ESPECIFICACIONPRODUCTO t1 WHERE ((t0.CAT_NAME = ?) AND (t1.NROREFERENCIA = t0.ESP_NROREF))
	bind => [Accesorios]
[EL Fine]: sql: 2014-10-09 10:12:54.542--ServerSession(1989311583)--Connection(1905800551)--Thread(Thread[AWT-EventQueue-0,6,main])--SELECT NOMBRE, PADRE FROM CATEGORIA WHERE (NOMBRE = ?)
	bind => [Protectores]
[EL Fine]: sql: 2014-10-09 10:12:54.542--ServerSession(1989311583)--Connection(1905800551)--Thread(Thread[AWT-EventQueue-0,6,main])--SELECT t1.NROREFERENCIA, t1.DESCRIPCION, t1.NOMBRE, t1.PRECIO, t1.PROVEEDOR_ID, t0.ESP_NROREF FROM CATEGORIAESPECIFICACIONPROD t0, ESPECIFICACIONPRODUCTO t1 WHERE ((t0.CAT_NAME = ?) AND (t1.NROREFERENCIA = t0.ESP_NROREF))
	bind => [Protectores]
[EL Fine]: sql: 2014-10-09 10:12:54.543--ServerSession(1989311583)--Connection(1905800551)--Thread(Thread[AWT-EventQueue-0,6,main])--SELECT NOMBRE, PADRE FROM CATEGORIA WHERE (NOMBRE = ?)
	bind => [Baterías]
[EL Fine]: sql: 2014-10-09 10:12:54.544--ServerSession(1989311583)--Connection(1905800551)--Thread(Thread[AWT-EventQueue-0,6,main])--SELECT t1.NROREFERENCIA, t1.DESCRIPCION, t1.NOMBRE, t1.PRECIO, t1.PROVEEDOR_ID, t0.ESP_NROREF FROM CATEGORIAESPECIFICACIONPROD t0, ESPECIFICACIONPRODUCTO t1 WHERE ((t0.CAT_NAME = ?) AND (t1.NROREFERENCIA = t0.ESP_NROREF))
	bind => [Baterías]
[EL Fine]: sql: 2014-10-09 10:12:54.545--ServerSession(1989311583)--Connection(1905800551)--Thread(Thread[AWT-EventQueue-0,6,main])--SELECT NOMBRE, PADRE FROM CATEGORIA WHERE (NOMBRE = ?)
	bind => [Apple]
[EL Fine]: sql: 2014-10-09 10:12:54.545--ServerSession(1989311583)--Connection(1905800551)--Thread(Thread[AWT-EventQueue-0,6,main])--SELECT t1.NROREFERENCIA, t1.DESCRIPCION, t1.NOMBRE, t1.PRECIO, t1.PROVEEDOR_ID, t0.ESP_NROREF FROM CATEGORIAESPECIFICACIONPROD t0, ESPECIFICACIONPRODUCTO t1 WHERE ((t0.CAT_NAME = ?) AND (t1.NROREFERENCIA = t0.ESP_NROREF))
	bind => [Apple]
[EL Fine]: sql: 2014-10-09 10:12:54.546--ServerSession(1989311583)--Connection(1905800551)--Thread(Thread[AWT-EventQueue-0,6,main])--SELECT NOMBRE, PADRE FROM CATEGORIA WHERE (NOMBRE = ?)
	bind => [Videojuegos]
[EL Fine]: sql: 2014-10-09 10:12:54.547--ServerSession(1989311583)--Connection(1905800551)--Thread(Thread[AWT-EventQueue-0,6,main])--SELECT t1.NROREFERENCIA, t1.DESCRIPCION, t1.NOMBRE, t1.PRECIO, t1.PROVEEDOR_ID, t0.ESP_NROREF FROM CATEGORIAESPECIFICACIONPROD t0, ESPECIFICACIONPRODUCTO t1 WHERE ((t0.CAT_NAME = ?) AND (t1.NROREFERENCIA = t0.ESP_NROREF))
	bind => [Videojuegos]
[EL Fine]: sql: 2014-10-09 10:12:54.547--ServerSession(1989311583)--Connection(1905800551)--Thread(Thread[AWT-EventQueue-0,6,main])--SELECT NOMBRE, PADRE FROM CATEGORIA WHERE (NOMBRE = ?)
	bind => [Playstation]
[EL Fine]: sql: 2014-10-09 10:12:54.548--ServerSession(1989311583)--Connection(1905800551)--Thread(Thread[AWT-EventQueue-0,6,main])--SELECT t1.NROREFERENCIA, t1.DESCRIPCION, t1.NOMBRE, t1.PRECIO, t1.PROVEEDOR_ID, t0.ESP_NROREF FROM CATEGORIAESPECIFICACIONPROD t0, ESPECIFICACIONPRODUCTO t1 WHERE ((t0.CAT_NAME = ?) AND (t1.NROREFERENCIA = t0.ESP_NROREF))
	bind => [Playstation]
[EL Fine]: sql: 2014-10-09 10:12:54.549--ServerSession(1989311583)--Connection(1905800551)--Thread(Thread[AWT-EventQueue-0,6,main])--SELECT NOMBRE, PADRE FROM CATEGORIA WHERE (NOMBRE = ?)
	bind => [Xbox]
[EL Fine]: sql: 2014-10-09 10:12:54.549--ServerSession(1989311583)--Connection(1905800551)--Thread(Thread[AWT-EventQueue-0,6,main])--SELECT t1.NROREFERENCIA, t1.DESCRIPCION, t1.NOMBRE, t1.PRECIO, t1.PROVEEDOR_ID, t0.ESP_NROREF FROM CATEGORIAESPECIFICACIONPROD t0, ESPECIFICACIONPRODUCTO t1 WHERE ((t0.CAT_NAME = ?) AND (t1.NROREFERENCIA = t0.ESP_NROREF))
	bind => [Xbox]
[EL Fine]: sql: 2014-10-09 10:12:54.55--ServerSession(1989311583)--Connection(1905800551)--Thread(Thread[AWT-EventQueue-0,6,main])--SELECT NOMBRE, PADRE FROM CATEGORIA
[EL Fine]: sql: 2014-10-09 10:12:54.55--ServerSession(1989311583)--Connection(1905800551)--Thread(Thread[AWT-EventQueue-0,6,main])--SELECT NOMBRE, PADRE FROM CATEGORIA
[EL Fine]: sql: 2014-10-09 10:12:54.551--ServerSession(1989311583)--Connection(1905800551)--Thread(Thread[AWT-EventQueue-0,6,main])--SELECT NOMBRE, PADRE FROM CATEGORIA WHERE (NOMBRE = ?)
	bind => [Celulares]
[EL Fine]: sql: 2014-10-09 10:12:54.551--ServerSession(1989311583)--Connection(1905800551)--Thread(Thread[AWT-EventQueue-0,6,main])--SELECT t1.NROREFERENCIA, t1.DESCRIPCION, t1.NOMBRE, t1.PRECIO, t1.PROVEEDOR_ID, t0.ESP_NROREF FROM CATEGORIAESPECIFICACIONPROD t0, ESPECIFICACIONPRODUCTO t1 WHERE ((t0.CAT_NAME = ?) AND (t1.NROREFERENCIA = t0.ESP_NROREF))
	bind => [Celulares]
[EL Fine]: sql: 2014-10-09 10:12:54.552--ServerSession(1989311583)--Connection(1905800551)--Thread(Thread[AWT-EventQueue-0,6,main])--SELECT NOMBRE, PADRE FROM CATEGORIA WHERE (NOMBRE = ?)
	bind => [Sistemas Operativos]
[EL Fine]: sql: 2014-10-09 10:12:54.552--ServerSession(1989311583)--Connection(1905800551)--Thread(Thread[AWT-EventQueue-0,6,main])--SELECT t1.NROREFERENCIA, t1.DESCRIPCION, t1.NOMBRE, t1.PRECIO, t1.PROVEEDOR_ID, t0.ESP_NROREF FROM CATEGORIAESPECIFICACIONPROD t0, ESPECIFICACIONPRODUCTO t1 WHERE ((t0.CAT_NAME = ?) AND (t1.NROREFERENCIA = t0.ESP_NROREF))
	bind => [Sistemas Operativos]
[EL Fine]: sql: 2014-10-09 10:12:54.553--ServerSession(1989311583)--Connection(1905800551)--Thread(Thread[AWT-EventQueue-0,6,main])--SELECT NOMBRE, PADRE FROM CATEGORIA WHERE (NOMBRE = ?)
	bind => [iOS]
[EL Fine]: sql: 2014-10-09 10:12:54.553--ServerSession(1989311583)--Connection(1905800551)--Thread(Thread[AWT-EventQueue-0,6,main])--SELECT t1.NROREFERENCIA, t1.DESCRIPCION, t1.NOMBRE, t1.PRECIO, t1.PROVEEDOR_ID, t0.ESP_NROREF FROM CATEGORIAESPECIFICACIONPROD t0, ESPECIFICACIONPRODUCTO t1 WHERE ((t0.CAT_NAME = ?) AND (t1.NROREFERENCIA = t0.ESP_NROREF))
	bind => [iOS]
[EL Fine]: sql: 2014-10-09 10:12:54.554--ServerSession(1989311583)--Connection(1905800551)--Thread(Thread[AWT-EventQueue-0,6,main])--SELECT NOMBRE, PADRE FROM CATEGORIA WHERE (NOMBRE = ?)
	bind => [Android]
[EL Fine]: sql: 2014-10-09 10:12:54.554--ServerSession(1989311583)--Connection(1905800551)--Thread(Thread[AWT-EventQueue-0,6,main])--SELECT t1.NROREFERENCIA, t1.DESCRIPCION, t1.NOMBRE, t1.PRECIO, t1.PROVEEDOR_ID, t0.ESP_NROREF FROM CATEGORIAESPECIFICACIONPROD t0, ESPECIFICACIONPRODUCTO t1 WHERE ((t0.CAT_NAME = ?) AND (t1.NROREFERENCIA = t0.ESP_NROREF))
	bind => [Android]
[EL Fine]: sql: 2014-10-09 10:12:54.555--ServerSession(1989311583)--Connection(1905800551)--Thread(Thread[AWT-EventQueue-0,6,main])--SELECT NOMBRE, PADRE FROM CATEGORIA WHERE (NOMBRE = ?)
	bind => [Windows Phone]
[EL Fine]: sql: 2014-10-09 10:12:54.555--ServerSession(1989311583)--Connection(1905800551)--Thread(Thread[AWT-EventQueue-0,6,main])--SELECT t1.NROREFERENCIA, t1.DESCRIPCION, t1.NOMBRE, t1.PRECIO, t1.PROVEEDOR_ID, t0.ESP_NROREF FROM CATEGORIAESPECIFICACIONPROD t0, ESPECIFICACIONPRODUCTO t1 WHERE ((t0.CAT_NAME = ?) AND (t1.NROREFERENCIA = t0.ESP_NROREF))
	bind => [Windows Phone]
[EL Fine]: sql: 2014-10-09 10:12:54.556--ServerSession(1989311583)--Connection(1905800551)--Thread(Thread[AWT-EventQueue-0,6,main])--SELECT NOMBRE, PADRE FROM CATEGORIA WHERE (NOMBRE = ?)
	bind => [Symbian]
[EL Fine]: sql: 2014-10-09 10:12:54.557--ServerSession(1989311583)--Connection(1905800551)--Thread(Thread[AWT-EventQueue-0,6,main])--SELECT t1.NROREFERENCIA, t1.DESCRIPCION, t1.NOMBRE, t1.PRECIO, t1.PROVEEDOR_ID, t0.ESP_NROREF FROM CATEGORIAESPECIFICACIONPROD t0, ESPECIFICACIONPRODUCTO t1 WHERE ((t0.CAT_NAME = ?) AND (t1.NROREFERENCIA = t0.ESP_NROREF))
	bind => [Symbian]
[EL Fine]: sql: 2014-10-09 10:12:54.557--ServerSession(1989311583)--Connection(1905800551)--Thread(Thread[AWT-EventQueue-0,6,main])--SELECT NOMBRE, PADRE FROM CATEGORIA WHERE (NOMBRE = ?)
	bind => [Blackberry OS]
[EL Fine]: sql: 2014-10-09 10:12:54.558--ServerSession(1989311583)--Connection(1905800551)--Thread(Thread[AWT-EventQueue-0,6,main])--SELECT t1.NROREFERENCIA, t1.DESCRIPCION, t1.NOMBRE, t1.PRECIO, t1.PROVEEDOR_ID, t0.ESP_NROREF FROM CATEGORIAESPECIFICACIONPROD t0, ESPECIFICACIONPRODUCTO t1 WHERE ((t0.CAT_NAME = ?) AND (t1.NROREFERENCIA = t0.ESP_NROREF))
	bind => [Blackberry OS]
[EL Fine]: sql: 2014-10-09 10:12:54.559--ServerSession(1989311583)--Connection(1905800551)--Thread(Thread[AWT-EventQueue-0,6,main])--SELECT NOMBRE, PADRE FROM CATEGORIA WHERE (NOMBRE = ?)
	bind => [Equipos]
[EL Fine]: sql: 2014-10-09 10:12:54.559--ServerSession(1989311583)--Connection(1905800551)--Thread(Thread[AWT-EventQueue-0,6,main])--SELECT t1.NROREFERENCIA, t1.DESCRIPCION, t1.NOMBRE, t1.PRECIO, t1.PROVEEDOR_ID, t0.ESP_NROREF FROM CATEGORIAESPECIFICACIONPROD t0, ESPECIFICACIONPRODUCTO t1 WHERE ((t0.CAT_NAME = ?) AND (t1.NROREFERENCIA = t0.ESP_NROREF))
	bind => [Equipos]
[EL Fine]: sql: 2014-10-09 10:12:54.56--ServerSession(1989311583)--Connection(1905800551)--Thread(Thread[AWT-EventQueue-0,6,main])--SELECT NOMBRE, PADRE FROM CATEGORIA WHERE (NOMBRE = ?)
	bind => [iPhone]
[EL Fine]: sql: 2014-10-09 10:12:54.56--ServerSession(1989311583)--Connection(1905800551)--Thread(Thread[AWT-EventQueue-0,6,main])--SELECT t1.NROREFERENCIA, t1.DESCRIPCION, t1.NOMBRE, t1.PRECIO, t1.PROVEEDOR_ID, t0.ESP_NROREF FROM CATEGORIAESPECIFICACIONPROD t0, ESPECIFICACIONPRODUCTO t1 WHERE ((t0.CAT_NAME = ?) AND (t1.NROREFERENCIA = t0.ESP_NROREF))
	bind => [iPhone]
[EL Fine]: sql: 2014-10-09 10:12:54.561--ServerSession(1989311583)--Connection(1905800551)--Thread(Thread[AWT-EventQueue-0,6,main])--SELECT NOMBRE, PADRE FROM CATEGORIA WHERE (NOMBRE = ?)
	bind => [Nexus]
[EL Fine]: sql: 2014-10-09 10:12:54.562--ServerSession(1989311583)--Connection(1905800551)--Thread(Thread[AWT-EventQueue-0,6,main])--SELECT t1.NROREFERENCIA, t1.DESCRIPCION, t1.NOMBRE, t1.PRECIO, t1.PROVEEDOR_ID, t0.ESP_NROREF FROM CATEGORIAESPECIFICACIONPROD t0, ESPECIFICACIONPRODUCTO t1 WHERE ((t0.CAT_NAME = ?) AND (t1.NROREFERENCIA = t0.ESP_NROREF))
	bind => [Nexus]
[EL Fine]: sql: 2014-10-09 10:12:54.562--ServerSession(1989311583)--Connection(1905800551)--Thread(Thread[AWT-EventQueue-0,6,main])--SELECT NOMBRE, PADRE FROM CATEGORIA WHERE (NOMBRE = ?)
	bind => [Samsung]
[EL Fine]: sql: 2014-10-09 10:12:54.563--ServerSession(1989311583)--Connection(1905800551)--Thread(Thread[AWT-EventQueue-0,6,main])--SELECT t1.NROREFERENCIA, t1.DESCRIPCION, t1.NOMBRE, t1.PRECIO, t1.PROVEEDOR_ID, t0.ESP_NROREF FROM CATEGORIAESPECIFICACIONPROD t0, ESPECIFICACIONPRODUCTO t1 WHERE ((t0.CAT_NAME = ?) AND (t1.NROREFERENCIA = t0.ESP_NROREF))
	bind => [Samsung]
[EL Fine]: sql: 2014-10-09 10:12:54.564--ServerSession(1989311583)--Connection(1905800551)--Thread(Thread[AWT-EventQueue-0,6,main])--SELECT NOMBRE, PADRE FROM CATEGORIA WHERE (NOMBRE = ?)
	bind => [Galaxy S3]
[EL Fine]: sql: 2014-10-09 10:12:54.564--ServerSession(1989311583)--Connection(1905800551)--Thread(Thread[AWT-EventQueue-0,6,main])--SELECT t1.NROREFERENCIA, t1.DESCRIPCION, t1.NOMBRE, t1.PRECIO, t1.PROVEEDOR_ID, t0.ESP_NROREF FROM CATEGORIAESPECIFICACIONPROD t0, ESPECIFICACIONPRODUCTO t1 WHERE ((t0.CAT_NAME = ?) AND (t1.NROREFERENCIA = t0.ESP_NROREF))
	bind => [Galaxy S3]
[EL Fine]: sql: 2014-10-09 10:12:54.565--ServerSession(1989311583)--Connection(1905800551)--Thread(Thread[AWT-EventQueue-0,6,main])--SELECT NOMBRE, PADRE FROM CATEGORIA WHERE (NOMBRE = ?)
	bind => [Galaxy S4]
[EL Fine]: sql: 2014-10-09 10:12:54.566--ServerSession(1989311583)--Connection(1905800551)--Thread(Thread[AWT-EventQueue-0,6,main])--SELECT t1.NROREFERENCIA, t1.DESCRIPCION, t1.NOMBRE, t1.PRECIO, t1.PROVEEDOR_ID, t0.ESP_NROREF FROM CATEGORIAESPECIFICACIONPROD t0, ESPECIFICACIONPRODUCTO t1 WHERE ((t0.CAT_NAME = ?) AND (t1.NROREFERENCIA = t0.ESP_NROREF))
	bind => [Galaxy S4]
[EL Fine]: sql: 2014-10-09 10:12:54.566--ServerSession(1989311583)--Connection(1905800551)--Thread(Thread[AWT-EventQueue-0,6,main])--SELECT NOMBRE, PADRE FROM CATEGORIA WHERE (NOMBRE = ?)
	bind => [Galaxy Ace]
[EL Fine]: sql: 2014-10-09 10:12:54.567--ServerSession(1989311583)--Connection(1905800551)--Thread(Thread[AWT-EventQueue-0,6,main])--SELECT t1.NROREFERENCIA, t1.DESCRIPCION, t1.NOMBRE, t1.PRECIO, t1.PROVEEDOR_ID, t0.ESP_NROREF FROM CATEGORIAESPECIFICACIONPROD t0, ESPECIFICACIONPRODUCTO t1 WHERE ((t0.CAT_NAME = ?) AND (t1.NROREFERENCIA = t0.ESP_NROREF))
	bind => [Galaxy Ace]
[EL Fine]: sql: 2014-10-09 10:12:54.568--ServerSession(1989311583)--Connection(1905800551)--Thread(Thread[AWT-EventQueue-0,6,main])--SELECT NOMBRE, PADRE FROM CATEGORIA WHERE (NOMBRE = ?)
	bind => [Blackberry]
[EL Fine]: sql: 2014-10-09 10:12:54.568--ServerSession(1989311583)--Connection(1905800551)--Thread(Thread[AWT-EventQueue-0,6,main])--SELECT t1.NROREFERENCIA, t1.DESCRIPCION, t1.NOMBRE, t1.PRECIO, t1.PROVEEDOR_ID, t0.ESP_NROREF FROM CATEGORIAESPECIFICACIONPROD t0, ESPECIFICACIONPRODUCTO t1 WHERE ((t0.CAT_NAME = ?) AND (t1.NROREFERENCIA = t0.ESP_NROREF))
	bind => [Blackberry]
[EL Fine]: sql: 2014-10-09 10:12:54.569--ServerSession(1989311583)--Connection(1905800551)--Thread(Thread[AWT-EventQueue-0,6,main])--SELECT NOMBRE, PADRE FROM CATEGORIA WHERE (NOMBRE = ?)
	bind => [Nokia]
[EL Fine]: sql: 2014-10-09 10:12:54.57--ServerSession(1989311583)--Connection(1905800551)--Thread(Thread[AWT-EventQueue-0,6,main])--SELECT t1.NROREFERENCIA, t1.DESCRIPCION, t1.NOMBRE, t1.PRECIO, t1.PROVEEDOR_ID, t0.ESP_NROREF FROM CATEGORIAESPECIFICACIONPROD t0, ESPECIFICACIONPRODUCTO t1 WHERE ((t0.CAT_NAME = ?) AND (t1.NROREFERENCIA = t0.ESP_NROREF))
	bind => [Nokia]
[EL Fine]: sql: 2014-10-09 10:12:54.571--ServerSession(1989311583)--Connection(1905800551)--Thread(Thread[AWT-EventQueue-0,6,main])--SELECT NOMBRE, PADRE FROM CATEGORIA WHERE (NOMBRE = ?)
	bind => [Accesorios]
[EL Fine]: sql: 2014-10-09 10:12:54.571--ServerSession(1989311583)--Connection(1905800551)--Thread(Thread[AWT-EventQueue-0,6,main])--SELECT t1.NROREFERENCIA, t1.DESCRIPCION, t1.NOMBRE, t1.PRECIO, t1.PROVEEDOR_ID, t0.ESP_NROREF FROM CATEGORIAESPECIFICACIONPROD t0, ESPECIFICACIONPRODUCTO t1 WHERE ((t0.CAT_NAME = ?) AND (t1.NROREFERENCIA = t0.ESP_NROREF))
	bind => [Accesorios]
[EL Fine]: sql: 2014-10-09 10:12:54.572--ServerSession(1989311583)--Connection(1905800551)--Thread(Thread[AWT-EventQueue-0,6,main])--SELECT NOMBRE, PADRE FROM CATEGORIA WHERE (NOMBRE = ?)
	bind => [Protectores]
[EL Fine]: sql: 2014-10-09 10:12:54.572--ServerSession(1989311583)--Connection(1905800551)--Thread(Thread[AWT-EventQueue-0,6,main])--SELECT t1.NROREFERENCIA, t1.DESCRIPCION, t1.NOMBRE, t1.PRECIO, t1.PROVEEDOR_ID, t0.ESP_NROREF FROM CATEGORIAESPECIFICACIONPROD t0, ESPECIFICACIONPRODUCTO t1 WHERE ((t0.CAT_NAME = ?) AND (t1.NROREFERENCIA = t0.ESP_NROREF))
	bind => [Protectores]
[EL Fine]: sql: 2014-10-09 10:12:54.573--ServerSession(1989311583)--Connection(1905800551)--Thread(Thread[AWT-EventQueue-0,6,main])--SELECT NOMBRE, PADRE FROM CATEGORIA WHERE (NOMBRE = ?)
	bind => [Baterías]
[EL Fine]: sql: 2014-10-09 10:12:54.574--ServerSession(1989311583)--Connection(1905800551)--Thread(Thread[AWT-EventQueue-0,6,main])--SELECT t1.NROREFERENCIA, t1.DESCRIPCION, t1.NOMBRE, t1.PRECIO, t1.PROVEEDOR_ID, t0.ESP_NROREF FROM CATEGORIAESPECIFICACIONPROD t0, ESPECIFICACIONPRODUCTO t1 WHERE ((t0.CAT_NAME = ?) AND (t1.NROREFERENCIA = t0.ESP_NROREF))
	bind => [Baterías]
[EL Fine]: sql: 2014-10-09 10:12:54.574--ServerSession(1989311583)--Connection(1905800551)--Thread(Thread[AWT-EventQueue-0,6,main])--SELECT NOMBRE, PADRE FROM CATEGORIA WHERE (NOMBRE = ?)
	bind => [Apple]
[EL Fine]: sql: 2014-10-09 10:12:54.576--ServerSession(1989311583)--Connection(1905800551)--Thread(Thread[AWT-EventQueue-0,6,main])--SELECT t1.NROREFERENCIA, t1.DESCRIPCION, t1.NOMBRE, t1.PRECIO, t1.PROVEEDOR_ID, t0.ESP_NROREF FROM CATEGORIAESPECIFICACIONPROD t0, ESPECIFICACIONPRODUCTO t1 WHERE ((t0.CAT_NAME = ?) AND (t1.NROREFERENCIA = t0.ESP_NROREF))
	bind => [Apple]
[EL Fine]: sql: 2014-10-09 10:12:54.577--ServerSession(1989311583)--Connection(1905800551)--Thread(Thread[AWT-EventQueue-0,6,main])--SELECT NOMBRE, PADRE FROM CATEGORIA WHERE (NOMBRE = ?)
	bind => [Videojuegos]
[EL Fine]: sql: 2014-10-09 10:12:54.577--ServerSession(1989311583)--Connection(1905800551)--Thread(Thread[AWT-EventQueue-0,6,main])--SELECT t1.NROREFERENCIA, t1.DESCRIPCION, t1.NOMBRE, t1.PRECIO, t1.PROVEEDOR_ID, t0.ESP_NROREF FROM CATEGORIAESPECIFICACIONPROD t0, ESPECIFICACIONPRODUCTO t1 WHERE ((t0.CAT_NAME = ?) AND (t1.NROREFERENCIA = t0.ESP_NROREF))
	bind => [Videojuegos]
[EL Fine]: sql: 2014-10-09 10:12:54.578--ServerSession(1989311583)--Connection(1905800551)--Thread(Thread[AWT-EventQueue-0,6,main])--SELECT NOMBRE, PADRE FROM CATEGORIA WHERE (NOMBRE = ?)
	bind => [Playstation]
[EL Fine]: sql: 2014-10-09 10:12:54.578--ServerSession(1989311583)--Connection(1905800551)--Thread(Thread[AWT-EventQueue-0,6,main])--SELECT t1.NROREFERENCIA, t1.DESCRIPCION, t1.NOMBRE, t1.PRECIO, t1.PROVEEDOR_ID, t0.ESP_NROREF FROM CATEGORIAESPECIFICACIONPROD t0, ESPECIFICACIONPRODUCTO t1 WHERE ((t0.CAT_NAME = ?) AND (t1.NROREFERENCIA = t0.ESP_NROREF))
	bind => [Playstation]
[EL Fine]: sql: 2014-10-09 10:12:54.579--ServerSession(1989311583)--Connection(1905800551)--Thread(Thread[AWT-EventQueue-0,6,main])--SELECT NOMBRE, PADRE FROM CATEGORIA WHERE (NOMBRE = ?)
	bind => [Xbox]
[EL Fine]: sql: 2014-10-09 10:12:54.579--ServerSession(1989311583)--Connection(1905800551)--Thread(Thread[AWT-EventQueue-0,6,main])--SELECT t1.NROREFERENCIA, t1.DESCRIPCION, t1.NOMBRE, t1.PRECIO, t1.PROVEEDOR_ID, t0.ESP_NROREF FROM CATEGORIAESPECIFICACIONPROD t0, ESPECIFICACIONPRODUCTO t1 WHERE ((t0.CAT_NAME = ?) AND (t1.NROREFERENCIA = t0.ESP_NROREF))
	bind => [Xbox]
[EL Fine]: sql: 2014-10-09 10:12:54.584--ServerSession(1989311583)--Connection(1905800551)--Thread(Thread[AWT-EventQueue-0,6,main])--SELECT NOMBRE, PADRE FROM CATEGORIA
[EL Fine]: sql: 2014-10-09 10:12:54.585--ServerSession(1989311583)--Connection(1905800551)--Thread(Thread[AWT-EventQueue-0,6,main])--SELECT NROREFERENCIA, DESCRIPCION, NOMBRE, PRECIO, PROVEEDOR_ID FROM ESPECIFICACIONPRODUCTO
[EL Fine]: sql: 2014-10-09 10:12:54.585--ServerSession(1989311583)--Connection(1905800551)--Thread(Thread[AWT-EventQueue-0,6,main])--SELECT NOMBRE, PADRE FROM CATEGORIA
[EL Fine]: sql: 2014-10-09 10:12:54.586--ServerSession(1989311583)--Connection(1905800551)--Thread(Thread[AWT-EventQueue-0,6,main])--SELECT NOMBRE, PADRE FROM CATEGORIA WHERE (NOMBRE = ?)
	bind => [Celulares]
[EL Fine]: sql: 2014-10-09 10:12:54.588--ServerSession(1989311583)--Connection(1905800551)--Thread(Thread[AWT-EventQueue-0,6,main])--SELECT t1.NROREFERENCIA, t1.DESCRIPCION, t1.NOMBRE, t1.PRECIO, t1.PROVEEDOR_ID, t0.ESP_NROREF FROM CATEGORIAESPECIFICACIONPROD t0, ESPECIFICACIONPRODUCTO t1 WHERE ((t0.CAT_NAME = ?) AND (t1.NROREFERENCIA = t0.ESP_NROREF))
	bind => [Celulares]
[EL Fine]: sql: 2014-10-09 10:12:54.589--ServerSession(1989311583)--Connection(1905800551)--Thread(Thread[AWT-EventQueue-0,6,main])--SELECT NOMBRE, PADRE FROM CATEGORIA WHERE (NOMBRE = ?)
	bind => [Sistemas Operativos]
[EL Fine]: sql: 2014-10-09 10:12:54.589--ServerSession(1989311583)--Connection(1905800551)--Thread(Thread[AWT-EventQueue-0,6,main])--SELECT t1.NROREFERENCIA, t1.DESCRIPCION, t1.NOMBRE, t1.PRECIO, t1.PROVEEDOR_ID, t0.ESP_NROREF FROM CATEGORIAESPECIFICACIONPROD t0, ESPECIFICACIONPRODUCTO t1 WHERE ((t0.CAT_NAME = ?) AND (t1.NROREFERENCIA = t0.ESP_NROREF))
	bind => [Sistemas Operativos]
[EL Fine]: sql: 2014-10-09 10:12:54.59--ServerSession(1989311583)--Connection(1905800551)--Thread(Thread[AWT-EventQueue-0,6,main])--SELECT NOMBRE, PADRE FROM CATEGORIA WHERE (NOMBRE = ?)
	bind => [iOS]
[EL Fine]: sql: 2014-10-09 10:12:54.59--ServerSession(1989311583)--Connection(1905800551)--Thread(Thread[AWT-EventQueue-0,6,main])--SELECT t1.NROREFERENCIA, t1.DESCRIPCION, t1.NOMBRE, t1.PRECIO, t1.PROVEEDOR_ID, t0.ESP_NROREF FROM CATEGORIAESPECIFICACIONPROD t0, ESPECIFICACIONPRODUCTO t1 WHERE ((t0.CAT_NAME = ?) AND (t1.NROREFERENCIA = t0.ESP_NROREF))
	bind => [iOS]
[EL Fine]: sql: 2014-10-09 10:12:54.591--ServerSession(1989311583)--Connection(1905800551)--Thread(Thread[AWT-EventQueue-0,6,main])--SELECT NOMBRE, PADRE FROM CATEGORIA WHERE (NOMBRE = ?)
	bind => [Android]
[EL Fine]: sql: 2014-10-09 10:12:54.591--ServerSession(1989311583)--Connection(1905800551)--Thread(Thread[AWT-EventQueue-0,6,main])--SELECT t1.NROREFERENCIA, t1.DESCRIPCION, t1.NOMBRE, t1.PRECIO, t1.PROVEEDOR_ID, t0.ESP_NROREF FROM CATEGORIAESPECIFICACIONPROD t0, ESPECIFICACIONPRODUCTO t1 WHERE ((t0.CAT_NAME = ?) AND (t1.NROREFERENCIA = t0.ESP_NROREF))
	bind => [Android]
[EL Fine]: sql: 2014-10-09 10:12:54.592--ServerSession(1989311583)--Connection(1905800551)--Thread(Thread[AWT-EventQueue-0,6,main])--SELECT NOMBRE, PADRE FROM CATEGORIA WHERE (NOMBRE = ?)
	bind => [Windows Phone]
[EL Fine]: sql: 2014-10-09 10:12:54.592--ServerSession(1989311583)--Connection(1905800551)--Thread(Thread[AWT-EventQueue-0,6,main])--SELECT t1.NROREFERENCIA, t1.DESCRIPCION, t1.NOMBRE, t1.PRECIO, t1.PROVEEDOR_ID, t0.ESP_NROREF FROM CATEGORIAESPECIFICACIONPROD t0, ESPECIFICACIONPRODUCTO t1 WHERE ((t0.CAT_NAME = ?) AND (t1.NROREFERENCIA = t0.ESP_NROREF))
	bind => [Windows Phone]
[EL Fine]: sql: 2014-10-09 10:12:54.592--ServerSession(1989311583)--Connection(1905800551)--Thread(Thread[AWT-EventQueue-0,6,main])--SELECT NOMBRE, PADRE FROM CATEGORIA WHERE (NOMBRE = ?)
	bind => [Symbian]
[EL Fine]: sql: 2014-10-09 10:12:54.593--ServerSession(1989311583)--Connection(1905800551)--Thread(Thread[AWT-EventQueue-0,6,main])--SELECT t1.NROREFERENCIA, t1.DESCRIPCION, t1.NOMBRE, t1.PRECIO, t1.PROVEEDOR_ID, t0.ESP_NROREF FROM CATEGORIAESPECIFICACIONPROD t0, ESPECIFICACIONPRODUCTO t1 WHERE ((t0.CAT_NAME = ?) AND (t1.NROREFERENCIA = t0.ESP_NROREF))
	bind => [Symbian]
[EL Fine]: sql: 2014-10-09 10:12:54.593--ServerSession(1989311583)--Connection(1905800551)--Thread(Thread[AWT-EventQueue-0,6,main])--SELECT NOMBRE, PADRE FROM CATEGORIA WHERE (NOMBRE = ?)
	bind => [Blackberry OS]
[EL Fine]: sql: 2014-10-09 10:12:54.594--ServerSession(1989311583)--Connection(1905800551)--Thread(Thread[AWT-EventQueue-0,6,main])--SELECT t1.NROREFERENCIA, t1.DESCRIPCION, t1.NOMBRE, t1.PRECIO, t1.PROVEEDOR_ID, t0.ESP_NROREF FROM CATEGORIAESPECIFICACIONPROD t0, ESPECIFICACIONPRODUCTO t1 WHERE ((t0.CAT_NAME = ?) AND (t1.NROREFERENCIA = t0.ESP_NROREF))
	bind => [Blackberry OS]
[EL Fine]: sql: 2014-10-09 10:12:54.594--ServerSession(1989311583)--Connection(1905800551)--Thread(Thread[AWT-EventQueue-0,6,main])--SELECT NOMBRE, PADRE FROM CATEGORIA WHERE (NOMBRE = ?)
	bind => [Equipos]
[EL Fine]: sql: 2014-10-09 10:12:54.594--ServerSession(1989311583)--Connection(1905800551)--Thread(Thread[AWT-EventQueue-0,6,main])--SELECT t1.NROREFERENCIA, t1.DESCRIPCION, t1.NOMBRE, t1.PRECIO, t1.PROVEEDOR_ID, t0.ESP_NROREF FROM CATEGORIAESPECIFICACIONPROD t0, ESPECIFICACIONPRODUCTO t1 WHERE ((t0.CAT_NAME = ?) AND (t1.NROREFERENCIA = t0.ESP_NROREF))
	bind => [Equipos]
[EL Fine]: sql: 2014-10-09 10:12:54.595--ServerSession(1989311583)--Connection(1905800551)--Thread(Thread[AWT-EventQueue-0,6,main])--SELECT NOMBRE, PADRE FROM CATEGORIA WHERE (NOMBRE = ?)
	bind => [iPhone]
[EL Fine]: sql: 2014-10-09 10:12:54.595--ServerSession(1989311583)--Connection(1905800551)--Thread(Thread[AWT-EventQueue-0,6,main])--SELECT t1.NROREFERENCIA, t1.DESCRIPCION, t1.NOMBRE, t1.PRECIO, t1.PROVEEDOR_ID, t0.ESP_NROREF FROM CATEGORIAESPECIFICACIONPROD t0, ESPECIFICACIONPRODUCTO t1 WHERE ((t0.CAT_NAME = ?) AND (t1.NROREFERENCIA = t0.ESP_NROREF))
	bind => [iPhone]
[EL Fine]: sql: 2014-10-09 10:12:54.595--ServerSession(1989311583)--Connection(1905800551)--Thread(Thread[AWT-EventQueue-0,6,main])--SELECT NOMBRE, PADRE FROM CATEGORIA WHERE (NOMBRE = ?)
	bind => [Nexus]
[EL Fine]: sql: 2014-10-09 10:12:54.596--ServerSession(1989311583)--Connection(1905800551)--Thread(Thread[AWT-EventQueue-0,6,main])--SELECT t1.NROREFERENCIA, t1.DESCRIPCION, t1.NOMBRE, t1.PRECIO, t1.PROVEEDOR_ID, t0.ESP_NROREF FROM CATEGORIAESPECIFICACIONPROD t0, ESPECIFICACIONPRODUCTO t1 WHERE ((t0.CAT_NAME = ?) AND (t1.NROREFERENCIA = t0.ESP_NROREF))
	bind => [Nexus]
[EL Fine]: sql: 2014-10-09 10:12:54.596--ServerSession(1989311583)--Connection(1905800551)--Thread(Thread[AWT-EventQueue-0,6,main])--SELECT NOMBRE, PADRE FROM CATEGORIA WHERE (NOMBRE = ?)
	bind => [Samsung]
[EL Fine]: sql: 2014-10-09 10:12:54.596--ServerSession(1989311583)--Connection(1905800551)--Thread(Thread[AWT-EventQueue-0,6,main])--SELECT t1.NROREFERENCIA, t1.DESCRIPCION, t1.NOMBRE, t1.PRECIO, t1.PROVEEDOR_ID, t0.ESP_NROREF FROM CATEGORIAESPECIFICACIONPROD t0, ESPECIFICACIONPRODUCTO t1 WHERE ((t0.CAT_NAME = ?) AND (t1.NROREFERENCIA = t0.ESP_NROREF))
	bind => [Samsung]
[EL Fine]: sql: 2014-10-09 10:12:54.597--ServerSession(1989311583)--Connection(1905800551)--Thread(Thread[AWT-EventQueue-0,6,main])--SELECT NOMBRE, PADRE FROM CATEGORIA WHERE (NOMBRE = ?)
	bind => [Galaxy S3]
[EL Fine]: sql: 2014-10-09 10:12:54.597--ServerSession(1989311583)--Connection(1905800551)--Thread(Thread[AWT-EventQueue-0,6,main])--SELECT t1.NROREFERENCIA, t1.DESCRIPCION, t1.NOMBRE, t1.PRECIO, t1.PROVEEDOR_ID, t0.ESP_NROREF FROM CATEGORIAESPECIFICACIONPROD t0, ESPECIFICACIONPRODUCTO t1 WHERE ((t0.CAT_NAME = ?) AND (t1.NROREFERENCIA = t0.ESP_NROREF))
	bind => [Galaxy S3]
[EL Fine]: sql: 2014-10-09 10:12:54.598--ServerSession(1989311583)--Connection(1905800551)--Thread(Thread[AWT-EventQueue-0,6,main])--SELECT NOMBRE, PADRE FROM CATEGORIA WHERE (NOMBRE = ?)
	bind => [Galaxy S4]
[EL Fine]: sql: 2014-10-09 10:12:54.598--ServerSession(1989311583)--Connection(1905800551)--Thread(Thread[AWT-EventQueue-0,6,main])--SELECT t1.NROREFERENCIA, t1.DESCRIPCION, t1.NOMBRE, t1.PRECIO, t1.PROVEEDOR_ID, t0.ESP_NROREF FROM CATEGORIAESPECIFICACIONPROD t0, ESPECIFICACIONPRODUCTO t1 WHERE ((t0.CAT_NAME = ?) AND (t1.NROREFERENCIA = t0.ESP_NROREF))
	bind => [Galaxy S4]
[EL Fine]: sql: 2014-10-09 10:12:54.599--ServerSession(1989311583)--Connection(1905800551)--Thread(Thread[AWT-EventQueue-0,6,main])--SELECT NOMBRE, PADRE FROM CATEGORIA WHERE (NOMBRE = ?)
	bind => [Galaxy Ace]
[EL Fine]: sql: 2014-10-09 10:12:54.599--ServerSession(1989311583)--Connection(1905800551)--Thread(Thread[AWT-EventQueue-0,6,main])--SELECT t1.NROREFERENCIA, t1.DESCRIPCION, t1.NOMBRE, t1.PRECIO, t1.PROVEEDOR_ID, t0.ESP_NROREF FROM CATEGORIAESPECIFICACIONPROD t0, ESPECIFICACIONPRODUCTO t1 WHERE ((t0.CAT_NAME = ?) AND (t1.NROREFERENCIA = t0.ESP_NROREF))
	bind => [Galaxy Ace]
[EL Fine]: sql: 2014-10-09 10:12:54.6--ServerSession(1989311583)--Connection(1905800551)--Thread(Thread[AWT-EventQueue-0,6,main])--SELECT NOMBRE, PADRE FROM CATEGORIA WHERE (NOMBRE = ?)
	bind => [Blackberry]
[EL Fine]: sql: 2014-10-09 10:12:54.6--ServerSession(1989311583)--Connection(1905800551)--Thread(Thread[AWT-EventQueue-0,6,main])--SELECT t1.NROREFERENCIA, t1.DESCRIPCION, t1.NOMBRE, t1.PRECIO, t1.PROVEEDOR_ID, t0.ESP_NROREF FROM CATEGORIAESPECIFICACIONPROD t0, ESPECIFICACIONPRODUCTO t1 WHERE ((t0.CAT_NAME = ?) AND (t1.NROREFERENCIA = t0.ESP_NROREF))
	bind => [Blackberry]
[EL Fine]: sql: 2014-10-09 10:12:54.6--ServerSession(1989311583)--Connection(1905800551)--Thread(Thread[AWT-EventQueue-0,6,main])--SELECT NOMBRE, PADRE FROM CATEGORIA WHERE (NOMBRE = ?)
	bind => [Nokia]
[EL Fine]: sql: 2014-10-09 10:12:54.601--ServerSession(1989311583)--Connection(1905800551)--Thread(Thread[AWT-EventQueue-0,6,main])--SELECT t1.NROREFERENCIA, t1.DESCRIPCION, t1.NOMBRE, t1.PRECIO, t1.PROVEEDOR_ID, t0.ESP_NROREF FROM CATEGORIAESPECIFICACIONPROD t0, ESPECIFICACIONPRODUCTO t1 WHERE ((t0.CAT_NAME = ?) AND (t1.NROREFERENCIA = t0.ESP_NROREF))
	bind => [Nokia]
[EL Fine]: sql: 2014-10-09 10:12:54.601--ServerSession(1989311583)--Connection(1905800551)--Thread(Thread[AWT-EventQueue-0,6,main])--SELECT NOMBRE, PADRE FROM CATEGORIA WHERE (NOMBRE = ?)
	bind => [Accesorios]
[EL Fine]: sql: 2014-10-09 10:12:54.602--ServerSession(1989311583)--Connection(1905800551)--Thread(Thread[AWT-EventQueue-0,6,main])--SELECT t1.NROREFERENCIA, t1.DESCRIPCION, t1.NOMBRE, t1.PRECIO, t1.PROVEEDOR_ID, t0.ESP_NROREF FROM CATEGORIAESPECIFICACIONPROD t0, ESPECIFICACIONPRODUCTO t1 WHERE ((t0.CAT_NAME = ?) AND (t1.NROREFERENCIA = t0.ESP_NROREF))
	bind => [Accesorios]
[EL Fine]: sql: 2014-10-09 10:12:54.602--ServerSession(1989311583)--Connection(1905800551)--Thread(Thread[AWT-EventQueue-0,6,main])--SELECT NOMBRE, PADRE FROM CATEGORIA WHERE (NOMBRE = ?)
	bind => [Protectores]
[EL Fine]: sql: 2014-10-09 10:12:54.603--ServerSession(1989311583)--Connection(1905800551)--Thread(Thread[AWT-EventQueue-0,6,main])--SELECT t1.NROREFERENCIA, t1.DESCRIPCION, t1.NOMBRE, t1.PRECIO, t1.PROVEEDOR_ID, t0.ESP_NROREF FROM CATEGORIAESPECIFICACIONPROD t0, ESPECIFICACIONPRODUCTO t1 WHERE ((t0.CAT_NAME = ?) AND (t1.NROREFERENCIA = t0.ESP_NROREF))
	bind => [Protectores]
[EL Fine]: sql: 2014-10-09 10:12:54.603--ServerSession(1989311583)--Connection(1905800551)--Thread(Thread[AWT-EventQueue-0,6,main])--SELECT NOMBRE, PADRE FROM CATEGORIA WHERE (NOMBRE = ?)
	bind => [Baterías]
[EL Fine]: sql: 2014-10-09 10:12:54.604--ServerSession(1989311583)--Connection(1905800551)--Thread(Thread[AWT-EventQueue-0,6,main])--SELECT t1.NROREFERENCIA, t1.DESCRIPCION, t1.NOMBRE, t1.PRECIO, t1.PROVEEDOR_ID, t0.ESP_NROREF FROM CATEGORIAESPECIFICACIONPROD t0, ESPECIFICACIONPRODUCTO t1 WHERE ((t0.CAT_NAME = ?) AND (t1.NROREFERENCIA = t0.ESP_NROREF))
	bind => [Baterías]
[EL Fine]: sql: 2014-10-09 10:12:54.605--ServerSession(1989311583)--Connection(1905800551)--Thread(Thread[AWT-EventQueue-0,6,main])--SELECT NOMBRE, PADRE FROM CATEGORIA WHERE (NOMBRE = ?)
	bind => [Apple]
[EL Fine]: sql: 2014-10-09 10:12:54.605--ServerSession(1989311583)--Connection(1905800551)--Thread(Thread[AWT-EventQueue-0,6,main])--SELECT t1.NROREFERENCIA, t1.DESCRIPCION, t1.NOMBRE, t1.PRECIO, t1.PROVEEDOR_ID, t0.ESP_NROREF FROM CATEGORIAESPECIFICACIONPROD t0, ESPECIFICACIONPRODUCTO t1 WHERE ((t0.CAT_NAME = ?) AND (t1.NROREFERENCIA = t0.ESP_NROREF))
	bind => [Apple]
[EL Fine]: sql: 2014-10-09 10:12:54.605--ServerSession(1989311583)--Connection(1905800551)--Thread(Thread[AWT-EventQueue-0,6,main])--SELECT NOMBRE, PADRE FROM CATEGORIA WHERE (NOMBRE = ?)
	bind => [Videojuegos]
[EL Fine]: sql: 2014-10-09 10:12:54.606--ServerSession(1989311583)--Connection(1905800551)--Thread(Thread[AWT-EventQueue-0,6,main])--SELECT t1.NROREFERENCIA, t1.DESCRIPCION, t1.NOMBRE, t1.PRECIO, t1.PROVEEDOR_ID, t0.ESP_NROREF FROM CATEGORIAESPECIFICACIONPROD t0, ESPECIFICACIONPRODUCTO t1 WHERE ((t0.CAT_NAME = ?) AND (t1.NROREFERENCIA = t0.ESP_NROREF))
	bind => [Videojuegos]
[EL Fine]: sql: 2014-10-09 10:12:54.606--ServerSession(1989311583)--Connection(1905800551)--Thread(Thread[AWT-EventQueue-0,6,main])--SELECT NOMBRE, PADRE FROM CATEGORIA WHERE (NOMBRE = ?)
	bind => [Playstation]
[EL Fine]: sql: 2014-10-09 10:12:54.607--ServerSession(1989311583)--Connection(1905800551)--Thread(Thread[AWT-EventQueue-0,6,main])--SELECT t1.NROREFERENCIA, t1.DESCRIPCION, t1.NOMBRE, t1.PRECIO, t1.PROVEEDOR_ID, t0.ESP_NROREF FROM CATEGORIAESPECIFICACIONPROD t0, ESPECIFICACIONPRODUCTO t1 WHERE ((t0.CAT_NAME = ?) AND (t1.NROREFERENCIA = t0.ESP_NROREF))
	bind => [Playstation]
[EL Fine]: sql: 2014-10-09 10:12:54.608--ServerSession(1989311583)--Connection(1905800551)--Thread(Thread[AWT-EventQueue-0,6,main])--SELECT NOMBRE, PADRE FROM CATEGORIA WHERE (NOMBRE = ?)
	bind => [Xbox]
[EL Fine]: sql: 2014-10-09 10:12:54.608--ServerSession(1989311583)--Connection(1905800551)--Thread(Thread[AWT-EventQueue-0,6,main])--SELECT t1.NROREFERENCIA, t1.DESCRIPCION, t1.NOMBRE, t1.PRECIO, t1.PROVEEDOR_ID, t0.ESP_NROREF FROM CATEGORIAESPECIFICACIONPROD t0, ESPECIFICACIONPRODUCTO t1 WHERE ((t0.CAT_NAME = ?) AND (t1.NROREFERENCIA = t0.ESP_NROREF))
	bind => [Xbox]
[EL Fine]: sql: 2014-10-09 10:12:54.609--ServerSession(1989311583)--Connection(1905800551)--Thread(Thread[AWT-EventQueue-0,6,main])--SELECT NOMBRE, PADRE FROM CATEGORIA
[EL Fine]: sql: 2014-10-09 10:12:54.609--ServerSession(1989311583)--Connection(1905800551)--Thread(Thread[AWT-EventQueue-0,6,main])--SELECT NOMBRE, PADRE FROM CATEGORIA
[EL Fine]: sql: 2014-10-09 10:12:54.61--ServerSession(1989311583)--Connection(1905800551)--Thread(Thread[AWT-EventQueue-0,6,main])--SELECT NOMBRE, PADRE FROM CATEGORIA WHERE (NOMBRE = ?)
	bind => [Celulares]
[EL Fine]: sql: 2014-10-09 10:12:54.61--ServerSession(1989311583)--Connection(1905800551)--Thread(Thread[AWT-EventQueue-0,6,main])--SELECT t1.NROREFERENCIA, t1.DESCRIPCION, t1.NOMBRE, t1.PRECIO, t1.PROVEEDOR_ID, t0.ESP_NROREF FROM CATEGORIAESPECIFICACIONPROD t0, ESPECIFICACIONPRODUCTO t1 WHERE ((t0.CAT_NAME = ?) AND (t1.NROREFERENCIA = t0.ESP_NROREF))
	bind => [Celulares]
[EL Fine]: sql: 2014-10-09 10:12:54.611--ServerSession(1989311583)--Connection(1905800551)--Thread(Thread[AWT-EventQueue-0,6,main])--SELECT NOMBRE, PADRE FROM CATEGORIA WHERE (NOMBRE = ?)
	bind => [Sistemas Operativos]
[EL Fine]: sql: 2014-10-09 10:12:54.611--ServerSession(1989311583)--Connection(1905800551)--Thread(Thread[AWT-EventQueue-0,6,main])--SELECT t1.NROREFERENCIA, t1.DESCRIPCION, t1.NOMBRE, t1.PRECIO, t1.PROVEEDOR_ID, t0.ESP_NROREF FROM CATEGORIAESPECIFICACIONPROD t0, ESPECIFICACIONPRODUCTO t1 WHERE ((t0.CAT_NAME = ?) AND (t1.NROREFERENCIA = t0.ESP_NROREF))
	bind => [Sistemas Operativos]
[EL Fine]: sql: 2014-10-09 10:12:54.612--ServerSession(1989311583)--Connection(1905800551)--Thread(Thread[AWT-EventQueue-0,6,main])--SELECT NOMBRE, PADRE FROM CATEGORIA WHERE (NOMBRE = ?)
	bind => [iOS]
[EL Fine]: sql: 2014-10-09 10:12:54.612--ServerSession(1989311583)--Connection(1905800551)--Thread(Thread[AWT-EventQueue-0,6,main])--SELECT t1.NROREFERENCIA, t1.DESCRIPCION, t1.NOMBRE, t1.PRECIO, t1.PROVEEDOR_ID, t0.ESP_NROREF FROM CATEGORIAESPECIFICACIONPROD t0, ESPECIFICACIONPRODUCTO t1 WHERE ((t0.CAT_NAME = ?) AND (t1.NROREFERENCIA = t0.ESP_NROREF))
	bind => [iOS]
[EL Fine]: sql: 2014-10-09 10:12:54.616--ServerSession(1989311583)--Connection(1905800551)--Thread(Thread[AWT-EventQueue-0,6,main])--SELECT NOMBRE, PADRE FROM CATEGORIA WHERE (NOMBRE = ?)
	bind => [Android]
[EL Fine]: sql: 2014-10-09 10:12:54.617--ServerSession(1989311583)--Connection(1905800551)--Thread(Thread[AWT-EventQueue-0,6,main])--SELECT t1.NROREFERENCIA, t1.DESCRIPCION, t1.NOMBRE, t1.PRECIO, t1.PROVEEDOR_ID, t0.ESP_NROREF FROM CATEGORIAESPECIFICACIONPROD t0, ESPECIFICACIONPRODUCTO t1 WHERE ((t0.CAT_NAME = ?) AND (t1.NROREFERENCIA = t0.ESP_NROREF))
	bind => [Android]
[EL Fine]: sql: 2014-10-09 10:12:54.617--ServerSession(1989311583)--Connection(1905800551)--Thread(Thread[AWT-EventQueue-0,6,main])--SELECT NOMBRE, PADRE FROM CATEGORIA WHERE (NOMBRE = ?)
	bind => [Windows Phone]
[EL Fine]: sql: 2014-10-09 10:12:54.619--ServerSession(1989311583)--Connection(1905800551)--Thread(Thread[AWT-EventQueue-0,6,main])--SELECT t1.NROREFERENCIA, t1.DESCRIPCION, t1.NOMBRE, t1.PRECIO, t1.PROVEEDOR_ID, t0.ESP_NROREF FROM CATEGORIAESPECIFICACIONPROD t0, ESPECIFICACIONPRODUCTO t1 WHERE ((t0.CAT_NAME = ?) AND (t1.NROREFERENCIA = t0.ESP_NROREF))
	bind => [Windows Phone]
[EL Fine]: sql: 2014-10-09 10:12:54.62--ServerSession(1989311583)--Connection(1905800551)--Thread(Thread[AWT-EventQueue-0,6,main])--SELECT NOMBRE, PADRE FROM CATEGORIA WHERE (NOMBRE = ?)
	bind => [Symbian]
[EL Fine]: sql: 2014-10-09 10:12:54.624--ServerSession(1989311583)--Connection(1905800551)--Thread(Thread[AWT-EventQueue-0,6,main])--SELECT t1.NROREFERENCIA, t1.DESCRIPCION, t1.NOMBRE, t1.PRECIO, t1.PROVEEDOR_ID, t0.ESP_NROREF FROM CATEGORIAESPECIFICACIONPROD t0, ESPECIFICACIONPRODUCTO t1 WHERE ((t0.CAT_NAME = ?) AND (t1.NROREFERENCIA = t0.ESP_NROREF))
	bind => [Symbian]
[EL Fine]: sql: 2014-10-09 10:12:54.625--ServerSession(1989311583)--Connection(1905800551)--Thread(Thread[AWT-EventQueue-0,6,main])--SELECT NOMBRE, PADRE FROM CATEGORIA WHERE (NOMBRE = ?)
	bind => [Blackberry OS]
[EL Fine]: sql: 2014-10-09 10:12:54.625--ServerSession(1989311583)--Connection(1905800551)--Thread(Thread[AWT-EventQueue-0,6,main])--SELECT t1.NROREFERENCIA, t1.DESCRIPCION, t1.NOMBRE, t1.PRECIO, t1.PROVEEDOR_ID, t0.ESP_NROREF FROM CATEGORIAESPECIFICACIONPROD t0, ESPECIFICACIONPRODUCTO t1 WHERE ((t0.CAT_NAME = ?) AND (t1.NROREFERENCIA = t0.ESP_NROREF))
	bind => [Blackberry OS]
[EL Fine]: sql: 2014-10-09 10:12:54.629--ServerSession(1989311583)--Connection(1905800551)--Thread(Thread[AWT-EventQueue-0,6,main])--SELECT NOMBRE, PADRE FROM CATEGORIA WHERE (NOMBRE = ?)
	bind => [Equipos]
[EL Fine]: sql: 2014-10-09 10:12:54.63--ServerSession(1989311583)--Connection(1905800551)--Thread(Thread[AWT-EventQueue-0,6,main])--SELECT t1.NROREFERENCIA, t1.DESCRIPCION, t1.NOMBRE, t1.PRECIO, t1.PROVEEDOR_ID, t0.ESP_NROREF FROM CATEGORIAESPECIFICACIONPROD t0, ESPECIFICACIONPRODUCTO t1 WHERE ((t0.CAT_NAME = ?) AND (t1.NROREFERENCIA = t0.ESP_NROREF))
	bind => [Equipos]
[EL Fine]: sql: 2014-10-09 10:12:54.631--ServerSession(1989311583)--Connection(1905800551)--Thread(Thread[AWT-EventQueue-0,6,main])--SELECT NOMBRE, PADRE FROM CATEGORIA WHERE (NOMBRE = ?)
	bind => [iPhone]
[EL Fine]: sql: 2014-10-09 10:12:54.632--ServerSession(1989311583)--Connection(1905800551)--Thread(Thread[AWT-EventQueue-0,6,main])--SELECT t1.NROREFERENCIA, t1.DESCRIPCION, t1.NOMBRE, t1.PRECIO, t1.PROVEEDOR_ID, t0.ESP_NROREF FROM CATEGORIAESPECIFICACIONPROD t0, ESPECIFICACIONPRODUCTO t1 WHERE ((t0.CAT_NAME = ?) AND (t1.NROREFERENCIA = t0.ESP_NROREF))
	bind => [iPhone]
[EL Fine]: sql: 2014-10-09 10:12:54.632--ServerSession(1989311583)--Connection(1905800551)--Thread(Thread[AWT-EventQueue-0,6,main])--SELECT NOMBRE, PADRE FROM CATEGORIA WHERE (NOMBRE = ?)
	bind => [Nexus]
[EL Fine]: sql: 2014-10-09 10:12:54.633--ServerSession(1989311583)--Connection(1905800551)--Thread(Thread[AWT-EventQueue-0,6,main])--SELECT t1.NROREFERENCIA, t1.DESCRIPCION, t1.NOMBRE, t1.PRECIO, t1.PROVEEDOR_ID, t0.ESP_NROREF FROM CATEGORIAESPECIFICACIONPROD t0, ESPECIFICACIONPRODUCTO t1 WHERE ((t0.CAT_NAME = ?) AND (t1.NROREFERENCIA = t0.ESP_NROREF))
	bind => [Nexus]
[EL Fine]: sql: 2014-10-09 10:12:54.634--ServerSession(1989311583)--Connection(1905800551)--Thread(Thread[AWT-EventQueue-0,6,main])--SELECT NOMBRE, PADRE FROM CATEGORIA WHERE (NOMBRE = ?)
	bind => [Samsung]
[EL Fine]: sql: 2014-10-09 10:12:54.634--ServerSession(1989311583)--Connection(1905800551)--Thread(Thread[AWT-EventQueue-0,6,main])--SELECT t1.NROREFERENCIA, t1.DESCRIPCION, t1.NOMBRE, t1.PRECIO, t1.PROVEEDOR_ID, t0.ESP_NROREF FROM CATEGORIAESPECIFICACIONPROD t0, ESPECIFICACIONPRODUCTO t1 WHERE ((t0.CAT_NAME = ?) AND (t1.NROREFERENCIA = t0.ESP_NROREF))
	bind => [Samsung]
[EL Fine]: sql: 2014-10-09 10:12:54.635--ServerSession(1989311583)--Connection(1905800551)--Thread(Thread[AWT-EventQueue-0,6,main])--SELECT NOMBRE, PADRE FROM CATEGORIA WHERE (NOMBRE = ?)
	bind => [Galaxy S3]
[EL Fine]: sql: 2014-10-09 10:12:54.635--ServerSession(1989311583)--Connection(1905800551)--Thread(Thread[AWT-EventQueue-0,6,main])--SELECT t1.NROREFERENCIA, t1.DESCRIPCION, t1.NOMBRE, t1.PRECIO, t1.PROVEEDOR_ID, t0.ESP_NROREF FROM CATEGORIAESPECIFICACIONPROD t0, ESPECIFICACIONPRODUCTO t1 WHERE ((t0.CAT_NAME = ?) AND (t1.NROREFERENCIA = t0.ESP_NROREF))
	bind => [Galaxy S3]
[EL Fine]: sql: 2014-10-09 10:12:54.636--ServerSession(1989311583)--Connection(1905800551)--Thread(Thread[AWT-EventQueue-0,6,main])--SELECT NOMBRE, PADRE FROM CATEGORIA WHERE (NOMBRE = ?)
	bind => [Galaxy S4]
[EL Fine]: sql: 2014-10-09 10:12:54.637--ServerSession(1989311583)--Connection(1905800551)--Thread(Thread[AWT-EventQueue-0,6,main])--SELECT t1.NROREFERENCIA, t1.DESCRIPCION, t1.NOMBRE, t1.PRECIO, t1.PROVEEDOR_ID, t0.ESP_NROREF FROM CATEGORIAESPECIFICACIONPROD t0, ESPECIFICACIONPRODUCTO t1 WHERE ((t0.CAT_NAME = ?) AND (t1.NROREFERENCIA = t0.ESP_NROREF))
	bind => [Galaxy S4]
[EL Fine]: sql: 2014-10-09 10:12:54.637--ServerSession(1989311583)--Connection(1905800551)--Thread(Thread[AWT-EventQueue-0,6,main])--SELECT NOMBRE, PADRE FROM CATEGORIA WHERE (NOMBRE = ?)
	bind => [Galaxy Ace]
[EL Fine]: sql: 2014-10-09 10:12:54.638--ServerSession(1989311583)--Connection(1905800551)--Thread(Thread[AWT-EventQueue-0,6,main])--SELECT t1.NROREFERENCIA, t1.DESCRIPCION, t1.NOMBRE, t1.PRECIO, t1.PROVEEDOR_ID, t0.ESP_NROREF FROM CATEGORIAESPECIFICACIONPROD t0, ESPECIFICACIONPRODUCTO t1 WHERE ((t0.CAT_NAME = ?) AND (t1.NROREFERENCIA = t0.ESP_NROREF))
	bind => [Galaxy Ace]
[EL Fine]: sql: 2014-10-09 10:12:54.638--ServerSession(1989311583)--Connection(1905800551)--Thread(Thread[AWT-EventQueue-0,6,main])--SELECT NOMBRE, PADRE FROM CATEGORIA WHERE (NOMBRE = ?)
	bind => [Blackberry]
[EL Fine]: sql: 2014-10-09 10:12:54.639--ServerSession(1989311583)--Connection(1905800551)--Thread(Thread[AWT-EventQueue-0,6,main])--SELECT t1.NROREFERENCIA, t1.DESCRIPCION, t1.NOMBRE, t1.PRECIO, t1.PROVEEDOR_ID, t0.ESP_NROREF FROM CATEGORIAESPECIFICACIONPROD t0, ESPECIFICACIONPRODUCTO t1 WHERE ((t0.CAT_NAME = ?) AND (t1.NROREFERENCIA = t0.ESP_NROREF))
	bind => [Blackberry]
[EL Fine]: sql: 2014-10-09 10:12:54.639--ServerSession(1989311583)--Connection(1905800551)--Thread(Thread[AWT-EventQueue-0,6,main])--SELECT NOMBRE, PADRE FROM CATEGORIA WHERE (NOMBRE = ?)
	bind => [Nokia]
[EL Fine]: sql: 2014-10-09 10:12:54.64--ServerSession(1989311583)--Connection(1905800551)--Thread(Thread[AWT-EventQueue-0,6,main])--SELECT t1.NROREFERENCIA, t1.DESCRIPCION, t1.NOMBRE, t1.PRECIO, t1.PROVEEDOR_ID, t0.ESP_NROREF FROM CATEGORIAESPECIFICACIONPROD t0, ESPECIFICACIONPRODUCTO t1 WHERE ((t0.CAT_NAME = ?) AND (t1.NROREFERENCIA = t0.ESP_NROREF))
	bind => [Nokia]
[EL Fine]: sql: 2014-10-09 10:12:54.64--ServerSession(1989311583)--Connection(1905800551)--Thread(Thread[AWT-EventQueue-0,6,main])--SELECT NOMBRE, PADRE FROM CATEGORIA WHERE (NOMBRE = ?)
	bind => [Accesorios]
[EL Fine]: sql: 2014-10-09 10:12:54.641--ServerSession(1989311583)--Connection(1905800551)--Thread(Thread[AWT-EventQueue-0,6,main])--SELECT t1.NROREFERENCIA, t1.DESCRIPCION, t1.NOMBRE, t1.PRECIO, t1.PROVEEDOR_ID, t0.ESP_NROREF FROM CATEGORIAESPECIFICACIONPROD t0, ESPECIFICACIONPRODUCTO t1 WHERE ((t0.CAT_NAME = ?) AND (t1.NROREFERENCIA = t0.ESP_NROREF))
	bind => [Accesorios]
[EL Fine]: sql: 2014-10-09 10:12:54.641--ServerSession(1989311583)--Connection(1905800551)--Thread(Thread[AWT-EventQueue-0,6,main])--SELECT NOMBRE, PADRE FROM CATEGORIA WHERE (NOMBRE = ?)
	bind => [Protectores]
[EL Fine]: sql: 2014-10-09 10:12:54.641--ServerSession(1989311583)--Connection(1905800551)--Thread(Thread[AWT-EventQueue-0,6,main])--SELECT t1.NROREFERENCIA, t1.DESCRIPCION, t1.NOMBRE, t1.PRECIO, t1.PROVEEDOR_ID, t0.ESP_NROREF FROM CATEGORIAESPECIFICACIONPROD t0, ESPECIFICACIONPRODUCTO t1 WHERE ((t0.CAT_NAME = ?) AND (t1.NROREFERENCIA = t0.ESP_NROREF))
	bind => [Protectores]
[EL Fine]: sql: 2014-10-09 10:12:54.642--ServerSession(1989311583)--Connection(1905800551)--Thread(Thread[AWT-EventQueue-0,6,main])--SELECT NOMBRE, PADRE FROM CATEGORIA WHERE (NOMBRE = ?)
	bind => [Baterías]
[EL Fine]: sql: 2014-10-09 10:12:54.642--ServerSession(1989311583)--Connection(1905800551)--Thread(Thread[AWT-EventQueue-0,6,main])--SELECT t1.NROREFERENCIA, t1.DESCRIPCION, t1.NOMBRE, t1.PRECIO, t1.PROVEEDOR_ID, t0.ESP_NROREF FROM CATEGORIAESPECIFICACIONPROD t0, ESPECIFICACIONPRODUCTO t1 WHERE ((t0.CAT_NAME = ?) AND (t1.NROREFERENCIA = t0.ESP_NROREF))
	bind => [Baterías]
[EL Fine]: sql: 2014-10-09 10:12:54.643--ServerSession(1989311583)--Connection(1905800551)--Thread(Thread[AWT-EventQueue-0,6,main])--SELECT NOMBRE, PADRE FROM CATEGORIA WHERE (NOMBRE = ?)
	bind => [Apple]
[EL Fine]: sql: 2014-10-09 10:12:54.643--ServerSession(1989311583)--Connection(1905800551)--Thread(Thread[AWT-EventQueue-0,6,main])--SELECT t1.NROREFERENCIA, t1.DESCRIPCION, t1.NOMBRE, t1.PRECIO, t1.PROVEEDOR_ID, t0.ESP_NROREF FROM CATEGORIAESPECIFICACIONPROD t0, ESPECIFICACIONPRODUCTO t1 WHERE ((t0.CAT_NAME = ?) AND (t1.NROREFERENCIA = t0.ESP_NROREF))
	bind => [Apple]
[EL Fine]: sql: 2014-10-09 10:12:54.644--ServerSession(1989311583)--Connection(1905800551)--Thread(Thread[AWT-EventQueue-0,6,main])--SELECT NOMBRE, PADRE FROM CATEGORIA WHERE (NOMBRE = ?)
	bind => [Videojuegos]
[EL Fine]: sql: 2014-10-09 10:12:54.644--ServerSession(1989311583)--Connection(1905800551)--Thread(Thread[AWT-EventQueue-0,6,main])--SELECT t1.NROREFERENCIA, t1.DESCRIPCION, t1.NOMBRE, t1.PRECIO, t1.PROVEEDOR_ID, t0.ESP_NROREF FROM CATEGORIAESPECIFICACIONPROD t0, ESPECIFICACIONPRODUCTO t1 WHERE ((t0.CAT_NAME = ?) AND (t1.NROREFERENCIA = t0.ESP_NROREF))
	bind => [Videojuegos]
[EL Fine]: sql: 2014-10-09 10:12:54.645--ServerSession(1989311583)--Connection(1905800551)--Thread(Thread[AWT-EventQueue-0,6,main])--SELECT NOMBRE, PADRE FROM CATEGORIA WHERE (NOMBRE = ?)
	bind => [Playstation]
[EL Fine]: sql: 2014-10-09 10:12:54.645--ServerSession(1989311583)--Connection(1905800551)--Thread(Thread[AWT-EventQueue-0,6,main])--SELECT t1.NROREFERENCIA, t1.DESCRIPCION, t1.NOMBRE, t1.PRECIO, t1.PROVEEDOR_ID, t0.ESP_NROREF FROM CATEGORIAESPECIFICACIONPROD t0, ESPECIFICACIONPRODUCTO t1 WHERE ((t0.CAT_NAME = ?) AND (t1.NROREFERENCIA = t0.ESP_NROREF))
	bind => [Playstation]
[EL Fine]: sql: 2014-10-09 10:12:54.646--ServerSession(1989311583)--Connection(1905800551)--Thread(Thread[AWT-EventQueue-0,6,main])--SELECT NOMBRE, PADRE FROM CATEGORIA WHERE (NOMBRE = ?)
	bind => [Xbox]
[EL Fine]: sql: 2014-10-09 10:12:54.646--ServerSession(1989311583)--Connection(1905800551)--Thread(Thread[AWT-EventQueue-0,6,main])--SELECT t1.NROREFERENCIA, t1.DESCRIPCION, t1.NOMBRE, t1.PRECIO, t1.PROVEEDOR_ID, t0.ESP_NROREF FROM CATEGORIAESPECIFICACIONPROD t0, ESPECIFICACIONPRODUCTO t1 WHERE ((t0.CAT_NAME = ?) AND (t1.NROREFERENCIA = t0.ESP_NROREF))
	bind => [Xbox]
[EL Fine]: sql: 2014-10-09 10:12:54.647--ServerSession(1989311583)--Connection(1905800551)--Thread(Thread[AWT-EventQueue-0,6,main])--SELECT NOMBRE, PADRE FROM CATEGORIA
[EL Fine]: sql: 2014-10-09 10:12:54.648--ServerSession(1989311583)--Connection(1905800551)--Thread(Thread[AWT-EventQueue-0,6,main])--SELECT NROREFERENCIA, DESCRIPCION, NOMBRE, PRECIO, PROVEEDOR_ID FROM ESPECIFICACIONPRODUCTO
[EL Fine]: sql: 2014-10-09 10:12:54.648--ServerSession(1989311583)--Connection(1905800551)--Thread(Thread[AWT-EventQueue-0,6,main])--SELECT NOMBRE, PADRE FROM CATEGORIA
[EL Fine]: sql: 2014-10-09 10:12:54.649--ServerSession(1989311583)--Connection(1905800551)--Thread(Thread[AWT-EventQueue-0,6,main])--SELECT NOMBRE, PADRE FROM CATEGORIA WHERE (NOMBRE = ?)
	bind => [Celulares]
[EL Fine]: sql: 2014-10-09 10:12:54.649--ServerSession(1989311583)--Connection(1905800551)--Thread(Thread[AWT-EventQueue-0,6,main])--SELECT t1.NROREFERENCIA, t1.DESCRIPCION, t1.NOMBRE, t1.PRECIO, t1.PROVEEDOR_ID, t0.ESP_NROREF FROM CATEGORIAESPECIFICACIONPROD t0, ESPECIFICACIONPRODUCTO t1 WHERE ((t0.CAT_NAME = ?) AND (t1.NROREFERENCIA = t0.ESP_NROREF))
	bind => [Celulares]
[EL Fine]: sql: 2014-10-09 10:12:54.65--ServerSession(1989311583)--Connection(1905800551)--Thread(Thread[AWT-EventQueue-0,6,main])--SELECT NOMBRE, PADRE FROM CATEGORIA WHERE (NOMBRE = ?)
	bind => [Sistemas Operativos]
[EL Fine]: sql: 2014-10-09 10:12:54.65--ServerSession(1989311583)--Connection(1905800551)--Thread(Thread[AWT-EventQueue-0,6,main])--SELECT t1.NROREFERENCIA, t1.DESCRIPCION, t1.NOMBRE, t1.PRECIO, t1.PROVEEDOR_ID, t0.ESP_NROREF FROM CATEGORIAESPECIFICACIONPROD t0, ESPECIFICACIONPRODUCTO t1 WHERE ((t0.CAT_NAME = ?) AND (t1.NROREFERENCIA = t0.ESP_NROREF))
	bind => [Sistemas Operativos]
[EL Fine]: sql: 2014-10-09 10:12:54.651--ServerSession(1989311583)--Connection(1905800551)--Thread(Thread[AWT-EventQueue-0,6,main])--SELECT NOMBRE, PADRE FROM CATEGORIA WHERE (NOMBRE = ?)
	bind => [iOS]
[EL Fine]: sql: 2014-10-09 10:12:54.652--ServerSession(1989311583)--Connection(1905800551)--Thread(Thread[AWT-EventQueue-0,6,main])--SELECT t1.NROREFERENCIA, t1.DESCRIPCION, t1.NOMBRE, t1.PRECIO, t1.PROVEEDOR_ID, t0.ESP_NROREF FROM CATEGORIAESPECIFICACIONPROD t0, ESPECIFICACIONPRODUCTO t1 WHERE ((t0.CAT_NAME = ?) AND (t1.NROREFERENCIA = t0.ESP_NROREF))
	bind => [iOS]
[EL Fine]: sql: 2014-10-09 10:12:54.652--ServerSession(1989311583)--Connection(1905800551)--Thread(Thread[AWT-EventQueue-0,6,main])--SELECT NOMBRE, PADRE FROM CATEGORIA WHERE (NOMBRE = ?)
	bind => [Android]
[EL Fine]: sql: 2014-10-09 10:12:54.653--ServerSession(1989311583)--Connection(1905800551)--Thread(Thread[AWT-EventQueue-0,6,main])--SELECT t1.NROREFERENCIA, t1.DESCRIPCION, t1.NOMBRE, t1.PRECIO, t1.PROVEEDOR_ID, t0.ESP_NROREF FROM CATEGORIAESPECIFICACIONPROD t0, ESPECIFICACIONPRODUCTO t1 WHERE ((t0.CAT_NAME = ?) AND (t1.NROREFERENCIA = t0.ESP_NROREF))
	bind => [Android]
[EL Fine]: sql: 2014-10-09 10:12:54.654--ServerSession(1989311583)--Connection(1905800551)--Thread(Thread[AWT-EventQueue-0,6,main])--SELECT NOMBRE, PADRE FROM CATEGORIA WHERE (NOMBRE = ?)
	bind => [Windows Phone]
[EL Fine]: sql: 2014-10-09 10:12:54.654--ServerSession(1989311583)--Connection(1905800551)--Thread(Thread[AWT-EventQueue-0,6,main])--SELECT t1.NROREFERENCIA, t1.DESCRIPCION, t1.NOMBRE, t1.PRECIO, t1.PROVEEDOR_ID, t0.ESP_NROREF FROM CATEGORIAESPECIFICACIONPROD t0, ESPECIFICACIONPRODUCTO t1 WHERE ((t0.CAT_NAME = ?) AND (t1.NROREFERENCIA = t0.ESP_NROREF))
	bind => [Windows Phone]
[EL Fine]: sql: 2014-10-09 10:12:54.655--ServerSession(1989311583)--Connection(1905800551)--Thread(Thread[AWT-EventQueue-0,6,main])--SELECT NOMBRE, PADRE FROM CATEGORIA WHERE (NOMBRE = ?)
	bind => [Symbian]
[EL Fine]: sql: 2014-10-09 10:12:54.655--ServerSession(1989311583)--Connection(1905800551)--Thread(Thread[AWT-EventQueue-0,6,main])--SELECT t1.NROREFERENCIA, t1.DESCRIPCION, t1.NOMBRE, t1.PRECIO, t1.PROVEEDOR_ID, t0.ESP_NROREF FROM CATEGORIAESPECIFICACIONPROD t0, ESPECIFICACIONPRODUCTO t1 WHERE ((t0.CAT_NAME = ?) AND (t1.NROREFERENCIA = t0.ESP_NROREF))
	bind => [Symbian]
[EL Fine]: sql: 2014-10-09 10:12:54.656--ServerSession(1989311583)--Connection(1905800551)--Thread(Thread[AWT-EventQueue-0,6,main])--SELECT NOMBRE, PADRE FROM CATEGORIA WHERE (NOMBRE = ?)
	bind => [Blackberry OS]
[EL Fine]: sql: 2014-10-09 10:12:54.656--ServerSession(1989311583)--Connection(1905800551)--Thread(Thread[AWT-EventQueue-0,6,main])--SELECT t1.NROREFERENCIA, t1.DESCRIPCION, t1.NOMBRE, t1.PRECIO, t1.PROVEEDOR_ID, t0.ESP_NROREF FROM CATEGORIAESPECIFICACIONPROD t0, ESPECIFICACIONPRODUCTO t1 WHERE ((t0.CAT_NAME = ?) AND (t1.NROREFERENCIA = t0.ESP_NROREF))
	bind => [Blackberry OS]
[EL Fine]: sql: 2014-10-09 10:12:54.657--ServerSession(1989311583)--Connection(1905800551)--Thread(Thread[AWT-EventQueue-0,6,main])--SELECT NOMBRE, PADRE FROM CATEGORIA WHERE (NOMBRE = ?)
	bind => [Equipos]
[EL Fine]: sql: 2014-10-09 10:12:54.657--ServerSession(1989311583)--Connection(1905800551)--Thread(Thread[AWT-EventQueue-0,6,main])--SELECT t1.NROREFERENCIA, t1.DESCRIPCION, t1.NOMBRE, t1.PRECIO, t1.PROVEEDOR_ID, t0.ESP_NROREF FROM CATEGORIAESPECIFICACIONPROD t0, ESPECIFICACIONPRODUCTO t1 WHERE ((t0.CAT_NAME = ?) AND (t1.NROREFERENCIA = t0.ESP_NROREF))
	bind => [Equipos]
[EL Fine]: sql: 2014-10-09 10:12:54.658--ServerSession(1989311583)--Connection(1905800551)--Thread(Thread[AWT-EventQueue-0,6,main])--SELECT NOMBRE, PADRE FROM CATEGORIA WHERE (NOMBRE = ?)
	bind => [iPhone]
[EL Fine]: sql: 2014-10-09 10:12:54.658--ServerSession(1989311583)--Connection(1905800551)--Thread(Thread[AWT-EventQueue-0,6,main])--SELECT t1.NROREFERENCIA, t1.DESCRIPCION, t1.NOMBRE, t1.PRECIO, t1.PROVEEDOR_ID, t0.ESP_NROREF FROM CATEGORIAESPECIFICACIONPROD t0, ESPECIFICACIONPRODUCTO t1 WHERE ((t0.CAT_NAME = ?) AND (t1.NROREFERENCIA = t0.ESP_NROREF))
	bind => [iPhone]
[EL Fine]: sql: 2014-10-09 10:12:54.658--ServerSession(1989311583)--Connection(1905800551)--Thread(Thread[AWT-EventQueue-0,6,main])--SELECT NOMBRE, PADRE FROM CATEGORIA WHERE (NOMBRE = ?)
	bind => [Nexus]
[EL Fine]: sql: 2014-10-09 10:12:54.659--ServerSession(1989311583)--Connection(1905800551)--Thread(Thread[AWT-EventQueue-0,6,main])--SELECT t1.NROREFERENCIA, t1.DESCRIPCION, t1.NOMBRE, t1.PRECIO, t1.PROVEEDOR_ID, t0.ESP_NROREF FROM CATEGORIAESPECIFICACIONPROD t0, ESPECIFICACIONPRODUCTO t1 WHERE ((t0.CAT_NAME = ?) AND (t1.NROREFERENCIA = t0.ESP_NROREF))
	bind => [Nexus]
[EL Fine]: sql: 2014-10-09 10:12:54.659--ServerSession(1989311583)--Connection(1905800551)--Thread(Thread[AWT-EventQueue-0,6,main])--SELECT NOMBRE, PADRE FROM CATEGORIA WHERE (NOMBRE = ?)
	bind => [Samsung]
[EL Fine]: sql: 2014-10-09 10:12:54.66--ServerSession(1989311583)--Connection(1905800551)--Thread(Thread[AWT-EventQueue-0,6,main])--SELECT t1.NROREFERENCIA, t1.DESCRIPCION, t1.NOMBRE, t1.PRECIO, t1.PROVEEDOR_ID, t0.ESP_NROREF FROM CATEGORIAESPECIFICACIONPROD t0, ESPECIFICACIONPRODUCTO t1 WHERE ((t0.CAT_NAME = ?) AND (t1.NROREFERENCIA = t0.ESP_NROREF))
	bind => [Samsung]
[EL Fine]: sql: 2014-10-09 10:12:54.661--ServerSession(1989311583)--Connection(1905800551)--Thread(Thread[AWT-EventQueue-0,6,main])--SELECT NOMBRE, PADRE FROM CATEGORIA WHERE (NOMBRE = ?)
	bind => [Galaxy S3]
[EL Fine]: sql: 2014-10-09 10:12:54.661--ServerSession(1989311583)--Connection(1905800551)--Thread(Thread[AWT-EventQueue-0,6,main])--SELECT t1.NROREFERENCIA, t1.DESCRIPCION, t1.NOMBRE, t1.PRECIO, t1.PROVEEDOR_ID, t0.ESP_NROREF FROM CATEGORIAESPECIFICACIONPROD t0, ESPECIFICACIONPRODUCTO t1 WHERE ((t0.CAT_NAME = ?) AND (t1.NROREFERENCIA = t0.ESP_NROREF))
	bind => [Galaxy S3]
[EL Fine]: sql: 2014-10-09 10:12:54.662--ServerSession(1989311583)--Connection(1905800551)--Thread(Thread[AWT-EventQueue-0,6,main])--SELECT NOMBRE, PADRE FROM CATEGORIA WHERE (NOMBRE = ?)
	bind => [Galaxy S4]
[EL Fine]: sql: 2014-10-09 10:12:54.662--ServerSession(1989311583)--Connection(1905800551)--Thread(Thread[AWT-EventQueue-0,6,main])--SELECT t1.NROREFERENCIA, t1.DESCRIPCION, t1.NOMBRE, t1.PRECIO, t1.PROVEEDOR_ID, t0.ESP_NROREF FROM CATEGORIAESPECIFICACIONPROD t0, ESPECIFICACIONPRODUCTO t1 WHERE ((t0.CAT_NAME = ?) AND (t1.NROREFERENCIA = t0.ESP_NROREF))
	bind => [Galaxy S4]
[EL Fine]: sql: 2014-10-09 10:12:54.663--ServerSession(1989311583)--Connection(1905800551)--Thread(Thread[AWT-EventQueue-0,6,main])--SELECT NOMBRE, PADRE FROM CATEGORIA WHERE (NOMBRE = ?)
	bind => [Galaxy Ace]
[EL Fine]: sql: 2014-10-09 10:12:54.664--ServerSession(1989311583)--Connection(1905800551)--Thread(Thread[AWT-EventQueue-0,6,main])--SELECT t1.NROREFERENCIA, t1.DESCRIPCION, t1.NOMBRE, t1.PRECIO, t1.PROVEEDOR_ID, t0.ESP_NROREF FROM CATEGORIAESPECIFICACIONPROD t0, ESPECIFICACIONPRODUCTO t1 WHERE ((t0.CAT_NAME = ?) AND (t1.NROREFERENCIA = t0.ESP_NROREF))
	bind => [Galaxy Ace]
[EL Fine]: sql: 2014-10-09 10:12:54.664--ServerSession(1989311583)--Connection(1905800551)--Thread(Thread[AWT-EventQueue-0,6,main])--SELECT NOMBRE, PADRE FROM CATEGORIA WHERE (NOMBRE = ?)
	bind => [Blackberry]
[EL Fine]: sql: 2014-10-09 10:12:54.665--ServerSession(1989311583)--Connection(1905800551)--Thread(Thread[AWT-EventQueue-0,6,main])--SELECT t1.NROREFERENCIA, t1.DESCRIPCION, t1.NOMBRE, t1.PRECIO, t1.PROVEEDOR_ID, t0.ESP_NROREF FROM CATEGORIAESPECIFICACIONPROD t0, ESPECIFICACIONPRODUCTO t1 WHERE ((t0.CAT_NAME = ?) AND (t1.NROREFERENCIA = t0.ESP_NROREF))
	bind => [Blackberry]
[EL Fine]: sql: 2014-10-09 10:12:54.666--ServerSession(1989311583)--Connection(1905800551)--Thread(Thread[AWT-EventQueue-0,6,main])--SELECT NOMBRE, PADRE FROM CATEGORIA WHERE (NOMBRE = ?)
	bind => [Nokia]
[EL Fine]: sql: 2014-10-09 10:12:54.666--ServerSession(1989311583)--Connection(1905800551)--Thread(Thread[AWT-EventQueue-0,6,main])--SELECT t1.NROREFERENCIA, t1.DESCRIPCION, t1.NOMBRE, t1.PRECIO, t1.PROVEEDOR_ID, t0.ESP_NROREF FROM CATEGORIAESPECIFICACIONPROD t0, ESPECIFICACIONPRODUCTO t1 WHERE ((t0.CAT_NAME = ?) AND (t1.NROREFERENCIA = t0.ESP_NROREF))
	bind => [Nokia]
[EL Fine]: sql: 2014-10-09 10:12:54.667--ServerSession(1989311583)--Connection(1905800551)--Thread(Thread[AWT-EventQueue-0,6,main])--SELECT NOMBRE, PADRE FROM CATEGORIA WHERE (NOMBRE = ?)
	bind => [Accesorios]
[EL Fine]: sql: 2014-10-09 10:12:54.667--ServerSession(1989311583)--Connection(1905800551)--Thread(Thread[AWT-EventQueue-0,6,main])--SELECT t1.NROREFERENCIA, t1.DESCRIPCION, t1.NOMBRE, t1.PRECIO, t1.PROVEEDOR_ID, t0.ESP_NROREF FROM CATEGORIAESPECIFICACIONPROD t0, ESPECIFICACIONPRODUCTO t1 WHERE ((t0.CAT_NAME = ?) AND (t1.NROREFERENCIA = t0.ESP_NROREF))
	bind => [Accesorios]
[EL Fine]: sql: 2014-10-09 10:12:54.67--ServerSession(1989311583)--Connection(1905800551)--Thread(Thread[AWT-EventQueue-0,6,main])--SELECT NOMBRE, PADRE FROM CATEGORIA WHERE (NOMBRE = ?)
	bind => [Protectores]
[EL Fine]: sql: 2014-10-09 10:12:54.671--ServerSession(1989311583)--Connection(1905800551)--Thread(Thread[AWT-EventQueue-0,6,main])--SELECT t1.NROREFERENCIA, t1.DESCRIPCION, t1.NOMBRE, t1.PRECIO, t1.PROVEEDOR_ID, t0.ESP_NROREF FROM CATEGORIAESPECIFICACIONPROD t0, ESPECIFICACIONPRODUCTO t1 WHERE ((t0.CAT_NAME = ?) AND (t1.NROREFERENCIA = t0.ESP_NROREF))
	bind => [Protectores]
[EL Fine]: sql: 2014-10-09 10:12:54.671--ServerSession(1989311583)--Connection(1905800551)--Thread(Thread[AWT-EventQueue-0,6,main])--SELECT NOMBRE, PADRE FROM CATEGORIA WHERE (NOMBRE = ?)
	bind => [Baterías]
[EL Fine]: sql: 2014-10-09 10:12:54.672--ServerSession(1989311583)--Connection(1905800551)--Thread(Thread[AWT-EventQueue-0,6,main])--SELECT t1.NROREFERENCIA, t1.DESCRIPCION, t1.NOMBRE, t1.PRECIO, t1.PROVEEDOR_ID, t0.ESP_NROREF FROM CATEGORIAESPECIFICACIONPROD t0, ESPECIFICACIONPRODUCTO t1 WHERE ((t0.CAT_NAME = ?) AND (t1.NROREFERENCIA = t0.ESP_NROREF))
	bind => [Baterías]
[EL Fine]: sql: 2014-10-09 10:12:54.672--ServerSession(1989311583)--Connection(1905800551)--Thread(Thread[AWT-EventQueue-0,6,main])--SELECT NOMBRE, PADRE FROM CATEGORIA WHERE (NOMBRE = ?)
	bind => [Apple]
[EL Fine]: sql: 2014-10-09 10:12:54.673--ServerSession(1989311583)--Connection(1905800551)--Thread(Thread[AWT-EventQueue-0,6,main])--SELECT t1.NROREFERENCIA, t1.DESCRIPCION, t1.NOMBRE, t1.PRECIO, t1.PROVEEDOR_ID, t0.ESP_NROREF FROM CATEGORIAESPECIFICACIONPROD t0, ESPECIFICACIONPRODUCTO t1 WHERE ((t0.CAT_NAME = ?) AND (t1.NROREFERENCIA = t0.ESP_NROREF))
	bind => [Apple]
[EL Fine]: sql: 2014-10-09 10:12:54.673--ServerSession(1989311583)--Connection(1905800551)--Thread(Thread[AWT-EventQueue-0,6,main])--SELECT NOMBRE, PADRE FROM CATEGORIA WHERE (NOMBRE = ?)
	bind => [Videojuegos]
[EL Fine]: sql: 2014-10-09 10:12:54.673--ServerSession(1989311583)--Connection(1905800551)--Thread(Thread[AWT-EventQueue-0,6,main])--SELECT t1.NROREFERENCIA, t1.DESCRIPCION, t1.NOMBRE, t1.PRECIO, t1.PROVEEDOR_ID, t0.ESP_NROREF FROM CATEGORIAESPECIFICACIONPROD t0, ESPECIFICACIONPRODUCTO t1 WHERE ((t0.CAT_NAME = ?) AND (t1.NROREFERENCIA = t0.ESP_NROREF))
	bind => [Videojuegos]
[EL Fine]: sql: 2014-10-09 10:12:54.674--ServerSession(1989311583)--Connection(1905800551)--Thread(Thread[AWT-EventQueue-0,6,main])--SELECT NOMBRE, PADRE FROM CATEGORIA WHERE (NOMBRE = ?)
	bind => [Playstation]
[EL Fine]: sql: 2014-10-09 10:12:54.674--ServerSession(1989311583)--Connection(1905800551)--Thread(Thread[AWT-EventQueue-0,6,main])--SELECT t1.NROREFERENCIA, t1.DESCRIPCION, t1.NOMBRE, t1.PRECIO, t1.PROVEEDOR_ID, t0.ESP_NROREF FROM CATEGORIAESPECIFICACIONPROD t0, ESPECIFICACIONPRODUCTO t1 WHERE ((t0.CAT_NAME = ?) AND (t1.NROREFERENCIA = t0.ESP_NROREF))
	bind => [Playstation]
[EL Fine]: sql: 2014-10-09 10:12:54.675--ServerSession(1989311583)--Connection(1905800551)--Thread(Thread[AWT-EventQueue-0,6,main])--SELECT NOMBRE, PADRE FROM CATEGORIA WHERE (NOMBRE = ?)
	bind => [Xbox]
[EL Fine]: sql: 2014-10-09 10:12:54.675--ServerSession(1989311583)--Connection(1905800551)--Thread(Thread[AWT-EventQueue-0,6,main])--SELECT t1.NROREFERENCIA, t1.DESCRIPCION, t1.NOMBRE, t1.PRECIO, t1.PROVEEDOR_ID, t0.ESP_NROREF FROM CATEGORIAESPECIFICACIONPROD t0, ESPECIFICACIONPRODUCTO t1 WHERE ((t0.CAT_NAME = ?) AND (t1.NROREFERENCIA = t0.ESP_NROREF))
	bind => [Xbox]
[EL Fine]: sql: 2014-10-09 10:12:54.676--ServerSession(1989311583)--Connection(1905800551)--Thread(Thread[AWT-EventQueue-0,6,main])--SELECT NOMBRE, PADRE FROM CATEGORIA
[EL Fine]: sql: 2014-10-09 10:12:54.676--ServerSession(1989311583)--Connection(1905800551)--Thread(Thread[AWT-EventQueue-0,6,main])--SELECT NOMBRE, PADRE FROM CATEGORIA
[EL Fine]: sql: 2014-10-09 10:12:54.676--ServerSession(1989311583)--Connection(1905800551)--Thread(Thread[AWT-EventQueue-0,6,main])--SELECT NOMBRE, PADRE FROM CATEGORIA WHERE (NOMBRE = ?)
	bind => [Celulares]
[EL Fine]: sql: 2014-10-09 10:12:54.677--ServerSession(1989311583)--Connection(1905800551)--Thread(Thread[AWT-EventQueue-0,6,main])--SELECT t1.NROREFERENCIA, t1.DESCRIPCION, t1.NOMBRE, t1.PRECIO, t1.PROVEEDOR_ID, t0.ESP_NROREF FROM CATEGORIAESPECIFICACIONPROD t0, ESPECIFICACIONPRODUCTO t1 WHERE ((t0.CAT_NAME = ?) AND (t1.NROREFERENCIA = t0.ESP_NROREF))
	bind => [Celulares]
[EL Fine]: sql: 2014-10-09 10:12:54.677--ServerSession(1989311583)--Connection(1905800551)--Thread(Thread[AWT-EventQueue-0,6,main])--SELECT NOMBRE, PADRE FROM CATEGORIA WHERE (NOMBRE = ?)
	bind => [Sistemas Operativos]
[EL Fine]: sql: 2014-10-09 10:12:54.677--ServerSession(1989311583)--Connection(1905800551)--Thread(Thread[AWT-EventQueue-0,6,main])--SELECT t1.NROREFERENCIA, t1.DESCRIPCION, t1.NOMBRE, t1.PRECIO, t1.PROVEEDOR_ID, t0.ESP_NROREF FROM CATEGORIAESPECIFICACIONPROD t0, ESPECIFICACIONPRODUCTO t1 WHERE ((t0.CAT_NAME = ?) AND (t1.NROREFERENCIA = t0.ESP_NROREF))
	bind => [Sistemas Operativos]
[EL Fine]: sql: 2014-10-09 10:12:54.678--ServerSession(1989311583)--Connection(1905800551)--Thread(Thread[AWT-EventQueue-0,6,main])--SELECT NOMBRE, PADRE FROM CATEGORIA WHERE (NOMBRE = ?)
	bind => [iOS]
[EL Fine]: sql: 2014-10-09 10:12:54.678--ServerSession(1989311583)--Connection(1905800551)--Thread(Thread[AWT-EventQueue-0,6,main])--SELECT t1.NROREFERENCIA, t1.DESCRIPCION, t1.NOMBRE, t1.PRECIO, t1.PROVEEDOR_ID, t0.ESP_NROREF FROM CATEGORIAESPECIFICACIONPROD t0, ESPECIFICACIONPRODUCTO t1 WHERE ((t0.CAT_NAME = ?) AND (t1.NROREFERENCIA = t0.ESP_NROREF))
	bind => [iOS]
[EL Fine]: sql: 2014-10-09 10:12:54.679--ServerSession(1989311583)--Connection(1905800551)--Thread(Thread[AWT-EventQueue-0,6,main])--SELECT NOMBRE, PADRE FROM CATEGORIA WHERE (NOMBRE = ?)
	bind => [Android]
[EL Fine]: sql: 2014-10-09 10:12:54.679--ServerSession(1989311583)--Connection(1905800551)--Thread(Thread[AWT-EventQueue-0,6,main])--SELECT t1.NROREFERENCIA, t1.DESCRIPCION, t1.NOMBRE, t1.PRECIO, t1.PROVEEDOR_ID, t0.ESP_NROREF FROM CATEGORIAESPECIFICACIONPROD t0, ESPECIFICACIONPRODUCTO t1 WHERE ((t0.CAT_NAME = ?) AND (t1.NROREFERENCIA = t0.ESP_NROREF))
	bind => [Android]
[EL Fine]: sql: 2014-10-09 10:12:54.68--ServerSession(1989311583)--Connection(1905800551)--Thread(Thread[AWT-EventQueue-0,6,main])--SELECT NOMBRE, PADRE FROM CATEGORIA WHERE (NOMBRE = ?)
	bind => [Windows Phone]
[EL Fine]: sql: 2014-10-09 10:12:54.68--ServerSession(1989311583)--Connection(1905800551)--Thread(Thread[AWT-EventQueue-0,6,main])--SELECT t1.NROREFERENCIA, t1.DESCRIPCION, t1.NOMBRE, t1.PRECIO, t1.PROVEEDOR_ID, t0.ESP_NROREF FROM CATEGORIAESPECIFICACIONPROD t0, ESPECIFICACIONPRODUCTO t1 WHERE ((t0.CAT_NAME = ?) AND (t1.NROREFERENCIA = t0.ESP_NROREF))
	bind => [Windows Phone]
[EL Fine]: sql: 2014-10-09 10:12:54.681--ServerSession(1989311583)--Connection(1905800551)--Thread(Thread[AWT-EventQueue-0,6,main])--SELECT NOMBRE, PADRE FROM CATEGORIA WHERE (NOMBRE = ?)
	bind => [Symbian]
[EL Fine]: sql: 2014-10-09 10:12:54.682--ServerSession(1989311583)--Connection(1905800551)--Thread(Thread[AWT-EventQueue-0,6,main])--SELECT t1.NROREFERENCIA, t1.DESCRIPCION, t1.NOMBRE, t1.PRECIO, t1.PROVEEDOR_ID, t0.ESP_NROREF FROM CATEGORIAESPECIFICACIONPROD t0, ESPECIFICACIONPRODUCTO t1 WHERE ((t0.CAT_NAME = ?) AND (t1.NROREFERENCIA = t0.ESP_NROREF))
	bind => [Symbian]
[EL Fine]: sql: 2014-10-09 10:12:54.682--ServerSession(1989311583)--Connection(1905800551)--Thread(Thread[AWT-EventQueue-0,6,main])--SELECT NOMBRE, PADRE FROM CATEGORIA WHERE (NOMBRE = ?)
	bind => [Blackberry OS]
[EL Fine]: sql: 2014-10-09 10:12:54.682--ServerSession(1989311583)--Connection(1905800551)--Thread(Thread[AWT-EventQueue-0,6,main])--SELECT t1.NROREFERENCIA, t1.DESCRIPCION, t1.NOMBRE, t1.PRECIO, t1.PROVEEDOR_ID, t0.ESP_NROREF FROM CATEGORIAESPECIFICACIONPROD t0, ESPECIFICACIONPRODUCTO t1 WHERE ((t0.CAT_NAME = ?) AND (t1.NROREFERENCIA = t0.ESP_NROREF))
	bind => [Blackberry OS]
[EL Fine]: sql: 2014-10-09 10:12:54.683--ServerSession(1989311583)--Connection(1905800551)--Thread(Thread[AWT-EventQueue-0,6,main])--SELECT NOMBRE, PADRE FROM CATEGORIA WHERE (NOMBRE = ?)
	bind => [Equipos]
[EL Fine]: sql: 2014-10-09 10:12:54.683--ServerSession(1989311583)--Connection(1905800551)--Thread(Thread[AWT-EventQueue-0,6,main])--SELECT t1.NROREFERENCIA, t1.DESCRIPCION, t1.NOMBRE, t1.PRECIO, t1.PROVEEDOR_ID, t0.ESP_NROREF FROM CATEGORIAESPECIFICACIONPROD t0, ESPECIFICACIONPRODUCTO t1 WHERE ((t0.CAT_NAME = ?) AND (t1.NROREFERENCIA = t0.ESP_NROREF))
	bind => [Equipos]
[EL Fine]: sql: 2014-10-09 10:12:54.684--ServerSession(1989311583)--Connection(1905800551)--Thread(Thread[AWT-EventQueue-0,6,main])--SELECT NOMBRE, PADRE FROM CATEGORIA WHERE (NOMBRE = ?)
	bind => [iPhone]
[EL Fine]: sql: 2014-10-09 10:12:54.684--ServerSession(1989311583)--Connection(1905800551)--Thread(Thread[AWT-EventQueue-0,6,main])--SELECT t1.NROREFERENCIA, t1.DESCRIPCION, t1.NOMBRE, t1.PRECIO, t1.PROVEEDOR_ID, t0.ESP_NROREF FROM CATEGORIAESPECIFICACIONPROD t0, ESPECIFICACIONPRODUCTO t1 WHERE ((t0.CAT_NAME = ?) AND (t1.NROREFERENCIA = t0.ESP_NROREF))
	bind => [iPhone]
[EL Fine]: sql: 2014-10-09 10:12:54.685--ServerSession(1989311583)--Connection(1905800551)--Thread(Thread[AWT-EventQueue-0,6,main])--SELECT NOMBRE, PADRE FROM CATEGORIA WHERE (NOMBRE = ?)
	bind => [Nexus]
[EL Fine]: sql: 2014-10-09 10:12:54.685--ServerSession(1989311583)--Connection(1905800551)--Thread(Thread[AWT-EventQueue-0,6,main])--SELECT t1.NROREFERENCIA, t1.DESCRIPCION, t1.NOMBRE, t1.PRECIO, t1.PROVEEDOR_ID, t0.ESP_NROREF FROM CATEGORIAESPECIFICACIONPROD t0, ESPECIFICACIONPRODUCTO t1 WHERE ((t0.CAT_NAME = ?) AND (t1.NROREFERENCIA = t0.ESP_NROREF))
	bind => [Nexus]
[EL Fine]: sql: 2014-10-09 10:12:54.685--ServerSession(1989311583)--Connection(1905800551)--Thread(Thread[AWT-EventQueue-0,6,main])--SELECT NOMBRE, PADRE FROM CATEGORIA WHERE (NOMBRE = ?)
	bind => [Samsung]
[EL Fine]: sql: 2014-10-09 10:12:54.686--ServerSession(1989311583)--Connection(1905800551)--Thread(Thread[AWT-EventQueue-0,6,main])--SELECT t1.NROREFERENCIA, t1.DESCRIPCION, t1.NOMBRE, t1.PRECIO, t1.PROVEEDOR_ID, t0.ESP_NROREF FROM CATEGORIAESPECIFICACIONPROD t0, ESPECIFICACIONPRODUCTO t1 WHERE ((t0.CAT_NAME = ?) AND (t1.NROREFERENCIA = t0.ESP_NROREF))
	bind => [Samsung]
[EL Fine]: sql: 2014-10-09 10:12:54.686--ServerSession(1989311583)--Connection(1905800551)--Thread(Thread[AWT-EventQueue-0,6,main])--SELECT NOMBRE, PADRE FROM CATEGORIA WHERE (NOMBRE = ?)
	bind => [Galaxy S3]
[EL Fine]: sql: 2014-10-09 10:12:54.686--ServerSession(1989311583)--Connection(1905800551)--Thread(Thread[AWT-EventQueue-0,6,main])--SELECT t1.NROREFERENCIA, t1.DESCRIPCION, t1.NOMBRE, t1.PRECIO, t1.PROVEEDOR_ID, t0.ESP_NROREF FROM CATEGORIAESPECIFICACIONPROD t0, ESPECIFICACIONPRODUCTO t1 WHERE ((t0.CAT_NAME = ?) AND (t1.NROREFERENCIA = t0.ESP_NROREF))
	bind => [Galaxy S3]
[EL Fine]: sql: 2014-10-09 10:12:54.687--ServerSession(1989311583)--Connection(1905800551)--Thread(Thread[AWT-EventQueue-0,6,main])--SELECT NOMBRE, PADRE FROM CATEGORIA WHERE (NOMBRE = ?)
	bind => [Galaxy S4]
[EL Fine]: sql: 2014-10-09 10:12:54.687--ServerSession(1989311583)--Connection(1905800551)--Thread(Thread[AWT-EventQueue-0,6,main])--SELECT t1.NROREFERENCIA, t1.DESCRIPCION, t1.NOMBRE, t1.PRECIO, t1.PROVEEDOR_ID, t0.ESP_NROREF FROM CATEGORIAESPECIFICACIONPROD t0, ESPECIFICACIONPRODUCTO t1 WHERE ((t0.CAT_NAME = ?) AND (t1.NROREFERENCIA = t0.ESP_NROREF))
	bind => [Galaxy S4]
[EL Fine]: sql: 2014-10-09 10:12:54.688--ServerSession(1989311583)--Connection(1905800551)--Thread(Thread[AWT-EventQueue-0,6,main])--SELECT NOMBRE, PADRE FROM CATEGORIA WHERE (NOMBRE = ?)
	bind => [Galaxy Ace]
[EL Fine]: sql: 2014-10-09 10:12:54.688--ServerSession(1989311583)--Connection(1905800551)--Thread(Thread[AWT-EventQueue-0,6,main])--SELECT t1.NROREFERENCIA, t1.DESCRIPCION, t1.NOMBRE, t1.PRECIO, t1.PROVEEDOR_ID, t0.ESP_NROREF FROM CATEGORIAESPECIFICACIONPROD t0, ESPECIFICACIONPRODUCTO t1 WHERE ((t0.CAT_NAME = ?) AND (t1.NROREFERENCIA = t0.ESP_NROREF))
	bind => [Galaxy Ace]
[EL Fine]: sql: 2014-10-09 10:12:54.689--ServerSession(1989311583)--Connection(1905800551)--Thread(Thread[AWT-EventQueue-0,6,main])--SELECT NOMBRE, PADRE FROM CATEGORIA WHERE (NOMBRE = ?)
	bind => [Blackberry]
[EL Fine]: sql: 2014-10-09 10:12:54.689--ServerSession(1989311583)--Connection(1905800551)--Thread(Thread[AWT-EventQueue-0,6,main])--SELECT t1.NROREFERENCIA, t1.DESCRIPCION, t1.NOMBRE, t1.PRECIO, t1.PROVEEDOR_ID, t0.ESP_NROREF FROM CATEGORIAESPECIFICACIONPROD t0, ESPECIFICACIONPRODUCTO t1 WHERE ((t0.CAT_NAME = ?) AND (t1.NROREFERENCIA = t0.ESP_NROREF))
	bind => [Blackberry]
[EL Fine]: sql: 2014-10-09 10:12:54.689--ServerSession(1989311583)--Connection(1905800551)--Thread(Thread[AWT-EventQueue-0,6,main])--SELECT NOMBRE, PADRE FROM CATEGORIA WHERE (NOMBRE = ?)
	bind => [Nokia]
[EL Fine]: sql: 2014-10-09 10:12:54.69--ServerSession(1989311583)--Connection(1905800551)--Thread(Thread[AWT-EventQueue-0,6,main])--SELECT t1.NROREFERENCIA, t1.DESCRIPCION, t1.NOMBRE, t1.PRECIO, t1.PROVEEDOR_ID, t0.ESP_NROREF FROM CATEGORIAESPECIFICACIONPROD t0, ESPECIFICACIONPRODUCTO t1 WHERE ((t0.CAT_NAME = ?) AND (t1.NROREFERENCIA = t0.ESP_NROREF))
	bind => [Nokia]
[EL Fine]: sql: 2014-10-09 10:12:54.69--ServerSession(1989311583)--Connection(1905800551)--Thread(Thread[AWT-EventQueue-0,6,main])--SELECT NOMBRE, PADRE FROM CATEGORIA WHERE (NOMBRE = ?)
	bind => [Accesorios]
[EL Fine]: sql: 2014-10-09 10:12:54.69--ServerSession(1989311583)--Connection(1905800551)--Thread(Thread[AWT-EventQueue-0,6,main])--SELECT t1.NROREFERENCIA, t1.DESCRIPCION, t1.NOMBRE, t1.PRECIO, t1.PROVEEDOR_ID, t0.ESP_NROREF FROM CATEGORIAESPECIFICACIONPROD t0, ESPECIFICACIONPRODUCTO t1 WHERE ((t0.CAT_NAME = ?) AND (t1.NROREFERENCIA = t0.ESP_NROREF))
	bind => [Accesorios]
[EL Fine]: sql: 2014-10-09 10:12:54.691--ServerSession(1989311583)--Connection(1905800551)--Thread(Thread[AWT-EventQueue-0,6,main])--SELECT NOMBRE, PADRE FROM CATEGORIA WHERE (NOMBRE = ?)
	bind => [Protectores]
[EL Fine]: sql: 2014-10-09 10:12:54.691--ServerSession(1989311583)--Connection(1905800551)--Thread(Thread[AWT-EventQueue-0,6,main])--SELECT t1.NROREFERENCIA, t1.DESCRIPCION, t1.NOMBRE, t1.PRECIO, t1.PROVEEDOR_ID, t0.ESP_NROREF FROM CATEGORIAESPECIFICACIONPROD t0, ESPECIFICACIONPRODUCTO t1 WHERE ((t0.CAT_NAME = ?) AND (t1.NROREFERENCIA = t0.ESP_NROREF))
	bind => [Protectores]
[EL Fine]: sql: 2014-10-09 10:12:54.691--ServerSession(1989311583)--Connection(1905800551)--Thread(Thread[AWT-EventQueue-0,6,main])--SELECT NOMBRE, PADRE FROM CATEGORIA WHERE (NOMBRE = ?)
	bind => [Baterías]
[EL Fine]: sql: 2014-10-09 10:12:54.692--ServerSession(1989311583)--Connection(1905800551)--Thread(Thread[AWT-EventQueue-0,6,main])--SELECT t1.NROREFERENCIA, t1.DESCRIPCION, t1.NOMBRE, t1.PRECIO, t1.PROVEEDOR_ID, t0.ESP_NROREF FROM CATEGORIAESPECIFICACIONPROD t0, ESPECIFICACIONPRODUCTO t1 WHERE ((t0.CAT_NAME = ?) AND (t1.NROREFERENCIA = t0.ESP_NROREF))
	bind => [Baterías]
[EL Fine]: sql: 2014-10-09 10:12:54.692--ServerSession(1989311583)--Connection(1905800551)--Thread(Thread[AWT-EventQueue-0,6,main])--SELECT NOMBRE, PADRE FROM CATEGORIA WHERE (NOMBRE = ?)
	bind => [Apple]
[EL Fine]: sql: 2014-10-09 10:12:54.692--ServerSession(1989311583)--Connection(1905800551)--Thread(Thread[AWT-EventQueue-0,6,main])--SELECT t1.NROREFERENCIA, t1.DESCRIPCION, t1.NOMBRE, t1.PRECIO, t1.PROVEEDOR_ID, t0.ESP_NROREF FROM CATEGORIAESPECIFICACIONPROD t0, ESPECIFICACIONPRODUCTO t1 WHERE ((t0.CAT_NAME = ?) AND (t1.NROREFERENCIA = t0.ESP_NROREF))
	bind => [Apple]
[EL Fine]: sql: 2014-10-09 10:12:54.693--ServerSession(1989311583)--Connection(1905800551)--Thread(Thread[AWT-EventQueue-0,6,main])--SELECT NOMBRE, PADRE FROM CATEGORIA WHERE (NOMBRE = ?)
	bind => [Videojuegos]
[EL Fine]: sql: 2014-10-09 10:12:54.693--ServerSession(1989311583)--Connection(1905800551)--Thread(Thread[AWT-EventQueue-0,6,main])--SELECT t1.NROREFERENCIA, t1.DESCRIPCION, t1.NOMBRE, t1.PRECIO, t1.PROVEEDOR_ID, t0.ESP_NROREF FROM CATEGORIAESPECIFICACIONPROD t0, ESPECIFICACIONPRODUCTO t1 WHERE ((t0.CAT_NAME = ?) AND (t1.NROREFERENCIA = t0.ESP_NROREF))
	bind => [Videojuegos]
[EL Fine]: sql: 2014-10-09 10:12:54.693--ServerSession(1989311583)--Connection(1905800551)--Thread(Thread[AWT-EventQueue-0,6,main])--SELECT NOMBRE, PADRE FROM CATEGORIA WHERE (NOMBRE = ?)
	bind => [Playstation]
[EL Fine]: sql: 2014-10-09 10:12:54.694--ServerSession(1989311583)--Connection(1905800551)--Thread(Thread[AWT-EventQueue-0,6,main])--SELECT t1.NROREFERENCIA, t1.DESCRIPCION, t1.NOMBRE, t1.PRECIO, t1.PROVEEDOR_ID, t0.ESP_NROREF FROM CATEGORIAESPECIFICACIONPROD t0, ESPECIFICACIONPRODUCTO t1 WHERE ((t0.CAT_NAME = ?) AND (t1.NROREFERENCIA = t0.ESP_NROREF))
	bind => [Playstation]
[EL Fine]: sql: 2014-10-09 10:12:54.694--ServerSession(1989311583)--Connection(1905800551)--Thread(Thread[AWT-EventQueue-0,6,main])--SELECT NOMBRE, PADRE FROM CATEGORIA WHERE (NOMBRE = ?)
	bind => [Xbox]
[EL Fine]: sql: 2014-10-09 10:12:54.695--ServerSession(1989311583)--Connection(1905800551)--Thread(Thread[AWT-EventQueue-0,6,main])--SELECT t1.NROREFERENCIA, t1.DESCRIPCION, t1.NOMBRE, t1.PRECIO, t1.PROVEEDOR_ID, t0.ESP_NROREF FROM CATEGORIAESPECIFICACIONPROD t0, ESPECIFICACIONPRODUCTO t1 WHERE ((t0.CAT_NAME = ?) AND (t1.NROREFERENCIA = t0.ESP_NROREF))
	bind => [Xbox]
[EL Fine]: sql: 2014-10-09 10:12:54.695--ServerSession(1989311583)--Connection(1905800551)--Thread(Thread[AWT-EventQueue-0,6,main])--SELECT NOMBRE, PADRE FROM CATEGORIA
[EL Fine]: sql: 2014-10-09 10:12:54.696--ServerSession(1989311583)--Connection(1905800551)--Thread(Thread[AWT-EventQueue-0,6,main])--SELECT NROREFERENCIA, DESCRIPCION, NOMBRE, PRECIO, PROVEEDOR_ID FROM ESPECIFICACIONPRODUCTO
[EL Fine]: sql: 2014-10-09 10:12:54.696--ServerSession(1989311583)--Connection(1905800551)--Thread(Thread[AWT-EventQueue-0,6,main])--SELECT NOMBRE, PADRE FROM CATEGORIA
[EL Fine]: sql: 2014-10-09 10:12:54.696--ServerSession(1989311583)--Connection(1905800551)--Thread(Thread[AWT-EventQueue-0,6,main])--SELECT NOMBRE, PADRE FROM CATEGORIA WHERE (NOMBRE = ?)
	bind => [Celulares]
[EL Fine]: sql: 2014-10-09 10:12:54.697--ServerSession(1989311583)--Connection(1905800551)--Thread(Thread[AWT-EventQueue-0,6,main])--SELECT t1.NROREFERENCIA, t1.DESCRIPCION, t1.NOMBRE, t1.PRECIO, t1.PROVEEDOR_ID, t0.ESP_NROREF FROM CATEGORIAESPECIFICACIONPROD t0, ESPECIFICACIONPRODUCTO t1 WHERE ((t0.CAT_NAME = ?) AND (t1.NROREFERENCIA = t0.ESP_NROREF))
	bind => [Celulares]
[EL Fine]: sql: 2014-10-09 10:12:54.697--ServerSession(1989311583)--Connection(1905800551)--Thread(Thread[AWT-EventQueue-0,6,main])--SELECT NOMBRE, PADRE FROM CATEGORIA WHERE (NOMBRE = ?)
	bind => [Sistemas Operativos]
[EL Fine]: sql: 2014-10-09 10:12:54.698--ServerSession(1989311583)--Connection(1905800551)--Thread(Thread[AWT-EventQueue-0,6,main])--SELECT t1.NROREFERENCIA, t1.DESCRIPCION, t1.NOMBRE, t1.PRECIO, t1.PROVEEDOR_ID, t0.ESP_NROREF FROM CATEGORIAESPECIFICACIONPROD t0, ESPECIFICACIONPRODUCTO t1 WHERE ((t0.CAT_NAME = ?) AND (t1.NROREFERENCIA = t0.ESP_NROREF))
	bind => [Sistemas Operativos]
[EL Fine]: sql: 2014-10-09 10:12:54.698--ServerSession(1989311583)--Connection(1905800551)--Thread(Thread[AWT-EventQueue-0,6,main])--SELECT NOMBRE, PADRE FROM CATEGORIA WHERE (NOMBRE = ?)
	bind => [iOS]
[EL Fine]: sql: 2014-10-09 10:12:54.698--ServerSession(1989311583)--Connection(1905800551)--Thread(Thread[AWT-EventQueue-0,6,main])--SELECT t1.NROREFERENCIA, t1.DESCRIPCION, t1.NOMBRE, t1.PRECIO, t1.PROVEEDOR_ID, t0.ESP_NROREF FROM CATEGORIAESPECIFICACIONPROD t0, ESPECIFICACIONPRODUCTO t1 WHERE ((t0.CAT_NAME = ?) AND (t1.NROREFERENCIA = t0.ESP_NROREF))
	bind => [iOS]
[EL Fine]: sql: 2014-10-09 10:12:54.699--ServerSession(1989311583)--Connection(1905800551)--Thread(Thread[AWT-EventQueue-0,6,main])--SELECT NOMBRE, PADRE FROM CATEGORIA WHERE (NOMBRE = ?)
	bind => [Android]
[EL Fine]: sql: 2014-10-09 10:12:54.699--ServerSession(1989311583)--Connection(1905800551)--Thread(Thread[AWT-EventQueue-0,6,main])--SELECT t1.NROREFERENCIA, t1.DESCRIPCION, t1.NOMBRE, t1.PRECIO, t1.PROVEEDOR_ID, t0.ESP_NROREF FROM CATEGORIAESPECIFICACIONPROD t0, ESPECIFICACIONPRODUCTO t1 WHERE ((t0.CAT_NAME = ?) AND (t1.NROREFERENCIA = t0.ESP_NROREF))
	bind => [Android]
[EL Fine]: sql: 2014-10-09 10:12:54.7--ServerSession(1989311583)--Connection(1905800551)--Thread(Thread[AWT-EventQueue-0,6,main])--SELECT NOMBRE, PADRE FROM CATEGORIA WHERE (NOMBRE = ?)
	bind => [Windows Phone]
[EL Fine]: sql: 2014-10-09 10:12:54.7--ServerSession(1989311583)--Connection(1905800551)--Thread(Thread[AWT-EventQueue-0,6,main])--SELECT t1.NROREFERENCIA, t1.DESCRIPCION, t1.NOMBRE, t1.PRECIO, t1.PROVEEDOR_ID, t0.ESP_NROREF FROM CATEGORIAESPECIFICACIONPROD t0, ESPECIFICACIONPRODUCTO t1 WHERE ((t0.CAT_NAME = ?) AND (t1.NROREFERENCIA = t0.ESP_NROREF))
	bind => [Windows Phone]
[EL Fine]: sql: 2014-10-09 10:12:54.701--ServerSession(1989311583)--Connection(1905800551)--Thread(Thread[AWT-EventQueue-0,6,main])--SELECT NOMBRE, PADRE FROM CATEGORIA WHERE (NOMBRE = ?)
	bind => [Symbian]
[EL Fine]: sql: 2014-10-09 10:12:54.701--ServerSession(1989311583)--Connection(1905800551)--Thread(Thread[AWT-EventQueue-0,6,main])--SELECT t1.NROREFERENCIA, t1.DESCRIPCION, t1.NOMBRE, t1.PRECIO, t1.PROVEEDOR_ID, t0.ESP_NROREF FROM CATEGORIAESPECIFICACIONPROD t0, ESPECIFICACIONPRODUCTO t1 WHERE ((t0.CAT_NAME = ?) AND (t1.NROREFERENCIA = t0.ESP_NROREF))
	bind => [Symbian]
[EL Fine]: sql: 2014-10-09 10:12:54.701--ServerSession(1989311583)--Connection(1905800551)--Thread(Thread[AWT-EventQueue-0,6,main])--SELECT NOMBRE, PADRE FROM CATEGORIA WHERE (NOMBRE = ?)
	bind => [Blackberry OS]
[EL Fine]: sql: 2014-10-09 10:12:54.702--ServerSession(1989311583)--Connection(1905800551)--Thread(Thread[AWT-EventQueue-0,6,main])--SELECT t1.NROREFERENCIA, t1.DESCRIPCION, t1.NOMBRE, t1.PRECIO, t1.PROVEEDOR_ID, t0.ESP_NROREF FROM CATEGORIAESPECIFICACIONPROD t0, ESPECIFICACIONPRODUCTO t1 WHERE ((t0.CAT_NAME = ?) AND (t1.NROREFERENCIA = t0.ESP_NROREF))
	bind => [Blackberry OS]
[EL Fine]: sql: 2014-10-09 10:12:54.702--ServerSession(1989311583)--Connection(1905800551)--Thread(Thread[AWT-EventQueue-0,6,main])--SELECT NOMBRE, PADRE FROM CATEGORIA WHERE (NOMBRE = ?)
	bind => [Equipos]
[EL Fine]: sql: 2014-10-09 10:12:54.703--ServerSession(1989311583)--Connection(1905800551)--Thread(Thread[AWT-EventQueue-0,6,main])--SELECT t1.NROREFERENCIA, t1.DESCRIPCION, t1.NOMBRE, t1.PRECIO, t1.PROVEEDOR_ID, t0.ESP_NROREF FROM CATEGORIAESPECIFICACIONPROD t0, ESPECIFICACIONPRODUCTO t1 WHERE ((t0.CAT_NAME = ?) AND (t1.NROREFERENCIA = t0.ESP_NROREF))
	bind => [Equipos]
[EL Fine]: sql: 2014-10-09 10:12:54.703--ServerSession(1989311583)--Connection(1905800551)--Thread(Thread[AWT-EventQueue-0,6,main])--SELECT NOMBRE, PADRE FROM CATEGORIA WHERE (NOMBRE = ?)
	bind => [iPhone]
[EL Fine]: sql: 2014-10-09 10:12:54.704--ServerSession(1989311583)--Connection(1905800551)--Thread(Thread[AWT-EventQueue-0,6,main])--SELECT t1.NROREFERENCIA, t1.DESCRIPCION, t1.NOMBRE, t1.PRECIO, t1.PROVEEDOR_ID, t0.ESP_NROREF FROM CATEGORIAESPECIFICACIONPROD t0, ESPECIFICACIONPRODUCTO t1 WHERE ((t0.CAT_NAME = ?) AND (t1.NROREFERENCIA = t0.ESP_NROREF))
	bind => [iPhone]
[EL Fine]: sql: 2014-10-09 10:12:54.704--ServerSession(1989311583)--Connection(1905800551)--Thread(Thread[AWT-EventQueue-0,6,main])--SELECT NOMBRE, PADRE FROM CATEGORIA WHERE (NOMBRE = ?)
	bind => [Nexus]
[EL Fine]: sql: 2014-10-09 10:12:54.704--ServerSession(1989311583)--Connection(1905800551)--Thread(Thread[AWT-EventQueue-0,6,main])--SELECT t1.NROREFERENCIA, t1.DESCRIPCION, t1.NOMBRE, t1.PRECIO, t1.PROVEEDOR_ID, t0.ESP_NROREF FROM CATEGORIAESPECIFICACIONPROD t0, ESPECIFICACIONPRODUCTO t1 WHERE ((t0.CAT_NAME = ?) AND (t1.NROREFERENCIA = t0.ESP_NROREF))
	bind => [Nexus]
[EL Fine]: sql: 2014-10-09 10:12:54.704--ServerSession(1989311583)--Connection(1905800551)--Thread(Thread[AWT-EventQueue-0,6,main])--SELECT NOMBRE, PADRE FROM CATEGORIA WHERE (NOMBRE = ?)
	bind => [Samsung]
[EL Fine]: sql: 2014-10-09 10:12:54.705--ServerSession(1989311583)--Connection(1905800551)--Thread(Thread[AWT-EventQueue-0,6,main])--SELECT t1.NROREFERENCIA, t1.DESCRIPCION, t1.NOMBRE, t1.PRECIO, t1.PROVEEDOR_ID, t0.ESP_NROREF FROM CATEGORIAESPECIFICACIONPROD t0, ESPECIFICACIONPRODUCTO t1 WHERE ((t0.CAT_NAME = ?) AND (t1.NROREFERENCIA = t0.ESP_NROREF))
	bind => [Samsung]
[EL Fine]: sql: 2014-10-09 10:12:54.705--ServerSession(1989311583)--Connection(1905800551)--Thread(Thread[AWT-EventQueue-0,6,main])--SELECT NOMBRE, PADRE FROM CATEGORIA WHERE (NOMBRE = ?)
	bind => [Galaxy S3]
[EL Fine]: sql: 2014-10-09 10:12:54.706--ServerSession(1989311583)--Connection(1905800551)--Thread(Thread[AWT-EventQueue-0,6,main])--SELECT t1.NROREFERENCIA, t1.DESCRIPCION, t1.NOMBRE, t1.PRECIO, t1.PROVEEDOR_ID, t0.ESP_NROREF FROM CATEGORIAESPECIFICACIONPROD t0, ESPECIFICACIONPRODUCTO t1 WHERE ((t0.CAT_NAME = ?) AND (t1.NROREFERENCIA = t0.ESP_NROREF))
	bind => [Galaxy S3]
[EL Fine]: sql: 2014-10-09 10:12:54.706--ServerSession(1989311583)--Connection(1905800551)--Thread(Thread[AWT-EventQueue-0,6,main])--SELECT NOMBRE, PADRE FROM CATEGORIA WHERE (NOMBRE = ?)
	bind => [Galaxy S4]
[EL Fine]: sql: 2014-10-09 10:12:54.707--ServerSession(1989311583)--Connection(1905800551)--Thread(Thread[AWT-EventQueue-0,6,main])--SELECT t1.NROREFERENCIA, t1.DESCRIPCION, t1.NOMBRE, t1.PRECIO, t1.PROVEEDOR_ID, t0.ESP_NROREF FROM CATEGORIAESPECIFICACIONPROD t0, ESPECIFICACIONPRODUCTO t1 WHERE ((t0.CAT_NAME = ?) AND (t1.NROREFERENCIA = t0.ESP_NROREF))
	bind => [Galaxy S4]
[EL Fine]: sql: 2014-10-09 10:12:54.709--ServerSession(1989311583)--Connection(1905800551)--Thread(Thread[AWT-EventQueue-0,6,main])--SELECT NOMBRE, PADRE FROM CATEGORIA WHERE (NOMBRE = ?)
	bind => [Galaxy Ace]
[EL Fine]: sql: 2014-10-09 10:12:54.709--ServerSession(1989311583)--Connection(1905800551)--Thread(Thread[AWT-EventQueue-0,6,main])--SELECT t1.NROREFERENCIA, t1.DESCRIPCION, t1.NOMBRE, t1.PRECIO, t1.PROVEEDOR_ID, t0.ESP_NROREF FROM CATEGORIAESPECIFICACIONPROD t0, ESPECIFICACIONPRODUCTO t1 WHERE ((t0.CAT_NAME = ?) AND (t1.NROREFERENCIA = t0.ESP_NROREF))
	bind => [Galaxy Ace]
[EL Fine]: sql: 2014-10-09 10:12:54.71--ServerSession(1989311583)--Connection(1905800551)--Thread(Thread[AWT-EventQueue-0,6,main])--SELECT NOMBRE, PADRE FROM CATEGORIA WHERE (NOMBRE = ?)
	bind => [Blackberry]
[EL Fine]: sql: 2014-10-09 10:12:54.71--ServerSession(1989311583)--Connection(1905800551)--Thread(Thread[AWT-EventQueue-0,6,main])--SELECT t1.NROREFERENCIA, t1.DESCRIPCION, t1.NOMBRE, t1.PRECIO, t1.PROVEEDOR_ID, t0.ESP_NROREF FROM CATEGORIAESPECIFICACIONPROD t0, ESPECIFICACIONPRODUCTO t1 WHERE ((t0.CAT_NAME = ?) AND (t1.NROREFERENCIA = t0.ESP_NROREF))
	bind => [Blackberry]
[EL Fine]: sql: 2014-10-09 10:12:54.711--ServerSession(1989311583)--Connection(1905800551)--Thread(Thread[AWT-EventQueue-0,6,main])--SELECT NOMBRE, PADRE FROM CATEGORIA WHERE (NOMBRE = ?)
	bind => [Nokia]
[EL Fine]: sql: 2014-10-09 10:12:54.712--ServerSession(1989311583)--Connection(1905800551)--Thread(Thread[AWT-EventQueue-0,6,main])--SELECT t1.NROREFERENCIA, t1.DESCRIPCION, t1.NOMBRE, t1.PRECIO, t1.PROVEEDOR_ID, t0.ESP_NROREF FROM CATEGORIAESPECIFICACIONPROD t0, ESPECIFICACIONPRODUCTO t1 WHERE ((t0.CAT_NAME = ?) AND (t1.NROREFERENCIA = t0.ESP_NROREF))
	bind => [Nokia]
[EL Fine]: sql: 2014-10-09 10:12:54.712--ServerSession(1989311583)--Connection(1905800551)--Thread(Thread[AWT-EventQueue-0,6,main])--SELECT NOMBRE, PADRE FROM CATEGORIA WHERE (NOMBRE = ?)
	bind => [Accesorios]
[EL Fine]: sql: 2014-10-09 10:12:54.712--ServerSession(1989311583)--Connection(1905800551)--Thread(Thread[AWT-EventQueue-0,6,main])--SELECT t1.NROREFERENCIA, t1.DESCRIPCION, t1.NOMBRE, t1.PRECIO, t1.PROVEEDOR_ID, t0.ESP_NROREF FROM CATEGORIAESPECIFICACIONPROD t0, ESPECIFICACIONPRODUCTO t1 WHERE ((t0.CAT_NAME = ?) AND (t1.NROREFERENCIA = t0.ESP_NROREF))
	bind => [Accesorios]
[EL Fine]: sql: 2014-10-09 10:12:54.713--ServerSession(1989311583)--Connection(1905800551)--Thread(Thread[AWT-EventQueue-0,6,main])--SELECT NOMBRE, PADRE FROM CATEGORIA WHERE (NOMBRE = ?)
	bind => [Protectores]
[EL Fine]: sql: 2014-10-09 10:12:54.713--ServerSession(1989311583)--Connection(1905800551)--Thread(Thread[AWT-EventQueue-0,6,main])--SELECT t1.NROREFERENCIA, t1.DESCRIPCION, t1.NOMBRE, t1.PRECIO, t1.PROVEEDOR_ID, t0.ESP_NROREF FROM CATEGORIAESPECIFICACIONPROD t0, ESPECIFICACIONPRODUCTO t1 WHERE ((t0.CAT_NAME = ?) AND (t1.NROREFERENCIA = t0.ESP_NROREF))
	bind => [Protectores]
[EL Fine]: sql: 2014-10-09 10:12:54.714--ServerSession(1989311583)--Connection(1905800551)--Thread(Thread[AWT-EventQueue-0,6,main])--SELECT NOMBRE, PADRE FROM CATEGORIA WHERE (NOMBRE = ?)
	bind => [Baterías]
[EL Fine]: sql: 2014-10-09 10:12:54.714--ServerSession(1989311583)--Connection(1905800551)--Thread(Thread[AWT-EventQueue-0,6,main])--SELECT t1.NROREFERENCIA, t1.DESCRIPCION, t1.NOMBRE, t1.PRECIO, t1.PROVEEDOR_ID, t0.ESP_NROREF FROM CATEGORIAESPECIFICACIONPROD t0, ESPECIFICACIONPRODUCTO t1 WHERE ((t0.CAT_NAME = ?) AND (t1.NROREFERENCIA = t0.ESP_NROREF))
	bind => [Baterías]
[EL Fine]: sql: 2014-10-09 10:12:54.714--ServerSession(1989311583)--Connection(1905800551)--Thread(Thread[AWT-EventQueue-0,6,main])--SELECT NOMBRE, PADRE FROM CATEGORIA WHERE (NOMBRE = ?)
	bind => [Apple]
[EL Fine]: sql: 2014-10-09 10:12:54.715--ServerSession(1989311583)--Connection(1905800551)--Thread(Thread[AWT-EventQueue-0,6,main])--SELECT t1.NROREFERENCIA, t1.DESCRIPCION, t1.NOMBRE, t1.PRECIO, t1.PROVEEDOR_ID, t0.ESP_NROREF FROM CATEGORIAESPECIFICACIONPROD t0, ESPECIFICACIONPRODUCTO t1 WHERE ((t0.CAT_NAME = ?) AND (t1.NROREFERENCIA = t0.ESP_NROREF))
	bind => [Apple]
[EL Fine]: sql: 2014-10-09 10:12:54.715--ServerSession(1989311583)--Connection(1905800551)--Thread(Thread[AWT-EventQueue-0,6,main])--SELECT NOMBRE, PADRE FROM CATEGORIA WHERE (NOMBRE = ?)
	bind => [Videojuegos]
[EL Fine]: sql: 2014-10-09 10:12:54.715--ServerSession(1989311583)--Connection(1905800551)--Thread(Thread[AWT-EventQueue-0,6,main])--SELECT t1.NROREFERENCIA, t1.DESCRIPCION, t1.NOMBRE, t1.PRECIO, t1.PROVEEDOR_ID, t0.ESP_NROREF FROM CATEGORIAESPECIFICACIONPROD t0, ESPECIFICACIONPRODUCTO t1 WHERE ((t0.CAT_NAME = ?) AND (t1.NROREFERENCIA = t0.ESP_NROREF))
	bind => [Videojuegos]
[EL Fine]: sql: 2014-10-09 10:12:54.716--ServerSession(1989311583)--Connection(1905800551)--Thread(Thread[AWT-EventQueue-0,6,main])--SELECT NOMBRE, PADRE FROM CATEGORIA WHERE (NOMBRE = ?)
	bind => [Playstation]
[EL Fine]: sql: 2014-10-09 10:12:54.717--ServerSession(1989311583)--Connection(1905800551)--Thread(Thread[AWT-EventQueue-0,6,main])--SELECT t1.NROREFERENCIA, t1.DESCRIPCION, t1.NOMBRE, t1.PRECIO, t1.PROVEEDOR_ID, t0.ESP_NROREF FROM CATEGORIAESPECIFICACIONPROD t0, ESPECIFICACIONPRODUCTO t1 WHERE ((t0.CAT_NAME = ?) AND (t1.NROREFERENCIA = t0.ESP_NROREF))
	bind => [Playstation]
[EL Fine]: sql: 2014-10-09 10:12:54.717--ServerSession(1989311583)--Connection(1905800551)--Thread(Thread[AWT-EventQueue-0,6,main])--SELECT NOMBRE, PADRE FROM CATEGORIA WHERE (NOMBRE = ?)
	bind => [Xbox]
[EL Fine]: sql: 2014-10-09 10:12:54.718--ServerSession(1989311583)--Connection(1905800551)--Thread(Thread[AWT-EventQueue-0,6,main])--SELECT t1.NROREFERENCIA, t1.DESCRIPCION, t1.NOMBRE, t1.PRECIO, t1.PROVEEDOR_ID, t0.ESP_NROREF FROM CATEGORIAESPECIFICACIONPROD t0, ESPECIFICACIONPRODUCTO t1 WHERE ((t0.CAT_NAME = ?) AND (t1.NROREFERENCIA = t0.ESP_NROREF))
	bind => [Xbox]
[EL Fine]: sql: 2014-10-09 10:12:54.718--ServerSession(1989311583)--Connection(1905800551)--Thread(Thread[AWT-EventQueue-0,6,main])--SELECT NOMBRE, PADRE FROM CATEGORIA
[EL Fine]: sql: 2014-10-09 10:12:54.719--ServerSession(1989311583)--Connection(1905800551)--Thread(Thread[AWT-EventQueue-0,6,main])--SELECT NOMBRE, PADRE FROM CATEGORIA
[EL Fine]: sql: 2014-10-09 10:12:54.719--ServerSession(1989311583)--Connection(1905800551)--Thread(Thread[AWT-EventQueue-0,6,main])--SELECT NOMBRE, PADRE FROM CATEGORIA WHERE (NOMBRE = ?)
	bind => [Celulares]
[EL Fine]: sql: 2014-10-09 10:12:54.719--ServerSession(1989311583)--Connection(1905800551)--Thread(Thread[AWT-EventQueue-0,6,main])--SELECT t1.NROREFERENCIA, t1.DESCRIPCION, t1.NOMBRE, t1.PRECIO, t1.PROVEEDOR_ID, t0.ESP_NROREF FROM CATEGORIAESPECIFICACIONPROD t0, ESPECIFICACIONPRODUCTO t1 WHERE ((t0.CAT_NAME = ?) AND (t1.NROREFERENCIA = t0.ESP_NROREF))
	bind => [Celulares]
[EL Fine]: sql: 2014-10-09 10:12:54.72--ServerSession(1989311583)--Connection(1905800551)--Thread(Thread[AWT-EventQueue-0,6,main])--SELECT NOMBRE, PADRE FROM CATEGORIA WHERE (NOMBRE = ?)
	bind => [Sistemas Operativos]
[EL Fine]: sql: 2014-10-09 10:12:54.721--ServerSession(1989311583)--Connection(1905800551)--Thread(Thread[AWT-EventQueue-0,6,main])--SELECT t1.NROREFERENCIA, t1.DESCRIPCION, t1.NOMBRE, t1.PRECIO, t1.PROVEEDOR_ID, t0.ESP_NROREF FROM CATEGORIAESPECIFICACIONPROD t0, ESPECIFICACIONPRODUCTO t1 WHERE ((t0.CAT_NAME = ?) AND (t1.NROREFERENCIA = t0.ESP_NROREF))
	bind => [Sistemas Operativos]
[EL Fine]: sql: 2014-10-09 10:12:54.721--ServerSession(1989311583)--Connection(1905800551)--Thread(Thread[AWT-EventQueue-0,6,main])--SELECT NOMBRE, PADRE FROM CATEGORIA WHERE (NOMBRE = ?)
	bind => [iOS]
[EL Fine]: sql: 2014-10-09 10:12:54.722--ServerSession(1989311583)--Connection(1905800551)--Thread(Thread[AWT-EventQueue-0,6,main])--SELECT t1.NROREFERENCIA, t1.DESCRIPCION, t1.NOMBRE, t1.PRECIO, t1.PROVEEDOR_ID, t0.ESP_NROREF FROM CATEGORIAESPECIFICACIONPROD t0, ESPECIFICACIONPRODUCTO t1 WHERE ((t0.CAT_NAME = ?) AND (t1.NROREFERENCIA = t0.ESP_NROREF))
	bind => [iOS]
[EL Fine]: sql: 2014-10-09 10:12:54.722--ServerSession(1989311583)--Connection(1905800551)--Thread(Thread[AWT-EventQueue-0,6,main])--SELECT NOMBRE, PADRE FROM CATEGORIA WHERE (NOMBRE = ?)
	bind => [Android]
[EL Fine]: sql: 2014-10-09 10:12:54.723--ServerSession(1989311583)--Connection(1905800551)--Thread(Thread[AWT-EventQueue-0,6,main])--SELECT t1.NROREFERENCIA, t1.DESCRIPCION, t1.NOMBRE, t1.PRECIO, t1.PROVEEDOR_ID, t0.ESP_NROREF FROM CATEGORIAESPECIFICACIONPROD t0, ESPECIFICACIONPRODUCTO t1 WHERE ((t0.CAT_NAME = ?) AND (t1.NROREFERENCIA = t0.ESP_NROREF))
	bind => [Android]
[EL Fine]: sql: 2014-10-09 10:12:54.723--ServerSession(1989311583)--Connection(1905800551)--Thread(Thread[AWT-EventQueue-0,6,main])--SELECT NOMBRE, PADRE FROM CATEGORIA WHERE (NOMBRE = ?)
	bind => [Windows Phone]
[EL Fine]: sql: 2014-10-09 10:12:54.724--ServerSession(1989311583)--Connection(1905800551)--Thread(Thread[AWT-EventQueue-0,6,main])--SELECT t1.NROREFERENCIA, t1.DESCRIPCION, t1.NOMBRE, t1.PRECIO, t1.PROVEEDOR_ID, t0.ESP_NROREF FROM CATEGORIAESPECIFICACIONPROD t0, ESPECIFICACIONPRODUCTO t1 WHERE ((t0.CAT_NAME = ?) AND (t1.NROREFERENCIA = t0.ESP_NROREF))
	bind => [Windows Phone]
[EL Fine]: sql: 2014-10-09 10:12:54.724--ServerSession(1989311583)--Connection(1905800551)--Thread(Thread[AWT-EventQueue-0,6,main])--SELECT NOMBRE, PADRE FROM CATEGORIA WHERE (NOMBRE = ?)
	bind => [Symbian]
[EL Fine]: sql: 2014-10-09 10:12:54.724--ServerSession(1989311583)--Connection(1905800551)--Thread(Thread[AWT-EventQueue-0,6,main])--SELECT t1.NROREFERENCIA, t1.DESCRIPCION, t1.NOMBRE, t1.PRECIO, t1.PROVEEDOR_ID, t0.ESP_NROREF FROM CATEGORIAESPECIFICACIONPROD t0, ESPECIFICACIONPRODUCTO t1 WHERE ((t0.CAT_NAME = ?) AND (t1.NROREFERENCIA = t0.ESP_NROREF))
	bind => [Symbian]
[EL Fine]: sql: 2014-10-09 10:12:54.725--ServerSession(1989311583)--Connection(1905800551)--Thread(Thread[AWT-EventQueue-0,6,main])--SELECT NOMBRE, PADRE FROM CATEGORIA WHERE (NOMBRE = ?)
	bind => [Blackberry OS]
[EL Fine]: sql: 2014-10-09 10:12:54.725--ServerSession(1989311583)--Connection(1905800551)--Thread(Thread[AWT-EventQueue-0,6,main])--SELECT t1.NROREFERENCIA, t1.DESCRIPCION, t1.NOMBRE, t1.PRECIO, t1.PROVEEDOR_ID, t0.ESP_NROREF FROM CATEGORIAESPECIFICACIONPROD t0, ESPECIFICACIONPRODUCTO t1 WHERE ((t0.CAT_NAME = ?) AND (t1.NROREFERENCIA = t0.ESP_NROREF))
	bind => [Blackberry OS]
[EL Fine]: sql: 2014-10-09 10:12:54.726--ServerSession(1989311583)--Connection(1905800551)--Thread(Thread[AWT-EventQueue-0,6,main])--SELECT NOMBRE, PADRE FROM CATEGORIA WHERE (NOMBRE = ?)
	bind => [Equipos]
[EL Fine]: sql: 2014-10-09 10:12:54.726--ServerSession(1989311583)--Connection(1905800551)--Thread(Thread[AWT-EventQueue-0,6,main])--SELECT t1.NROREFERENCIA, t1.DESCRIPCION, t1.NOMBRE, t1.PRECIO, t1.PROVEEDOR_ID, t0.ESP_NROREF FROM CATEGORIAESPECIFICACIONPROD t0, ESPECIFICACIONPRODUCTO t1 WHERE ((t0.CAT_NAME = ?) AND (t1.NROREFERENCIA = t0.ESP_NROREF))
	bind => [Equipos]
[EL Fine]: sql: 2014-10-09 10:12:54.727--ServerSession(1989311583)--Connection(1905800551)--Thread(Thread[AWT-EventQueue-0,6,main])--SELECT NOMBRE, PADRE FROM CATEGORIA WHERE (NOMBRE = ?)
	bind => [iPhone]
[EL Fine]: sql: 2014-10-09 10:12:54.727--ServerSession(1989311583)--Connection(1905800551)--Thread(Thread[AWT-EventQueue-0,6,main])--SELECT t1.NROREFERENCIA, t1.DESCRIPCION, t1.NOMBRE, t1.PRECIO, t1.PROVEEDOR_ID, t0.ESP_NROREF FROM CATEGORIAESPECIFICACIONPROD t0, ESPECIFICACIONPRODUCTO t1 WHERE ((t0.CAT_NAME = ?) AND (t1.NROREFERENCIA = t0.ESP_NROREF))
	bind => [iPhone]
[EL Fine]: sql: 2014-10-09 10:12:54.728--ServerSession(1989311583)--Connection(1905800551)--Thread(Thread[AWT-EventQueue-0,6,main])--SELECT NOMBRE, PADRE FROM CATEGORIA WHERE (NOMBRE = ?)
	bind => [Nexus]
[EL Fine]: sql: 2014-10-09 10:12:54.728--ServerSession(1989311583)--Connection(1905800551)--Thread(Thread[AWT-EventQueue-0,6,main])--SELECT t1.NROREFERENCIA, t1.DESCRIPCION, t1.NOMBRE, t1.PRECIO, t1.PROVEEDOR_ID, t0.ESP_NROREF FROM CATEGORIAESPECIFICACIONPROD t0, ESPECIFICACIONPRODUCTO t1 WHERE ((t0.CAT_NAME = ?) AND (t1.NROREFERENCIA = t0.ESP_NROREF))
	bind => [Nexus]
[EL Fine]: sql: 2014-10-09 10:12:54.729--ServerSession(1989311583)--Connection(1905800551)--Thread(Thread[AWT-EventQueue-0,6,main])--SELECT NOMBRE, PADRE FROM CATEGORIA WHERE (NOMBRE = ?)
	bind => [Samsung]
[EL Fine]: sql: 2014-10-09 10:12:54.73--ServerSession(1989311583)--Connection(1905800551)--Thread(Thread[AWT-EventQueue-0,6,main])--SELECT t1.NROREFERENCIA, t1.DESCRIPCION, t1.NOMBRE, t1.PRECIO, t1.PROVEEDOR_ID, t0.ESP_NROREF FROM CATEGORIAESPECIFICACIONPROD t0, ESPECIFICACIONPRODUCTO t1 WHERE ((t0.CAT_NAME = ?) AND (t1.NROREFERENCIA = t0.ESP_NROREF))
	bind => [Samsung]
[EL Fine]: sql: 2014-10-09 10:12:54.73--ServerSession(1989311583)--Connection(1905800551)--Thread(Thread[AWT-EventQueue-0,6,main])--SELECT NOMBRE, PADRE FROM CATEGORIA WHERE (NOMBRE = ?)
	bind => [Galaxy S3]
[EL Fine]: sql: 2014-10-09 10:12:54.731--ServerSession(1989311583)--Connection(1905800551)--Thread(Thread[AWT-EventQueue-0,6,main])--SELECT t1.NROREFERENCIA, t1.DESCRIPCION, t1.NOMBRE, t1.PRECIO, t1.PROVEEDOR_ID, t0.ESP_NROREF FROM CATEGORIAESPECIFICACIONPROD t0, ESPECIFICACIONPRODUCTO t1 WHERE ((t0.CAT_NAME = ?) AND (t1.NROREFERENCIA = t0.ESP_NROREF))
	bind => [Galaxy S3]
[EL Fine]: sql: 2014-10-09 10:12:54.731--ServerSession(1989311583)--Connection(1905800551)--Thread(Thread[AWT-EventQueue-0,6,main])--SELECT NOMBRE, PADRE FROM CATEGORIA WHERE (NOMBRE = ?)
	bind => [Galaxy S4]
[EL Fine]: sql: 2014-10-09 10:12:54.732--ServerSession(1989311583)--Connection(1905800551)--Thread(Thread[AWT-EventQueue-0,6,main])--SELECT t1.NROREFERENCIA, t1.DESCRIPCION, t1.NOMBRE, t1.PRECIO, t1.PROVEEDOR_ID, t0.ESP_NROREF FROM CATEGORIAESPECIFICACIONPROD t0, ESPECIFICACIONPRODUCTO t1 WHERE ((t0.CAT_NAME = ?) AND (t1.NROREFERENCIA = t0.ESP_NROREF))
	bind => [Galaxy S4]
[EL Fine]: sql: 2014-10-09 10:12:54.732--ServerSession(1989311583)--Connection(1905800551)--Thread(Thread[AWT-EventQueue-0,6,main])--SELECT NOMBRE, PADRE FROM CATEGORIA WHERE (NOMBRE = ?)
	bind => [Galaxy Ace]
[EL Fine]: sql: 2014-10-09 10:12:54.733--ServerSession(1989311583)--Connection(1905800551)--Thread(Thread[AWT-EventQueue-0,6,main])--SELECT t1.NROREFERENCIA, t1.DESCRIPCION, t1.NOMBRE, t1.PRECIO, t1.PROVEEDOR_ID, t0.ESP_NROREF FROM CATEGORIAESPECIFICACIONPROD t0, ESPECIFICACIONPRODUCTO t1 WHERE ((t0.CAT_NAME = ?) AND (t1.NROREFERENCIA = t0.ESP_NROREF))
	bind => [Galaxy Ace]
[EL Fine]: sql: 2014-10-09 10:12:54.733--ServerSession(1989311583)--Connection(1905800551)--Thread(Thread[AWT-EventQueue-0,6,main])--SELECT NOMBRE, PADRE FROM CATEGORIA WHERE (NOMBRE = ?)
	bind => [Blackberry]
[EL Fine]: sql: 2014-10-09 10:12:54.734--ServerSession(1989311583)--Connection(1905800551)--Thread(Thread[AWT-EventQueue-0,6,main])--SELECT t1.NROREFERENCIA, t1.DESCRIPCION, t1.NOMBRE, t1.PRECIO, t1.PROVEEDOR_ID, t0.ESP_NROREF FROM CATEGORIAESPECIFICACIONPROD t0, ESPECIFICACIONPRODUCTO t1 WHERE ((t0.CAT_NAME = ?) AND (t1.NROREFERENCIA = t0.ESP_NROREF))
	bind => [Blackberry]
[EL Fine]: sql: 2014-10-09 10:12:54.734--ServerSession(1989311583)--Connection(1905800551)--Thread(Thread[AWT-EventQueue-0,6,main])--SELECT NOMBRE, PADRE FROM CATEGORIA WHERE (NOMBRE = ?)
	bind => [Nokia]
[EL Fine]: sql: 2014-10-09 10:12:54.735--ServerSession(1989311583)--Connection(1905800551)--Thread(Thread[AWT-EventQueue-0,6,main])--SELECT t1.NROREFERENCIA, t1.DESCRIPCION, t1.NOMBRE, t1.PRECIO, t1.PROVEEDOR_ID, t0.ESP_NROREF FROM CATEGORIAESPECIFICACIONPROD t0, ESPECIFICACIONPRODUCTO t1 WHERE ((t0.CAT_NAME = ?) AND (t1.NROREFERENCIA = t0.ESP_NROREF))
	bind => [Nokia]
[EL Fine]: sql: 2014-10-09 10:12:54.735--ServerSession(1989311583)--Connection(1905800551)--Thread(Thread[AWT-EventQueue-0,6,main])--SELECT NOMBRE, PADRE FROM CATEGORIA WHERE (NOMBRE = ?)
	bind => [Accesorios]
[EL Fine]: sql: 2014-10-09 10:12:54.736--ServerSession(1989311583)--Connection(1905800551)--Thread(Thread[AWT-EventQueue-0,6,main])--SELECT t1.NROREFERENCIA, t1.DESCRIPCION, t1.NOMBRE, t1.PRECIO, t1.PROVEEDOR_ID, t0.ESP_NROREF FROM CATEGORIAESPECIFICACIONPROD t0, ESPECIFICACIONPRODUCTO t1 WHERE ((t0.CAT_NAME = ?) AND (t1.NROREFERENCIA = t0.ESP_NROREF))
	bind => [Accesorios]
[EL Fine]: sql: 2014-10-09 10:12:54.737--ServerSession(1989311583)--Connection(1905800551)--Thread(Thread[AWT-EventQueue-0,6,main])--SELECT NOMBRE, PADRE FROM CATEGORIA WHERE (NOMBRE = ?)
	bind => [Protectores]
[EL Fine]: sql: 2014-10-09 10:12:54.737--ServerSession(1989311583)--Connection(1905800551)--Thread(Thread[AWT-EventQueue-0,6,main])--SELECT t1.NROREFERENCIA, t1.DESCRIPCION, t1.NOMBRE, t1.PRECIO, t1.PROVEEDOR_ID, t0.ESP_NROREF FROM CATEGORIAESPECIFICACIONPROD t0, ESPECIFICACIONPRODUCTO t1 WHERE ((t0.CAT_NAME = ?) AND (t1.NROREFERENCIA = t0.ESP_NROREF))
	bind => [Protectores]
[EL Fine]: sql: 2014-10-09 10:12:54.738--ServerSession(1989311583)--Connection(1905800551)--Thread(Thread[AWT-EventQueue-0,6,main])--SELECT NOMBRE, PADRE FROM CATEGORIA WHERE (NOMBRE = ?)
	bind => [Baterías]
[EL Fine]: sql: 2014-10-09 10:12:54.738--ServerSession(1989311583)--Connection(1905800551)--Thread(Thread[AWT-EventQueue-0,6,main])--SELECT t1.NROREFERENCIA, t1.DESCRIPCION, t1.NOMBRE, t1.PRECIO, t1.PROVEEDOR_ID, t0.ESP_NROREF FROM CATEGORIAESPECIFICACIONPROD t0, ESPECIFICACIONPRODUCTO t1 WHERE ((t0.CAT_NAME = ?) AND (t1.NROREFERENCIA = t0.ESP_NROREF))
	bind => [Baterías]
[EL Fine]: sql: 2014-10-09 10:12:54.739--ServerSession(1989311583)--Connection(1905800551)--Thread(Thread[AWT-EventQueue-0,6,main])--SELECT NOMBRE, PADRE FROM CATEGORIA WHERE (NOMBRE = ?)
	bind => [Apple]
[EL Fine]: sql: 2014-10-09 10:12:54.739--ServerSession(1989311583)--Connection(1905800551)--Thread(Thread[AWT-EventQueue-0,6,main])--SELECT t1.NROREFERENCIA, t1.DESCRIPCION, t1.NOMBRE, t1.PRECIO, t1.PROVEEDOR_ID, t0.ESP_NROREF FROM CATEGORIAESPECIFICACIONPROD t0, ESPECIFICACIONPRODUCTO t1 WHERE ((t0.CAT_NAME = ?) AND (t1.NROREFERENCIA = t0.ESP_NROREF))
	bind => [Apple]
[EL Fine]: sql: 2014-10-09 10:12:54.74--ServerSession(1989311583)--Connection(1905800551)--Thread(Thread[AWT-EventQueue-0,6,main])--SELECT NOMBRE, PADRE FROM CATEGORIA WHERE (NOMBRE = ?)
	bind => [Videojuegos]
[EL Fine]: sql: 2014-10-09 10:12:54.74--ServerSession(1989311583)--Connection(1905800551)--Thread(Thread[AWT-EventQueue-0,6,main])--SELECT t1.NROREFERENCIA, t1.DESCRIPCION, t1.NOMBRE, t1.PRECIO, t1.PROVEEDOR_ID, t0.ESP_NROREF FROM CATEGORIAESPECIFICACIONPROD t0, ESPECIFICACIONPRODUCTO t1 WHERE ((t0.CAT_NAME = ?) AND (t1.NROREFERENCIA = t0.ESP_NROREF))
	bind => [Videojuegos]
[EL Fine]: sql: 2014-10-09 10:12:54.74--ServerSession(1989311583)--Connection(1905800551)--Thread(Thread[AWT-EventQueue-0,6,main])--SELECT NOMBRE, PADRE FROM CATEGORIA WHERE (NOMBRE = ?)
	bind => [Playstation]
[EL Fine]: sql: 2014-10-09 10:12:54.741--ServerSession(1989311583)--Connection(1905800551)--Thread(Thread[AWT-EventQueue-0,6,main])--SELECT t1.NROREFERENCIA, t1.DESCRIPCION, t1.NOMBRE, t1.PRECIO, t1.PROVEEDOR_ID, t0.ESP_NROREF FROM CATEGORIAESPECIFICACIONPROD t0, ESPECIFICACIONPRODUCTO t1 WHERE ((t0.CAT_NAME = ?) AND (t1.NROREFERENCIA = t0.ESP_NROREF))
	bind => [Playstation]
[EL Fine]: sql: 2014-10-09 10:12:54.741--ServerSession(1989311583)--Connection(1905800551)--Thread(Thread[AWT-EventQueue-0,6,main])--SELECT NOMBRE, PADRE FROM CATEGORIA WHERE (NOMBRE = ?)
	bind => [Xbox]
[EL Fine]: sql: 2014-10-09 10:12:54.741--ServerSession(1989311583)--Connection(1905800551)--Thread(Thread[AWT-EventQueue-0,6,main])--SELECT t1.NROREFERENCIA, t1.DESCRIPCION, t1.NOMBRE, t1.PRECIO, t1.PROVEEDOR_ID, t0.ESP_NROREF FROM CATEGORIAESPECIFICACIONPROD t0, ESPECIFICACIONPRODUCTO t1 WHERE ((t0.CAT_NAME = ?) AND (t1.NROREFERENCIA = t0.ESP_NROREF))
	bind => [Xbox]
[EL Fine]: sql: 2014-10-09 10:12:54.742--ServerSession(1989311583)--Connection(1905800551)--Thread(Thread[AWT-EventQueue-0,6,main])--SELECT NOMBRE, PADRE FROM CATEGORIA
[EL Fine]: sql: 2014-10-09 10:12:54.742--ServerSession(1989311583)--Connection(1905800551)--Thread(Thread[AWT-EventQueue-0,6,main])--SELECT NROREFERENCIA, DESCRIPCION, NOMBRE, PRECIO, PROVEEDOR_ID FROM ESPECIFICACIONPRODUCTO
[EL Fine]: sql: 2014-10-09 10:12:54.742--ServerSession(1989311583)--Connection(1905800551)--Thread(Thread[AWT-EventQueue-0,6,main])--SELECT NOMBRE, PADRE FROM CATEGORIA
[EL Fine]: sql: 2014-10-09 10:12:54.743--ServerSession(1989311583)--Connection(1905800551)--Thread(Thread[AWT-EventQueue-0,6,main])--SELECT NOMBRE, PADRE FROM CATEGORIA WHERE (NOMBRE = ?)
	bind => [Celulares]
[EL Fine]: sql: 2014-10-09 10:12:54.743--ServerSession(1989311583)--Connection(1905800551)--Thread(Thread[AWT-EventQueue-0,6,main])--SELECT t1.NROREFERENCIA, t1.DESCRIPCION, t1.NOMBRE, t1.PRECIO, t1.PROVEEDOR_ID, t0.ESP_NROREF FROM CATEGORIAESPECIFICACIONPROD t0, ESPECIFICACIONPRODUCTO t1 WHERE ((t0.CAT_NAME = ?) AND (t1.NROREFERENCIA = t0.ESP_NROREF))
	bind => [Celulares]
[EL Fine]: sql: 2014-10-09 10:12:54.743--ServerSession(1989311583)--Connection(1905800551)--Thread(Thread[AWT-EventQueue-0,6,main])--SELECT NOMBRE, PADRE FROM CATEGORIA WHERE (NOMBRE = ?)
	bind => [Sistemas Operativos]
[EL Fine]: sql: 2014-10-09 10:12:54.744--ServerSession(1989311583)--Connection(1905800551)--Thread(Thread[AWT-EventQueue-0,6,main])--SELECT t1.NROREFERENCIA, t1.DESCRIPCION, t1.NOMBRE, t1.PRECIO, t1.PROVEEDOR_ID, t0.ESP_NROREF FROM CATEGORIAESPECIFICACIONPROD t0, ESPECIFICACIONPRODUCTO t1 WHERE ((t0.CAT_NAME = ?) AND (t1.NROREFERENCIA = t0.ESP_NROREF))
	bind => [Sistemas Operativos]
[EL Fine]: sql: 2014-10-09 10:12:54.744--ServerSession(1989311583)--Connection(1905800551)--Thread(Thread[AWT-EventQueue-0,6,main])--SELECT NOMBRE, PADRE FROM CATEGORIA WHERE (NOMBRE = ?)
	bind => [iOS]
[EL Fine]: sql: 2014-10-09 10:12:54.745--ServerSession(1989311583)--Connection(1905800551)--Thread(Thread[AWT-EventQueue-0,6,main])--SELECT t1.NROREFERENCIA, t1.DESCRIPCION, t1.NOMBRE, t1.PRECIO, t1.PROVEEDOR_ID, t0.ESP_NROREF FROM CATEGORIAESPECIFICACIONPROD t0, ESPECIFICACIONPRODUCTO t1 WHERE ((t0.CAT_NAME = ?) AND (t1.NROREFERENCIA = t0.ESP_NROREF))
	bind => [iOS]
[EL Fine]: sql: 2014-10-09 10:12:54.745--ServerSession(1989311583)--Connection(1905800551)--Thread(Thread[AWT-EventQueue-0,6,main])--SELECT NOMBRE, PADRE FROM CATEGORIA WHERE (NOMBRE = ?)
	bind => [Android]
[EL Fine]: sql: 2014-10-09 10:12:54.745--ServerSession(1989311583)--Connection(1905800551)--Thread(Thread[AWT-EventQueue-0,6,main])--SELECT t1.NROREFERENCIA, t1.DESCRIPCION, t1.NOMBRE, t1.PRECIO, t1.PROVEEDOR_ID, t0.ESP_NROREF FROM CATEGORIAESPECIFICACIONPROD t0, ESPECIFICACIONPRODUCTO t1 WHERE ((t0.CAT_NAME = ?) AND (t1.NROREFERENCIA = t0.ESP_NROREF))
	bind => [Android]
[EL Fine]: sql: 2014-10-09 10:12:54.745--ServerSession(1989311583)--Connection(1905800551)--Thread(Thread[AWT-EventQueue-0,6,main])--SELECT NOMBRE, PADRE FROM CATEGORIA WHERE (NOMBRE = ?)
	bind => [Windows Phone]
[EL Fine]: sql: 2014-10-09 10:12:54.746--ServerSession(1989311583)--Connection(1905800551)--Thread(Thread[AWT-EventQueue-0,6,main])--SELECT t1.NROREFERENCIA, t1.DESCRIPCION, t1.NOMBRE, t1.PRECIO, t1.PROVEEDOR_ID, t0.ESP_NROREF FROM CATEGORIAESPECIFICACIONPROD t0, ESPECIFICACIONPRODUCTO t1 WHERE ((t0.CAT_NAME = ?) AND (t1.NROREFERENCIA = t0.ESP_NROREF))
	bind => [Windows Phone]
[EL Fine]: sql: 2014-10-09 10:12:54.746--ServerSession(1989311583)--Connection(1905800551)--Thread(Thread[AWT-EventQueue-0,6,main])--SELECT NOMBRE, PADRE FROM CATEGORIA WHERE (NOMBRE = ?)
	bind => [Symbian]
[EL Fine]: sql: 2014-10-09 10:12:54.746--ServerSession(1989311583)--Connection(1905800551)--Thread(Thread[AWT-EventQueue-0,6,main])--SELECT t1.NROREFERENCIA, t1.DESCRIPCION, t1.NOMBRE, t1.PRECIO, t1.PROVEEDOR_ID, t0.ESP_NROREF FROM CATEGORIAESPECIFICACIONPROD t0, ESPECIFICACIONPRODUCTO t1 WHERE ((t0.CAT_NAME = ?) AND (t1.NROREFERENCIA = t0.ESP_NROREF))
	bind => [Symbian]
[EL Fine]: sql: 2014-10-09 10:12:54.747--ServerSession(1989311583)--Connection(1905800551)--Thread(Thread[AWT-EventQueue-0,6,main])--SELECT NOMBRE, PADRE FROM CATEGORIA WHERE (NOMBRE = ?)
	bind => [Blackberry OS]
[EL Fine]: sql: 2014-10-09 10:12:54.747--ServerSession(1989311583)--Connection(1905800551)--Thread(Thread[AWT-EventQueue-0,6,main])--SELECT t1.NROREFERENCIA, t1.DESCRIPCION, t1.NOMBRE, t1.PRECIO, t1.PROVEEDOR_ID, t0.ESP_NROREF FROM CATEGORIAESPECIFICACIONPROD t0, ESPECIFICACIONPRODUCTO t1 WHERE ((t0.CAT_NAME = ?) AND (t1.NROREFERENCIA = t0.ESP_NROREF))
	bind => [Blackberry OS]
[EL Fine]: sql: 2014-10-09 10:12:54.748--ServerSession(1989311583)--Connection(1905800551)--Thread(Thread[AWT-EventQueue-0,6,main])--SELECT NOMBRE, PADRE FROM CATEGORIA WHERE (NOMBRE = ?)
	bind => [Equipos]
[EL Fine]: sql: 2014-10-09 10:12:54.748--ServerSession(1989311583)--Connection(1905800551)--Thread(Thread[AWT-EventQueue-0,6,main])--SELECT t1.NROREFERENCIA, t1.DESCRIPCION, t1.NOMBRE, t1.PRECIO, t1.PROVEEDOR_ID, t0.ESP_NROREF FROM CATEGORIAESPECIFICACIONPROD t0, ESPECIFICACIONPRODUCTO t1 WHERE ((t0.CAT_NAME = ?) AND (t1.NROREFERENCIA = t0.ESP_NROREF))
	bind => [Equipos]
[EL Fine]: sql: 2014-10-09 10:12:54.748--ServerSession(1989311583)--Connection(1905800551)--Thread(Thread[AWT-EventQueue-0,6,main])--SELECT NOMBRE, PADRE FROM CATEGORIA WHERE (NOMBRE = ?)
	bind => [iPhone]
[EL Fine]: sql: 2014-10-09 10:12:54.748--ServerSession(1989311583)--Connection(1905800551)--Thread(Thread[AWT-EventQueue-0,6,main])--SELECT t1.NROREFERENCIA, t1.DESCRIPCION, t1.NOMBRE, t1.PRECIO, t1.PROVEEDOR_ID, t0.ESP_NROREF FROM CATEGORIAESPECIFICACIONPROD t0, ESPECIFICACIONPRODUCTO t1 WHERE ((t0.CAT_NAME = ?) AND (t1.NROREFERENCIA = t0.ESP_NROREF))
	bind => [iPhone]
[EL Fine]: sql: 2014-10-09 10:12:54.749--ServerSession(1989311583)--Connection(1905800551)--Thread(Thread[AWT-EventQueue-0,6,main])--SELECT NOMBRE, PADRE FROM CATEGORIA WHERE (NOMBRE = ?)
	bind => [Nexus]
[EL Fine]: sql: 2014-10-09 10:12:54.749--ServerSession(1989311583)--Connection(1905800551)--Thread(Thread[AWT-EventQueue-0,6,main])--SELECT t1.NROREFERENCIA, t1.DESCRIPCION, t1.NOMBRE, t1.PRECIO, t1.PROVEEDOR_ID, t0.ESP_NROREF FROM CATEGORIAESPECIFICACIONPROD t0, ESPECIFICACIONPRODUCTO t1 WHERE ((t0.CAT_NAME = ?) AND (t1.NROREFERENCIA = t0.ESP_NROREF))
	bind => [Nexus]
[EL Fine]: sql: 2014-10-09 10:12:54.75--ServerSession(1989311583)--Connection(1905800551)--Thread(Thread[AWT-EventQueue-0,6,main])--SELECT NOMBRE, PADRE FROM CATEGORIA WHERE (NOMBRE = ?)
	bind => [Samsung]
[EL Fine]: sql: 2014-10-09 10:12:54.75--ServerSession(1989311583)--Connection(1905800551)--Thread(Thread[AWT-EventQueue-0,6,main])--SELECT t1.NROREFERENCIA, t1.DESCRIPCION, t1.NOMBRE, t1.PRECIO, t1.PROVEEDOR_ID, t0.ESP_NROREF FROM CATEGORIAESPECIFICACIONPROD t0, ESPECIFICACIONPRODUCTO t1 WHERE ((t0.CAT_NAME = ?) AND (t1.NROREFERENCIA = t0.ESP_NROREF))
	bind => [Samsung]
[EL Fine]: sql: 2014-10-09 10:12:54.75--ServerSession(1989311583)--Connection(1905800551)--Thread(Thread[AWT-EventQueue-0,6,main])--SELECT NOMBRE, PADRE FROM CATEGORIA WHERE (NOMBRE = ?)
	bind => [Galaxy S3]
[EL Fine]: sql: 2014-10-09 10:12:54.751--ServerSession(1989311583)--Connection(1905800551)--Thread(Thread[AWT-EventQueue-0,6,main])--SELECT t1.NROREFERENCIA, t1.DESCRIPCION, t1.NOMBRE, t1.PRECIO, t1.PROVEEDOR_ID, t0.ESP_NROREF FROM CATEGORIAESPECIFICACIONPROD t0, ESPECIFICACIONPRODUCTO t1 WHERE ((t0.CAT_NAME = ?) AND (t1.NROREFERENCIA = t0.ESP_NROREF))
	bind => [Galaxy S3]
[EL Fine]: sql: 2014-10-09 10:12:54.751--ServerSession(1989311583)--Connection(1905800551)--Thread(Thread[AWT-EventQueue-0,6,main])--SELECT NOMBRE, PADRE FROM CATEGORIA WHERE (NOMBRE = ?)
	bind => [Galaxy S4]
[EL Fine]: sql: 2014-10-09 10:12:54.751--ServerSession(1989311583)--Connection(1905800551)--Thread(Thread[AWT-EventQueue-0,6,main])--SELECT t1.NROREFERENCIA, t1.DESCRIPCION, t1.NOMBRE, t1.PRECIO, t1.PROVEEDOR_ID, t0.ESP_NROREF FROM CATEGORIAESPECIFICACIONPROD t0, ESPECIFICACIONPRODUCTO t1 WHERE ((t0.CAT_NAME = ?) AND (t1.NROREFERENCIA = t0.ESP_NROREF))
	bind => [Galaxy S4]
[EL Fine]: sql: 2014-10-09 10:12:54.752--ServerSession(1989311583)--Connection(1905800551)--Thread(Thread[AWT-EventQueue-0,6,main])--SELECT NOMBRE, PADRE FROM CATEGORIA WHERE (NOMBRE = ?)
	bind => [Galaxy Ace]
[EL Fine]: sql: 2014-10-09 10:12:54.752--ServerSession(1989311583)--Connection(1905800551)--Thread(Thread[AWT-EventQueue-0,6,main])--SELECT t1.NROREFERENCIA, t1.DESCRIPCION, t1.NOMBRE, t1.PRECIO, t1.PROVEEDOR_ID, t0.ESP_NROREF FROM CATEGORIAESPECIFICACIONPROD t0, ESPECIFICACIONPRODUCTO t1 WHERE ((t0.CAT_NAME = ?) AND (t1.NROREFERENCIA = t0.ESP_NROREF))
	bind => [Galaxy Ace]
[EL Fine]: sql: 2014-10-09 10:12:54.752--ServerSession(1989311583)--Connection(1905800551)--Thread(Thread[AWT-EventQueue-0,6,main])--SELECT NOMBRE, PADRE FROM CATEGORIA WHERE (NOMBRE = ?)
	bind => [Blackberry]
[EL Fine]: sql: 2014-10-09 10:12:54.752--ServerSession(1989311583)--Connection(1905800551)--Thread(Thread[AWT-EventQueue-0,6,main])--SELECT t1.NROREFERENCIA, t1.DESCRIPCION, t1.NOMBRE, t1.PRECIO, t1.PROVEEDOR_ID, t0.ESP_NROREF FROM CATEGORIAESPECIFICACIONPROD t0, ESPECIFICACIONPRODUCTO t1 WHERE ((t0.CAT_NAME = ?) AND (t1.NROREFERENCIA = t0.ESP_NROREF))
	bind => [Blackberry]
[EL Fine]: sql: 2014-10-09 10:12:54.753--ServerSession(1989311583)--Connection(1905800551)--Thread(Thread[AWT-EventQueue-0,6,main])--SELECT NOMBRE, PADRE FROM CATEGORIA WHERE (NOMBRE = ?)
	bind => [Nokia]
[EL Fine]: sql: 2014-10-09 10:12:54.753--ServerSession(1989311583)--Connection(1905800551)--Thread(Thread[AWT-EventQueue-0,6,main])--SELECT t1.NROREFERENCIA, t1.DESCRIPCION, t1.NOMBRE, t1.PRECIO, t1.PROVEEDOR_ID, t0.ESP_NROREF FROM CATEGORIAESPECIFICACIONPROD t0, ESPECIFICACIONPRODUCTO t1 WHERE ((t0.CAT_NAME = ?) AND (t1.NROREFERENCIA = t0.ESP_NROREF))
	bind => [Nokia]
[EL Fine]: sql: 2014-10-09 10:12:54.754--ServerSession(1989311583)--Connection(1905800551)--Thread(Thread[AWT-EventQueue-0,6,main])--SELECT NOMBRE, PADRE FROM CATEGORIA WHERE (NOMBRE = ?)
	bind => [Accesorios]
[EL Fine]: sql: 2014-10-09 10:12:54.754--ServerSession(1989311583)--Connection(1905800551)--Thread(Thread[AWT-EventQueue-0,6,main])--SELECT t1.NROREFERENCIA, t1.DESCRIPCION, t1.NOMBRE, t1.PRECIO, t1.PROVEEDOR_ID, t0.ESP_NROREF FROM CATEGORIAESPECIFICACIONPROD t0, ESPECIFICACIONPRODUCTO t1 WHERE ((t0.CAT_NAME = ?) AND (t1.NROREFERENCIA = t0.ESP_NROREF))
	bind => [Accesorios]
[EL Fine]: sql: 2014-10-09 10:12:54.755--ServerSession(1989311583)--Connection(1905800551)--Thread(Thread[AWT-EventQueue-0,6,main])--SELECT NOMBRE, PADRE FROM CATEGORIA WHERE (NOMBRE = ?)
	bind => [Protectores]
[EL Fine]: sql: 2014-10-09 10:12:54.755--ServerSession(1989311583)--Connection(1905800551)--Thread(Thread[AWT-EventQueue-0,6,main])--SELECT t1.NROREFERENCIA, t1.DESCRIPCION, t1.NOMBRE, t1.PRECIO, t1.PROVEEDOR_ID, t0.ESP_NROREF FROM CATEGORIAESPECIFICACIONPROD t0, ESPECIFICACIONPRODUCTO t1 WHERE ((t0.CAT_NAME = ?) AND (t1.NROREFERENCIA = t0.ESP_NROREF))
	bind => [Protectores]
[EL Fine]: sql: 2014-10-09 10:12:54.755--ServerSession(1989311583)--Connection(1905800551)--Thread(Thread[AWT-EventQueue-0,6,main])--SELECT NOMBRE, PADRE FROM CATEGORIA WHERE (NOMBRE = ?)
	bind => [Baterías]
[EL Fine]: sql: 2014-10-09 10:12:54.756--ServerSession(1989311583)--Connection(1905800551)--Thread(Thread[AWT-EventQueue-0,6,main])--SELECT t1.NROREFERENCIA, t1.DESCRIPCION, t1.NOMBRE, t1.PRECIO, t1.PROVEEDOR_ID, t0.ESP_NROREF FROM CATEGORIAESPECIFICACIONPROD t0, ESPECIFICACIONPRODUCTO t1 WHERE ((t0.CAT_NAME = ?) AND (t1.NROREFERENCIA = t0.ESP_NROREF))
	bind => [Baterías]
[EL Fine]: sql: 2014-10-09 10:12:54.756--ServerSession(1989311583)--Connection(1905800551)--Thread(Thread[AWT-EventQueue-0,6,main])--SELECT NOMBRE, PADRE FROM CATEGORIA WHERE (NOMBRE = ?)
	bind => [Apple]
[EL Fine]: sql: 2014-10-09 10:12:54.757--ServerSession(1989311583)--Connection(1905800551)--Thread(Thread[AWT-EventQueue-0,6,main])--SELECT t1.NROREFERENCIA, t1.DESCRIPCION, t1.NOMBRE, t1.PRECIO, t1.PROVEEDOR_ID, t0.ESP_NROREF FROM CATEGORIAESPECIFICACIONPROD t0, ESPECIFICACIONPRODUCTO t1 WHERE ((t0.CAT_NAME = ?) AND (t1.NROREFERENCIA = t0.ESP_NROREF))
	bind => [Apple]
[EL Fine]: sql: 2014-10-09 10:12:54.757--ServerSession(1989311583)--Connection(1905800551)--Thread(Thread[AWT-EventQueue-0,6,main])--SELECT NOMBRE, PADRE FROM CATEGORIA WHERE (NOMBRE = ?)
	bind => [Videojuegos]
[EL Fine]: sql: 2014-10-09 10:12:54.757--ServerSession(1989311583)--Connection(1905800551)--Thread(Thread[AWT-EventQueue-0,6,main])--SELECT t1.NROREFERENCIA, t1.DESCRIPCION, t1.NOMBRE, t1.PRECIO, t1.PROVEEDOR_ID, t0.ESP_NROREF FROM CATEGORIAESPECIFICACIONPROD t0, ESPECIFICACIONPRODUCTO t1 WHERE ((t0.CAT_NAME = ?) AND (t1.NROREFERENCIA = t0.ESP_NROREF))
	bind => [Videojuegos]
[EL Fine]: sql: 2014-10-09 10:12:54.758--ServerSession(1989311583)--Connection(1905800551)--Thread(Thread[AWT-EventQueue-0,6,main])--SELECT NOMBRE, PADRE FROM CATEGORIA WHERE (NOMBRE = ?)
	bind => [Playstation]
[EL Fine]: sql: 2014-10-09 10:12:54.758--ServerSession(1989311583)--Connection(1905800551)--Thread(Thread[AWT-EventQueue-0,6,main])--SELECT t1.NROREFERENCIA, t1.DESCRIPCION, t1.NOMBRE, t1.PRECIO, t1.PROVEEDOR_ID, t0.ESP_NROREF FROM CATEGORIAESPECIFICACIONPROD t0, ESPECIFICACIONPRODUCTO t1 WHERE ((t0.CAT_NAME = ?) AND (t1.NROREFERENCIA = t0.ESP_NROREF))
	bind => [Playstation]
[EL Fine]: sql: 2014-10-09 10:12:54.758--ServerSession(1989311583)--Connection(1905800551)--Thread(Thread[AWT-EventQueue-0,6,main])--SELECT NOMBRE, PADRE FROM CATEGORIA WHERE (NOMBRE = ?)
	bind => [Xbox]
[EL Fine]: sql: 2014-10-09 10:12:54.759--ServerSession(1989311583)--Connection(1905800551)--Thread(Thread[AWT-EventQueue-0,6,main])--SELECT t1.NROREFERENCIA, t1.DESCRIPCION, t1.NOMBRE, t1.PRECIO, t1.PROVEEDOR_ID, t0.ESP_NROREF FROM CATEGORIAESPECIFICACIONPROD t0, ESPECIFICACIONPRODUCTO t1 WHERE ((t0.CAT_NAME = ?) AND (t1.NROREFERENCIA = t0.ESP_NROREF))
	bind => [Xbox]
[EL Fine]: sql: 2014-10-09 10:12:54.759--ServerSession(1989311583)--Connection(1905800551)--Thread(Thread[AWT-EventQueue-0,6,main])--SELECT NOMBRE, PADRE FROM CATEGORIA
[EL Fine]: sql: 2014-10-09 10:12:54.76--ServerSession(1989311583)--Connection(1905800551)--Thread(Thread[AWT-EventQueue-0,6,main])--SELECT NROREFERENCIA, DESCRIPCION, NOMBRE, PRECIO, PROVEEDOR_ID FROM ESPECIFICACIONPRODUCTO
[EL Fine]: sql: 2014-10-09 10:12:54.76--ServerSession(1989311583)--Connection(1905800551)--Thread(Thread[AWT-EventQueue-0,6,main])--SELECT NOMBRE, PADRE FROM CATEGORIA
[EL Fine]: sql: 2014-10-09 10:12:54.76--ServerSession(1989311583)--Connection(1905800551)--Thread(Thread[AWT-EventQueue-0,6,main])--SELECT NOMBRE, PADRE FROM CATEGORIA WHERE (NOMBRE = ?)
	bind => [Celulares]
[EL Fine]: sql: 2014-10-09 10:12:54.761--ServerSession(1989311583)--Connection(1905800551)--Thread(Thread[AWT-EventQueue-0,6,main])--SELECT t1.NROREFERENCIA, t1.DESCRIPCION, t1.NOMBRE, t1.PRECIO, t1.PROVEEDOR_ID, t0.ESP_NROREF FROM CATEGORIAESPECIFICACIONPROD t0, ESPECIFICACIONPRODUCTO t1 WHERE ((t0.CAT_NAME = ?) AND (t1.NROREFERENCIA = t0.ESP_NROREF))
	bind => [Celulares]
[EL Fine]: sql: 2014-10-09 10:12:54.761--ServerSession(1989311583)--Connection(1905800551)--Thread(Thread[AWT-EventQueue-0,6,main])--SELECT NOMBRE, PADRE FROM CATEGORIA WHERE (NOMBRE = ?)
	bind => [Sistemas Operativos]
[EL Fine]: sql: 2014-10-09 10:12:54.762--ServerSession(1989311583)--Connection(1905800551)--Thread(Thread[AWT-EventQueue-0,6,main])--SELECT t1.NROREFERENCIA, t1.DESCRIPCION, t1.NOMBRE, t1.PRECIO, t1.PROVEEDOR_ID, t0.ESP_NROREF FROM CATEGORIAESPECIFICACIONPROD t0, ESPECIFICACIONPRODUCTO t1 WHERE ((t0.CAT_NAME = ?) AND (t1.NROREFERENCIA = t0.ESP_NROREF))
	bind => [Sistemas Operativos]
[EL Fine]: sql: 2014-10-09 10:12:54.762--ServerSession(1989311583)--Connection(1905800551)--Thread(Thread[AWT-EventQueue-0,6,main])--SELECT NOMBRE, PADRE FROM CATEGORIA WHERE (NOMBRE = ?)
	bind => [iOS]
[EL Fine]: sql: 2014-10-09 10:12:54.762--ServerSession(1989311583)--Connection(1905800551)--Thread(Thread[AWT-EventQueue-0,6,main])--SELECT t1.NROREFERENCIA, t1.DESCRIPCION, t1.NOMBRE, t1.PRECIO, t1.PROVEEDOR_ID, t0.ESP_NROREF FROM CATEGORIAESPECIFICACIONPROD t0, ESPECIFICACIONPRODUCTO t1 WHERE ((t0.CAT_NAME = ?) AND (t1.NROREFERENCIA = t0.ESP_NROREF))
	bind => [iOS]
[EL Fine]: sql: 2014-10-09 10:12:54.763--ServerSession(1989311583)--Connection(1905800551)--Thread(Thread[AWT-EventQueue-0,6,main])--SELECT NOMBRE, PADRE FROM CATEGORIA WHERE (NOMBRE = ?)
	bind => [Android]
[EL Fine]: sql: 2014-10-09 10:12:54.763--ServerSession(1989311583)--Connection(1905800551)--Thread(Thread[AWT-EventQueue-0,6,main])--SELECT t1.NROREFERENCIA, t1.DESCRIPCION, t1.NOMBRE, t1.PRECIO, t1.PROVEEDOR_ID, t0.ESP_NROREF FROM CATEGORIAESPECIFICACIONPROD t0, ESPECIFICACIONPRODUCTO t1 WHERE ((t0.CAT_NAME = ?) AND (t1.NROREFERENCIA = t0.ESP_NROREF))
	bind => [Android]
[EL Fine]: sql: 2014-10-09 10:12:54.764--ServerSession(1989311583)--Connection(1905800551)--Thread(Thread[AWT-EventQueue-0,6,main])--SELECT NOMBRE, PADRE FROM CATEGORIA WHERE (NOMBRE = ?)
	bind => [Windows Phone]
[EL Fine]: sql: 2014-10-09 10:12:54.764--ServerSession(1989311583)--Connection(1905800551)--Thread(Thread[AWT-EventQueue-0,6,main])--SELECT t1.NROREFERENCIA, t1.DESCRIPCION, t1.NOMBRE, t1.PRECIO, t1.PROVEEDOR_ID, t0.ESP_NROREF FROM CATEGORIAESPECIFICACIONPROD t0, ESPECIFICACIONPRODUCTO t1 WHERE ((t0.CAT_NAME = ?) AND (t1.NROREFERENCIA = t0.ESP_NROREF))
	bind => [Windows Phone]
[EL Fine]: sql: 2014-10-09 10:12:54.765--ServerSession(1989311583)--Connection(1905800551)--Thread(Thread[AWT-EventQueue-0,6,main])--SELECT NOMBRE, PADRE FROM CATEGORIA WHERE (NOMBRE = ?)
	bind => [Symbian]
[EL Fine]: sql: 2014-10-09 10:12:54.765--ServerSession(1989311583)--Connection(1905800551)--Thread(Thread[AWT-EventQueue-0,6,main])--SELECT t1.NROREFERENCIA, t1.DESCRIPCION, t1.NOMBRE, t1.PRECIO, t1.PROVEEDOR_ID, t0.ESP_NROREF FROM CATEGORIAESPECIFICACIONPROD t0, ESPECIFICACIONPRODUCTO t1 WHERE ((t0.CAT_NAME = ?) AND (t1.NROREFERENCIA = t0.ESP_NROREF))
	bind => [Symbian]
[EL Fine]: sql: 2014-10-09 10:12:54.765--ServerSession(1989311583)--Connection(1905800551)--Thread(Thread[AWT-EventQueue-0,6,main])--SELECT NOMBRE, PADRE FROM CATEGORIA WHERE (NOMBRE = ?)
	bind => [Blackberry OS]
[EL Fine]: sql: 2014-10-09 10:12:54.765--ServerSession(1989311583)--Connection(1905800551)--Thread(Thread[AWT-EventQueue-0,6,main])--SELECT t1.NROREFERENCIA, t1.DESCRIPCION, t1.NOMBRE, t1.PRECIO, t1.PROVEEDOR_ID, t0.ESP_NROREF FROM CATEGORIAESPECIFICACIONPROD t0, ESPECIFICACIONPRODUCTO t1 WHERE ((t0.CAT_NAME = ?) AND (t1.NROREFERENCIA = t0.ESP_NROREF))
	bind => [Blackberry OS]
[EL Fine]: sql: 2014-10-09 10:12:54.766--ServerSession(1989311583)--Connection(1905800551)--Thread(Thread[AWT-EventQueue-0,6,main])--SELECT NOMBRE, PADRE FROM CATEGORIA WHERE (NOMBRE = ?)
	bind => [Equipos]
[EL Fine]: sql: 2014-10-09 10:12:54.766--ServerSession(1989311583)--Connection(1905800551)--Thread(Thread[AWT-EventQueue-0,6,main])--SELECT t1.NROREFERENCIA, t1.DESCRIPCION, t1.NOMBRE, t1.PRECIO, t1.PROVEEDOR_ID, t0.ESP_NROREF FROM CATEGORIAESPECIFICACIONPROD t0, ESPECIFICACIONPRODUCTO t1 WHERE ((t0.CAT_NAME = ?) AND (t1.NROREFERENCIA = t0.ESP_NROREF))
	bind => [Equipos]
[EL Fine]: sql: 2014-10-09 10:12:54.767--ServerSession(1989311583)--Connection(1905800551)--Thread(Thread[AWT-EventQueue-0,6,main])--SELECT NOMBRE, PADRE FROM CATEGORIA WHERE (NOMBRE = ?)
	bind => [iPhone]
[EL Fine]: sql: 2014-10-09 10:12:54.767--ServerSession(1989311583)--Connection(1905800551)--Thread(Thread[AWT-EventQueue-0,6,main])--SELECT t1.NROREFERENCIA, t1.DESCRIPCION, t1.NOMBRE, t1.PRECIO, t1.PROVEEDOR_ID, t0.ESP_NROREF FROM CATEGORIAESPECIFICACIONPROD t0, ESPECIFICACIONPRODUCTO t1 WHERE ((t0.CAT_NAME = ?) AND (t1.NROREFERENCIA = t0.ESP_NROREF))
	bind => [iPhone]
[EL Fine]: sql: 2014-10-09 10:12:54.767--ServerSession(1989311583)--Connection(1905800551)--Thread(Thread[AWT-EventQueue-0,6,main])--SELECT NOMBRE, PADRE FROM CATEGORIA WHERE (NOMBRE = ?)
	bind => [Nexus]
[EL Fine]: sql: 2014-10-09 10:12:54.768--ServerSession(1989311583)--Connection(1905800551)--Thread(Thread[AWT-EventQueue-0,6,main])--SELECT t1.NROREFERENCIA, t1.DESCRIPCION, t1.NOMBRE, t1.PRECIO, t1.PROVEEDOR_ID, t0.ESP_NROREF FROM CATEGORIAESPECIFICACIONPROD t0, ESPECIFICACIONPRODUCTO t1 WHERE ((t0.CAT_NAME = ?) AND (t1.NROREFERENCIA = t0.ESP_NROREF))
	bind => [Nexus]
[EL Fine]: sql: 2014-10-09 10:12:54.768--ServerSession(1989311583)--Connection(1905800551)--Thread(Thread[AWT-EventQueue-0,6,main])--SELECT NOMBRE, PADRE FROM CATEGORIA WHERE (NOMBRE = ?)
	bind => [Samsung]
[EL Fine]: sql: 2014-10-09 10:12:54.768--ServerSession(1989311583)--Connection(1905800551)--Thread(Thread[AWT-EventQueue-0,6,main])--SELECT t1.NROREFERENCIA, t1.DESCRIPCION, t1.NOMBRE, t1.PRECIO, t1.PROVEEDOR_ID, t0.ESP_NROREF FROM CATEGORIAESPECIFICACIONPROD t0, ESPECIFICACIONPRODUCTO t1 WHERE ((t0.CAT_NAME = ?) AND (t1.NROREFERENCIA = t0.ESP_NROREF))
	bind => [Samsung]
[EL Fine]: sql: 2014-10-09 10:12:54.769--ServerSession(1989311583)--Connection(1905800551)--Thread(Thread[AWT-EventQueue-0,6,main])--SELECT NOMBRE, PADRE FROM CATEGORIA WHERE (NOMBRE = ?)
	bind => [Galaxy S3]
[EL Fine]: sql: 2014-10-09 10:12:54.77--ServerSession(1989311583)--Connection(1905800551)--Thread(Thread[AWT-EventQueue-0,6,main])--SELECT t1.NROREFERENCIA, t1.DESCRIPCION, t1.NOMBRE, t1.PRECIO, t1.PROVEEDOR_ID, t0.ESP_NROREF FROM CATEGORIAESPECIFICACIONPROD t0, ESPECIFICACIONPRODUCTO t1 WHERE ((t0.CAT_NAME = ?) AND (t1.NROREFERENCIA = t0.ESP_NROREF))
	bind => [Galaxy S3]
[EL Fine]: sql: 2014-10-09 10:12:54.77--ServerSession(1989311583)--Connection(1905800551)--Thread(Thread[AWT-EventQueue-0,6,main])--SELECT NOMBRE, PADRE FROM CATEGORIA WHERE (NOMBRE = ?)
	bind => [Galaxy S4]
[EL Fine]: sql: 2014-10-09 10:12:54.771--ServerSession(1989311583)--Connection(1905800551)--Thread(Thread[AWT-EventQueue-0,6,main])--SELECT t1.NROREFERENCIA, t1.DESCRIPCION, t1.NOMBRE, t1.PRECIO, t1.PROVEEDOR_ID, t0.ESP_NROREF FROM CATEGORIAESPECIFICACIONPROD t0, ESPECIFICACIONPRODUCTO t1 WHERE ((t0.CAT_NAME = ?) AND (t1.NROREFERENCIA = t0.ESP_NROREF))
	bind => [Galaxy S4]
[EL Fine]: sql: 2014-10-09 10:12:54.771--ServerSession(1989311583)--Connection(1905800551)--Thread(Thread[AWT-EventQueue-0,6,main])--SELECT NOMBRE, PADRE FROM CATEGORIA WHERE (NOMBRE = ?)
	bind => [Galaxy Ace]
[EL Fine]: sql: 2014-10-09 10:12:54.771--ServerSession(1989311583)--Connection(1905800551)--Thread(Thread[AWT-EventQueue-0,6,main])--SELECT t1.NROREFERENCIA, t1.DESCRIPCION, t1.NOMBRE, t1.PRECIO, t1.PROVEEDOR_ID, t0.ESP_NROREF FROM CATEGORIAESPECIFICACIONPROD t0, ESPECIFICACIONPRODUCTO t1 WHERE ((t0.CAT_NAME = ?) AND (t1.NROREFERENCIA = t0.ESP_NROREF))
	bind => [Galaxy Ace]
[EL Fine]: sql: 2014-10-09 10:12:54.772--ServerSession(1989311583)--Connection(1905800551)--Thread(Thread[AWT-EventQueue-0,6,main])--SELECT NOMBRE, PADRE FROM CATEGORIA WHERE (NOMBRE = ?)
	bind => [Blackberry]
[EL Fine]: sql: 2014-10-09 10:12:54.772--ServerSession(1989311583)--Connection(1905800551)--Thread(Thread[AWT-EventQueue-0,6,main])--SELECT t1.NROREFERENCIA, t1.DESCRIPCION, t1.NOMBRE, t1.PRECIO, t1.PROVEEDOR_ID, t0.ESP_NROREF FROM CATEGORIAESPECIFICACIONPROD t0, ESPECIFICACIONPRODUCTO t1 WHERE ((t0.CAT_NAME = ?) AND (t1.NROREFERENCIA = t0.ESP_NROREF))
	bind => [Blackberry]
[EL Fine]: sql: 2014-10-09 10:12:54.773--ServerSession(1989311583)--Connection(1905800551)--Thread(Thread[AWT-EventQueue-0,6,main])--SELECT NOMBRE, PADRE FROM CATEGORIA WHERE (NOMBRE = ?)
	bind => [Nokia]
[EL Fine]: sql: 2014-10-09 10:12:54.773--ServerSession(1989311583)--Connection(1905800551)--Thread(Thread[AWT-EventQueue-0,6,main])--SELECT t1.NROREFERENCIA, t1.DESCRIPCION, t1.NOMBRE, t1.PRECIO, t1.PROVEEDOR_ID, t0.ESP_NROREF FROM CATEGORIAESPECIFICACIONPROD t0, ESPECIFICACIONPRODUCTO t1 WHERE ((t0.CAT_NAME = ?) AND (t1.NROREFERENCIA = t0.ESP_NROREF))
	bind => [Nokia]
[EL Fine]: sql: 2014-10-09 10:12:54.774--ServerSession(1989311583)--Connection(1905800551)--Thread(Thread[AWT-EventQueue-0,6,main])--SELECT NOMBRE, PADRE FROM CATEGORIA WHERE (NOMBRE = ?)
	bind => [Accesorios]
[EL Fine]: sql: 2014-10-09 10:12:54.774--ServerSession(1989311583)--Connection(1905800551)--Thread(Thread[AWT-EventQueue-0,6,main])--SELECT t1.NROREFERENCIA, t1.DESCRIPCION, t1.NOMBRE, t1.PRECIO, t1.PROVEEDOR_ID, t0.ESP_NROREF FROM CATEGORIAESPECIFICACIONPROD t0, ESPECIFICACIONPRODUCTO t1 WHERE ((t0.CAT_NAME = ?) AND (t1.NROREFERENCIA = t0.ESP_NROREF))
	bind => [Accesorios]
[EL Fine]: sql: 2014-10-09 10:12:54.774--ServerSession(1989311583)--Connection(1905800551)--Thread(Thread[AWT-EventQueue-0,6,main])--SELECT NOMBRE, PADRE FROM CATEGORIA WHERE (NOMBRE = ?)
	bind => [Protectores]
[EL Fine]: sql: 2014-10-09 10:12:54.774--ServerSession(1989311583)--Connection(1905800551)--Thread(Thread[AWT-EventQueue-0,6,main])--SELECT t1.NROREFERENCIA, t1.DESCRIPCION, t1.NOMBRE, t1.PRECIO, t1.PROVEEDOR_ID, t0.ESP_NROREF FROM CATEGORIAESPECIFICACIONPROD t0, ESPECIFICACIONPRODUCTO t1 WHERE ((t0.CAT_NAME = ?) AND (t1.NROREFERENCIA = t0.ESP_NROREF))
	bind => [Protectores]
[EL Fine]: sql: 2014-10-09 10:12:54.775--ServerSession(1989311583)--Connection(1905800551)--Thread(Thread[AWT-EventQueue-0,6,main])--SELECT NOMBRE, PADRE FROM CATEGORIA WHERE (NOMBRE = ?)
	bind => [Baterías]
[EL Fine]: sql: 2014-10-09 10:12:54.775--ServerSession(1989311583)--Connection(1905800551)--Thread(Thread[AWT-EventQueue-0,6,main])--SELECT t1.NROREFERENCIA, t1.DESCRIPCION, t1.NOMBRE, t1.PRECIO, t1.PROVEEDOR_ID, t0.ESP_NROREF FROM CATEGORIAESPECIFICACIONPROD t0, ESPECIFICACIONPRODUCTO t1 WHERE ((t0.CAT_NAME = ?) AND (t1.NROREFERENCIA = t0.ESP_NROREF))
	bind => [Baterías]
[EL Fine]: sql: 2014-10-09 10:12:54.775--ServerSession(1989311583)--Connection(1905800551)--Thread(Thread[AWT-EventQueue-0,6,main])--SELECT NOMBRE, PADRE FROM CATEGORIA WHERE (NOMBRE = ?)
	bind => [Apple]
[EL Fine]: sql: 2014-10-09 10:12:54.776--ServerSession(1989311583)--Connection(1905800551)--Thread(Thread[AWT-EventQueue-0,6,main])--SELECT t1.NROREFERENCIA, t1.DESCRIPCION, t1.NOMBRE, t1.PRECIO, t1.PROVEEDOR_ID, t0.ESP_NROREF FROM CATEGORIAESPECIFICACIONPROD t0, ESPECIFICACIONPRODUCTO t1 WHERE ((t0.CAT_NAME = ?) AND (t1.NROREFERENCIA = t0.ESP_NROREF))
	bind => [Apple]
[EL Fine]: sql: 2014-10-09 10:12:54.776--ServerSession(1989311583)--Connection(1905800551)--Thread(Thread[AWT-EventQueue-0,6,main])--SELECT NOMBRE, PADRE FROM CATEGORIA WHERE (NOMBRE = ?)
	bind => [Videojuegos]
[EL Fine]: sql: 2014-10-09 10:12:54.777--ServerSession(1989311583)--Connection(1905800551)--Thread(Thread[AWT-EventQueue-0,6,main])--SELECT t1.NROREFERENCIA, t1.DESCRIPCION, t1.NOMBRE, t1.PRECIO, t1.PROVEEDOR_ID, t0.ESP_NROREF FROM CATEGORIAESPECIFICACIONPROD t0, ESPECIFICACIONPRODUCTO t1 WHERE ((t0.CAT_NAME = ?) AND (t1.NROREFERENCIA = t0.ESP_NROREF))
	bind => [Videojuegos]
[EL Fine]: sql: 2014-10-09 10:12:54.777--ServerSession(1989311583)--Connection(1905800551)--Thread(Thread[AWT-EventQueue-0,6,main])--SELECT NOMBRE, PADRE FROM CATEGORIA WHERE (NOMBRE = ?)
	bind => [Playstation]
[EL Fine]: sql: 2014-10-09 10:12:54.777--ServerSession(1989311583)--Connection(1905800551)--Thread(Thread[AWT-EventQueue-0,6,main])--SELECT t1.NROREFERENCIA, t1.DESCRIPCION, t1.NOMBRE, t1.PRECIO, t1.PROVEEDOR_ID, t0.ESP_NROREF FROM CATEGORIAESPECIFICACIONPROD t0, ESPECIFICACIONPRODUCTO t1 WHERE ((t0.CAT_NAME = ?) AND (t1.NROREFERENCIA = t0.ESP_NROREF))
	bind => [Playstation]
[EL Fine]: sql: 2014-10-09 10:12:54.778--ServerSession(1989311583)--Connection(1905800551)--Thread(Thread[AWT-EventQueue-0,6,main])--SELECT NOMBRE, PADRE FROM CATEGORIA WHERE (NOMBRE = ?)
	bind => [Xbox]
[EL Fine]: sql: 2014-10-09 10:12:54.778--ServerSession(1989311583)--Connection(1905800551)--Thread(Thread[AWT-EventQueue-0,6,main])--SELECT t1.NROREFERENCIA, t1.DESCRIPCION, t1.NOMBRE, t1.PRECIO, t1.PROVEEDOR_ID, t0.ESP_NROREF FROM CATEGORIAESPECIFICACIONPROD t0, ESPECIFICACIONPRODUCTO t1 WHERE ((t0.CAT_NAME = ?) AND (t1.NROREFERENCIA = t0.ESP_NROREF))
	bind => [Xbox]
[EL Fine]: sql: 2014-10-09 10:12:54.778--ServerSession(1989311583)--Connection(1905800551)--Thread(Thread[AWT-EventQueue-0,6,main])--SELECT NOMBRE, PADRE FROM CATEGORIA
[EL Fine]: sql: 2014-10-09 10:12:54.78--ServerSession(1989311583)--Connection(1905800551)--Thread(Thread[AWT-EventQueue-0,6,main])--SELECT NROREFERENCIA, DESCRIPCION, NOMBRE, PRECIO, PROVEEDOR_ID FROM ESPECIFICACIONPRODUCTO
[EL Fine]: sql: 2014-10-09 10:12:54.78--ServerSession(1989311583)--Connection(1905800551)--Thread(Thread[AWT-EventQueue-0,6,main])--SELECT NOMBRE, PADRE FROM CATEGORIA
[EL Fine]: sql: 2014-10-09 10:12:54.781--ServerSession(1989311583)--Connection(1905800551)--Thread(Thread[AWT-EventQueue-0,6,main])--SELECT NOMBRE, PADRE FROM CATEGORIA WHERE (NOMBRE = ?)
	bind => [Celulares]
[EL Fine]: sql: 2014-10-09 10:12:54.781--ServerSession(1989311583)--Connection(1905800551)--Thread(Thread[AWT-EventQueue-0,6,main])--SELECT t1.NROREFERENCIA, t1.DESCRIPCION, t1.NOMBRE, t1.PRECIO, t1.PROVEEDOR_ID, t0.ESP_NROREF FROM CATEGORIAESPECIFICACIONPROD t0, ESPECIFICACIONPRODUCTO t1 WHERE ((t0.CAT_NAME = ?) AND (t1.NROREFERENCIA = t0.ESP_NROREF))
	bind => [Celulares]
[EL Fine]: sql: 2014-10-09 10:12:54.781--ServerSession(1989311583)--Connection(1905800551)--Thread(Thread[AWT-EventQueue-0,6,main])--SELECT NOMBRE, PADRE FROM CATEGORIA WHERE (NOMBRE = ?)
	bind => [Sistemas Operativos]
[EL Fine]: sql: 2014-10-09 10:12:54.782--ServerSession(1989311583)--Connection(1905800551)--Thread(Thread[AWT-EventQueue-0,6,main])--SELECT t1.NROREFERENCIA, t1.DESCRIPCION, t1.NOMBRE, t1.PRECIO, t1.PROVEEDOR_ID, t0.ESP_NROREF FROM CATEGORIAESPECIFICACIONPROD t0, ESPECIFICACIONPRODUCTO t1 WHERE ((t0.CAT_NAME = ?) AND (t1.NROREFERENCIA = t0.ESP_NROREF))
	bind => [Sistemas Operativos]
[EL Fine]: sql: 2014-10-09 10:12:54.782--ServerSession(1989311583)--Connection(1905800551)--Thread(Thread[AWT-EventQueue-0,6,main])--SELECT NOMBRE, PADRE FROM CATEGORIA WHERE (NOMBRE = ?)
	bind => [iOS]
[EL Fine]: sql: 2014-10-09 10:12:54.783--ServerSession(1989311583)--Connection(1905800551)--Thread(Thread[AWT-EventQueue-0,6,main])--SELECT t1.NROREFERENCIA, t1.DESCRIPCION, t1.NOMBRE, t1.PRECIO, t1.PROVEEDOR_ID, t0.ESP_NROREF FROM CATEGORIAESPECIFICACIONPROD t0, ESPECIFICACIONPRODUCTO t1 WHERE ((t0.CAT_NAME = ?) AND (t1.NROREFERENCIA = t0.ESP_NROREF))
	bind => [iOS]
[EL Fine]: sql: 2014-10-09 10:12:54.783--ServerSession(1989311583)--Connection(1905800551)--Thread(Thread[AWT-EventQueue-0,6,main])--SELECT NOMBRE, PADRE FROM CATEGORIA WHERE (NOMBRE = ?)
	bind => [Android]
[EL Fine]: sql: 2014-10-09 10:12:54.783--ServerSession(1989311583)--Connection(1905800551)--Thread(Thread[AWT-EventQueue-0,6,main])--SELECT t1.NROREFERENCIA, t1.DESCRIPCION, t1.NOMBRE, t1.PRECIO, t1.PROVEEDOR_ID, t0.ESP_NROREF FROM CATEGORIAESPECIFICACIONPROD t0, ESPECIFICACIONPRODUCTO t1 WHERE ((t0.CAT_NAME = ?) AND (t1.NROREFERENCIA = t0.ESP_NROREF))
	bind => [Android]
[EL Fine]: sql: 2014-10-09 10:12:54.784--ServerSession(1989311583)--Connection(1905800551)--Thread(Thread[AWT-EventQueue-0,6,main])--SELECT NOMBRE, PADRE FROM CATEGORIA WHERE (NOMBRE = ?)
	bind => [Windows Phone]
[EL Fine]: sql: 2014-10-09 10:12:54.784--ServerSession(1989311583)--Connection(1905800551)--Thread(Thread[AWT-EventQueue-0,6,main])--SELECT t1.NROREFERENCIA, t1.DESCRIPCION, t1.NOMBRE, t1.PRECIO, t1.PROVEEDOR_ID, t0.ESP_NROREF FROM CATEGORIAESPECIFICACIONPROD t0, ESPECIFICACIONPRODUCTO t1 WHERE ((t0.CAT_NAME = ?) AND (t1.NROREFERENCIA = t0.ESP_NROREF))
	bind => [Windows Phone]
[EL Fine]: sql: 2014-10-09 10:12:54.784--ServerSession(1989311583)--Connection(1905800551)--Thread(Thread[AWT-EventQueue-0,6,main])--SELECT NOMBRE, PADRE FROM CATEGORIA WHERE (NOMBRE = ?)
	bind => [Symbian]
[EL Fine]: sql: 2014-10-09 10:12:54.785--ServerSession(1989311583)--Connection(1905800551)--Thread(Thread[AWT-EventQueue-0,6,main])--SELECT t1.NROREFERENCIA, t1.DESCRIPCION, t1.NOMBRE, t1.PRECIO, t1.PROVEEDOR_ID, t0.ESP_NROREF FROM CATEGORIAESPECIFICACIONPROD t0, ESPECIFICACIONPRODUCTO t1 WHERE ((t0.CAT_NAME = ?) AND (t1.NROREFERENCIA = t0.ESP_NROREF))
	bind => [Symbian]
[EL Fine]: sql: 2014-10-09 10:12:54.785--ServerSession(1989311583)--Connection(1905800551)--Thread(Thread[AWT-EventQueue-0,6,main])--SELECT NOMBRE, PADRE FROM CATEGORIA WHERE (NOMBRE = ?)
	bind => [Blackberry OS]
[EL Fine]: sql: 2014-10-09 10:12:54.787--ServerSession(1989311583)--Connection(1905800551)--Thread(Thread[AWT-EventQueue-0,6,main])--SELECT t1.NROREFERENCIA, t1.DESCRIPCION, t1.NOMBRE, t1.PRECIO, t1.PROVEEDOR_ID, t0.ESP_NROREF FROM CATEGORIAESPECIFICACIONPROD t0, ESPECIFICACIONPRODUCTO t1 WHERE ((t0.CAT_NAME = ?) AND (t1.NROREFERENCIA = t0.ESP_NROREF))
	bind => [Blackberry OS]
[EL Fine]: sql: 2014-10-09 10:12:54.787--ServerSession(1989311583)--Connection(1905800551)--Thread(Thread[AWT-EventQueue-0,6,main])--SELECT NOMBRE, PADRE FROM CATEGORIA WHERE (NOMBRE = ?)
	bind => [Equipos]
[EL Fine]: sql: 2014-10-09 10:12:54.787--ServerSession(1989311583)--Connection(1905800551)--Thread(Thread[AWT-EventQueue-0,6,main])--SELECT t1.NROREFERENCIA, t1.DESCRIPCION, t1.NOMBRE, t1.PRECIO, t1.PROVEEDOR_ID, t0.ESP_NROREF FROM CATEGORIAESPECIFICACIONPROD t0, ESPECIFICACIONPRODUCTO t1 WHERE ((t0.CAT_NAME = ?) AND (t1.NROREFERENCIA = t0.ESP_NROREF))
	bind => [Equipos]
[EL Fine]: sql: 2014-10-09 10:12:54.788--ServerSession(1989311583)--Connection(1905800551)--Thread(Thread[AWT-EventQueue-0,6,main])--SELECT NOMBRE, PADRE FROM CATEGORIA WHERE (NOMBRE = ?)
	bind => [iPhone]
[EL Fine]: sql: 2014-10-09 10:12:54.788--ServerSession(1989311583)--Connection(1905800551)--Thread(Thread[AWT-EventQueue-0,6,main])--SELECT t1.NROREFERENCIA, t1.DESCRIPCION, t1.NOMBRE, t1.PRECIO, t1.PROVEEDOR_ID, t0.ESP_NROREF FROM CATEGORIAESPECIFICACIONPROD t0, ESPECIFICACIONPRODUCTO t1 WHERE ((t0.CAT_NAME = ?) AND (t1.NROREFERENCIA = t0.ESP_NROREF))
	bind => [iPhone]
[EL Fine]: sql: 2014-10-09 10:12:54.788--ServerSession(1989311583)--Connection(1905800551)--Thread(Thread[AWT-EventQueue-0,6,main])--SELECT NOMBRE, PADRE FROM CATEGORIA WHERE (NOMBRE = ?)
	bind => [Nexus]
[EL Fine]: sql: 2014-10-09 10:12:54.789--ServerSession(1989311583)--Connection(1905800551)--Thread(Thread[AWT-EventQueue-0,6,main])--SELECT t1.NROREFERENCIA, t1.DESCRIPCION, t1.NOMBRE, t1.PRECIO, t1.PROVEEDOR_ID, t0.ESP_NROREF FROM CATEGORIAESPECIFICACIONPROD t0, ESPECIFICACIONPRODUCTO t1 WHERE ((t0.CAT_NAME = ?) AND (t1.NROREFERENCIA = t0.ESP_NROREF))
	bind => [Nexus]
[EL Fine]: sql: 2014-10-09 10:12:54.789--ServerSession(1989311583)--Connection(1905800551)--Thread(Thread[AWT-EventQueue-0,6,main])--SELECT NOMBRE, PADRE FROM CATEGORIA WHERE (NOMBRE = ?)
	bind => [Samsung]
[EL Fine]: sql: 2014-10-09 10:12:54.789--ServerSession(1989311583)--Connection(1905800551)--Thread(Thread[AWT-EventQueue-0,6,main])--SELECT t1.NROREFERENCIA, t1.DESCRIPCION, t1.NOMBRE, t1.PRECIO, t1.PROVEEDOR_ID, t0.ESP_NROREF FROM CATEGORIAESPECIFICACIONPROD t0, ESPECIFICACIONPRODUCTO t1 WHERE ((t0.CAT_NAME = ?) AND (t1.NROREFERENCIA = t0.ESP_NROREF))
	bind => [Samsung]
[EL Fine]: sql: 2014-10-09 10:12:54.79--ServerSession(1989311583)--Connection(1905800551)--Thread(Thread[AWT-EventQueue-0,6,main])--SELECT NOMBRE, PADRE FROM CATEGORIA WHERE (NOMBRE = ?)
	bind => [Galaxy S3]
[EL Fine]: sql: 2014-10-09 10:12:54.79--ServerSession(1989311583)--Connection(1905800551)--Thread(Thread[AWT-EventQueue-0,6,main])--SELECT t1.NROREFERENCIA, t1.DESCRIPCION, t1.NOMBRE, t1.PRECIO, t1.PROVEEDOR_ID, t0.ESP_NROREF FROM CATEGORIAESPECIFICACIONPROD t0, ESPECIFICACIONPRODUCTO t1 WHERE ((t0.CAT_NAME = ?) AND (t1.NROREFERENCIA = t0.ESP_NROREF))
	bind => [Galaxy S3]
[EL Fine]: sql: 2014-10-09 10:12:54.79--ServerSession(1989311583)--Connection(1905800551)--Thread(Thread[AWT-EventQueue-0,6,main])--SELECT NOMBRE, PADRE FROM CATEGORIA WHERE (NOMBRE = ?)
	bind => [Galaxy S4]
[EL Fine]: sql: 2014-10-09 10:12:54.791--ServerSession(1989311583)--Connection(1905800551)--Thread(Thread[AWT-EventQueue-0,6,main])--SELECT t1.NROREFERENCIA, t1.DESCRIPCION, t1.NOMBRE, t1.PRECIO, t1.PROVEEDOR_ID, t0.ESP_NROREF FROM CATEGORIAESPECIFICACIONPROD t0, ESPECIFICACIONPRODUCTO t1 WHERE ((t0.CAT_NAME = ?) AND (t1.NROREFERENCIA = t0.ESP_NROREF))
	bind => [Galaxy S4]
[EL Fine]: sql: 2014-10-09 10:12:54.791--ServerSession(1989311583)--Connection(1905800551)--Thread(Thread[AWT-EventQueue-0,6,main])--SELECT NOMBRE, PADRE FROM CATEGORIA WHERE (NOMBRE = ?)
	bind => [Galaxy Ace]
[EL Fine]: sql: 2014-10-09 10:12:54.791--ServerSession(1989311583)--Connection(1905800551)--Thread(Thread[AWT-EventQueue-0,6,main])--SELECT t1.NROREFERENCIA, t1.DESCRIPCION, t1.NOMBRE, t1.PRECIO, t1.PROVEEDOR_ID, t0.ESP_NROREF FROM CATEGORIAESPECIFICACIONPROD t0, ESPECIFICACIONPRODUCTO t1 WHERE ((t0.CAT_NAME = ?) AND (t1.NROREFERENCIA = t0.ESP_NROREF))
	bind => [Galaxy Ace]
[EL Fine]: sql: 2014-10-09 10:12:54.792--ServerSession(1989311583)--Connection(1905800551)--Thread(Thread[AWT-EventQueue-0,6,main])--SELECT NOMBRE, PADRE FROM CATEGORIA WHERE (NOMBRE = ?)
	bind => [Blackberry]
[EL Fine]: sql: 2014-10-09 10:12:54.792--ServerSession(1989311583)--Connection(1905800551)--Thread(Thread[AWT-EventQueue-0,6,main])--SELECT t1.NROREFERENCIA, t1.DESCRIPCION, t1.NOMBRE, t1.PRECIO, t1.PROVEEDOR_ID, t0.ESP_NROREF FROM CATEGORIAESPECIFICACIONPROD t0, ESPECIFICACIONPRODUCTO t1 WHERE ((t0.CAT_NAME = ?) AND (t1.NROREFERENCIA = t0.ESP_NROREF))
	bind => [Blackberry]
[EL Fine]: sql: 2014-10-09 10:12:54.792--ServerSession(1989311583)--Connection(1905800551)--Thread(Thread[AWT-EventQueue-0,6,main])--SELECT NOMBRE, PADRE FROM CATEGORIA WHERE (NOMBRE = ?)
	bind => [Nokia]
[EL Fine]: sql: 2014-10-09 10:12:54.793--ServerSession(1989311583)--Connection(1905800551)--Thread(Thread[AWT-EventQueue-0,6,main])--SELECT t1.NROREFERENCIA, t1.DESCRIPCION, t1.NOMBRE, t1.PRECIO, t1.PROVEEDOR_ID, t0.ESP_NROREF FROM CATEGORIAESPECIFICACIONPROD t0, ESPECIFICACIONPRODUCTO t1 WHERE ((t0.CAT_NAME = ?) AND (t1.NROREFERENCIA = t0.ESP_NROREF))
	bind => [Nokia]
[EL Fine]: sql: 2014-10-09 10:12:54.793--ServerSession(1989311583)--Connection(1905800551)--Thread(Thread[AWT-EventQueue-0,6,main])--SELECT NOMBRE, PADRE FROM CATEGORIA WHERE (NOMBRE = ?)
	bind => [Accesorios]
[EL Fine]: sql: 2014-10-09 10:12:54.793--ServerSession(1989311583)--Connection(1905800551)--Thread(Thread[AWT-EventQueue-0,6,main])--SELECT t1.NROREFERENCIA, t1.DESCRIPCION, t1.NOMBRE, t1.PRECIO, t1.PROVEEDOR_ID, t0.ESP_NROREF FROM CATEGORIAESPECIFICACIONPROD t0, ESPECIFICACIONPRODUCTO t1 WHERE ((t0.CAT_NAME = ?) AND (t1.NROREFERENCIA = t0.ESP_NROREF))
	bind => [Accesorios]
[EL Fine]: sql: 2014-10-09 10:12:54.794--ServerSession(1989311583)--Connection(1905800551)--Thread(Thread[AWT-EventQueue-0,6,main])--SELECT NOMBRE, PADRE FROM CATEGORIA WHERE (NOMBRE = ?)
	bind => [Protectores]
[EL Fine]: sql: 2014-10-09 10:12:54.794--ServerSession(1989311583)--Connection(1905800551)--Thread(Thread[AWT-EventQueue-0,6,main])--SELECT t1.NROREFERENCIA, t1.DESCRIPCION, t1.NOMBRE, t1.PRECIO, t1.PROVEEDOR_ID, t0.ESP_NROREF FROM CATEGORIAESPECIFICACIONPROD t0, ESPECIFICACIONPRODUCTO t1 WHERE ((t0.CAT_NAME = ?) AND (t1.NROREFERENCIA = t0.ESP_NROREF))
	bind => [Protectores]
[EL Fine]: sql: 2014-10-09 10:12:54.794--ServerSession(1989311583)--Connection(1905800551)--Thread(Thread[AWT-EventQueue-0,6,main])--SELECT NOMBRE, PADRE FROM CATEGORIA WHERE (NOMBRE = ?)
	bind => [Baterías]
[EL Fine]: sql: 2014-10-09 10:12:54.794--ServerSession(1989311583)--Connection(1905800551)--Thread(Thread[AWT-EventQueue-0,6,main])--SELECT t1.NROREFERENCIA, t1.DESCRIPCION, t1.NOMBRE, t1.PRECIO, t1.PROVEEDOR_ID, t0.ESP_NROREF FROM CATEGORIAESPECIFICACIONPROD t0, ESPECIFICACIONPRODUCTO t1 WHERE ((t0.CAT_NAME = ?) AND (t1.NROREFERENCIA = t0.ESP_NROREF))
	bind => [Baterías]
[EL Fine]: sql: 2014-10-09 10:12:54.795--ServerSession(1989311583)--Connection(1905800551)--Thread(Thread[AWT-EventQueue-0,6,main])--SELECT NOMBRE, PADRE FROM CATEGORIA WHERE (NOMBRE = ?)
	bind => [Apple]
[EL Fine]: sql: 2014-10-09 10:12:54.795--ServerSession(1989311583)--Connection(1905800551)--Thread(Thread[AWT-EventQueue-0,6,main])--SELECT t1.NROREFERENCIA, t1.DESCRIPCION, t1.NOMBRE, t1.PRECIO, t1.PROVEEDOR_ID, t0.ESP_NROREF FROM CATEGORIAESPECIFICACIONPROD t0, ESPECIFICACIONPRODUCTO t1 WHERE ((t0.CAT_NAME = ?) AND (t1.NROREFERENCIA = t0.ESP_NROREF))
	bind => [Apple]
[EL Fine]: sql: 2014-10-09 10:12:54.796--ServerSession(1989311583)--Connection(1905800551)--Thread(Thread[AWT-EventQueue-0,6,main])--SELECT NOMBRE, PADRE FROM CATEGORIA WHERE (NOMBRE = ?)
	bind => [Videojuegos]
[EL Fine]: sql: 2014-10-09 10:12:54.796--ServerSession(1989311583)--Connection(1905800551)--Thread(Thread[AWT-EventQueue-0,6,main])--SELECT t1.NROREFERENCIA, t1.DESCRIPCION, t1.NOMBRE, t1.PRECIO, t1.PROVEEDOR_ID, t0.ESP_NROREF FROM CATEGORIAESPECIFICACIONPROD t0, ESPECIFICACIONPRODUCTO t1 WHERE ((t0.CAT_NAME = ?) AND (t1.NROREFERENCIA = t0.ESP_NROREF))
	bind => [Videojuegos]
[EL Fine]: sql: 2014-10-09 10:12:54.797--ServerSession(1989311583)--Connection(1905800551)--Thread(Thread[AWT-EventQueue-0,6,main])--SELECT NOMBRE, PADRE FROM CATEGORIA WHERE (NOMBRE = ?)
	bind => [Playstation]
[EL Fine]: sql: 2014-10-09 10:12:54.797--ServerSession(1989311583)--Connection(1905800551)--Thread(Thread[AWT-EventQueue-0,6,main])--SELECT t1.NROREFERENCIA, t1.DESCRIPCION, t1.NOMBRE, t1.PRECIO, t1.PROVEEDOR_ID, t0.ESP_NROREF FROM CATEGORIAESPECIFICACIONPROD t0, ESPECIFICACIONPRODUCTO t1 WHERE ((t0.CAT_NAME = ?) AND (t1.NROREFERENCIA = t0.ESP_NROREF))
	bind => [Playstation]
[EL Fine]: sql: 2014-10-09 10:12:54.798--ServerSession(1989311583)--Connection(1905800551)--Thread(Thread[AWT-EventQueue-0,6,main])--SELECT NOMBRE, PADRE FROM CATEGORIA WHERE (NOMBRE = ?)
	bind => [Xbox]
[EL Fine]: sql: 2014-10-09 10:12:54.798--ServerSession(1989311583)--Connection(1905800551)--Thread(Thread[AWT-EventQueue-0,6,main])--SELECT t1.NROREFERENCIA, t1.DESCRIPCION, t1.NOMBRE, t1.PRECIO, t1.PROVEEDOR_ID, t0.ESP_NROREF FROM CATEGORIAESPECIFICACIONPROD t0, ESPECIFICACIONPRODUCTO t1 WHERE ((t0.CAT_NAME = ?) AND (t1.NROREFERENCIA = t0.ESP_NROREF))
	bind => [Xbox]
[EL Fine]: sql: 2014-10-09 10:12:54.799--ServerSession(1989311583)--Connection(1905800551)--Thread(Thread[AWT-EventQueue-0,6,main])--SELECT NOMBRE, PADRE FROM CATEGORIA
[EL Fine]: sql: 2014-10-09 10:12:54.799--ServerSession(1989311583)--Connection(1905800551)--Thread(Thread[AWT-EventQueue-0,6,main])--SELECT NOMBRE, PADRE FROM CATEGORIA
[EL Fine]: sql: 2014-10-09 10:12:54.8--ServerSession(1989311583)--Connection(1905800551)--Thread(Thread[AWT-EventQueue-0,6,main])--SELECT NOMBRE, PADRE FROM CATEGORIA WHERE (NOMBRE = ?)
	bind => [Celulares]
[EL Fine]: sql: 2014-10-09 10:12:54.8--ServerSession(1989311583)--Connection(1905800551)--Thread(Thread[AWT-EventQueue-0,6,main])--SELECT t1.NROREFERENCIA, t1.DESCRIPCION, t1.NOMBRE, t1.PRECIO, t1.PROVEEDOR_ID, t0.ESP_NROREF FROM CATEGORIAESPECIFICACIONPROD t0, ESPECIFICACIONPRODUCTO t1 WHERE ((t0.CAT_NAME = ?) AND (t1.NROREFERENCIA = t0.ESP_NROREF))
	bind => [Celulares]
[EL Fine]: sql: 2014-10-09 10:12:54.801--ServerSession(1989311583)--Connection(1905800551)--Thread(Thread[AWT-EventQueue-0,6,main])--SELECT NOMBRE, PADRE FROM CATEGORIA WHERE (NOMBRE = ?)
	bind => [Sistemas Operativos]
[EL Fine]: sql: 2014-10-09 10:12:54.801--ServerSession(1989311583)--Connection(1905800551)--Thread(Thread[AWT-EventQueue-0,6,main])--SELECT t1.NROREFERENCIA, t1.DESCRIPCION, t1.NOMBRE, t1.PRECIO, t1.PROVEEDOR_ID, t0.ESP_NROREF FROM CATEGORIAESPECIFICACIONPROD t0, ESPECIFICACIONPRODUCTO t1 WHERE ((t0.CAT_NAME = ?) AND (t1.NROREFERENCIA = t0.ESP_NROREF))
	bind => [Sistemas Operativos]
[EL Fine]: sql: 2014-10-09 10:12:54.801--ServerSession(1989311583)--Connection(1905800551)--Thread(Thread[AWT-EventQueue-0,6,main])--SELECT NOMBRE, PADRE FROM CATEGORIA WHERE (NOMBRE = ?)
	bind => [iOS]
[EL Fine]: sql: 2014-10-09 10:12:54.802--ServerSession(1989311583)--Connection(1905800551)--Thread(Thread[AWT-EventQueue-0,6,main])--SELECT t1.NROREFERENCIA, t1.DESCRIPCION, t1.NOMBRE, t1.PRECIO, t1.PROVEEDOR_ID, t0.ESP_NROREF FROM CATEGORIAESPECIFICACIONPROD t0, ESPECIFICACIONPRODUCTO t1 WHERE ((t0.CAT_NAME = ?) AND (t1.NROREFERENCIA = t0.ESP_NROREF))
	bind => [iOS]
[EL Fine]: sql: 2014-10-09 10:12:54.802--ServerSession(1989311583)--Connection(1905800551)--Thread(Thread[AWT-EventQueue-0,6,main])--SELECT NOMBRE, PADRE FROM CATEGORIA WHERE (NOMBRE = ?)
	bind => [Android]
[EL Fine]: sql: 2014-10-09 10:12:54.803--ServerSession(1989311583)--Connection(1905800551)--Thread(Thread[AWT-EventQueue-0,6,main])--SELECT t1.NROREFERENCIA, t1.DESCRIPCION, t1.NOMBRE, t1.PRECIO, t1.PROVEEDOR_ID, t0.ESP_NROREF FROM CATEGORIAESPECIFICACIONPROD t0, ESPECIFICACIONPRODUCTO t1 WHERE ((t0.CAT_NAME = ?) AND (t1.NROREFERENCIA = t0.ESP_NROREF))
	bind => [Android]
[EL Fine]: sql: 2014-10-09 10:12:54.803--ServerSession(1989311583)--Connection(1905800551)--Thread(Thread[AWT-EventQueue-0,6,main])--SELECT NOMBRE, PADRE FROM CATEGORIA WHERE (NOMBRE = ?)
	bind => [Windows Phone]
[EL Fine]: sql: 2014-10-09 10:12:54.804--ServerSession(1989311583)--Connection(1905800551)--Thread(Thread[AWT-EventQueue-0,6,main])--SELECT t1.NROREFERENCIA, t1.DESCRIPCION, t1.NOMBRE, t1.PRECIO, t1.PROVEEDOR_ID, t0.ESP_NROREF FROM CATEGORIAESPECIFICACIONPROD t0, ESPECIFICACIONPRODUCTO t1 WHERE ((t0.CAT_NAME = ?) AND (t1.NROREFERENCIA = t0.ESP_NROREF))
	bind => [Windows Phone]
[EL Fine]: sql: 2014-10-09 10:12:54.804--ServerSession(1989311583)--Connection(1905800551)--Thread(Thread[AWT-EventQueue-0,6,main])--SELECT NOMBRE, PADRE FROM CATEGORIA WHERE (NOMBRE = ?)
	bind => [Symbian]
[EL Fine]: sql: 2014-10-09 10:12:54.804--ServerSession(1989311583)--Connection(1905800551)--Thread(Thread[AWT-EventQueue-0,6,main])--SELECT t1.NROREFERENCIA, t1.DESCRIPCION, t1.NOMBRE, t1.PRECIO, t1.PROVEEDOR_ID, t0.ESP_NROREF FROM CATEGORIAESPECIFICACIONPROD t0, ESPECIFICACIONPRODUCTO t1 WHERE ((t0.CAT_NAME = ?) AND (t1.NROREFERENCIA = t0.ESP_NROREF))
	bind => [Symbian]
[EL Fine]: sql: 2014-10-09 10:12:54.805--ServerSession(1989311583)--Connection(1905800551)--Thread(Thread[AWT-EventQueue-0,6,main])--SELECT NOMBRE, PADRE FROM CATEGORIA WHERE (NOMBRE = ?)
	bind => [Blackberry OS]
[EL Fine]: sql: 2014-10-09 10:12:54.805--ServerSession(1989311583)--Connection(1905800551)--Thread(Thread[AWT-EventQueue-0,6,main])--SELECT t1.NROREFERENCIA, t1.DESCRIPCION, t1.NOMBRE, t1.PRECIO, t1.PROVEEDOR_ID, t0.ESP_NROREF FROM CATEGORIAESPECIFICACIONPROD t0, ESPECIFICACIONPRODUCTO t1 WHERE ((t0.CAT_NAME = ?) AND (t1.NROREFERENCIA = t0.ESP_NROREF))
	bind => [Blackberry OS]
[EL Fine]: sql: 2014-10-09 10:12:54.805--ServerSession(1989311583)--Connection(1905800551)--Thread(Thread[AWT-EventQueue-0,6,main])--SELECT NOMBRE, PADRE FROM CATEGORIA WHERE (NOMBRE = ?)
	bind => [Equipos]
[EL Fine]: sql: 2014-10-09 10:12:54.806--ServerSession(1989311583)--Connection(1905800551)--Thread(Thread[AWT-EventQueue-0,6,main])--SELECT t1.NROREFERENCIA, t1.DESCRIPCION, t1.NOMBRE, t1.PRECIO, t1.PROVEEDOR_ID, t0.ESP_NROREF FROM CATEGORIAESPECIFICACIONPROD t0, ESPECIFICACIONPRODUCTO t1 WHERE ((t0.CAT_NAME = ?) AND (t1.NROREFERENCIA = t0.ESP_NROREF))
	bind => [Equipos]
[EL Fine]: sql: 2014-10-09 10:12:54.806--ServerSession(1989311583)--Connection(1905800551)--Thread(Thread[AWT-EventQueue-0,6,main])--SELECT NOMBRE, PADRE FROM CATEGORIA WHERE (NOMBRE = ?)
	bind => [iPhone]
[EL Fine]: sql: 2014-10-09 10:12:54.806--ServerSession(1989311583)--Connection(1905800551)--Thread(Thread[AWT-EventQueue-0,6,main])--SELECT t1.NROREFERENCIA, t1.DESCRIPCION, t1.NOMBRE, t1.PRECIO, t1.PROVEEDOR_ID, t0.ESP_NROREF FROM CATEGORIAESPECIFICACIONPROD t0, ESPECIFICACIONPRODUCTO t1 WHERE ((t0.CAT_NAME = ?) AND (t1.NROREFERENCIA = t0.ESP_NROREF))
	bind => [iPhone]
[EL Fine]: sql: 2014-10-09 10:12:54.807--ServerSession(1989311583)--Connection(1905800551)--Thread(Thread[AWT-EventQueue-0,6,main])--SELECT NOMBRE, PADRE FROM CATEGORIA WHERE (NOMBRE = ?)
	bind => [Nexus]
[EL Fine]: sql: 2014-10-09 10:12:54.807--ServerSession(1989311583)--Connection(1905800551)--Thread(Thread[AWT-EventQueue-0,6,main])--SELECT t1.NROREFERENCIA, t1.DESCRIPCION, t1.NOMBRE, t1.PRECIO, t1.PROVEEDOR_ID, t0.ESP_NROREF FROM CATEGORIAESPECIFICACIONPROD t0, ESPECIFICACIONPRODUCTO t1 WHERE ((t0.CAT_NAME = ?) AND (t1.NROREFERENCIA = t0.ESP_NROREF))
	bind => [Nexus]
[EL Fine]: sql: 2014-10-09 10:12:54.808--ServerSession(1989311583)--Connection(1905800551)--Thread(Thread[AWT-EventQueue-0,6,main])--SELECT NOMBRE, PADRE FROM CATEGORIA WHERE (NOMBRE = ?)
	bind => [Samsung]
[EL Fine]: sql: 2014-10-09 10:12:54.808--ServerSession(1989311583)--Connection(1905800551)--Thread(Thread[AWT-EventQueue-0,6,main])--SELECT t1.NROREFERENCIA, t1.DESCRIPCION, t1.NOMBRE, t1.PRECIO, t1.PROVEEDOR_ID, t0.ESP_NROREF FROM CATEGORIAESPECIFICACIONPROD t0, ESPECIFICACIONPRODUCTO t1 WHERE ((t0.CAT_NAME = ?) AND (t1.NROREFERENCIA = t0.ESP_NROREF))
	bind => [Samsung]
[EL Fine]: sql: 2014-10-09 10:12:54.808--ServerSession(1989311583)--Connection(1905800551)--Thread(Thread[AWT-EventQueue-0,6,main])--SELECT NOMBRE, PADRE FROM CATEGORIA WHERE (NOMBRE = ?)
	bind => [Galaxy S3]
[EL Fine]: sql: 2014-10-09 10:12:54.809--ServerSession(1989311583)--Connection(1905800551)--Thread(Thread[AWT-EventQueue-0,6,main])--SELECT t1.NROREFERENCIA, t1.DESCRIPCION, t1.NOMBRE, t1.PRECIO, t1.PROVEEDOR_ID, t0.ESP_NROREF FROM CATEGORIAESPECIFICACIONPROD t0, ESPECIFICACIONPRODUCTO t1 WHERE ((t0.CAT_NAME = ?) AND (t1.NROREFERENCIA = t0.ESP_NROREF))
	bind => [Galaxy S3]
[EL Fine]: sql: 2014-10-09 10:12:54.81--ServerSession(1989311583)--Connection(1905800551)--Thread(Thread[AWT-EventQueue-0,6,main])--SELECT NOMBRE, PADRE FROM CATEGORIA WHERE (NOMBRE = ?)
	bind => [Galaxy S4]
[EL Fine]: sql: 2014-10-09 10:12:54.81--ServerSession(1989311583)--Connection(1905800551)--Thread(Thread[AWT-EventQueue-0,6,main])--SELECT t1.NROREFERENCIA, t1.DESCRIPCION, t1.NOMBRE, t1.PRECIO, t1.PROVEEDOR_ID, t0.ESP_NROREF FROM CATEGORIAESPECIFICACIONPROD t0, ESPECIFICACIONPRODUCTO t1 WHERE ((t0.CAT_NAME = ?) AND (t1.NROREFERENCIA = t0.ESP_NROREF))
	bind => [Galaxy S4]
[EL Fine]: sql: 2014-10-09 10:12:54.811--ServerSession(1989311583)--Connection(1905800551)--Thread(Thread[AWT-EventQueue-0,6,main])--SELECT NOMBRE, PADRE FROM CATEGORIA WHERE (NOMBRE = ?)
	bind => [Galaxy Ace]
[EL Fine]: sql: 2014-10-09 10:12:54.811--ServerSession(1989311583)--Connection(1905800551)--Thread(Thread[AWT-EventQueue-0,6,main])--SELECT t1.NROREFERENCIA, t1.DESCRIPCION, t1.NOMBRE, t1.PRECIO, t1.PROVEEDOR_ID, t0.ESP_NROREF FROM CATEGORIAESPECIFICACIONPROD t0, ESPECIFICACIONPRODUCTO t1 WHERE ((t0.CAT_NAME = ?) AND (t1.NROREFERENCIA = t0.ESP_NROREF))
	bind => [Galaxy Ace]
[EL Fine]: sql: 2014-10-09 10:12:54.812--ServerSession(1989311583)--Connection(1905800551)--Thread(Thread[AWT-EventQueue-0,6,main])--SELECT NOMBRE, PADRE FROM CATEGORIA WHERE (NOMBRE = ?)
	bind => [Blackberry]
[EL Fine]: sql: 2014-10-09 10:12:54.812--ServerSession(1989311583)--Connection(1905800551)--Thread(Thread[AWT-EventQueue-0,6,main])--SELECT t1.NROREFERENCIA, t1.DESCRIPCION, t1.NOMBRE, t1.PRECIO, t1.PROVEEDOR_ID, t0.ESP_NROREF FROM CATEGORIAESPECIFICACIONPROD t0, ESPECIFICACIONPRODUCTO t1 WHERE ((t0.CAT_NAME = ?) AND (t1.NROREFERENCIA = t0.ESP_NROREF))
	bind => [Blackberry]
[EL Fine]: sql: 2014-10-09 10:12:54.814--ServerSession(1989311583)--Connection(1905800551)--Thread(Thread[AWT-EventQueue-0,6,main])--SELECT NOMBRE, PADRE FROM CATEGORIA WHERE (NOMBRE = ?)
	bind => [Nokia]
[EL Fine]: sql: 2014-10-09 10:12:54.814--ServerSession(1989311583)--Connection(1905800551)--Thread(Thread[AWT-EventQueue-0,6,main])--SELECT t1.NROREFERENCIA, t1.DESCRIPCION, t1.NOMBRE, t1.PRECIO, t1.PROVEEDOR_ID, t0.ESP_NROREF FROM CATEGORIAESPECIFICACIONPROD t0, ESPECIFICACIONPRODUCTO t1 WHERE ((t0.CAT_NAME = ?) AND (t1.NROREFERENCIA = t0.ESP_NROREF))
	bind => [Nokia]
[EL Fine]: sql: 2014-10-09 10:12:54.815--ServerSession(1989311583)--Connection(1905800551)--Thread(Thread[AWT-EventQueue-0,6,main])--SELECT NOMBRE, PADRE FROM CATEGORIA WHERE (NOMBRE = ?)
	bind => [Accesorios]
[EL Fine]: sql: 2014-10-09 10:12:54.815--ServerSession(1989311583)--Connection(1905800551)--Thread(Thread[AWT-EventQueue-0,6,main])--SELECT t1.NROREFERENCIA, t1.DESCRIPCION, t1.NOMBRE, t1.PRECIO, t1.PROVEEDOR_ID, t0.ESP_NROREF FROM CATEGORIAESPECIFICACIONPROD t0, ESPECIFICACIONPRODUCTO t1 WHERE ((t0.CAT_NAME = ?) AND (t1.NROREFERENCIA = t0.ESP_NROREF))
	bind => [Accesorios]
[EL Fine]: sql: 2014-10-09 10:12:54.816--ServerSession(1989311583)--Connection(1905800551)--Thread(Thread[AWT-EventQueue-0,6,main])--SELECT NOMBRE, PADRE FROM CATEGORIA WHERE (NOMBRE = ?)
	bind => [Protectores]
[EL Fine]: sql: 2014-10-09 10:12:54.816--ServerSession(1989311583)--Connection(1905800551)--Thread(Thread[AWT-EventQueue-0,6,main])--SELECT t1.NROREFERENCIA, t1.DESCRIPCION, t1.NOMBRE, t1.PRECIO, t1.PROVEEDOR_ID, t0.ESP_NROREF FROM CATEGORIAESPECIFICACIONPROD t0, ESPECIFICACIONPRODUCTO t1 WHERE ((t0.CAT_NAME = ?) AND (t1.NROREFERENCIA = t0.ESP_NROREF))
	bind => [Protectores]
[EL Fine]: sql: 2014-10-09 10:12:54.817--ServerSession(1989311583)--Connection(1905800551)--Thread(Thread[AWT-EventQueue-0,6,main])--SELECT NOMBRE, PADRE FROM CATEGORIA WHERE (NOMBRE = ?)
	bind => [Baterías]
[EL Fine]: sql: 2014-10-09 10:12:54.817--ServerSession(1989311583)--Connection(1905800551)--Thread(Thread[AWT-EventQueue-0,6,main])--SELECT t1.NROREFERENCIA, t1.DESCRIPCION, t1.NOMBRE, t1.PRECIO, t1.PROVEEDOR_ID, t0.ESP_NROREF FROM CATEGORIAESPECIFICACIONPROD t0, ESPECIFICACIONPRODUCTO t1 WHERE ((t0.CAT_NAME = ?) AND (t1.NROREFERENCIA = t0.ESP_NROREF))
	bind => [Baterías]
[EL Fine]: sql: 2014-10-09 10:12:54.818--ServerSession(1989311583)--Connection(1905800551)--Thread(Thread[AWT-EventQueue-0,6,main])--SELECT NOMBRE, PADRE FROM CATEGORIA WHERE (NOMBRE = ?)
	bind => [Apple]
[EL Fine]: sql: 2014-10-09 10:12:54.818--ServerSession(1989311583)--Connection(1905800551)--Thread(Thread[AWT-EventQueue-0,6,main])--SELECT t1.NROREFERENCIA, t1.DESCRIPCION, t1.NOMBRE, t1.PRECIO, t1.PROVEEDOR_ID, t0.ESP_NROREF FROM CATEGORIAESPECIFICACIONPROD t0, ESPECIFICACIONPRODUCTO t1 WHERE ((t0.CAT_NAME = ?) AND (t1.NROREFERENCIA = t0.ESP_NROREF))
	bind => [Apple]
[EL Fine]: sql: 2014-10-09 10:12:54.818--ServerSession(1989311583)--Connection(1905800551)--Thread(Thread[AWT-EventQueue-0,6,main])--SELECT NOMBRE, PADRE FROM CATEGORIA WHERE (NOMBRE = ?)
	bind => [Videojuegos]
[EL Fine]: sql: 2014-10-09 10:12:54.819--ServerSession(1989311583)--Connection(1905800551)--Thread(Thread[AWT-EventQueue-0,6,main])--SELECT t1.NROREFERENCIA, t1.DESCRIPCION, t1.NOMBRE, t1.PRECIO, t1.PROVEEDOR_ID, t0.ESP_NROREF FROM CATEGORIAESPECIFICACIONPROD t0, ESPECIFICACIONPRODUCTO t1 WHERE ((t0.CAT_NAME = ?) AND (t1.NROREFERENCIA = t0.ESP_NROREF))
	bind => [Videojuegos]
[EL Fine]: sql: 2014-10-09 10:12:54.819--ServerSession(1989311583)--Connection(1905800551)--Thread(Thread[AWT-EventQueue-0,6,main])--SELECT NOMBRE, PADRE FROM CATEGORIA WHERE (NOMBRE = ?)
	bind => [Playstation]
[EL Fine]: sql: 2014-10-09 10:12:54.819--ServerSession(1989311583)--Connection(1905800551)--Thread(Thread[AWT-EventQueue-0,6,main])--SELECT t1.NROREFERENCIA, t1.DESCRIPCION, t1.NOMBRE, t1.PRECIO, t1.PROVEEDOR_ID, t0.ESP_NROREF FROM CATEGORIAESPECIFICACIONPROD t0, ESPECIFICACIONPRODUCTO t1 WHERE ((t0.CAT_NAME = ?) AND (t1.NROREFERENCIA = t0.ESP_NROREF))
	bind => [Playstation]
[EL Fine]: sql: 2014-10-09 10:12:54.82--ServerSession(1989311583)--Connection(1905800551)--Thread(Thread[AWT-EventQueue-0,6,main])--SELECT NOMBRE, PADRE FROM CATEGORIA WHERE (NOMBRE = ?)
	bind => [Xbox]
[EL Fine]: sql: 2014-10-09 10:12:54.82--ServerSession(1989311583)--Connection(1905800551)--Thread(Thread[AWT-EventQueue-0,6,main])--SELECT t1.NROREFERENCIA, t1.DESCRIPCION, t1.NOMBRE, t1.PRECIO, t1.PROVEEDOR_ID, t0.ESP_NROREF FROM CATEGORIAESPECIFICACIONPROD t0, ESPECIFICACIONPRODUCTO t1 WHERE ((t0.CAT_NAME = ?) AND (t1.NROREFERENCIA = t0.ESP_NROREF))
	bind => [Xbox]
[EL Fine]: sql: 2014-10-09 10:12:54.821--ServerSession(1989311583)--Connection(1905800551)--Thread(Thread[AWT-EventQueue-0,6,main])--SELECT NOMBRE, PADRE FROM CATEGORIA
[EL Fine]: sql: 2014-10-09 10:12:54.821--ServerSession(1989311583)--Connection(1905800551)--Thread(Thread[AWT-EventQueue-0,6,main])--SELECT NROREFERENCIA, DESCRIPCION, NOMBRE, PRECIO, PROVEEDOR_ID FROM ESPECIFICACIONPRODUCTO
[EL Fine]: sql: 2014-10-09 10:12:54.822--ServerSession(1989311583)--Connection(1905800551)--Thread(Thread[AWT-EventQueue-0,6,main])--SELECT NOMBRE, PADRE FROM CATEGORIA
[EL Fine]: sql: 2014-10-09 10:12:54.822--ServerSession(1989311583)--Connection(1905800551)--Thread(Thread[AWT-EventQueue-0,6,main])--SELECT NOMBRE, PADRE FROM CATEGORIA WHERE (NOMBRE = ?)
	bind => [Celulares]
[EL Fine]: sql: 2014-10-09 10:12:54.822--ServerSession(1989311583)--Connection(1905800551)--Thread(Thread[AWT-EventQueue-0,6,main])--SELECT t1.NROREFERENCIA, t1.DESCRIPCION, t1.NOMBRE, t1.PRECIO, t1.PROVEEDOR_ID, t0.ESP_NROREF FROM CATEGORIAESPECIFICACIONPROD t0, ESPECIFICACIONPRODUCTO t1 WHERE ((t0.CAT_NAME = ?) AND (t1.NROREFERENCIA = t0.ESP_NROREF))
	bind => [Celulares]
[EL Fine]: sql: 2014-10-09 10:12:54.823--ServerSession(1989311583)--Connection(1905800551)--Thread(Thread[AWT-EventQueue-0,6,main])--SELECT NOMBRE, PADRE FROM CATEGORIA WHERE (NOMBRE = ?)
	bind => [Sistemas Operativos]
[EL Fine]: sql: 2014-10-09 10:12:54.823--ServerSession(1989311583)--Connection(1905800551)--Thread(Thread[AWT-EventQueue-0,6,main])--SELECT t1.NROREFERENCIA, t1.DESCRIPCION, t1.NOMBRE, t1.PRECIO, t1.PROVEEDOR_ID, t0.ESP_NROREF FROM CATEGORIAESPECIFICACIONPROD t0, ESPECIFICACIONPRODUCTO t1 WHERE ((t0.CAT_NAME = ?) AND (t1.NROREFERENCIA = t0.ESP_NROREF))
	bind => [Sistemas Operativos]
[EL Fine]: sql: 2014-10-09 10:12:54.823--ServerSession(1989311583)--Connection(1905800551)--Thread(Thread[AWT-EventQueue-0,6,main])--SELECT NOMBRE, PADRE FROM CATEGORIA WHERE (NOMBRE = ?)
	bind => [iOS]
[EL Fine]: sql: 2014-10-09 10:12:54.824--ServerSession(1989311583)--Connection(1905800551)--Thread(Thread[AWT-EventQueue-0,6,main])--SELECT t1.NROREFERENCIA, t1.DESCRIPCION, t1.NOMBRE, t1.PRECIO, t1.PROVEEDOR_ID, t0.ESP_NROREF FROM CATEGORIAESPECIFICACIONPROD t0, ESPECIFICACIONPRODUCTO t1 WHERE ((t0.CAT_NAME = ?) AND (t1.NROREFERENCIA = t0.ESP_NROREF))
	bind => [iOS]
[EL Fine]: sql: 2014-10-09 10:12:54.824--ServerSession(1989311583)--Connection(1905800551)--Thread(Thread[AWT-EventQueue-0,6,main])--SELECT NOMBRE, PADRE FROM CATEGORIA WHERE (NOMBRE = ?)
	bind => [Android]
[EL Fine]: sql: 2014-10-09 10:12:54.825--ServerSession(1989311583)--Connection(1905800551)--Thread(Thread[AWT-EventQueue-0,6,main])--SELECT t1.NROREFERENCIA, t1.DESCRIPCION, t1.NOMBRE, t1.PRECIO, t1.PROVEEDOR_ID, t0.ESP_NROREF FROM CATEGORIAESPECIFICACIONPROD t0, ESPECIFICACIONPRODUCTO t1 WHERE ((t0.CAT_NAME = ?) AND (t1.NROREFERENCIA = t0.ESP_NROREF))
	bind => [Android]
[EL Fine]: sql: 2014-10-09 10:12:54.826--ServerSession(1989311583)--Connection(1905800551)--Thread(Thread[AWT-EventQueue-0,6,main])--SELECT NOMBRE, PADRE FROM CATEGORIA WHERE (NOMBRE = ?)
	bind => [Windows Phone]
[EL Fine]: sql: 2014-10-09 10:12:54.826--ServerSession(1989311583)--Connection(1905800551)--Thread(Thread[AWT-EventQueue-0,6,main])--SELECT t1.NROREFERENCIA, t1.DESCRIPCION, t1.NOMBRE, t1.PRECIO, t1.PROVEEDOR_ID, t0.ESP_NROREF FROM CATEGORIAESPECIFICACIONPROD t0, ESPECIFICACIONPRODUCTO t1 WHERE ((t0.CAT_NAME = ?) AND (t1.NROREFERENCIA = t0.ESP_NROREF))
	bind => [Windows Phone]
[EL Fine]: sql: 2014-10-09 10:12:54.827--ServerSession(1989311583)--Connection(1905800551)--Thread(Thread[AWT-EventQueue-0,6,main])--SELECT NOMBRE, PADRE FROM CATEGORIA WHERE (NOMBRE = ?)
	bind => [Symbian]
[EL Fine]: sql: 2014-10-09 10:12:54.827--ServerSession(1989311583)--Connection(1905800551)--Thread(Thread[AWT-EventQueue-0,6,main])--SELECT t1.NROREFERENCIA, t1.DESCRIPCION, t1.NOMBRE, t1.PRECIO, t1.PROVEEDOR_ID, t0.ESP_NROREF FROM CATEGORIAESPECIFICACIONPROD t0, ESPECIFICACIONPRODUCTO t1 WHERE ((t0.CAT_NAME = ?) AND (t1.NROREFERENCIA = t0.ESP_NROREF))
	bind => [Symbian]
[EL Fine]: sql: 2014-10-09 10:12:54.828--ServerSession(1989311583)--Connection(1905800551)--Thread(Thread[AWT-EventQueue-0,6,main])--SELECT NOMBRE, PADRE FROM CATEGORIA WHERE (NOMBRE = ?)
	bind => [Blackberry OS]
[EL Fine]: sql: 2014-10-09 10:12:54.829--ServerSession(1989311583)--Connection(1905800551)--Thread(Thread[AWT-EventQueue-0,6,main])--SELECT t1.NROREFERENCIA, t1.DESCRIPCION, t1.NOMBRE, t1.PRECIO, t1.PROVEEDOR_ID, t0.ESP_NROREF FROM CATEGORIAESPECIFICACIONPROD t0, ESPECIFICACIONPRODUCTO t1 WHERE ((t0.CAT_NAME = ?) AND (t1.NROREFERENCIA = t0.ESP_NROREF))
	bind => [Blackberry OS]
[EL Fine]: sql: 2014-10-09 10:12:54.829--ServerSession(1989311583)--Connection(1905800551)--Thread(Thread[AWT-EventQueue-0,6,main])--SELECT NOMBRE, PADRE FROM CATEGORIA WHERE (NOMBRE = ?)
	bind => [Equipos]
[EL Fine]: sql: 2014-10-09 10:12:54.83--ServerSession(1989311583)--Connection(1905800551)--Thread(Thread[AWT-EventQueue-0,6,main])--SELECT t1.NROREFERENCIA, t1.DESCRIPCION, t1.NOMBRE, t1.PRECIO, t1.PROVEEDOR_ID, t0.ESP_NROREF FROM CATEGORIAESPECIFICACIONPROD t0, ESPECIFICACIONPRODUCTO t1 WHERE ((t0.CAT_NAME = ?) AND (t1.NROREFERENCIA = t0.ESP_NROREF))
	bind => [Equipos]
[EL Fine]: sql: 2014-10-09 10:12:54.831--ServerSession(1989311583)--Connection(1905800551)--Thread(Thread[AWT-EventQueue-0,6,main])--SELECT NOMBRE, PADRE FROM CATEGORIA WHERE (NOMBRE = ?)
	bind => [iPhone]
[EL Fine]: sql: 2014-10-09 10:12:54.831--ServerSession(1989311583)--Connection(1905800551)--Thread(Thread[AWT-EventQueue-0,6,main])--SELECT t1.NROREFERENCIA, t1.DESCRIPCION, t1.NOMBRE, t1.PRECIO, t1.PROVEEDOR_ID, t0.ESP_NROREF FROM CATEGORIAESPECIFICACIONPROD t0, ESPECIFICACIONPRODUCTO t1 WHERE ((t0.CAT_NAME = ?) AND (t1.NROREFERENCIA = t0.ESP_NROREF))
	bind => [iPhone]
[EL Fine]: sql: 2014-10-09 10:12:54.832--ServerSession(1989311583)--Connection(1905800551)--Thread(Thread[AWT-EventQueue-0,6,main])--SELECT NOMBRE, PADRE FROM CATEGORIA WHERE (NOMBRE = ?)
	bind => [Nexus]
[EL Fine]: sql: 2014-10-09 10:12:54.832--ServerSession(1989311583)--Connection(1905800551)--Thread(Thread[AWT-EventQueue-0,6,main])--SELECT t1.NROREFERENCIA, t1.DESCRIPCION, t1.NOMBRE, t1.PRECIO, t1.PROVEEDOR_ID, t0.ESP_NROREF FROM CATEGORIAESPECIFICACIONPROD t0, ESPECIFICACIONPRODUCTO t1 WHERE ((t0.CAT_NAME = ?) AND (t1.NROREFERENCIA = t0.ESP_NROREF))
	bind => [Nexus]
[EL Fine]: sql: 2014-10-09 10:12:54.833--ServerSession(1989311583)--Connection(1905800551)--Thread(Thread[AWT-EventQueue-0,6,main])--SELECT NOMBRE, PADRE FROM CATEGORIA WHERE (NOMBRE = ?)
	bind => [Samsung]
[EL Fine]: sql: 2014-10-09 10:12:54.834--ServerSession(1989311583)--Connection(1905800551)--Thread(Thread[AWT-EventQueue-0,6,main])--SELECT t1.NROREFERENCIA, t1.DESCRIPCION, t1.NOMBRE, t1.PRECIO, t1.PROVEEDOR_ID, t0.ESP_NROREF FROM CATEGORIAESPECIFICACIONPROD t0, ESPECIFICACIONPRODUCTO t1 WHERE ((t0.CAT_NAME = ?) AND (t1.NROREFERENCIA = t0.ESP_NROREF))
	bind => [Samsung]
[EL Fine]: sql: 2014-10-09 10:12:54.844--ServerSession(1989311583)--Connection(1905800551)--Thread(Thread[AWT-EventQueue-0,6,main])--SELECT NOMBRE, PADRE FROM CATEGORIA WHERE (NOMBRE = ?)
	bind => [Galaxy S3]
[EL Fine]: sql: 2014-10-09 10:12:54.849--ServerSession(1989311583)--Connection(1905800551)--Thread(Thread[AWT-EventQueue-0,6,main])--SELECT t1.NROREFERENCIA, t1.DESCRIPCION, t1.NOMBRE, t1.PRECIO, t1.PROVEEDOR_ID, t0.ESP_NROREF FROM CATEGORIAESPECIFICACIONPROD t0, ESPECIFICACIONPRODUCTO t1 WHERE ((t0.CAT_NAME = ?) AND (t1.NROREFERENCIA = t0.ESP_NROREF))
	bind => [Galaxy S3]
[EL Fine]: sql: 2014-10-09 10:12:54.85--ServerSession(1989311583)--Connection(1905800551)--Thread(Thread[AWT-EventQueue-0,6,main])--SELECT NOMBRE, PADRE FROM CATEGORIA WHERE (NOMBRE = ?)
	bind => [Galaxy S4]
[EL Fine]: sql: 2014-10-09 10:12:54.85--ServerSession(1989311583)--Connection(1905800551)--Thread(Thread[AWT-EventQueue-0,6,main])--SELECT t1.NROREFERENCIA, t1.DESCRIPCION, t1.NOMBRE, t1.PRECIO, t1.PROVEEDOR_ID, t0.ESP_NROREF FROM CATEGORIAESPECIFICACIONPROD t0, ESPECIFICACIONPRODUCTO t1 WHERE ((t0.CAT_NAME = ?) AND (t1.NROREFERENCIA = t0.ESP_NROREF))
	bind => [Galaxy S4]
[EL Fine]: sql: 2014-10-09 10:12:54.851--ServerSession(1989311583)--Connection(1905800551)--Thread(Thread[AWT-EventQueue-0,6,main])--SELECT NOMBRE, PADRE FROM CATEGORIA WHERE (NOMBRE = ?)
	bind => [Galaxy Ace]
[EL Fine]: sql: 2014-10-09 10:12:54.851--ServerSession(1989311583)--Connection(1905800551)--Thread(Thread[AWT-EventQueue-0,6,main])--SELECT t1.NROREFERENCIA, t1.DESCRIPCION, t1.NOMBRE, t1.PRECIO, t1.PROVEEDOR_ID, t0.ESP_NROREF FROM CATEGORIAESPECIFICACIONPROD t0, ESPECIFICACIONPRODUCTO t1 WHERE ((t0.CAT_NAME = ?) AND (t1.NROREFERENCIA = t0.ESP_NROREF))
	bind => [Galaxy Ace]
[EL Fine]: sql: 2014-10-09 10:12:54.852--ServerSession(1989311583)--Connection(1905800551)--Thread(Thread[AWT-EventQueue-0,6,main])--SELECT NOMBRE, PADRE FROM CATEGORIA WHERE (NOMBRE = ?)
	bind => [Blackberry]
[EL Fine]: sql: 2014-10-09 10:12:54.852--ServerSession(1989311583)--Connection(1905800551)--Thread(Thread[AWT-EventQueue-0,6,main])--SELECT t1.NROREFERENCIA, t1.DESCRIPCION, t1.NOMBRE, t1.PRECIO, t1.PROVEEDOR_ID, t0.ESP_NROREF FROM CATEGORIAESPECIFICACIONPROD t0, ESPECIFICACIONPRODUCTO t1 WHERE ((t0.CAT_NAME = ?) AND (t1.NROREFERENCIA = t0.ESP_NROREF))
	bind => [Blackberry]
[EL Fine]: sql: 2014-10-09 10:12:54.853--ServerSession(1989311583)--Connection(1905800551)--Thread(Thread[AWT-EventQueue-0,6,main])--SELECT NOMBRE, PADRE FROM CATEGORIA WHERE (NOMBRE = ?)
	bind => [Nokia]
[EL Fine]: sql: 2014-10-09 10:12:54.855--ServerSession(1989311583)--Connection(1905800551)--Thread(Thread[AWT-EventQueue-0,6,main])--SELECT t1.NROREFERENCIA, t1.DESCRIPCION, t1.NOMBRE, t1.PRECIO, t1.PROVEEDOR_ID, t0.ESP_NROREF FROM CATEGORIAESPECIFICACIONPROD t0, ESPECIFICACIONPRODUCTO t1 WHERE ((t0.CAT_NAME = ?) AND (t1.NROREFERENCIA = t0.ESP_NROREF))
	bind => [Nokia]
[EL Fine]: sql: 2014-10-09 10:12:54.856--ServerSession(1989311583)--Connection(1905800551)--Thread(Thread[AWT-EventQueue-0,6,main])--SELECT NOMBRE, PADRE FROM CATEGORIA WHERE (NOMBRE = ?)
	bind => [Accesorios]
[EL Fine]: sql: 2014-10-09 10:12:54.856--ServerSession(1989311583)--Connection(1905800551)--Thread(Thread[AWT-EventQueue-0,6,main])--SELECT t1.NROREFERENCIA, t1.DESCRIPCION, t1.NOMBRE, t1.PRECIO, t1.PROVEEDOR_ID, t0.ESP_NROREF FROM CATEGORIAESPECIFICACIONPROD t0, ESPECIFICACIONPRODUCTO t1 WHERE ((t0.CAT_NAME = ?) AND (t1.NROREFERENCIA = t0.ESP_NROREF))
	bind => [Accesorios]
[EL Fine]: sql: 2014-10-09 10:12:54.857--ServerSession(1989311583)--Connection(1905800551)--Thread(Thread[AWT-EventQueue-0,6,main])--SELECT NOMBRE, PADRE FROM CATEGORIA WHERE (NOMBRE = ?)
	bind => [Protectores]
[EL Fine]: sql: 2014-10-09 10:12:54.857--ServerSession(1989311583)--Connection(1905800551)--Thread(Thread[AWT-EventQueue-0,6,main])--SELECT t1.NROREFERENCIA, t1.DESCRIPCION, t1.NOMBRE, t1.PRECIO, t1.PROVEEDOR_ID, t0.ESP_NROREF FROM CATEGORIAESPECIFICACIONPROD t0, ESPECIFICACIONPRODUCTO t1 WHERE ((t0.CAT_NAME = ?) AND (t1.NROREFERENCIA = t0.ESP_NROREF))
	bind => [Protectores]
[EL Fine]: sql: 2014-10-09 10:12:54.857--ServerSession(1989311583)--Connection(1905800551)--Thread(Thread[AWT-EventQueue-0,6,main])--SELECT NOMBRE, PADRE FROM CATEGORIA WHERE (NOMBRE = ?)
	bind => [Baterías]
[EL Fine]: sql: 2014-10-09 10:12:54.858--ServerSession(1989311583)--Connection(1905800551)--Thread(Thread[AWT-EventQueue-0,6,main])--SELECT t1.NROREFERENCIA, t1.DESCRIPCION, t1.NOMBRE, t1.PRECIO, t1.PROVEEDOR_ID, t0.ESP_NROREF FROM CATEGORIAESPECIFICACIONPROD t0, ESPECIFICACIONPRODUCTO t1 WHERE ((t0.CAT_NAME = ?) AND (t1.NROREFERENCIA = t0.ESP_NROREF))
	bind => [Baterías]
[EL Fine]: sql: 2014-10-09 10:12:54.858--ServerSession(1989311583)--Connection(1905800551)--Thread(Thread[AWT-EventQueue-0,6,main])--SELECT NOMBRE, PADRE FROM CATEGORIA WHERE (NOMBRE = ?)
	bind => [Apple]
[EL Fine]: sql: 2014-10-09 10:12:54.858--ServerSession(1989311583)--Connection(1905800551)--Thread(Thread[AWT-EventQueue-0,6,main])--SELECT t1.NROREFERENCIA, t1.DESCRIPCION, t1.NOMBRE, t1.PRECIO, t1.PROVEEDOR_ID, t0.ESP_NROREF FROM CATEGORIAESPECIFICACIONPROD t0, ESPECIFICACIONPRODUCTO t1 WHERE ((t0.CAT_NAME = ?) AND (t1.NROREFERENCIA = t0.ESP_NROREF))
	bind => [Apple]
[EL Fine]: sql: 2014-10-09 10:12:54.859--ServerSession(1989311583)--Connection(1905800551)--Thread(Thread[AWT-EventQueue-0,6,main])--SELECT NOMBRE, PADRE FROM CATEGORIA WHERE (NOMBRE = ?)
	bind => [Videojuegos]
[EL Fine]: sql: 2014-10-09 10:12:54.859--ServerSession(1989311583)--Connection(1905800551)--Thread(Thread[AWT-EventQueue-0,6,main])--SELECT t1.NROREFERENCIA, t1.DESCRIPCION, t1.NOMBRE, t1.PRECIO, t1.PROVEEDOR_ID, t0.ESP_NROREF FROM CATEGORIAESPECIFICACIONPROD t0, ESPECIFICACIONPRODUCTO t1 WHERE ((t0.CAT_NAME = ?) AND (t1.NROREFERENCIA = t0.ESP_NROREF))
	bind => [Videojuegos]
[EL Fine]: sql: 2014-10-09 10:12:54.859--ServerSession(1989311583)--Connection(1905800551)--Thread(Thread[AWT-EventQueue-0,6,main])--SELECT NOMBRE, PADRE FROM CATEGORIA WHERE (NOMBRE = ?)
	bind => [Playstation]
[EL Fine]: sql: 2014-10-09 10:12:54.86--ServerSession(1989311583)--Connection(1905800551)--Thread(Thread[AWT-EventQueue-0,6,main])--SELECT t1.NROREFERENCIA, t1.DESCRIPCION, t1.NOMBRE, t1.PRECIO, t1.PROVEEDOR_ID, t0.ESP_NROREF FROM CATEGORIAESPECIFICACIONPROD t0, ESPECIFICACIONPRODUCTO t1 WHERE ((t0.CAT_NAME = ?) AND (t1.NROREFERENCIA = t0.ESP_NROREF))
	bind => [Playstation]
[EL Fine]: sql: 2014-10-09 10:12:54.86--ServerSession(1989311583)--Connection(1905800551)--Thread(Thread[AWT-EventQueue-0,6,main])--SELECT NOMBRE, PADRE FROM CATEGORIA WHERE (NOMBRE = ?)
	bind => [Xbox]
[EL Fine]: sql: 2014-10-09 10:12:54.86--ServerSession(1989311583)--Connection(1905800551)--Thread(Thread[AWT-EventQueue-0,6,main])--SELECT t1.NROREFERENCIA, t1.DESCRIPCION, t1.NOMBRE, t1.PRECIO, t1.PROVEEDOR_ID, t0.ESP_NROREF FROM CATEGORIAESPECIFICACIONPROD t0, ESPECIFICACIONPRODUCTO t1 WHERE ((t0.CAT_NAME = ?) AND (t1.NROREFERENCIA = t0.ESP_NROREF))
	bind => [Xbox]
[EL Fine]: sql: 2014-10-09 10:12:54.861--ServerSession(1989311583)--Connection(1905800551)--Thread(Thread[AWT-EventQueue-0,6,main])--SELECT NOMBRE, PADRE FROM CATEGORIA
[EL Fine]: sql: 2014-10-09 10:12:54.861--ServerSession(1989311583)--Connection(1905800551)--Thread(Thread[AWT-EventQueue-0,6,main])--SELECT NOMBRE, PADRE FROM CATEGORIA
[EL Fine]: sql: 2014-10-09 10:12:54.862--ServerSession(1989311583)--Connection(1905800551)--Thread(Thread[AWT-EventQueue-0,6,main])--SELECT NOMBRE, PADRE FROM CATEGORIA WHERE (NOMBRE = ?)
	bind => [Celulares]
[EL Fine]: sql: 2014-10-09 10:12:54.862--ServerSession(1989311583)--Connection(1905800551)--Thread(Thread[AWT-EventQueue-0,6,main])--SELECT t1.NROREFERENCIA, t1.DESCRIPCION, t1.NOMBRE, t1.PRECIO, t1.PROVEEDOR_ID, t0.ESP_NROREF FROM CATEGORIAESPECIFICACIONPROD t0, ESPECIFICACIONPRODUCTO t1 WHERE ((t0.CAT_NAME = ?) AND (t1.NROREFERENCIA = t0.ESP_NROREF))
	bind => [Celulares]
[EL Fine]: sql: 2014-10-09 10:12:54.863--ServerSession(1989311583)--Connection(1905800551)--Thread(Thread[AWT-EventQueue-0,6,main])--SELECT NOMBRE, PADRE FROM CATEGORIA WHERE (NOMBRE = ?)
	bind => [Sistemas Operativos]
[EL Fine]: sql: 2014-10-09 10:12:54.863--ServerSession(1989311583)--Connection(1905800551)--Thread(Thread[AWT-EventQueue-0,6,main])--SELECT t1.NROREFERENCIA, t1.DESCRIPCION, t1.NOMBRE, t1.PRECIO, t1.PROVEEDOR_ID, t0.ESP_NROREF FROM CATEGORIAESPECIFICACIONPROD t0, ESPECIFICACIONPRODUCTO t1 WHERE ((t0.CAT_NAME = ?) AND (t1.NROREFERENCIA = t0.ESP_NROREF))
	bind => [Sistemas Operativos]
[EL Fine]: sql: 2014-10-09 10:12:54.864--ServerSession(1989311583)--Connection(1905800551)--Thread(Thread[AWT-EventQueue-0,6,main])--SELECT NOMBRE, PADRE FROM CATEGORIA WHERE (NOMBRE = ?)
	bind => [iOS]
[EL Fine]: sql: 2014-10-09 10:12:54.864--ServerSession(1989311583)--Connection(1905800551)--Thread(Thread[AWT-EventQueue-0,6,main])--SELECT t1.NROREFERENCIA, t1.DESCRIPCION, t1.NOMBRE, t1.PRECIO, t1.PROVEEDOR_ID, t0.ESP_NROREF FROM CATEGORIAESPECIFICACIONPROD t0, ESPECIFICACIONPRODUCTO t1 WHERE ((t0.CAT_NAME = ?) AND (t1.NROREFERENCIA = t0.ESP_NROREF))
	bind => [iOS]
[EL Fine]: sql: 2014-10-09 10:12:54.865--ServerSession(1989311583)--Connection(1905800551)--Thread(Thread[AWT-EventQueue-0,6,main])--SELECT NOMBRE, PADRE FROM CATEGORIA WHERE (NOMBRE = ?)
	bind => [Android]
[EL Fine]: sql: 2014-10-09 10:12:54.865--ServerSession(1989311583)--Connection(1905800551)--Thread(Thread[AWT-EventQueue-0,6,main])--SELECT t1.NROREFERENCIA, t1.DESCRIPCION, t1.NOMBRE, t1.PRECIO, t1.PROVEEDOR_ID, t0.ESP_NROREF FROM CATEGORIAESPECIFICACIONPROD t0, ESPECIFICACIONPRODUCTO t1 WHERE ((t0.CAT_NAME = ?) AND (t1.NROREFERENCIA = t0.ESP_NROREF))
	bind => [Android]
[EL Fine]: sql: 2014-10-09 10:12:54.865--ServerSession(1989311583)--Connection(1905800551)--Thread(Thread[AWT-EventQueue-0,6,main])--SELECT NOMBRE, PADRE FROM CATEGORIA WHERE (NOMBRE = ?)
	bind => [Windows Phone]
[EL Fine]: sql: 2014-10-09 10:12:54.866--ServerSession(1989311583)--Connection(1905800551)--Thread(Thread[AWT-EventQueue-0,6,main])--SELECT t1.NROREFERENCIA, t1.DESCRIPCION, t1.NOMBRE, t1.PRECIO, t1.PROVEEDOR_ID, t0.ESP_NROREF FROM CATEGORIAESPECIFICACIONPROD t0, ESPECIFICACIONPRODUCTO t1 WHERE ((t0.CAT_NAME = ?) AND (t1.NROREFERENCIA = t0.ESP_NROREF))
	bind => [Windows Phone]
[EL Fine]: sql: 2014-10-09 10:12:54.866--ServerSession(1989311583)--Connection(1905800551)--Thread(Thread[AWT-EventQueue-0,6,main])--SELECT NOMBRE, PADRE FROM CATEGORIA WHERE (NOMBRE = ?)
	bind => [Symbian]
[EL Fine]: sql: 2014-10-09 10:12:54.866--ServerSession(1989311583)--Connection(1905800551)--Thread(Thread[AWT-EventQueue-0,6,main])--SELECT t1.NROREFERENCIA, t1.DESCRIPCION, t1.NOMBRE, t1.PRECIO, t1.PROVEEDOR_ID, t0.ESP_NROREF FROM CATEGORIAESPECIFICACIONPROD t0, ESPECIFICACIONPRODUCTO t1 WHERE ((t0.CAT_NAME = ?) AND (t1.NROREFERENCIA = t0.ESP_NROREF))
	bind => [Symbian]
[EL Fine]: sql: 2014-10-09 10:12:54.867--ServerSession(1989311583)--Connection(1905800551)--Thread(Thread[AWT-EventQueue-0,6,main])--SELECT NOMBRE, PADRE FROM CATEGORIA WHERE (NOMBRE = ?)
	bind => [Blackberry OS]
[EL Fine]: sql: 2014-10-09 10:12:54.867--ServerSession(1989311583)--Connection(1905800551)--Thread(Thread[AWT-EventQueue-0,6,main])--SELECT t1.NROREFERENCIA, t1.DESCRIPCION, t1.NOMBRE, t1.PRECIO, t1.PROVEEDOR_ID, t0.ESP_NROREF FROM CATEGORIAESPECIFICACIONPROD t0, ESPECIFICACIONPRODUCTO t1 WHERE ((t0.CAT_NAME = ?) AND (t1.NROREFERENCIA = t0.ESP_NROREF))
	bind => [Blackberry OS]
[EL Fine]: sql: 2014-10-09 10:12:54.867--ServerSession(1989311583)--Connection(1905800551)--Thread(Thread[AWT-EventQueue-0,6,main])--SELECT NOMBRE, PADRE FROM CATEGORIA WHERE (NOMBRE = ?)
	bind => [Equipos]
[EL Fine]: sql: 2014-10-09 10:12:54.868--ServerSession(1989311583)--Connection(1905800551)--Thread(Thread[AWT-EventQueue-0,6,main])--SELECT t1.NROREFERENCIA, t1.DESCRIPCION, t1.NOMBRE, t1.PRECIO, t1.PROVEEDOR_ID, t0.ESP_NROREF FROM CATEGORIAESPECIFICACIONPROD t0, ESPECIFICACIONPRODUCTO t1 WHERE ((t0.CAT_NAME = ?) AND (t1.NROREFERENCIA = t0.ESP_NROREF))
	bind => [Equipos]
[EL Fine]: sql: 2014-10-09 10:12:54.868--ServerSession(1989311583)--Connection(1905800551)--Thread(Thread[AWT-EventQueue-0,6,main])--SELECT NOMBRE, PADRE FROM CATEGORIA WHERE (NOMBRE = ?)
	bind => [iPhone]
[EL Fine]: sql: 2014-10-09 10:12:54.868--ServerSession(1989311583)--Connection(1905800551)--Thread(Thread[AWT-EventQueue-0,6,main])--SELECT t1.NROREFERENCIA, t1.DESCRIPCION, t1.NOMBRE, t1.PRECIO, t1.PROVEEDOR_ID, t0.ESP_NROREF FROM CATEGORIAESPECIFICACIONPROD t0, ESPECIFICACIONPRODUCTO t1 WHERE ((t0.CAT_NAME = ?) AND (t1.NROREFERENCIA = t0.ESP_NROREF))
	bind => [iPhone]
[EL Fine]: sql: 2014-10-09 10:12:54.869--ServerSession(1989311583)--Connection(1905800551)--Thread(Thread[AWT-EventQueue-0,6,main])--SELECT NOMBRE, PADRE FROM CATEGORIA WHERE (NOMBRE = ?)
	bind => [Nexus]
[EL Fine]: sql: 2014-10-09 10:12:54.869--ServerSession(1989311583)--Connection(1905800551)--Thread(Thread[AWT-EventQueue-0,6,main])--SELECT t1.NROREFERENCIA, t1.DESCRIPCION, t1.NOMBRE, t1.PRECIO, t1.PROVEEDOR_ID, t0.ESP_NROREF FROM CATEGORIAESPECIFICACIONPROD t0, ESPECIFICACIONPRODUCTO t1 WHERE ((t0.CAT_NAME = ?) AND (t1.NROREFERENCIA = t0.ESP_NROREF))
	bind => [Nexus]
[EL Fine]: sql: 2014-10-09 10:12:54.87--ServerSession(1989311583)--Connection(1905800551)--Thread(Thread[AWT-EventQueue-0,6,main])--SELECT NOMBRE, PADRE FROM CATEGORIA WHERE (NOMBRE = ?)
	bind => [Samsung]
[EL Fine]: sql: 2014-10-09 10:12:54.87--ServerSession(1989311583)--Connection(1905800551)--Thread(Thread[AWT-EventQueue-0,6,main])--SELECT t1.NROREFERENCIA, t1.DESCRIPCION, t1.NOMBRE, t1.PRECIO, t1.PROVEEDOR_ID, t0.ESP_NROREF FROM CATEGORIAESPECIFICACIONPROD t0, ESPECIFICACIONPRODUCTO t1 WHERE ((t0.CAT_NAME = ?) AND (t1.NROREFERENCIA = t0.ESP_NROREF))
	bind => [Samsung]
[EL Fine]: sql: 2014-10-09 10:12:54.87--ServerSession(1989311583)--Connection(1905800551)--Thread(Thread[AWT-EventQueue-0,6,main])--SELECT NOMBRE, PADRE FROM CATEGORIA WHERE (NOMBRE = ?)
	bind => [Galaxy S3]
[EL Fine]: sql: 2014-10-09 10:12:54.87--ServerSession(1989311583)--Connection(1905800551)--Thread(Thread[AWT-EventQueue-0,6,main])--SELECT t1.NROREFERENCIA, t1.DESCRIPCION, t1.NOMBRE, t1.PRECIO, t1.PROVEEDOR_ID, t0.ESP_NROREF FROM CATEGORIAESPECIFICACIONPROD t0, ESPECIFICACIONPRODUCTO t1 WHERE ((t0.CAT_NAME = ?) AND (t1.NROREFERENCIA = t0.ESP_NROREF))
	bind => [Galaxy S3]
[EL Fine]: sql: 2014-10-09 10:12:54.871--ServerSession(1989311583)--Connection(1905800551)--Thread(Thread[AWT-EventQueue-0,6,main])--SELECT NOMBRE, PADRE FROM CATEGORIA WHERE (NOMBRE = ?)
	bind => [Galaxy S4]
[EL Fine]: sql: 2014-10-09 10:12:54.871--ServerSession(1989311583)--Connection(1905800551)--Thread(Thread[AWT-EventQueue-0,6,main])--SELECT t1.NROREFERENCIA, t1.DESCRIPCION, t1.NOMBRE, t1.PRECIO, t1.PROVEEDOR_ID, t0.ESP_NROREF FROM CATEGORIAESPECIFICACIONPROD t0, ESPECIFICACIONPRODUCTO t1 WHERE ((t0.CAT_NAME = ?) AND (t1.NROREFERENCIA = t0.ESP_NROREF))
	bind => [Galaxy S4]
[EL Fine]: sql: 2014-10-09 10:12:54.871--ServerSession(1989311583)--Connection(1905800551)--Thread(Thread[AWT-EventQueue-0,6,main])--SELECT NOMBRE, PADRE FROM CATEGORIA WHERE (NOMBRE = ?)
	bind => [Galaxy Ace]
[EL Fine]: sql: 2014-10-09 10:12:54.872--ServerSession(1989311583)--Connection(1905800551)--Thread(Thread[AWT-EventQueue-0,6,main])--SELECT t1.NROREFERENCIA, t1.DESCRIPCION, t1.NOMBRE, t1.PRECIO, t1.PROVEEDOR_ID, t0.ESP_NROREF FROM CATEGORIAESPECIFICACIONPROD t0, ESPECIFICACIONPRODUCTO t1 WHERE ((t0.CAT_NAME = ?) AND (t1.NROREFERENCIA = t0.ESP_NROREF))
	bind => [Galaxy Ace]
[EL Fine]: sql: 2014-10-09 10:12:54.872--ServerSession(1989311583)--Connection(1905800551)--Thread(Thread[AWT-EventQueue-0,6,main])--SELECT NOMBRE, PADRE FROM CATEGORIA WHERE (NOMBRE = ?)
	bind => [Blackberry]
[EL Fine]: sql: 2014-10-09 10:12:54.872--ServerSession(1989311583)--Connection(1905800551)--Thread(Thread[AWT-EventQueue-0,6,main])--SELECT t1.NROREFERENCIA, t1.DESCRIPCION, t1.NOMBRE, t1.PRECIO, t1.PROVEEDOR_ID, t0.ESP_NROREF FROM CATEGORIAESPECIFICACIONPROD t0, ESPECIFICACIONPRODUCTO t1 WHERE ((t0.CAT_NAME = ?) AND (t1.NROREFERENCIA = t0.ESP_NROREF))
	bind => [Blackberry]
[EL Fine]: sql: 2014-10-09 10:12:54.873--ServerSession(1989311583)--Connection(1905800551)--Thread(Thread[AWT-EventQueue-0,6,main])--SELECT NOMBRE, PADRE FROM CATEGORIA WHERE (NOMBRE = ?)
	bind => [Nokia]
[EL Fine]: sql: 2014-10-09 10:12:54.873--ServerSession(1989311583)--Connection(1905800551)--Thread(Thread[AWT-EventQueue-0,6,main])--SELECT t1.NROREFERENCIA, t1.DESCRIPCION, t1.NOMBRE, t1.PRECIO, t1.PROVEEDOR_ID, t0.ESP_NROREF FROM CATEGORIAESPECIFICACIONPROD t0, ESPECIFICACIONPRODUCTO t1 WHERE ((t0.CAT_NAME = ?) AND (t1.NROREFERENCIA = t0.ESP_NROREF))
	bind => [Nokia]
[EL Fine]: sql: 2014-10-09 10:12:54.873--ServerSession(1989311583)--Connection(1905800551)--Thread(Thread[AWT-EventQueue-0,6,main])--SELECT NOMBRE, PADRE FROM CATEGORIA WHERE (NOMBRE = ?)
	bind => [Accesorios]
[EL Fine]: sql: 2014-10-09 10:12:54.873--ServerSession(1989311583)--Connection(1905800551)--Thread(Thread[AWT-EventQueue-0,6,main])--SELECT t1.NROREFERENCIA, t1.DESCRIPCION, t1.NOMBRE, t1.PRECIO, t1.PROVEEDOR_ID, t0.ESP_NROREF FROM CATEGORIAESPECIFICACIONPROD t0, ESPECIFICACIONPRODUCTO t1 WHERE ((t0.CAT_NAME = ?) AND (t1.NROREFERENCIA = t0.ESP_NROREF))
	bind => [Accesorios]
[EL Fine]: sql: 2014-10-09 10:12:54.874--ServerSession(1989311583)--Connection(1905800551)--Thread(Thread[AWT-EventQueue-0,6,main])--SELECT NOMBRE, PADRE FROM CATEGORIA WHERE (NOMBRE = ?)
	bind => [Protectores]
[EL Fine]: sql: 2014-10-09 10:12:54.874--ServerSession(1989311583)--Connection(1905800551)--Thread(Thread[AWT-EventQueue-0,6,main])--SELECT t1.NROREFERENCIA, t1.DESCRIPCION, t1.NOMBRE, t1.PRECIO, t1.PROVEEDOR_ID, t0.ESP_NROREF FROM CATEGORIAESPECIFICACIONPROD t0, ESPECIFICACIONPRODUCTO t1 WHERE ((t0.CAT_NAME = ?) AND (t1.NROREFERENCIA = t0.ESP_NROREF))
	bind => [Protectores]
[EL Fine]: sql: 2014-10-09 10:12:54.874--ServerSession(1989311583)--Connection(1905800551)--Thread(Thread[AWT-EventQueue-0,6,main])--SELECT NOMBRE, PADRE FROM CATEGORIA WHERE (NOMBRE = ?)
	bind => [Baterías]
[EL Fine]: sql: 2014-10-09 10:12:54.874--ServerSession(1989311583)--Connection(1905800551)--Thread(Thread[AWT-EventQueue-0,6,main])--SELECT t1.NROREFERENCIA, t1.DESCRIPCION, t1.NOMBRE, t1.PRECIO, t1.PROVEEDOR_ID, t0.ESP_NROREF FROM CATEGORIAESPECIFICACIONPROD t0, ESPECIFICACIONPRODUCTO t1 WHERE ((t0.CAT_NAME = ?) AND (t1.NROREFERENCIA = t0.ESP_NROREF))
	bind => [Baterías]
[EL Fine]: sql: 2014-10-09 10:12:54.875--ServerSession(1989311583)--Connection(1905800551)--Thread(Thread[AWT-EventQueue-0,6,main])--SELECT NOMBRE, PADRE FROM CATEGORIA WHERE (NOMBRE = ?)
	bind => [Apple]
[EL Fine]: sql: 2014-10-09 10:12:54.875--ServerSession(1989311583)--Connection(1905800551)--Thread(Thread[AWT-EventQueue-0,6,main])--SELECT t1.NROREFERENCIA, t1.DESCRIPCION, t1.NOMBRE, t1.PRECIO, t1.PROVEEDOR_ID, t0.ESP_NROREF FROM CATEGORIAESPECIFICACIONPROD t0, ESPECIFICACIONPRODUCTO t1 WHERE ((t0.CAT_NAME = ?) AND (t1.NROREFERENCIA = t0.ESP_NROREF))
	bind => [Apple]
[EL Fine]: sql: 2014-10-09 10:12:54.875--ServerSession(1989311583)--Connection(1905800551)--Thread(Thread[AWT-EventQueue-0,6,main])--SELECT NOMBRE, PADRE FROM CATEGORIA WHERE (NOMBRE = ?)
	bind => [Videojuegos]
[EL Fine]: sql: 2014-10-09 10:12:54.876--ServerSession(1989311583)--Connection(1905800551)--Thread(Thread[AWT-EventQueue-0,6,main])--SELECT t1.NROREFERENCIA, t1.DESCRIPCION, t1.NOMBRE, t1.PRECIO, t1.PROVEEDOR_ID, t0.ESP_NROREF FROM CATEGORIAESPECIFICACIONPROD t0, ESPECIFICACIONPRODUCTO t1 WHERE ((t0.CAT_NAME = ?) AND (t1.NROREFERENCIA = t0.ESP_NROREF))
	bind => [Videojuegos]
[EL Fine]: sql: 2014-10-09 10:12:54.876--ServerSession(1989311583)--Connection(1905800551)--Thread(Thread[AWT-EventQueue-0,6,main])--SELECT NOMBRE, PADRE FROM CATEGORIA WHERE (NOMBRE = ?)
	bind => [Playstation]
[EL Fine]: sql: 2014-10-09 10:12:54.876--ServerSession(1989311583)--Connection(1905800551)--Thread(Thread[AWT-EventQueue-0,6,main])--SELECT t1.NROREFERENCIA, t1.DESCRIPCION, t1.NOMBRE, t1.PRECIO, t1.PROVEEDOR_ID, t0.ESP_NROREF FROM CATEGORIAESPECIFICACIONPROD t0, ESPECIFICACIONPRODUCTO t1 WHERE ((t0.CAT_NAME = ?) AND (t1.NROREFERENCIA = t0.ESP_NROREF))
	bind => [Playstation]
[EL Fine]: sql: 2014-10-09 10:12:54.877--ServerSession(1989311583)--Connection(1905800551)--Thread(Thread[AWT-EventQueue-0,6,main])--SELECT NOMBRE, PADRE FROM CATEGORIA WHERE (NOMBRE = ?)
	bind => [Xbox]
[EL Fine]: sql: 2014-10-09 10:12:54.877--ServerSession(1989311583)--Connection(1905800551)--Thread(Thread[AWT-EventQueue-0,6,main])--SELECT t1.NROREFERENCIA, t1.DESCRIPCION, t1.NOMBRE, t1.PRECIO, t1.PROVEEDOR_ID, t0.ESP_NROREF FROM CATEGORIAESPECIFICACIONPROD t0, ESPECIFICACIONPRODUCTO t1 WHERE ((t0.CAT_NAME = ?) AND (t1.NROREFERENCIA = t0.ESP_NROREF))
	bind => [Xbox]
[EL Fine]: sql: 2014-10-09 10:12:54.877--ServerSession(1989311583)--Connection(1905800551)--Thread(Thread[AWT-EventQueue-0,6,main])--SELECT NOMBRE, PADRE FROM CATEGORIA
[EL Fine]: sql: 2014-10-09 10:12:54.877--ServerSession(1989311583)--Connection(1905800551)--Thread(Thread[AWT-EventQueue-0,6,main])--SELECT NROREFERENCIA, DESCRIPCION, NOMBRE, PRECIO, PROVEEDOR_ID FROM ESPECIFICACIONPRODUCTO
[EL Fine]: sql: 2014-10-09 10:12:54.878--ServerSession(1989311583)--Connection(1905800551)--Thread(Thread[AWT-EventQueue-0,6,main])--SELECT NOMBRE, PADRE FROM CATEGORIA
[EL Fine]: sql: 2014-10-09 10:12:54.878--ServerSession(1989311583)--Connection(1905800551)--Thread(Thread[AWT-EventQueue-0,6,main])--SELECT NOMBRE, PADRE FROM CATEGORIA WHERE (NOMBRE = ?)
	bind => [Celulares]
[EL Fine]: sql: 2014-10-09 10:12:54.878--ServerSession(1989311583)--Connection(1905800551)--Thread(Thread[AWT-EventQueue-0,6,main])--SELECT t1.NROREFERENCIA, t1.DESCRIPCION, t1.NOMBRE, t1.PRECIO, t1.PROVEEDOR_ID, t0.ESP_NROREF FROM CATEGORIAESPECIFICACIONPROD t0, ESPECIFICACIONPRODUCTO t1 WHERE ((t0.CAT_NAME = ?) AND (t1.NROREFERENCIA = t0.ESP_NROREF))
	bind => [Celulares]
[EL Fine]: sql: 2014-10-09 10:12:54.879--ServerSession(1989311583)--Connection(1905800551)--Thread(Thread[AWT-EventQueue-0,6,main])--SELECT NOMBRE, PADRE FROM CATEGORIA WHERE (NOMBRE = ?)
	bind => [Sistemas Operativos]
[EL Fine]: sql: 2014-10-09 10:12:54.88--ServerSession(1989311583)--Connection(1905800551)--Thread(Thread[AWT-EventQueue-0,6,main])--SELECT t1.NROREFERENCIA, t1.DESCRIPCION, t1.NOMBRE, t1.PRECIO, t1.PROVEEDOR_ID, t0.ESP_NROREF FROM CATEGORIAESPECIFICACIONPROD t0, ESPECIFICACIONPRODUCTO t1 WHERE ((t0.CAT_NAME = ?) AND (t1.NROREFERENCIA = t0.ESP_NROREF))
	bind => [Sistemas Operativos]
[EL Fine]: sql: 2014-10-09 10:12:54.882--ServerSession(1989311583)--Connection(1905800551)--Thread(Thread[AWT-EventQueue-0,6,main])--SELECT NOMBRE, PADRE FROM CATEGORIA WHERE (NOMBRE = ?)
	bind => [iOS]
[EL Fine]: sql: 2014-10-09 10:12:54.882--ServerSession(1989311583)--Connection(1905800551)--Thread(Thread[AWT-EventQueue-0,6,main])--SELECT t1.NROREFERENCIA, t1.DESCRIPCION, t1.NOMBRE, t1.PRECIO, t1.PROVEEDOR_ID, t0.ESP_NROREF FROM CATEGORIAESPECIFICACIONPROD t0, ESPECIFICACIONPRODUCTO t1 WHERE ((t0.CAT_NAME = ?) AND (t1.NROREFERENCIA = t0.ESP_NROREF))
	bind => [iOS]
[EL Fine]: sql: 2014-10-09 10:12:54.883--ServerSession(1989311583)--Connection(1905800551)--Thread(Thread[AWT-EventQueue-0,6,main])--SELECT NOMBRE, PADRE FROM CATEGORIA WHERE (NOMBRE = ?)
	bind => [Android]
[EL Fine]: sql: 2014-10-09 10:12:54.883--ServerSession(1989311583)--Connection(1905800551)--Thread(Thread[AWT-EventQueue-0,6,main])--SELECT t1.NROREFERENCIA, t1.DESCRIPCION, t1.NOMBRE, t1.PRECIO, t1.PROVEEDOR_ID, t0.ESP_NROREF FROM CATEGORIAESPECIFICACIONPROD t0, ESPECIFICACIONPRODUCTO t1 WHERE ((t0.CAT_NAME = ?) AND (t1.NROREFERENCIA = t0.ESP_NROREF))
	bind => [Android]
[EL Fine]: sql: 2014-10-09 10:12:54.883--ServerSession(1989311583)--Connection(1905800551)--Thread(Thread[AWT-EventQueue-0,6,main])--SELECT NOMBRE, PADRE FROM CATEGORIA WHERE (NOMBRE = ?)
	bind => [Windows Phone]
[EL Fine]: sql: 2014-10-09 10:12:54.884--ServerSession(1989311583)--Connection(1905800551)--Thread(Thread[AWT-EventQueue-0,6,main])--SELECT t1.NROREFERENCIA, t1.DESCRIPCION, t1.NOMBRE, t1.PRECIO, t1.PROVEEDOR_ID, t0.ESP_NROREF FROM CATEGORIAESPECIFICACIONPROD t0, ESPECIFICACIONPRODUCTO t1 WHERE ((t0.CAT_NAME = ?) AND (t1.NROREFERENCIA = t0.ESP_NROREF))
	bind => [Windows Phone]
[EL Fine]: sql: 2014-10-09 10:12:54.884--ServerSession(1989311583)--Connection(1905800551)--Thread(Thread[AWT-EventQueue-0,6,main])--SELECT NOMBRE, PADRE FROM CATEGORIA WHERE (NOMBRE = ?)
	bind => [Symbian]
[EL Fine]: sql: 2014-10-09 10:12:54.884--ServerSession(1989311583)--Connection(1905800551)--Thread(Thread[AWT-EventQueue-0,6,main])--SELECT t1.NROREFERENCIA, t1.DESCRIPCION, t1.NOMBRE, t1.PRECIO, t1.PROVEEDOR_ID, t0.ESP_NROREF FROM CATEGORIAESPECIFICACIONPROD t0, ESPECIFICACIONPRODUCTO t1 WHERE ((t0.CAT_NAME = ?) AND (t1.NROREFERENCIA = t0.ESP_NROREF))
	bind => [Symbian]
[EL Fine]: sql: 2014-10-09 10:12:54.884--ServerSession(1989311583)--Connection(1905800551)--Thread(Thread[AWT-EventQueue-0,6,main])--SELECT NOMBRE, PADRE FROM CATEGORIA WHERE (NOMBRE = ?)
	bind => [Blackberry OS]
[EL Fine]: sql: 2014-10-09 10:12:54.885--ServerSession(1989311583)--Connection(1905800551)--Thread(Thread[AWT-EventQueue-0,6,main])--SELECT t1.NROREFERENCIA, t1.DESCRIPCION, t1.NOMBRE, t1.PRECIO, t1.PROVEEDOR_ID, t0.ESP_NROREF FROM CATEGORIAESPECIFICACIONPROD t0, ESPECIFICACIONPRODUCTO t1 WHERE ((t0.CAT_NAME = ?) AND (t1.NROREFERENCIA = t0.ESP_NROREF))
	bind => [Blackberry OS]
[EL Fine]: sql: 2014-10-09 10:12:54.885--ServerSession(1989311583)--Connection(1905800551)--Thread(Thread[AWT-EventQueue-0,6,main])--SELECT NOMBRE, PADRE FROM CATEGORIA WHERE (NOMBRE = ?)
	bind => [Equipos]
[EL Fine]: sql: 2014-10-09 10:12:54.885--ServerSession(1989311583)--Connection(1905800551)--Thread(Thread[AWT-EventQueue-0,6,main])--SELECT t1.NROREFERENCIA, t1.DESCRIPCION, t1.NOMBRE, t1.PRECIO, t1.PROVEEDOR_ID, t0.ESP_NROREF FROM CATEGORIAESPECIFICACIONPROD t0, ESPECIFICACIONPRODUCTO t1 WHERE ((t0.CAT_NAME = ?) AND (t1.NROREFERENCIA = t0.ESP_NROREF))
	bind => [Equipos]
[EL Fine]: sql: 2014-10-09 10:12:54.886--ServerSession(1989311583)--Connection(1905800551)--Thread(Thread[AWT-EventQueue-0,6,main])--SELECT NOMBRE, PADRE FROM CATEGORIA WHERE (NOMBRE = ?)
	bind => [iPhone]
[EL Fine]: sql: 2014-10-09 10:12:54.886--ServerSession(1989311583)--Connection(1905800551)--Thread(Thread[AWT-EventQueue-0,6,main])--SELECT t1.NROREFERENCIA, t1.DESCRIPCION, t1.NOMBRE, t1.PRECIO, t1.PROVEEDOR_ID, t0.ESP_NROREF FROM CATEGORIAESPECIFICACIONPROD t0, ESPECIFICACIONPRODUCTO t1 WHERE ((t0.CAT_NAME = ?) AND (t1.NROREFERENCIA = t0.ESP_NROREF))
	bind => [iPhone]
[EL Fine]: sql: 2014-10-09 10:12:54.886--ServerSession(1989311583)--Connection(1905800551)--Thread(Thread[AWT-EventQueue-0,6,main])--SELECT NOMBRE, PADRE FROM CATEGORIA WHERE (NOMBRE = ?)
	bind => [Nexus]
[EL Fine]: sql: 2014-10-09 10:12:54.887--ServerSession(1989311583)--Connection(1905800551)--Thread(Thread[AWT-EventQueue-0,6,main])--SELECT t1.NROREFERENCIA, t1.DESCRIPCION, t1.NOMBRE, t1.PRECIO, t1.PROVEEDOR_ID, t0.ESP_NROREF FROM CATEGORIAESPECIFICACIONPROD t0, ESPECIFICACIONPRODUCTO t1 WHERE ((t0.CAT_NAME = ?) AND (t1.NROREFERENCIA = t0.ESP_NROREF))
	bind => [Nexus]
[EL Fine]: sql: 2014-10-09 10:12:54.887--ServerSession(1989311583)--Connection(1905800551)--Thread(Thread[AWT-EventQueue-0,6,main])--SELECT NOMBRE, PADRE FROM CATEGORIA WHERE (NOMBRE = ?)
	bind => [Samsung]
[EL Fine]: sql: 2014-10-09 10:12:54.887--ServerSession(1989311583)--Connection(1905800551)--Thread(Thread[AWT-EventQueue-0,6,main])--SELECT t1.NROREFERENCIA, t1.DESCRIPCION, t1.NOMBRE, t1.PRECIO, t1.PROVEEDOR_ID, t0.ESP_NROREF FROM CATEGORIAESPECIFICACIONPROD t0, ESPECIFICACIONPRODUCTO t1 WHERE ((t0.CAT_NAME = ?) AND (t1.NROREFERENCIA = t0.ESP_NROREF))
	bind => [Samsung]
[EL Fine]: sql: 2014-10-09 10:12:54.888--ServerSession(1989311583)--Connection(1905800551)--Thread(Thread[AWT-EventQueue-0,6,main])--SELECT NOMBRE, PADRE FROM CATEGORIA WHERE (NOMBRE = ?)
	bind => [Galaxy S3]
[EL Fine]: sql: 2014-10-09 10:12:54.892--ServerSession(1989311583)--Connection(1905800551)--Thread(Thread[AWT-EventQueue-0,6,main])--SELECT t1.NROREFERENCIA, t1.DESCRIPCION, t1.NOMBRE, t1.PRECIO, t1.PROVEEDOR_ID, t0.ESP_NROREF FROM CATEGORIAESPECIFICACIONPROD t0, ESPECIFICACIONPRODUCTO t1 WHERE ((t0.CAT_NAME = ?) AND (t1.NROREFERENCIA = t0.ESP_NROREF))
	bind => [Galaxy S3]
[EL Fine]: sql: 2014-10-09 10:12:54.893--ServerSession(1989311583)--Connection(1905800551)--Thread(Thread[AWT-EventQueue-0,6,main])--SELECT NOMBRE, PADRE FROM CATEGORIA WHERE (NOMBRE = ?)
	bind => [Galaxy S4]
[EL Fine]: sql: 2014-10-09 10:12:54.893--ServerSession(1989311583)--Connection(1905800551)--Thread(Thread[AWT-EventQueue-0,6,main])--SELECT t1.NROREFERENCIA, t1.DESCRIPCION, t1.NOMBRE, t1.PRECIO, t1.PROVEEDOR_ID, t0.ESP_NROREF FROM CATEGORIAESPECIFICACIONPROD t0, ESPECIFICACIONPRODUCTO t1 WHERE ((t0.CAT_NAME = ?) AND (t1.NROREFERENCIA = t0.ESP_NROREF))
	bind => [Galaxy S4]
[EL Fine]: sql: 2014-10-09 10:12:54.894--ServerSession(1989311583)--Connection(1905800551)--Thread(Thread[AWT-EventQueue-0,6,main])--SELECT NOMBRE, PADRE FROM CATEGORIA WHERE (NOMBRE = ?)
	bind => [Galaxy Ace]
[EL Fine]: sql: 2014-10-09 10:12:54.894--ServerSession(1989311583)--Connection(1905800551)--Thread(Thread[AWT-EventQueue-0,6,main])--SELECT t1.NROREFERENCIA, t1.DESCRIPCION, t1.NOMBRE, t1.PRECIO, t1.PROVEEDOR_ID, t0.ESP_NROREF FROM CATEGORIAESPECIFICACIONPROD t0, ESPECIFICACIONPRODUCTO t1 WHERE ((t0.CAT_NAME = ?) AND (t1.NROREFERENCIA = t0.ESP_NROREF))
	bind => [Galaxy Ace]
[EL Fine]: sql: 2014-10-09 10:12:54.894--ServerSession(1989311583)--Connection(1905800551)--Thread(Thread[AWT-EventQueue-0,6,main])--SELECT NOMBRE, PADRE FROM CATEGORIA WHERE (NOMBRE = ?)
	bind => [Blackberry]
[EL Fine]: sql: 2014-10-09 10:12:54.895--ServerSession(1989311583)--Connection(1905800551)--Thread(Thread[AWT-EventQueue-0,6,main])--SELECT t1.NROREFERENCIA, t1.DESCRIPCION, t1.NOMBRE, t1.PRECIO, t1.PROVEEDOR_ID, t0.ESP_NROREF FROM CATEGORIAESPECIFICACIONPROD t0, ESPECIFICACIONPRODUCTO t1 WHERE ((t0.CAT_NAME = ?) AND (t1.NROREFERENCIA = t0.ESP_NROREF))
	bind => [Blackberry]
[EL Fine]: sql: 2014-10-09 10:12:54.895--ServerSession(1989311583)--Connection(1905800551)--Thread(Thread[AWT-EventQueue-0,6,main])--SELECT NOMBRE, PADRE FROM CATEGORIA WHERE (NOMBRE = ?)
	bind => [Nokia]
[EL Fine]: sql: 2014-10-09 10:12:54.896--ServerSession(1989311583)--Connection(1905800551)--Thread(Thread[AWT-EventQueue-0,6,main])--SELECT t1.NROREFERENCIA, t1.DESCRIPCION, t1.NOMBRE, t1.PRECIO, t1.PROVEEDOR_ID, t0.ESP_NROREF FROM CATEGORIAESPECIFICACIONPROD t0, ESPECIFICACIONPRODUCTO t1 WHERE ((t0.CAT_NAME = ?) AND (t1.NROREFERENCIA = t0.ESP_NROREF))
	bind => [Nokia]
[EL Fine]: sql: 2014-10-09 10:12:54.896--ServerSession(1989311583)--Connection(1905800551)--Thread(Thread[AWT-EventQueue-0,6,main])--SELECT NOMBRE, PADRE FROM CATEGORIA WHERE (NOMBRE = ?)
	bind => [Accesorios]
[EL Fine]: sql: 2014-10-09 10:12:54.896--ServerSession(1989311583)--Connection(1905800551)--Thread(Thread[AWT-EventQueue-0,6,main])--SELECT t1.NROREFERENCIA, t1.DESCRIPCION, t1.NOMBRE, t1.PRECIO, t1.PROVEEDOR_ID, t0.ESP_NROREF FROM CATEGORIAESPECIFICACIONPROD t0, ESPECIFICACIONPRODUCTO t1 WHERE ((t0.CAT_NAME = ?) AND (t1.NROREFERENCIA = t0.ESP_NROREF))
	bind => [Accesorios]
[EL Fine]: sql: 2014-10-09 10:12:54.897--ServerSession(1989311583)--Connection(1905800551)--Thread(Thread[AWT-EventQueue-0,6,main])--SELECT NOMBRE, PADRE FROM CATEGORIA WHERE (NOMBRE = ?)
	bind => [Protectores]
[EL Fine]: sql: 2014-10-09 10:12:54.897--ServerSession(1989311583)--Connection(1905800551)--Thread(Thread[AWT-EventQueue-0,6,main])--SELECT t1.NROREFERENCIA, t1.DESCRIPCION, t1.NOMBRE, t1.PRECIO, t1.PROVEEDOR_ID, t0.ESP_NROREF FROM CATEGORIAESPECIFICACIONPROD t0, ESPECIFICACIONPRODUCTO t1 WHERE ((t0.CAT_NAME = ?) AND (t1.NROREFERENCIA = t0.ESP_NROREF))
	bind => [Protectores]
[EL Fine]: sql: 2014-10-09 10:12:54.898--ServerSession(1989311583)--Connection(1905800551)--Thread(Thread[AWT-EventQueue-0,6,main])--SELECT NOMBRE, PADRE FROM CATEGORIA WHERE (NOMBRE = ?)
	bind => [Baterías]
[EL Fine]: sql: 2014-10-09 10:12:54.898--ServerSession(1989311583)--Connection(1905800551)--Thread(Thread[AWT-EventQueue-0,6,main])--SELECT t1.NROREFERENCIA, t1.DESCRIPCION, t1.NOMBRE, t1.PRECIO, t1.PROVEEDOR_ID, t0.ESP_NROREF FROM CATEGORIAESPECIFICACIONPROD t0, ESPECIFICACIONPRODUCTO t1 WHERE ((t0.CAT_NAME = ?) AND (t1.NROREFERENCIA = t0.ESP_NROREF))
	bind => [Baterías]
[EL Fine]: sql: 2014-10-09 10:12:54.898--ServerSession(1989311583)--Connection(1905800551)--Thread(Thread[AWT-EventQueue-0,6,main])--SELECT NOMBRE, PADRE FROM CATEGORIA WHERE (NOMBRE = ?)
	bind => [Apple]
[EL Fine]: sql: 2014-10-09 10:12:54.899--ServerSession(1989311583)--Connection(1905800551)--Thread(Thread[AWT-EventQueue-0,6,main])--SELECT t1.NROREFERENCIA, t1.DESCRIPCION, t1.NOMBRE, t1.PRECIO, t1.PROVEEDOR_ID, t0.ESP_NROREF FROM CATEGORIAESPECIFICACIONPROD t0, ESPECIFICACIONPRODUCTO t1 WHERE ((t0.CAT_NAME = ?) AND (t1.NROREFERENCIA = t0.ESP_NROREF))
	bind => [Apple]
[EL Fine]: sql: 2014-10-09 10:12:54.899--ServerSession(1989311583)--Connection(1905800551)--Thread(Thread[AWT-EventQueue-0,6,main])--SELECT NOMBRE, PADRE FROM CATEGORIA WHERE (NOMBRE = ?)
	bind => [Videojuegos]
[EL Fine]: sql: 2014-10-09 10:12:54.9--ServerSession(1989311583)--Connection(1905800551)--Thread(Thread[AWT-EventQueue-0,6,main])--SELECT t1.NROREFERENCIA, t1.DESCRIPCION, t1.NOMBRE, t1.PRECIO, t1.PROVEEDOR_ID, t0.ESP_NROREF FROM CATEGORIAESPECIFICACIONPROD t0, ESPECIFICACIONPRODUCTO t1 WHERE ((t0.CAT_NAME = ?) AND (t1.NROREFERENCIA = t0.ESP_NROREF))
	bind => [Videojuegos]
[EL Fine]: sql: 2014-10-09 10:12:54.9--ServerSession(1989311583)--Connection(1905800551)--Thread(Thread[AWT-EventQueue-0,6,main])--SELECT NOMBRE, PADRE FROM CATEGORIA WHERE (NOMBRE = ?)
	bind => [Playstation]
[EL Fine]: sql: 2014-10-09 10:12:54.9--ServerSession(1989311583)--Connection(1905800551)--Thread(Thread[AWT-EventQueue-0,6,main])--SELECT t1.NROREFERENCIA, t1.DESCRIPCION, t1.NOMBRE, t1.PRECIO, t1.PROVEEDOR_ID, t0.ESP_NROREF FROM CATEGORIAESPECIFICACIONPROD t0, ESPECIFICACIONPRODUCTO t1 WHERE ((t0.CAT_NAME = ?) AND (t1.NROREFERENCIA = t0.ESP_NROREF))
	bind => [Playstation]
[EL Fine]: sql: 2014-10-09 10:12:54.902--ServerSession(1989311583)--Connection(1905800551)--Thread(Thread[AWT-EventQueue-0,6,main])--SELECT NOMBRE, PADRE FROM CATEGORIA WHERE (NOMBRE = ?)
	bind => [Xbox]
[EL Fine]: sql: 2014-10-09 10:12:54.902--ServerSession(1989311583)--Connection(1905800551)--Thread(Thread[AWT-EventQueue-0,6,main])--SELECT t1.NROREFERENCIA, t1.DESCRIPCION, t1.NOMBRE, t1.PRECIO, t1.PROVEEDOR_ID, t0.ESP_NROREF FROM CATEGORIAESPECIFICACIONPROD t0, ESPECIFICACIONPRODUCTO t1 WHERE ((t0.CAT_NAME = ?) AND (t1.NROREFERENCIA = t0.ESP_NROREF))
	bind => [Xbox]
[EL Fine]: sql: 2014-10-09 10:12:54.903--ServerSession(1989311583)--Connection(1905800551)--Thread(Thread[AWT-EventQueue-0,6,main])--SELECT NOMBRE, PADRE FROM CATEGORIA
[EL Fine]: sql: 2014-10-09 10:12:54.903--ServerSession(1989311583)--Connection(1905800551)--Thread(Thread[AWT-EventQueue-0,6,main])--SELECT NROREFERENCIA, DESCRIPCION, NOMBRE, PRECIO, PROVEEDOR_ID FROM ESPECIFICACIONPRODUCTO
[EL Fine]: sql: 2014-10-09 10:12:54.903--ServerSession(1989311583)--Connection(1905800551)--Thread(Thread[AWT-EventQueue-0,6,main])--SELECT NOMBRE, PADRE FROM CATEGORIA
[EL Fine]: sql: 2014-10-09 10:12:54.904--ServerSession(1989311583)--Connection(1905800551)--Thread(Thread[AWT-EventQueue-0,6,main])--SELECT NOMBRE, PADRE FROM CATEGORIA WHERE (NOMBRE = ?)
	bind => [Celulares]
[EL Fine]: sql: 2014-10-09 10:12:54.904--ServerSession(1989311583)--Connection(1905800551)--Thread(Thread[AWT-EventQueue-0,6,main])--SELECT t1.NROREFERENCIA, t1.DESCRIPCION, t1.NOMBRE, t1.PRECIO, t1.PROVEEDOR_ID, t0.ESP_NROREF FROM CATEGORIAESPECIFICACIONPROD t0, ESPECIFICACIONPRODUCTO t1 WHERE ((t0.CAT_NAME = ?) AND (t1.NROREFERENCIA = t0.ESP_NROREF))
	bind => [Celulares]
[EL Fine]: sql: 2014-10-09 10:12:54.904--ServerSession(1989311583)--Connection(1905800551)--Thread(Thread[AWT-EventQueue-0,6,main])--SELECT NOMBRE, PADRE FROM CATEGORIA WHERE (NOMBRE = ?)
	bind => [Sistemas Operativos]
[EL Fine]: sql: 2014-10-09 10:12:54.905--ServerSession(1989311583)--Connection(1905800551)--Thread(Thread[AWT-EventQueue-0,6,main])--SELECT t1.NROREFERENCIA, t1.DESCRIPCION, t1.NOMBRE, t1.PRECIO, t1.PROVEEDOR_ID, t0.ESP_NROREF FROM CATEGORIAESPECIFICACIONPROD t0, ESPECIFICACIONPRODUCTO t1 WHERE ((t0.CAT_NAME = ?) AND (t1.NROREFERENCIA = t0.ESP_NROREF))
	bind => [Sistemas Operativos]
[EL Fine]: sql: 2014-10-09 10:12:54.905--ServerSession(1989311583)--Connection(1905800551)--Thread(Thread[AWT-EventQueue-0,6,main])--SELECT NOMBRE, PADRE FROM CATEGORIA WHERE (NOMBRE = ?)
	bind => [iOS]
[EL Fine]: sql: 2014-10-09 10:12:54.905--ServerSession(1989311583)--Connection(1905800551)--Thread(Thread[AWT-EventQueue-0,6,main])--SELECT t1.NROREFERENCIA, t1.DESCRIPCION, t1.NOMBRE, t1.PRECIO, t1.PROVEEDOR_ID, t0.ESP_NROREF FROM CATEGORIAESPECIFICACIONPROD t0, ESPECIFICACIONPRODUCTO t1 WHERE ((t0.CAT_NAME = ?) AND (t1.NROREFERENCIA = t0.ESP_NROREF))
	bind => [iOS]
[EL Fine]: sql: 2014-10-09 10:12:54.906--ServerSession(1989311583)--Connection(1905800551)--Thread(Thread[AWT-EventQueue-0,6,main])--SELECT NOMBRE, PADRE FROM CATEGORIA WHERE (NOMBRE = ?)
	bind => [Android]
[EL Fine]: sql: 2014-10-09 10:12:54.906--ServerSession(1989311583)--Connection(1905800551)--Thread(Thread[AWT-EventQueue-0,6,main])--SELECT t1.NROREFERENCIA, t1.DESCRIPCION, t1.NOMBRE, t1.PRECIO, t1.PROVEEDOR_ID, t0.ESP_NROREF FROM CATEGORIAESPECIFICACIONPROD t0, ESPECIFICACIONPRODUCTO t1 WHERE ((t0.CAT_NAME = ?) AND (t1.NROREFERENCIA = t0.ESP_NROREF))
	bind => [Android]
[EL Fine]: sql: 2014-10-09 10:12:54.913--ServerSession(1989311583)--Connection(1905800551)--Thread(Thread[AWT-EventQueue-0,6,main])--SELECT NOMBRE, PADRE FROM CATEGORIA WHERE (NOMBRE = ?)
	bind => [Windows Phone]
[EL Fine]: sql: 2014-10-09 10:12:54.913--ServerSession(1989311583)--Connection(1905800551)--Thread(Thread[AWT-EventQueue-0,6,main])--SELECT t1.NROREFERENCIA, t1.DESCRIPCION, t1.NOMBRE, t1.PRECIO, t1.PROVEEDOR_ID, t0.ESP_NROREF FROM CATEGORIAESPECIFICACIONPROD t0, ESPECIFICACIONPRODUCTO t1 WHERE ((t0.CAT_NAME = ?) AND (t1.NROREFERENCIA = t0.ESP_NROREF))
	bind => [Windows Phone]
[EL Fine]: sql: 2014-10-09 10:12:54.913--ServerSession(1989311583)--Connection(1905800551)--Thread(Thread[AWT-EventQueue-0,6,main])--SELECT NOMBRE, PADRE FROM CATEGORIA WHERE (NOMBRE = ?)
	bind => [Symbian]
[EL Fine]: sql: 2014-10-09 10:12:54.914--ServerSession(1989311583)--Connection(1905800551)--Thread(Thread[AWT-EventQueue-0,6,main])--SELECT t1.NROREFERENCIA, t1.DESCRIPCION, t1.NOMBRE, t1.PRECIO, t1.PROVEEDOR_ID, t0.ESP_NROREF FROM CATEGORIAESPECIFICACIONPROD t0, ESPECIFICACIONPRODUCTO t1 WHERE ((t0.CAT_NAME = ?) AND (t1.NROREFERENCIA = t0.ESP_NROREF))
	bind => [Symbian]
[EL Fine]: sql: 2014-10-09 10:12:54.915--ServerSession(1989311583)--Connection(1905800551)--Thread(Thread[AWT-EventQueue-0,6,main])--SELECT NOMBRE, PADRE FROM CATEGORIA WHERE (NOMBRE = ?)
	bind => [Blackberry OS]
[EL Fine]: sql: 2014-10-09 10:12:54.915--ServerSession(1989311583)--Connection(1905800551)--Thread(Thread[AWT-EventQueue-0,6,main])--SELECT t1.NROREFERENCIA, t1.DESCRIPCION, t1.NOMBRE, t1.PRECIO, t1.PROVEEDOR_ID, t0.ESP_NROREF FROM CATEGORIAESPECIFICACIONPROD t0, ESPECIFICACIONPRODUCTO t1 WHERE ((t0.CAT_NAME = ?) AND (t1.NROREFERENCIA = t0.ESP_NROREF))
	bind => [Blackberry OS]
[EL Fine]: sql: 2014-10-09 10:12:54.916--ServerSession(1989311583)--Connection(1905800551)--Thread(Thread[AWT-EventQueue-0,6,main])--SELECT NOMBRE, PADRE FROM CATEGORIA WHERE (NOMBRE = ?)
	bind => [Equipos]
[EL Fine]: sql: 2014-10-09 10:12:54.916--ServerSession(1989311583)--Connection(1905800551)--Thread(Thread[AWT-EventQueue-0,6,main])--SELECT t1.NROREFERENCIA, t1.DESCRIPCION, t1.NOMBRE, t1.PRECIO, t1.PROVEEDOR_ID, t0.ESP_NROREF FROM CATEGORIAESPECIFICACIONPROD t0, ESPECIFICACIONPRODUCTO t1 WHERE ((t0.CAT_NAME = ?) AND (t1.NROREFERENCIA = t0.ESP_NROREF))
	bind => [Equipos]
[EL Fine]: sql: 2014-10-09 10:12:54.916--ServerSession(1989311583)--Connection(1905800551)--Thread(Thread[AWT-EventQueue-0,6,main])--SELECT NOMBRE, PADRE FROM CATEGORIA WHERE (NOMBRE = ?)
	bind => [iPhone]
[EL Fine]: sql: 2014-10-09 10:12:54.916--ServerSession(1989311583)--Connection(1905800551)--Thread(Thread[AWT-EventQueue-0,6,main])--SELECT t1.NROREFERENCIA, t1.DESCRIPCION, t1.NOMBRE, t1.PRECIO, t1.PROVEEDOR_ID, t0.ESP_NROREF FROM CATEGORIAESPECIFICACIONPROD t0, ESPECIFICACIONPRODUCTO t1 WHERE ((t0.CAT_NAME = ?) AND (t1.NROREFERENCIA = t0.ESP_NROREF))
	bind => [iPhone]
[EL Fine]: sql: 2014-10-09 10:12:54.917--ServerSession(1989311583)--Connection(1905800551)--Thread(Thread[AWT-EventQueue-0,6,main])--SELECT NOMBRE, PADRE FROM CATEGORIA WHERE (NOMBRE = ?)
	bind => [Nexus]
[EL Fine]: sql: 2014-10-09 10:12:54.917--ServerSession(1989311583)--Connection(1905800551)--Thread(Thread[AWT-EventQueue-0,6,main])--SELECT t1.NROREFERENCIA, t1.DESCRIPCION, t1.NOMBRE, t1.PRECIO, t1.PROVEEDOR_ID, t0.ESP_NROREF FROM CATEGORIAESPECIFICACIONPROD t0, ESPECIFICACIONPRODUCTO t1 WHERE ((t0.CAT_NAME = ?) AND (t1.NROREFERENCIA = t0.ESP_NROREF))
	bind => [Nexus]
[EL Fine]: sql: 2014-10-09 10:12:54.918--ServerSession(1989311583)--Connection(1905800551)--Thread(Thread[AWT-EventQueue-0,6,main])--SELECT NOMBRE, PADRE FROM CATEGORIA WHERE (NOMBRE = ?)
	bind => [Samsung]
[EL Fine]: sql: 2014-10-09 10:12:54.918--ServerSession(1989311583)--Connection(1905800551)--Thread(Thread[AWT-EventQueue-0,6,main])--SELECT t1.NROREFERENCIA, t1.DESCRIPCION, t1.NOMBRE, t1.PRECIO, t1.PROVEEDOR_ID, t0.ESP_NROREF FROM CATEGORIAESPECIFICACIONPROD t0, ESPECIFICACIONPRODUCTO t1 WHERE ((t0.CAT_NAME = ?) AND (t1.NROREFERENCIA = t0.ESP_NROREF))
	bind => [Samsung]
[EL Fine]: sql: 2014-10-09 10:12:54.919--ServerSession(1989311583)--Connection(1905800551)--Thread(Thread[AWT-EventQueue-0,6,main])--SELECT NOMBRE, PADRE FROM CATEGORIA WHERE (NOMBRE = ?)
	bind => [Galaxy S3]
[EL Fine]: sql: 2014-10-09 10:12:54.919--ServerSession(1989311583)--Connection(1905800551)--Thread(Thread[AWT-EventQueue-0,6,main])--SELECT t1.NROREFERENCIA, t1.DESCRIPCION, t1.NOMBRE, t1.PRECIO, t1.PROVEEDOR_ID, t0.ESP_NROREF FROM CATEGORIAESPECIFICACIONPROD t0, ESPECIFICACIONPRODUCTO t1 WHERE ((t0.CAT_NAME = ?) AND (t1.NROREFERENCIA = t0.ESP_NROREF))
	bind => [Galaxy S3]
[EL Fine]: sql: 2014-10-09 10:12:54.919--ServerSession(1989311583)--Connection(1905800551)--Thread(Thread[AWT-EventQueue-0,6,main])--SELECT NOMBRE, PADRE FROM CATEGORIA WHERE (NOMBRE = ?)
	bind => [Galaxy S4]
[EL Fine]: sql: 2014-10-09 10:12:54.92--ServerSession(1989311583)--Connection(1905800551)--Thread(Thread[AWT-EventQueue-0,6,main])--SELECT t1.NROREFERENCIA, t1.DESCRIPCION, t1.NOMBRE, t1.PRECIO, t1.PROVEEDOR_ID, t0.ESP_NROREF FROM CATEGORIAESPECIFICACIONPROD t0, ESPECIFICACIONPRODUCTO t1 WHERE ((t0.CAT_NAME = ?) AND (t1.NROREFERENCIA = t0.ESP_NROREF))
	bind => [Galaxy S4]
[EL Fine]: sql: 2014-10-09 10:12:54.92--ServerSession(1989311583)--Connection(1905800551)--Thread(Thread[AWT-EventQueue-0,6,main])--SELECT NOMBRE, PADRE FROM CATEGORIA WHERE (NOMBRE = ?)
	bind => [Galaxy Ace]
[EL Fine]: sql: 2014-10-09 10:12:54.921--ServerSession(1989311583)--Connection(1905800551)--Thread(Thread[AWT-EventQueue-0,6,main])--SELECT t1.NROREFERENCIA, t1.DESCRIPCION, t1.NOMBRE, t1.PRECIO, t1.PROVEEDOR_ID, t0.ESP_NROREF FROM CATEGORIAESPECIFICACIONPROD t0, ESPECIFICACIONPRODUCTO t1 WHERE ((t0.CAT_NAME = ?) AND (t1.NROREFERENCIA = t0.ESP_NROREF))
	bind => [Galaxy Ace]
[EL Fine]: sql: 2014-10-09 10:12:54.921--ServerSession(1989311583)--Connection(1905800551)--Thread(Thread[AWT-EventQueue-0,6,main])--SELECT NOMBRE, PADRE FROM CATEGORIA WHERE (NOMBRE = ?)
	bind => [Blackberry]
[EL Fine]: sql: 2014-10-09 10:12:54.922--ServerSession(1989311583)--Connection(1905800551)--Thread(Thread[AWT-EventQueue-0,6,main])--SELECT t1.NROREFERENCIA, t1.DESCRIPCION, t1.NOMBRE, t1.PRECIO, t1.PROVEEDOR_ID, t0.ESP_NROREF FROM CATEGORIAESPECIFICACIONPROD t0, ESPECIFICACIONPRODUCTO t1 WHERE ((t0.CAT_NAME = ?) AND (t1.NROREFERENCIA = t0.ESP_NROREF))
	bind => [Blackberry]
[EL Fine]: sql: 2014-10-09 10:12:54.923--ServerSession(1989311583)--Connection(1905800551)--Thread(Thread[AWT-EventQueue-0,6,main])--SELECT NOMBRE, PADRE FROM CATEGORIA WHERE (NOMBRE = ?)
	bind => [Nokia]
[EL Fine]: sql: 2014-10-09 10:12:54.923--ServerSession(1989311583)--Connection(1905800551)--Thread(Thread[AWT-EventQueue-0,6,main])--SELECT t1.NROREFERENCIA, t1.DESCRIPCION, t1.NOMBRE, t1.PRECIO, t1.PROVEEDOR_ID, t0.ESP_NROREF FROM CATEGORIAESPECIFICACIONPROD t0, ESPECIFICACIONPRODUCTO t1 WHERE ((t0.CAT_NAME = ?) AND (t1.NROREFERENCIA = t0.ESP_NROREF))
	bind => [Nokia]
[EL Fine]: sql: 2014-10-09 10:12:54.924--ServerSession(1989311583)--Connection(1905800551)--Thread(Thread[AWT-EventQueue-0,6,main])--SELECT NOMBRE, PADRE FROM CATEGORIA WHERE (NOMBRE = ?)
	bind => [Accesorios]
[EL Fine]: sql: 2014-10-09 10:12:54.924--ServerSession(1989311583)--Connection(1905800551)--Thread(Thread[AWT-EventQueue-0,6,main])--SELECT t1.NROREFERENCIA, t1.DESCRIPCION, t1.NOMBRE, t1.PRECIO, t1.PROVEEDOR_ID, t0.ESP_NROREF FROM CATEGORIAESPECIFICACIONPROD t0, ESPECIFICACIONPRODUCTO t1 WHERE ((t0.CAT_NAME = ?) AND (t1.NROREFERENCIA = t0.ESP_NROREF))
	bind => [Accesorios]
[EL Fine]: sql: 2014-10-09 10:12:54.925--ServerSession(1989311583)--Connection(1905800551)--Thread(Thread[AWT-EventQueue-0,6,main])--SELECT NOMBRE, PADRE FROM CATEGORIA WHERE (NOMBRE = ?)
	bind => [Protectores]
[EL Fine]: sql: 2014-10-09 10:12:54.925--ServerSession(1989311583)--Connection(1905800551)--Thread(Thread[AWT-EventQueue-0,6,main])--SELECT t1.NROREFERENCIA, t1.DESCRIPCION, t1.NOMBRE, t1.PRECIO, t1.PROVEEDOR_ID, t0.ESP_NROREF FROM CATEGORIAESPECIFICACIONPROD t0, ESPECIFICACIONPRODUCTO t1 WHERE ((t0.CAT_NAME = ?) AND (t1.NROREFERENCIA = t0.ESP_NROREF))
	bind => [Protectores]
[EL Fine]: sql: 2014-10-09 10:12:54.926--ServerSession(1989311583)--Connection(1905800551)--Thread(Thread[AWT-EventQueue-0,6,main])--SELECT NOMBRE, PADRE FROM CATEGORIA WHERE (NOMBRE = ?)
	bind => [Baterías]
[EL Fine]: sql: 2014-10-09 10:12:54.926--ServerSession(1989311583)--Connection(1905800551)--Thread(Thread[AWT-EventQueue-0,6,main])--SELECT t1.NROREFERENCIA, t1.DESCRIPCION, t1.NOMBRE, t1.PRECIO, t1.PROVEEDOR_ID, t0.ESP_NROREF FROM CATEGORIAESPECIFICACIONPROD t0, ESPECIFICACIONPRODUCTO t1 WHERE ((t0.CAT_NAME = ?) AND (t1.NROREFERENCIA = t0.ESP_NROREF))
	bind => [Baterías]
[EL Fine]: sql: 2014-10-09 10:12:54.927--ServerSession(1989311583)--Connection(1905800551)--Thread(Thread[AWT-EventQueue-0,6,main])--SELECT NOMBRE, PADRE FROM CATEGORIA WHERE (NOMBRE = ?)
	bind => [Apple]
[EL Fine]: sql: 2014-10-09 10:12:54.928--ServerSession(1989311583)--Connection(1905800551)--Thread(Thread[AWT-EventQueue-0,6,main])--SELECT t1.NROREFERENCIA, t1.DESCRIPCION, t1.NOMBRE, t1.PRECIO, t1.PROVEEDOR_ID, t0.ESP_NROREF FROM CATEGORIAESPECIFICACIONPROD t0, ESPECIFICACIONPRODUCTO t1 WHERE ((t0.CAT_NAME = ?) AND (t1.NROREFERENCIA = t0.ESP_NROREF))
	bind => [Apple]
[EL Fine]: sql: 2014-10-09 10:12:54.928--ServerSession(1989311583)--Connection(1905800551)--Thread(Thread[AWT-EventQueue-0,6,main])--SELECT NOMBRE, PADRE FROM CATEGORIA WHERE (NOMBRE = ?)
	bind => [Videojuegos]
[EL Fine]: sql: 2014-10-09 10:12:54.93--ServerSession(1989311583)--Connection(1905800551)--Thread(Thread[AWT-EventQueue-0,6,main])--SELECT t1.NROREFERENCIA, t1.DESCRIPCION, t1.NOMBRE, t1.PRECIO, t1.PROVEEDOR_ID, t0.ESP_NROREF FROM CATEGORIAESPECIFICACIONPROD t0, ESPECIFICACIONPRODUCTO t1 WHERE ((t0.CAT_NAME = ?) AND (t1.NROREFERENCIA = t0.ESP_NROREF))
	bind => [Videojuegos]
[EL Fine]: sql: 2014-10-09 10:12:54.93--ServerSession(1989311583)--Connection(1905800551)--Thread(Thread[AWT-EventQueue-0,6,main])--SELECT NOMBRE, PADRE FROM CATEGORIA WHERE (NOMBRE = ?)
	bind => [Playstation]
[EL Fine]: sql: 2014-10-09 10:12:54.931--ServerSession(1989311583)--Connection(1905800551)--Thread(Thread[AWT-EventQueue-0,6,main])--SELECT t1.NROREFERENCIA, t1.DESCRIPCION, t1.NOMBRE, t1.PRECIO, t1.PROVEEDOR_ID, t0.ESP_NROREF FROM CATEGORIAESPECIFICACIONPROD t0, ESPECIFICACIONPRODUCTO t1 WHERE ((t0.CAT_NAME = ?) AND (t1.NROREFERENCIA = t0.ESP_NROREF))
	bind => [Playstation]
[EL Fine]: sql: 2014-10-09 10:12:54.931--ServerSession(1989311583)--Connection(1905800551)--Thread(Thread[AWT-EventQueue-0,6,main])--SELECT NOMBRE, PADRE FROM CATEGORIA WHERE (NOMBRE = ?)
	bind => [Xbox]
[EL Fine]: sql: 2014-10-09 10:12:54.932--ServerSession(1989311583)--Connection(1905800551)--Thread(Thread[AWT-EventQueue-0,6,main])--SELECT t1.NROREFERENCIA, t1.DESCRIPCION, t1.NOMBRE, t1.PRECIO, t1.PROVEEDOR_ID, t0.ESP_NROREF FROM CATEGORIAESPECIFICACIONPROD t0, ESPECIFICACIONPRODUCTO t1 WHERE ((t0.CAT_NAME = ?) AND (t1.NROREFERENCIA = t0.ESP_NROREF))
	bind => [Xbox]
[EL Fine]: sql: 2014-10-09 10:12:54.933--ServerSession(1989311583)--Connection(1905800551)--Thread(Thread[AWT-EventQueue-0,6,main])--SELECT NOMBRE, PADRE FROM CATEGORIA
[EL Fine]: sql: 2014-10-09 10:12:54.933--ServerSession(1989311583)--Connection(1905800551)--Thread(Thread[AWT-EventQueue-0,6,main])--SELECT NROREFERENCIA, DESCRIPCION, NOMBRE, PRECIO, PROVEEDOR_ID FROM ESPECIFICACIONPRODUCTO
[EL Fine]: sql: 2014-10-09 10:12:54.933--ServerSession(1989311583)--Connection(1905800551)--Thread(Thread[AWT-EventQueue-0,6,main])--SELECT NOMBRE, PADRE FROM CATEGORIA
[EL Fine]: sql: 2014-10-09 10:12:54.934--ServerSession(1989311583)--Connection(1905800551)--Thread(Thread[AWT-EventQueue-0,6,main])--SELECT NOMBRE, PADRE FROM CATEGORIA WHERE (NOMBRE = ?)
	bind => [Celulares]
[EL Fine]: sql: 2014-10-09 10:12:54.934--ServerSession(1989311583)--Connection(1905800551)--Thread(Thread[AWT-EventQueue-0,6,main])--SELECT t1.NROREFERENCIA, t1.DESCRIPCION, t1.NOMBRE, t1.PRECIO, t1.PROVEEDOR_ID, t0.ESP_NROREF FROM CATEGORIAESPECIFICACIONPROD t0, ESPECIFICACIONPRODUCTO t1 WHERE ((t0.CAT_NAME = ?) AND (t1.NROREFERENCIA = t0.ESP_NROREF))
	bind => [Celulares]
[EL Fine]: sql: 2014-10-09 10:12:54.935--ServerSession(1989311583)--Connection(1905800551)--Thread(Thread[AWT-EventQueue-0,6,main])--SELECT NOMBRE, PADRE FROM CATEGORIA WHERE (NOMBRE = ?)
	bind => [Sistemas Operativos]
[EL Fine]: sql: 2014-10-09 10:12:54.935--ServerSession(1989311583)--Connection(1905800551)--Thread(Thread[AWT-EventQueue-0,6,main])--SELECT t1.NROREFERENCIA, t1.DESCRIPCION, t1.NOMBRE, t1.PRECIO, t1.PROVEEDOR_ID, t0.ESP_NROREF FROM CATEGORIAESPECIFICACIONPROD t0, ESPECIFICACIONPRODUCTO t1 WHERE ((t0.CAT_NAME = ?) AND (t1.NROREFERENCIA = t0.ESP_NROREF))
	bind => [Sistemas Operativos]
[EL Fine]: sql: 2014-10-09 10:12:54.936--ServerSession(1989311583)--Connection(1905800551)--Thread(Thread[AWT-EventQueue-0,6,main])--SELECT NOMBRE, PADRE FROM CATEGORIA WHERE (NOMBRE = ?)
	bind => [iOS]
[EL Fine]: sql: 2014-10-09 10:12:54.936--ServerSession(1989311583)--Connection(1905800551)--Thread(Thread[AWT-EventQueue-0,6,main])--SELECT t1.NROREFERENCIA, t1.DESCRIPCION, t1.NOMBRE, t1.PRECIO, t1.PROVEEDOR_ID, t0.ESP_NROREF FROM CATEGORIAESPECIFICACIONPROD t0, ESPECIFICACIONPRODUCTO t1 WHERE ((t0.CAT_NAME = ?) AND (t1.NROREFERENCIA = t0.ESP_NROREF))
	bind => [iOS]
[EL Fine]: sql: 2014-10-09 10:12:54.937--ServerSession(1989311583)--Connection(1905800551)--Thread(Thread[AWT-EventQueue-0,6,main])--SELECT NOMBRE, PADRE FROM CATEGORIA WHERE (NOMBRE = ?)
	bind => [Android]
[EL Fine]: sql: 2014-10-09 10:12:54.937--ServerSession(1989311583)--Connection(1905800551)--Thread(Thread[AWT-EventQueue-0,6,main])--SELECT t1.NROREFERENCIA, t1.DESCRIPCION, t1.NOMBRE, t1.PRECIO, t1.PROVEEDOR_ID, t0.ESP_NROREF FROM CATEGORIAESPECIFICACIONPROD t0, ESPECIFICACIONPRODUCTO t1 WHERE ((t0.CAT_NAME = ?) AND (t1.NROREFERENCIA = t0.ESP_NROREF))
	bind => [Android]
[EL Fine]: sql: 2014-10-09 10:12:54.937--ServerSession(1989311583)--Connection(1905800551)--Thread(Thread[AWT-EventQueue-0,6,main])--SELECT NOMBRE, PADRE FROM CATEGORIA WHERE (NOMBRE = ?)
	bind => [Windows Phone]
[EL Fine]: sql: 2014-10-09 10:12:54.937--ServerSession(1989311583)--Connection(1905800551)--Thread(Thread[AWT-EventQueue-0,6,main])--SELECT t1.NROREFERENCIA, t1.DESCRIPCION, t1.NOMBRE, t1.PRECIO, t1.PROVEEDOR_ID, t0.ESP_NROREF FROM CATEGORIAESPECIFICACIONPROD t0, ESPECIFICACIONPRODUCTO t1 WHERE ((t0.CAT_NAME = ?) AND (t1.NROREFERENCIA = t0.ESP_NROREF))
	bind => [Windows Phone]
[EL Fine]: sql: 2014-10-09 10:12:54.938--ServerSession(1989311583)--Connection(1905800551)--Thread(Thread[AWT-EventQueue-0,6,main])--SELECT NOMBRE, PADRE FROM CATEGORIA WHERE (NOMBRE = ?)
	bind => [Symbian]
[EL Fine]: sql: 2014-10-09 10:12:54.938--ServerSession(1989311583)--Connection(1905800551)--Thread(Thread[AWT-EventQueue-0,6,main])--SELECT t1.NROREFERENCIA, t1.DESCRIPCION, t1.NOMBRE, t1.PRECIO, t1.PROVEEDOR_ID, t0.ESP_NROREF FROM CATEGORIAESPECIFICACIONPROD t0, ESPECIFICACIONPRODUCTO t1 WHERE ((t0.CAT_NAME = ?) AND (t1.NROREFERENCIA = t0.ESP_NROREF))
	bind => [Symbian]
[EL Fine]: sql: 2014-10-09 10:12:54.938--ServerSession(1989311583)--Connection(1905800551)--Thread(Thread[AWT-EventQueue-0,6,main])--SELECT NOMBRE, PADRE FROM CATEGORIA WHERE (NOMBRE = ?)
	bind => [Blackberry OS]
[EL Fine]: sql: 2014-10-09 10:12:54.939--ServerSession(1989311583)--Connection(1905800551)--Thread(Thread[AWT-EventQueue-0,6,main])--SELECT t1.NROREFERENCIA, t1.DESCRIPCION, t1.NOMBRE, t1.PRECIO, t1.PROVEEDOR_ID, t0.ESP_NROREF FROM CATEGORIAESPECIFICACIONPROD t0, ESPECIFICACIONPRODUCTO t1 WHERE ((t0.CAT_NAME = ?) AND (t1.NROREFERENCIA = t0.ESP_NROREF))
	bind => [Blackberry OS]
[EL Fine]: sql: 2014-10-09 10:12:54.939--ServerSession(1989311583)--Connection(1905800551)--Thread(Thread[AWT-EventQueue-0,6,main])--SELECT NOMBRE, PADRE FROM CATEGORIA WHERE (NOMBRE = ?)
	bind => [Equipos]
[EL Fine]: sql: 2014-10-09 10:12:54.939--ServerSession(1989311583)--Connection(1905800551)--Thread(Thread[AWT-EventQueue-0,6,main])--SELECT t1.NROREFERENCIA, t1.DESCRIPCION, t1.NOMBRE, t1.PRECIO, t1.PROVEEDOR_ID, t0.ESP_NROREF FROM CATEGORIAESPECIFICACIONPROD t0, ESPECIFICACIONPRODUCTO t1 WHERE ((t0.CAT_NAME = ?) AND (t1.NROREFERENCIA = t0.ESP_NROREF))
	bind => [Equipos]
[EL Fine]: sql: 2014-10-09 10:12:54.94--ServerSession(1989311583)--Connection(1905800551)--Thread(Thread[AWT-EventQueue-0,6,main])--SELECT NOMBRE, PADRE FROM CATEGORIA WHERE (NOMBRE = ?)
	bind => [iPhone]
[EL Fine]: sql: 2014-10-09 10:12:54.94--ServerSession(1989311583)--Connection(1905800551)--Thread(Thread[AWT-EventQueue-0,6,main])--SELECT t1.NROREFERENCIA, t1.DESCRIPCION, t1.NOMBRE, t1.PRECIO, t1.PROVEEDOR_ID, t0.ESP_NROREF FROM CATEGORIAESPECIFICACIONPROD t0, ESPECIFICACIONPRODUCTO t1 WHERE ((t0.CAT_NAME = ?) AND (t1.NROREFERENCIA = t0.ESP_NROREF))
	bind => [iPhone]
[EL Fine]: sql: 2014-10-09 10:12:54.94--ServerSession(1989311583)--Connection(1905800551)--Thread(Thread[AWT-EventQueue-0,6,main])--SELECT NOMBRE, PADRE FROM CATEGORIA WHERE (NOMBRE = ?)
	bind => [Nexus]
[EL Fine]: sql: 2014-10-09 10:12:54.94--ServerSession(1989311583)--Connection(1905800551)--Thread(Thread[AWT-EventQueue-0,6,main])--SELECT t1.NROREFERENCIA, t1.DESCRIPCION, t1.NOMBRE, t1.PRECIO, t1.PROVEEDOR_ID, t0.ESP_NROREF FROM CATEGORIAESPECIFICACIONPROD t0, ESPECIFICACIONPRODUCTO t1 WHERE ((t0.CAT_NAME = ?) AND (t1.NROREFERENCIA = t0.ESP_NROREF))
	bind => [Nexus]
[EL Fine]: sql: 2014-10-09 10:12:54.941--ServerSession(1989311583)--Connection(1905800551)--Thread(Thread[AWT-EventQueue-0,6,main])--SELECT NOMBRE, PADRE FROM CATEGORIA WHERE (NOMBRE = ?)
	bind => [Samsung]
[EL Fine]: sql: 2014-10-09 10:12:54.941--ServerSession(1989311583)--Connection(1905800551)--Thread(Thread[AWT-EventQueue-0,6,main])--SELECT t1.NROREFERENCIA, t1.DESCRIPCION, t1.NOMBRE, t1.PRECIO, t1.PROVEEDOR_ID, t0.ESP_NROREF FROM CATEGORIAESPECIFICACIONPROD t0, ESPECIFICACIONPRODUCTO t1 WHERE ((t0.CAT_NAME = ?) AND (t1.NROREFERENCIA = t0.ESP_NROREF))
	bind => [Samsung]
[EL Fine]: sql: 2014-10-09 10:12:54.941--ServerSession(1989311583)--Connection(1905800551)--Thread(Thread[AWT-EventQueue-0,6,main])--SELECT NOMBRE, PADRE FROM CATEGORIA WHERE (NOMBRE = ?)
	bind => [Galaxy S3]
[EL Fine]: sql: 2014-10-09 10:12:54.942--ServerSession(1989311583)--Connection(1905800551)--Thread(Thread[AWT-EventQueue-0,6,main])--SELECT t1.NROREFERENCIA, t1.DESCRIPCION, t1.NOMBRE, t1.PRECIO, t1.PROVEEDOR_ID, t0.ESP_NROREF FROM CATEGORIAESPECIFICACIONPROD t0, ESPECIFICACIONPRODUCTO t1 WHERE ((t0.CAT_NAME = ?) AND (t1.NROREFERENCIA = t0.ESP_NROREF))
	bind => [Galaxy S3]
[EL Fine]: sql: 2014-10-09 10:12:54.942--ServerSession(1989311583)--Connection(1905800551)--Thread(Thread[AWT-EventQueue-0,6,main])--SELECT NOMBRE, PADRE FROM CATEGORIA WHERE (NOMBRE = ?)
	bind => [Galaxy S4]
[EL Fine]: sql: 2014-10-09 10:12:54.942--ServerSession(1989311583)--Connection(1905800551)--Thread(Thread[AWT-EventQueue-0,6,main])--SELECT t1.NROREFERENCIA, t1.DESCRIPCION, t1.NOMBRE, t1.PRECIO, t1.PROVEEDOR_ID, t0.ESP_NROREF FROM CATEGORIAESPECIFICACIONPROD t0, ESPECIFICACIONPRODUCTO t1 WHERE ((t0.CAT_NAME = ?) AND (t1.NROREFERENCIA = t0.ESP_NROREF))
	bind => [Galaxy S4]
[EL Fine]: sql: 2014-10-09 10:12:54.943--ServerSession(1989311583)--Connection(1905800551)--Thread(Thread[AWT-EventQueue-0,6,main])--SELECT NOMBRE, PADRE FROM CATEGORIA WHERE (NOMBRE = ?)
	bind => [Galaxy Ace]
[EL Fine]: sql: 2014-10-09 10:12:54.943--ServerSession(1989311583)--Connection(1905800551)--Thread(Thread[AWT-EventQueue-0,6,main])--SELECT t1.NROREFERENCIA, t1.DESCRIPCION, t1.NOMBRE, t1.PRECIO, t1.PROVEEDOR_ID, t0.ESP_NROREF FROM CATEGORIAESPECIFICACIONPROD t0, ESPECIFICACIONPRODUCTO t1 WHERE ((t0.CAT_NAME = ?) AND (t1.NROREFERENCIA = t0.ESP_NROREF))
	bind => [Galaxy Ace]
[EL Fine]: sql: 2014-10-09 10:12:54.944--ServerSession(1989311583)--Connection(1905800551)--Thread(Thread[AWT-EventQueue-0,6,main])--SELECT NOMBRE, PADRE FROM CATEGORIA WHERE (NOMBRE = ?)
	bind => [Blackberry]
[EL Fine]: sql: 2014-10-09 10:12:54.944--ServerSession(1989311583)--Connection(1905800551)--Thread(Thread[AWT-EventQueue-0,6,main])--SELECT t1.NROREFERENCIA, t1.DESCRIPCION, t1.NOMBRE, t1.PRECIO, t1.PROVEEDOR_ID, t0.ESP_NROREF FROM CATEGORIAESPECIFICACIONPROD t0, ESPECIFICACIONPRODUCTO t1 WHERE ((t0.CAT_NAME = ?) AND (t1.NROREFERENCIA = t0.ESP_NROREF))
	bind => [Blackberry]
[EL Fine]: sql: 2014-10-09 10:12:54.945--ServerSession(1989311583)--Connection(1905800551)--Thread(Thread[AWT-EventQueue-0,6,main])--SELECT NOMBRE, PADRE FROM CATEGORIA WHERE (NOMBRE = ?)
	bind => [Nokia]
[EL Fine]: sql: 2014-10-09 10:12:54.945--ServerSession(1989311583)--Connection(1905800551)--Thread(Thread[AWT-EventQueue-0,6,main])--SELECT t1.NROREFERENCIA, t1.DESCRIPCION, t1.NOMBRE, t1.PRECIO, t1.PROVEEDOR_ID, t0.ESP_NROREF FROM CATEGORIAESPECIFICACIONPROD t0, ESPECIFICACIONPRODUCTO t1 WHERE ((t0.CAT_NAME = ?) AND (t1.NROREFERENCIA = t0.ESP_NROREF))
	bind => [Nokia]
[EL Fine]: sql: 2014-10-09 10:12:54.945--ServerSession(1989311583)--Connection(1905800551)--Thread(Thread[AWT-EventQueue-0,6,main])--SELECT NOMBRE, PADRE FROM CATEGORIA WHERE (NOMBRE = ?)
	bind => [Accesorios]
[EL Fine]: sql: 2014-10-09 10:12:54.946--ServerSession(1989311583)--Connection(1905800551)--Thread(Thread[AWT-EventQueue-0,6,main])--SELECT t1.NROREFERENCIA, t1.DESCRIPCION, t1.NOMBRE, t1.PRECIO, t1.PROVEEDOR_ID, t0.ESP_NROREF FROM CATEGORIAESPECIFICACIONPROD t0, ESPECIFICACIONPRODUCTO t1 WHERE ((t0.CAT_NAME = ?) AND (t1.NROREFERENCIA = t0.ESP_NROREF))
	bind => [Accesorios]
[EL Fine]: sql: 2014-10-09 10:12:54.946--ServerSession(1989311583)--Connection(1905800551)--Thread(Thread[AWT-EventQueue-0,6,main])--SELECT NOMBRE, PADRE FROM CATEGORIA WHERE (NOMBRE = ?)
	bind => [Protectores]
[EL Fine]: sql: 2014-10-09 10:12:54.946--ServerSession(1989311583)--Connection(1905800551)--Thread(Thread[AWT-EventQueue-0,6,main])--SELECT t1.NROREFERENCIA, t1.DESCRIPCION, t1.NOMBRE, t1.PRECIO, t1.PROVEEDOR_ID, t0.ESP_NROREF FROM CATEGORIAESPECIFICACIONPROD t0, ESPECIFICACIONPRODUCTO t1 WHERE ((t0.CAT_NAME = ?) AND (t1.NROREFERENCIA = t0.ESP_NROREF))
	bind => [Protectores]
[EL Fine]: sql: 2014-10-09 10:12:54.946--ServerSession(1989311583)--Connection(1905800551)--Thread(Thread[AWT-EventQueue-0,6,main])--SELECT NOMBRE, PADRE FROM CATEGORIA WHERE (NOMBRE = ?)
	bind => [Baterías]
[EL Fine]: sql: 2014-10-09 10:12:54.947--ServerSession(1989311583)--Connection(1905800551)--Thread(Thread[AWT-EventQueue-0,6,main])--SELECT t1.NROREFERENCIA, t1.DESCRIPCION, t1.NOMBRE, t1.PRECIO, t1.PROVEEDOR_ID, t0.ESP_NROREF FROM CATEGORIAESPECIFICACIONPROD t0, ESPECIFICACIONPRODUCTO t1 WHERE ((t0.CAT_NAME = ?) AND (t1.NROREFERENCIA = t0.ESP_NROREF))
	bind => [Baterías]
[EL Fine]: sql: 2014-10-09 10:12:54.947--ServerSession(1989311583)--Connection(1905800551)--Thread(Thread[AWT-EventQueue-0,6,main])--SELECT NOMBRE, PADRE FROM CATEGORIA WHERE (NOMBRE = ?)
	bind => [Apple]
[EL Fine]: sql: 2014-10-09 10:12:54.947--ServerSession(1989311583)--Connection(1905800551)--Thread(Thread[AWT-EventQueue-0,6,main])--SELECT t1.NROREFERENCIA, t1.DESCRIPCION, t1.NOMBRE, t1.PRECIO, t1.PROVEEDOR_ID, t0.ESP_NROREF FROM CATEGORIAESPECIFICACIONPROD t0, ESPECIFICACIONPRODUCTO t1 WHERE ((t0.CAT_NAME = ?) AND (t1.NROREFERENCIA = t0.ESP_NROREF))
	bind => [Apple]
[EL Fine]: sql: 2014-10-09 10:12:54.947--ServerSession(1989311583)--Connection(1905800551)--Thread(Thread[AWT-EventQueue-0,6,main])--SELECT NOMBRE, PADRE FROM CATEGORIA WHERE (NOMBRE = ?)
	bind => [Videojuegos]
[EL Fine]: sql: 2014-10-09 10:12:54.948--ServerSession(1989311583)--Connection(1905800551)--Thread(Thread[AWT-EventQueue-0,6,main])--SELECT t1.NROREFERENCIA, t1.DESCRIPCION, t1.NOMBRE, t1.PRECIO, t1.PROVEEDOR_ID, t0.ESP_NROREF FROM CATEGORIAESPECIFICACIONPROD t0, ESPECIFICACIONPRODUCTO t1 WHERE ((t0.CAT_NAME = ?) AND (t1.NROREFERENCIA = t0.ESP_NROREF))
	bind => [Videojuegos]
[EL Fine]: sql: 2014-10-09 10:12:54.948--ServerSession(1989311583)--Connection(1905800551)--Thread(Thread[AWT-EventQueue-0,6,main])--SELECT NOMBRE, PADRE FROM CATEGORIA WHERE (NOMBRE = ?)
	bind => [Playstation]
[EL Fine]: sql: 2014-10-09 10:12:54.948--ServerSession(1989311583)--Connection(1905800551)--Thread(Thread[AWT-EventQueue-0,6,main])--SELECT t1.NROREFERENCIA, t1.DESCRIPCION, t1.NOMBRE, t1.PRECIO, t1.PROVEEDOR_ID, t0.ESP_NROREF FROM CATEGORIAESPECIFICACIONPROD t0, ESPECIFICACIONPRODUCTO t1 WHERE ((t0.CAT_NAME = ?) AND (t1.NROREFERENCIA = t0.ESP_NROREF))
	bind => [Playstation]
[EL Fine]: sql: 2014-10-09 10:12:54.949--ServerSession(1989311583)--Connection(1905800551)--Thread(Thread[AWT-EventQueue-0,6,main])--SELECT NOMBRE, PADRE FROM CATEGORIA WHERE (NOMBRE = ?)
	bind => [Xbox]
[EL Fine]: sql: 2014-10-09 10:12:54.949--ServerSession(1989311583)--Connection(1905800551)--Thread(Thread[AWT-EventQueue-0,6,main])--SELECT t1.NROREFERENCIA, t1.DESCRIPCION, t1.NOMBRE, t1.PRECIO, t1.PROVEEDOR_ID, t0.ESP_NROREF FROM CATEGORIAESPECIFICACIONPROD t0, ESPECIFICACIONPRODUCTO t1 WHERE ((t0.CAT_NAME = ?) AND (t1.NROREFERENCIA = t0.ESP_NROREF))
	bind => [Xbox]
[EL Fine]: sql: 2014-10-09 10:12:54.949--ServerSession(1989311583)--Connection(1905800551)--Thread(Thread[AWT-EventQueue-0,6,main])--SELECT NOMBRE, PADRE FROM CATEGORIA
[EL Fine]: sql: 2014-10-09 10:12:54.949--ServerSession(1989311583)--Connection(1905800551)--Thread(Thread[AWT-EventQueue-0,6,main])--SELECT NROREFERENCIA, DESCRIPCION, NOMBRE, PRECIO, PROVEEDOR_ID FROM ESPECIFICACIONPRODUCTO
[EL Fine]: sql: 2014-10-09 10:12:54.95--ServerSession(1989311583)--Connection(1905800551)--Thread(Thread[AWT-EventQueue-0,6,main])--SELECT NOMBRE, PADRE FROM CATEGORIA
[EL Fine]: sql: 2014-10-09 10:12:54.95--ServerSession(1989311583)--Connection(1905800551)--Thread(Thread[AWT-EventQueue-0,6,main])--SELECT NOMBRE, PADRE FROM CATEGORIA WHERE (NOMBRE = ?)
	bind => [Celulares]
[EL Fine]: sql: 2014-10-09 10:12:54.95--ServerSession(1989311583)--Connection(1905800551)--Thread(Thread[AWT-EventQueue-0,6,main])--SELECT t1.NROREFERENCIA, t1.DESCRIPCION, t1.NOMBRE, t1.PRECIO, t1.PROVEEDOR_ID, t0.ESP_NROREF FROM CATEGORIAESPECIFICACIONPROD t0, ESPECIFICACIONPRODUCTO t1 WHERE ((t0.CAT_NAME = ?) AND (t1.NROREFERENCIA = t0.ESP_NROREF))
	bind => [Celulares]
[EL Fine]: sql: 2014-10-09 10:12:54.95--ServerSession(1989311583)--Connection(1905800551)--Thread(Thread[AWT-EventQueue-0,6,main])--SELECT NOMBRE, PADRE FROM CATEGORIA WHERE (NOMBRE = ?)
	bind => [Sistemas Operativos]
[EL Fine]: sql: 2014-10-09 10:12:54.951--ServerSession(1989311583)--Connection(1905800551)--Thread(Thread[AWT-EventQueue-0,6,main])--SELECT t1.NROREFERENCIA, t1.DESCRIPCION, t1.NOMBRE, t1.PRECIO, t1.PROVEEDOR_ID, t0.ESP_NROREF FROM CATEGORIAESPECIFICACIONPROD t0, ESPECIFICACIONPRODUCTO t1 WHERE ((t0.CAT_NAME = ?) AND (t1.NROREFERENCIA = t0.ESP_NROREF))
	bind => [Sistemas Operativos]
[EL Fine]: sql: 2014-10-09 10:12:54.951--ServerSession(1989311583)--Connection(1905800551)--Thread(Thread[AWT-EventQueue-0,6,main])--SELECT NOMBRE, PADRE FROM CATEGORIA WHERE (NOMBRE = ?)
	bind => [iOS]
[EL Fine]: sql: 2014-10-09 10:12:54.951--ServerSession(1989311583)--Connection(1905800551)--Thread(Thread[AWT-EventQueue-0,6,main])--SELECT t1.NROREFERENCIA, t1.DESCRIPCION, t1.NOMBRE, t1.PRECIO, t1.PROVEEDOR_ID, t0.ESP_NROREF FROM CATEGORIAESPECIFICACIONPROD t0, ESPECIFICACIONPRODUCTO t1 WHERE ((t0.CAT_NAME = ?) AND (t1.NROREFERENCIA = t0.ESP_NROREF))
	bind => [iOS]
[EL Fine]: sql: 2014-10-09 10:12:54.952--ServerSession(1989311583)--Connection(1905800551)--Thread(Thread[AWT-EventQueue-0,6,main])--SELECT NOMBRE, PADRE FROM CATEGORIA WHERE (NOMBRE = ?)
	bind => [Android]
[EL Fine]: sql: 2014-10-09 10:12:54.952--ServerSession(1989311583)--Connection(1905800551)--Thread(Thread[AWT-EventQueue-0,6,main])--SELECT t1.NROREFERENCIA, t1.DESCRIPCION, t1.NOMBRE, t1.PRECIO, t1.PROVEEDOR_ID, t0.ESP_NROREF FROM CATEGORIAESPECIFICACIONPROD t0, ESPECIFICACIONPRODUCTO t1 WHERE ((t0.CAT_NAME = ?) AND (t1.NROREFERENCIA = t0.ESP_NROREF))
	bind => [Android]
[EL Fine]: sql: 2014-10-09 10:12:54.952--ServerSession(1989311583)--Connection(1905800551)--Thread(Thread[AWT-EventQueue-0,6,main])--SELECT NOMBRE, PADRE FROM CATEGORIA WHERE (NOMBRE = ?)
	bind => [Windows Phone]
[EL Fine]: sql: 2014-10-09 10:12:54.953--ServerSession(1989311583)--Connection(1905800551)--Thread(Thread[AWT-EventQueue-0,6,main])--SELECT t1.NROREFERENCIA, t1.DESCRIPCION, t1.NOMBRE, t1.PRECIO, t1.PROVEEDOR_ID, t0.ESP_NROREF FROM CATEGORIAESPECIFICACIONPROD t0, ESPECIFICACIONPRODUCTO t1 WHERE ((t0.CAT_NAME = ?) AND (t1.NROREFERENCIA = t0.ESP_NROREF))
	bind => [Windows Phone]
[EL Fine]: sql: 2014-10-09 10:12:54.953--ServerSession(1989311583)--Connection(1905800551)--Thread(Thread[AWT-EventQueue-0,6,main])--SELECT NOMBRE, PADRE FROM CATEGORIA WHERE (NOMBRE = ?)
	bind => [Symbian]
[EL Fine]: sql: 2014-10-09 10:12:54.953--ServerSession(1989311583)--Connection(1905800551)--Thread(Thread[AWT-EventQueue-0,6,main])--SELECT t1.NROREFERENCIA, t1.DESCRIPCION, t1.NOMBRE, t1.PRECIO, t1.PROVEEDOR_ID, t0.ESP_NROREF FROM CATEGORIAESPECIFICACIONPROD t0, ESPECIFICACIONPRODUCTO t1 WHERE ((t0.CAT_NAME = ?) AND (t1.NROREFERENCIA = t0.ESP_NROREF))
	bind => [Symbian]
[EL Fine]: sql: 2014-10-09 10:12:54.954--ServerSession(1989311583)--Connection(1905800551)--Thread(Thread[AWT-EventQueue-0,6,main])--SELECT NOMBRE, PADRE FROM CATEGORIA WHERE (NOMBRE = ?)
	bind => [Blackberry OS]
[EL Fine]: sql: 2014-10-09 10:12:54.954--ServerSession(1989311583)--Connection(1905800551)--Thread(Thread[AWT-EventQueue-0,6,main])--SELECT t1.NROREFERENCIA, t1.DESCRIPCION, t1.NOMBRE, t1.PRECIO, t1.PROVEEDOR_ID, t0.ESP_NROREF FROM CATEGORIAESPECIFICACIONPROD t0, ESPECIFICACIONPRODUCTO t1 WHERE ((t0.CAT_NAME = ?) AND (t1.NROREFERENCIA = t0.ESP_NROREF))
	bind => [Blackberry OS]
[EL Fine]: sql: 2014-10-09 10:12:54.954--ServerSession(1989311583)--Connection(1905800551)--Thread(Thread[AWT-EventQueue-0,6,main])--SELECT NOMBRE, PADRE FROM CATEGORIA WHERE (NOMBRE = ?)
	bind => [Equipos]
[EL Fine]: sql: 2014-10-09 10:12:54.954--ServerSession(1989311583)--Connection(1905800551)--Thread(Thread[AWT-EventQueue-0,6,main])--SELECT t1.NROREFERENCIA, t1.DESCRIPCION, t1.NOMBRE, t1.PRECIO, t1.PROVEEDOR_ID, t0.ESP_NROREF FROM CATEGORIAESPECIFICACIONPROD t0, ESPECIFICACIONPRODUCTO t1 WHERE ((t0.CAT_NAME = ?) AND (t1.NROREFERENCIA = t0.ESP_NROREF))
	bind => [Equipos]
[EL Fine]: sql: 2014-10-09 10:12:54.955--ServerSession(1989311583)--Connection(1905800551)--Thread(Thread[AWT-EventQueue-0,6,main])--SELECT NOMBRE, PADRE FROM CATEGORIA WHERE (NOMBRE = ?)
	bind => [iPhone]
[EL Fine]: sql: 2014-10-09 10:12:54.955--ServerSession(1989311583)--Connection(1905800551)--Thread(Thread[AWT-EventQueue-0,6,main])--SELECT t1.NROREFERENCIA, t1.DESCRIPCION, t1.NOMBRE, t1.PRECIO, t1.PROVEEDOR_ID, t0.ESP_NROREF FROM CATEGORIAESPECIFICACIONPROD t0, ESPECIFICACIONPRODUCTO t1 WHERE ((t0.CAT_NAME = ?) AND (t1.NROREFERENCIA = t0.ESP_NROREF))
	bind => [iPhone]
[EL Fine]: sql: 2014-10-09 10:12:54.955--ServerSession(1989311583)--Connection(1905800551)--Thread(Thread[AWT-EventQueue-0,6,main])--SELECT NOMBRE, PADRE FROM CATEGORIA WHERE (NOMBRE = ?)
	bind => [Nexus]
[EL Fine]: sql: 2014-10-09 10:12:54.955--ServerSession(1989311583)--Connection(1905800551)--Thread(Thread[AWT-EventQueue-0,6,main])--SELECT t1.NROREFERENCIA, t1.DESCRIPCION, t1.NOMBRE, t1.PRECIO, t1.PROVEEDOR_ID, t0.ESP_NROREF FROM CATEGORIAESPECIFICACIONPROD t0, ESPECIFICACIONPRODUCTO t1 WHERE ((t0.CAT_NAME = ?) AND (t1.NROREFERENCIA = t0.ESP_NROREF))
	bind => [Nexus]
[EL Fine]: sql: 2014-10-09 10:12:54.956--ServerSession(1989311583)--Connection(1905800551)--Thread(Thread[AWT-EventQueue-0,6,main])--SELECT NOMBRE, PADRE FROM CATEGORIA WHERE (NOMBRE = ?)
	bind => [Samsung]
[EL Fine]: sql: 2014-10-09 10:12:54.956--ServerSession(1989311583)--Connection(1905800551)--Thread(Thread[AWT-EventQueue-0,6,main])--SELECT t1.NROREFERENCIA, t1.DESCRIPCION, t1.NOMBRE, t1.PRECIO, t1.PROVEEDOR_ID, t0.ESP_NROREF FROM CATEGORIAESPECIFICACIONPROD t0, ESPECIFICACIONPRODUCTO t1 WHERE ((t0.CAT_NAME = ?) AND (t1.NROREFERENCIA = t0.ESP_NROREF))
	bind => [Samsung]
[EL Fine]: sql: 2014-10-09 10:12:54.957--ServerSession(1989311583)--Connection(1905800551)--Thread(Thread[AWT-EventQueue-0,6,main])--SELECT NOMBRE, PADRE FROM CATEGORIA WHERE (NOMBRE = ?)
	bind => [Galaxy S3]
[EL Fine]: sql: 2014-10-09 10:12:54.957--ServerSession(1989311583)--Connection(1905800551)--Thread(Thread[AWT-EventQueue-0,6,main])--SELECT t1.NROREFERENCIA, t1.DESCRIPCION, t1.NOMBRE, t1.PRECIO, t1.PROVEEDOR_ID, t0.ESP_NROREF FROM CATEGORIAESPECIFICACIONPROD t0, ESPECIFICACIONPRODUCTO t1 WHERE ((t0.CAT_NAME = ?) AND (t1.NROREFERENCIA = t0.ESP_NROREF))
	bind => [Galaxy S3]
[EL Fine]: sql: 2014-10-09 10:12:54.959--ServerSession(1989311583)--Connection(1905800551)--Thread(Thread[AWT-EventQueue-0,6,main])--SELECT NOMBRE, PADRE FROM CATEGORIA WHERE (NOMBRE = ?)
	bind => [Galaxy S4]
[EL Fine]: sql: 2014-10-09 10:12:54.96--ServerSession(1989311583)--Connection(1905800551)--Thread(Thread[AWT-EventQueue-0,6,main])--SELECT t1.NROREFERENCIA, t1.DESCRIPCION, t1.NOMBRE, t1.PRECIO, t1.PROVEEDOR_ID, t0.ESP_NROREF FROM CATEGORIAESPECIFICACIONPROD t0, ESPECIFICACIONPRODUCTO t1 WHERE ((t0.CAT_NAME = ?) AND (t1.NROREFERENCIA = t0.ESP_NROREF))
	bind => [Galaxy S4]
[EL Fine]: sql: 2014-10-09 10:12:54.961--ServerSession(1989311583)--Connection(1905800551)--Thread(Thread[AWT-EventQueue-0,6,main])--SELECT NOMBRE, PADRE FROM CATEGORIA WHERE (NOMBRE = ?)
	bind => [Galaxy Ace]
[EL Fine]: sql: 2014-10-09 10:12:54.961--ServerSession(1989311583)--Connection(1905800551)--Thread(Thread[AWT-EventQueue-0,6,main])--SELECT t1.NROREFERENCIA, t1.DESCRIPCION, t1.NOMBRE, t1.PRECIO, t1.PROVEEDOR_ID, t0.ESP_NROREF FROM CATEGORIAESPECIFICACIONPROD t0, ESPECIFICACIONPRODUCTO t1 WHERE ((t0.CAT_NAME = ?) AND (t1.NROREFERENCIA = t0.ESP_NROREF))
	bind => [Galaxy Ace]
[EL Fine]: sql: 2014-10-09 10:12:54.962--ServerSession(1989311583)--Connection(1905800551)--Thread(Thread[AWT-EventQueue-0,6,main])--SELECT NOMBRE, PADRE FROM CATEGORIA WHERE (NOMBRE = ?)
	bind => [Blackberry]
[EL Fine]: sql: 2014-10-09 10:12:54.962--ServerSession(1989311583)--Connection(1905800551)--Thread(Thread[AWT-EventQueue-0,6,main])--SELECT t1.NROREFERENCIA, t1.DESCRIPCION, t1.NOMBRE, t1.PRECIO, t1.PROVEEDOR_ID, t0.ESP_NROREF FROM CATEGORIAESPECIFICACIONPROD t0, ESPECIFICACIONPRODUCTO t1 WHERE ((t0.CAT_NAME = ?) AND (t1.NROREFERENCIA = t0.ESP_NROREF))
	bind => [Blackberry]
[EL Fine]: sql: 2014-10-09 10:12:54.963--ServerSession(1989311583)--Connection(1905800551)--Thread(Thread[AWT-EventQueue-0,6,main])--SELECT NOMBRE, PADRE FROM CATEGORIA WHERE (NOMBRE = ?)
	bind => [Nokia]
[EL Fine]: sql: 2014-10-09 10:12:54.963--ServerSession(1989311583)--Connection(1905800551)--Thread(Thread[AWT-EventQueue-0,6,main])--SELECT t1.NROREFERENCIA, t1.DESCRIPCION, t1.NOMBRE, t1.PRECIO, t1.PROVEEDOR_ID, t0.ESP_NROREF FROM CATEGORIAESPECIFICACIONPROD t0, ESPECIFICACIONPRODUCTO t1 WHERE ((t0.CAT_NAME = ?) AND (t1.NROREFERENCIA = t0.ESP_NROREF))
	bind => [Nokia]
[EL Fine]: sql: 2014-10-09 10:12:54.965--ServerSession(1989311583)--Connection(1905800551)--Thread(Thread[AWT-EventQueue-0,6,main])--SELECT NOMBRE, PADRE FROM CATEGORIA WHERE (NOMBRE = ?)
	bind => [Accesorios]
[EL Fine]: sql: 2014-10-09 10:12:54.965--ServerSession(1989311583)--Connection(1905800551)--Thread(Thread[AWT-EventQueue-0,6,main])--SELECT t1.NROREFERENCIA, t1.DESCRIPCION, t1.NOMBRE, t1.PRECIO, t1.PROVEEDOR_ID, t0.ESP_NROREF FROM CATEGORIAESPECIFICACIONPROD t0, ESPECIFICACIONPRODUCTO t1 WHERE ((t0.CAT_NAME = ?) AND (t1.NROREFERENCIA = t0.ESP_NROREF))
	bind => [Accesorios]
[EL Fine]: sql: 2014-10-09 10:12:54.966--ServerSession(1989311583)--Connection(1905800551)--Thread(Thread[AWT-EventQueue-0,6,main])--SELECT NOMBRE, PADRE FROM CATEGORIA WHERE (NOMBRE = ?)
	bind => [Protectores]
[EL Fine]: sql: 2014-10-09 10:12:54.967--ServerSession(1989311583)--Connection(1905800551)--Thread(Thread[AWT-EventQueue-0,6,main])--SELECT t1.NROREFERENCIA, t1.DESCRIPCION, t1.NOMBRE, t1.PRECIO, t1.PROVEEDOR_ID, t0.ESP_NROREF FROM CATEGORIAESPECIFICACIONPROD t0, ESPECIFICACIONPRODUCTO t1 WHERE ((t0.CAT_NAME = ?) AND (t1.NROREFERENCIA = t0.ESP_NROREF))
	bind => [Protectores]
[EL Fine]: sql: 2014-10-09 10:12:54.967--ServerSession(1989311583)--Connection(1905800551)--Thread(Thread[AWT-EventQueue-0,6,main])--SELECT NOMBRE, PADRE FROM CATEGORIA WHERE (NOMBRE = ?)
	bind => [Baterías]
[EL Fine]: sql: 2014-10-09 10:12:54.967--ServerSession(1989311583)--Connection(1905800551)--Thread(Thread[AWT-EventQueue-0,6,main])--SELECT t1.NROREFERENCIA, t1.DESCRIPCION, t1.NOMBRE, t1.PRECIO, t1.PROVEEDOR_ID, t0.ESP_NROREF FROM CATEGORIAESPECIFICACIONPROD t0, ESPECIFICACIONPRODUCTO t1 WHERE ((t0.CAT_NAME = ?) AND (t1.NROREFERENCIA = t0.ESP_NROREF))
	bind => [Baterías]
[EL Fine]: sql: 2014-10-09 10:12:54.968--ServerSession(1989311583)--Connection(1905800551)--Thread(Thread[AWT-EventQueue-0,6,main])--SELECT NOMBRE, PADRE FROM CATEGORIA WHERE (NOMBRE = ?)
	bind => [Apple]
[EL Fine]: sql: 2014-10-09 10:12:54.968--ServerSession(1989311583)--Connection(1905800551)--Thread(Thread[AWT-EventQueue-0,6,main])--SELECT t1.NROREFERENCIA, t1.DESCRIPCION, t1.NOMBRE, t1.PRECIO, t1.PROVEEDOR_ID, t0.ESP_NROREF FROM CATEGORIAESPECIFICACIONPROD t0, ESPECIFICACIONPRODUCTO t1 WHERE ((t0.CAT_NAME = ?) AND (t1.NROREFERENCIA = t0.ESP_NROREF))
	bind => [Apple]
[EL Fine]: sql: 2014-10-09 10:12:54.968--ServerSession(1989311583)--Connection(1905800551)--Thread(Thread[AWT-EventQueue-0,6,main])--SELECT NOMBRE, PADRE FROM CATEGORIA WHERE (NOMBRE = ?)
	bind => [Videojuegos]
[EL Fine]: sql: 2014-10-09 10:12:54.969--ServerSession(1989311583)--Connection(1905800551)--Thread(Thread[AWT-EventQueue-0,6,main])--SELECT t1.NROREFERENCIA, t1.DESCRIPCION, t1.NOMBRE, t1.PRECIO, t1.PROVEEDOR_ID, t0.ESP_NROREF FROM CATEGORIAESPECIFICACIONPROD t0, ESPECIFICACIONPRODUCTO t1 WHERE ((t0.CAT_NAME = ?) AND (t1.NROREFERENCIA = t0.ESP_NROREF))
	bind => [Videojuegos]
[EL Fine]: sql: 2014-10-09 10:12:54.969--ServerSession(1989311583)--Connection(1905800551)--Thread(Thread[AWT-EventQueue-0,6,main])--SELECT NOMBRE, PADRE FROM CATEGORIA WHERE (NOMBRE = ?)
	bind => [Playstation]
[EL Fine]: sql: 2014-10-09 10:12:54.97--ServerSession(1989311583)--Connection(1905800551)--Thread(Thread[AWT-EventQueue-0,6,main])--SELECT t1.NROREFERENCIA, t1.DESCRIPCION, t1.NOMBRE, t1.PRECIO, t1.PROVEEDOR_ID, t0.ESP_NROREF FROM CATEGORIAESPECIFICACIONPROD t0, ESPECIFICACIONPRODUCTO t1 WHERE ((t0.CAT_NAME = ?) AND (t1.NROREFERENCIA = t0.ESP_NROREF))
	bind => [Playstation]
[EL Fine]: sql: 2014-10-09 10:12:54.97--ServerSession(1989311583)--Connection(1905800551)--Thread(Thread[AWT-EventQueue-0,6,main])--SELECT NOMBRE, PADRE FROM CATEGORIA WHERE (NOMBRE = ?)
	bind => [Xbox]
[EL Fine]: sql: 2014-10-09 10:12:54.971--ServerSession(1989311583)--Connection(1905800551)--Thread(Thread[AWT-EventQueue-0,6,main])--SELECT t1.NROREFERENCIA, t1.DESCRIPCION, t1.NOMBRE, t1.PRECIO, t1.PROVEEDOR_ID, t0.ESP_NROREF FROM CATEGORIAESPECIFICACIONPROD t0, ESPECIFICACIONPRODUCTO t1 WHERE ((t0.CAT_NAME = ?) AND (t1.NROREFERENCIA = t0.ESP_NROREF))
	bind => [Xbox]
[EL Fine]: sql: 2014-10-09 10:12:54.971--ServerSession(1989311583)--Connection(1905800551)--Thread(Thread[AWT-EventQueue-0,6,main])--SELECT NOMBRE, PADRE FROM CATEGORIA
[EL Fine]: sql: 2014-10-09 10:12:54.971--ServerSession(1989311583)--Connection(1905800551)--Thread(Thread[AWT-EventQueue-0,6,main])--SELECT NROREFERENCIA, DESCRIPCION, NOMBRE, PRECIO, PROVEEDOR_ID FROM ESPECIFICACIONPRODUCTO
[EL Fine]: sql: 2014-10-09 10:12:54.972--ServerSession(1989311583)--Connection(1905800551)--Thread(Thread[AWT-EventQueue-0,6,main])--SELECT NROREFERENCIA, DESCRIPCION, NOMBRE, PRECIO, PROVEEDOR_ID FROM ESPECIFICACIONPRODUCTO
[EL Fine]: sql: 2014-10-09 10:12:54.973--ServerSession(1989311583)--Connection(1905800551)--Thread(Thread[AWT-EventQueue-0,6,main])--SELECT NOMBRE, PADRE FROM CATEGORIA
[EL Fine]: sql: 2014-10-09 10:12:54.973--ServerSession(1989311583)--Connection(1905800551)--Thread(Thread[AWT-EventQueue-0,6,main])--SELECT NOMBRE, PADRE FROM CATEGORIA WHERE (NOMBRE = ?)
	bind => [Celulares]
[EL Fine]: sql: 2014-10-09 10:12:54.973--ServerSession(1989311583)--Connection(1905800551)--Thread(Thread[AWT-EventQueue-0,6,main])--SELECT t1.NROREFERENCIA, t1.DESCRIPCION, t1.NOMBRE, t1.PRECIO, t1.PROVEEDOR_ID, t0.ESP_NROREF FROM CATEGORIAESPECIFICACIONPROD t0, ESPECIFICACIONPRODUCTO t1 WHERE ((t0.CAT_NAME = ?) AND (t1.NROREFERENCIA = t0.ESP_NROREF))
	bind => [Celulares]
[EL Fine]: sql: 2014-10-09 10:12:54.974--ServerSession(1989311583)--Connection(1905800551)--Thread(Thread[AWT-EventQueue-0,6,main])--SELECT NOMBRE, PADRE FROM CATEGORIA WHERE (NOMBRE = ?)
	bind => [Sistemas Operativos]
[EL Fine]: sql: 2014-10-09 10:12:54.974--ServerSession(1989311583)--Connection(1905800551)--Thread(Thread[AWT-EventQueue-0,6,main])--SELECT t1.NROREFERENCIA, t1.DESCRIPCION, t1.NOMBRE, t1.PRECIO, t1.PROVEEDOR_ID, t0.ESP_NROREF FROM CATEGORIAESPECIFICACIONPROD t0, ESPECIFICACIONPRODUCTO t1 WHERE ((t0.CAT_NAME = ?) AND (t1.NROREFERENCIA = t0.ESP_NROREF))
	bind => [Sistemas Operativos]
[EL Fine]: sql: 2014-10-09 10:12:54.975--ServerSession(1989311583)--Connection(1905800551)--Thread(Thread[AWT-EventQueue-0,6,main])--SELECT NOMBRE, PADRE FROM CATEGORIA WHERE (NOMBRE = ?)
	bind => [iOS]
[EL Fine]: sql: 2014-10-09 10:12:54.975--ServerSession(1989311583)--Connection(1905800551)--Thread(Thread[AWT-EventQueue-0,6,main])--SELECT t1.NROREFERENCIA, t1.DESCRIPCION, t1.NOMBRE, t1.PRECIO, t1.PROVEEDOR_ID, t0.ESP_NROREF FROM CATEGORIAESPECIFICACIONPROD t0, ESPECIFICACIONPRODUCTO t1 WHERE ((t0.CAT_NAME = ?) AND (t1.NROREFERENCIA = t0.ESP_NROREF))
	bind => [iOS]
[EL Fine]: sql: 2014-10-09 10:12:54.975--ServerSession(1989311583)--Connection(1905800551)--Thread(Thread[AWT-EventQueue-0,6,main])--SELECT NOMBRE, PADRE FROM CATEGORIA WHERE (NOMBRE = ?)
	bind => [Android]
[EL Fine]: sql: 2014-10-09 10:12:54.976--ServerSession(1989311583)--Connection(1905800551)--Thread(Thread[AWT-EventQueue-0,6,main])--SELECT t1.NROREFERENCIA, t1.DESCRIPCION, t1.NOMBRE, t1.PRECIO, t1.PROVEEDOR_ID, t0.ESP_NROREF FROM CATEGORIAESPECIFICACIONPROD t0, ESPECIFICACIONPRODUCTO t1 WHERE ((t0.CAT_NAME = ?) AND (t1.NROREFERENCIA = t0.ESP_NROREF))
	bind => [Android]
[EL Fine]: sql: 2014-10-09 10:12:54.976--ServerSession(1989311583)--Connection(1905800551)--Thread(Thread[AWT-EventQueue-0,6,main])--SELECT NOMBRE, PADRE FROM CATEGORIA WHERE (NOMBRE = ?)
	bind => [Windows Phone]
[EL Fine]: sql: 2014-10-09 10:12:54.976--ServerSession(1989311583)--Connection(1905800551)--Thread(Thread[AWT-EventQueue-0,6,main])--SELECT t1.NROREFERENCIA, t1.DESCRIPCION, t1.NOMBRE, t1.PRECIO, t1.PROVEEDOR_ID, t0.ESP_NROREF FROM CATEGORIAESPECIFICACIONPROD t0, ESPECIFICACIONPRODUCTO t1 WHERE ((t0.CAT_NAME = ?) AND (t1.NROREFERENCIA = t0.ESP_NROREF))
	bind => [Windows Phone]
[EL Fine]: sql: 2014-10-09 10:12:54.977--ServerSession(1989311583)--Connection(1905800551)--Thread(Thread[AWT-EventQueue-0,6,main])--SELECT NOMBRE, PADRE FROM CATEGORIA WHERE (NOMBRE = ?)
	bind => [Symbian]
[EL Fine]: sql: 2014-10-09 10:12:54.977--ServerSession(1989311583)--Connection(1905800551)--Thread(Thread[AWT-EventQueue-0,6,main])--SELECT t1.NROREFERENCIA, t1.DESCRIPCION, t1.NOMBRE, t1.PRECIO, t1.PROVEEDOR_ID, t0.ESP_NROREF FROM CATEGORIAESPECIFICACIONPROD t0, ESPECIFICACIONPRODUCTO t1 WHERE ((t0.CAT_NAME = ?) AND (t1.NROREFERENCIA = t0.ESP_NROREF))
	bind => [Symbian]
[EL Fine]: sql: 2014-10-09 10:12:54.977--ServerSession(1989311583)--Connection(1905800551)--Thread(Thread[AWT-EventQueue-0,6,main])--SELECT NOMBRE, PADRE FROM CATEGORIA WHERE (NOMBRE = ?)
	bind => [Blackberry OS]
[EL Fine]: sql: 2014-10-09 10:12:54.977--ServerSession(1989311583)--Connection(1905800551)--Thread(Thread[AWT-EventQueue-0,6,main])--SELECT t1.NROREFERENCIA, t1.DESCRIPCION, t1.NOMBRE, t1.PRECIO, t1.PROVEEDOR_ID, t0.ESP_NROREF FROM CATEGORIAESPECIFICACIONPROD t0, ESPECIFICACIONPRODUCTO t1 WHERE ((t0.CAT_NAME = ?) AND (t1.NROREFERENCIA = t0.ESP_NROREF))
	bind => [Blackberry OS]
[EL Fine]: sql: 2014-10-09 10:12:54.978--ServerSession(1989311583)--Connection(1905800551)--Thread(Thread[AWT-EventQueue-0,6,main])--SELECT NOMBRE, PADRE FROM CATEGORIA WHERE (NOMBRE = ?)
	bind => [Equipos]
[EL Fine]: sql: 2014-10-09 10:12:54.978--ServerSession(1989311583)--Connection(1905800551)--Thread(Thread[AWT-EventQueue-0,6,main])--SELECT t1.NROREFERENCIA, t1.DESCRIPCION, t1.NOMBRE, t1.PRECIO, t1.PROVEEDOR_ID, t0.ESP_NROREF FROM CATEGORIAESPECIFICACIONPROD t0, ESPECIFICACIONPRODUCTO t1 WHERE ((t0.CAT_NAME = ?) AND (t1.NROREFERENCIA = t0.ESP_NROREF))
	bind => [Equipos]
[EL Fine]: sql: 2014-10-09 10:12:54.979--ServerSession(1989311583)--Connection(1905800551)--Thread(Thread[AWT-EventQueue-0,6,main])--SELECT NOMBRE, PADRE FROM CATEGORIA WHERE (NOMBRE = ?)
	bind => [iPhone]
[EL Fine]: sql: 2014-10-09 10:12:54.979--ServerSession(1989311583)--Connection(1905800551)--Thread(Thread[AWT-EventQueue-0,6,main])--SELECT t1.NROREFERENCIA, t1.DESCRIPCION, t1.NOMBRE, t1.PRECIO, t1.PROVEEDOR_ID, t0.ESP_NROREF FROM CATEGORIAESPECIFICACIONPROD t0, ESPECIFICACIONPRODUCTO t1 WHERE ((t0.CAT_NAME = ?) AND (t1.NROREFERENCIA = t0.ESP_NROREF))
	bind => [iPhone]
[EL Fine]: sql: 2014-10-09 10:12:54.981--ServerSession(1989311583)--Connection(1905800551)--Thread(Thread[AWT-EventQueue-0,6,main])--SELECT NOMBRE, PADRE FROM CATEGORIA WHERE (NOMBRE = ?)
	bind => [Nexus]
[EL Fine]: sql: 2014-10-09 10:12:54.982--ServerSession(1989311583)--Connection(1905800551)--Thread(Thread[AWT-EventQueue-0,6,main])--SELECT t1.NROREFERENCIA, t1.DESCRIPCION, t1.NOMBRE, t1.PRECIO, t1.PROVEEDOR_ID, t0.ESP_NROREF FROM CATEGORIAESPECIFICACIONPROD t0, ESPECIFICACIONPRODUCTO t1 WHERE ((t0.CAT_NAME = ?) AND (t1.NROREFERENCIA = t0.ESP_NROREF))
	bind => [Nexus]
[EL Fine]: sql: 2014-10-09 10:12:54.982--ServerSession(1989311583)--Connection(1905800551)--Thread(Thread[AWT-EventQueue-0,6,main])--SELECT NOMBRE, PADRE FROM CATEGORIA WHERE (NOMBRE = ?)
	bind => [Samsung]
[EL Fine]: sql: 2014-10-09 10:12:54.983--ServerSession(1989311583)--Connection(1905800551)--Thread(Thread[AWT-EventQueue-0,6,main])--SELECT t1.NROREFERENCIA, t1.DESCRIPCION, t1.NOMBRE, t1.PRECIO, t1.PROVEEDOR_ID, t0.ESP_NROREF FROM CATEGORIAESPECIFICACIONPROD t0, ESPECIFICACIONPRODUCTO t1 WHERE ((t0.CAT_NAME = ?) AND (t1.NROREFERENCIA = t0.ESP_NROREF))
	bind => [Samsung]
[EL Fine]: sql: 2014-10-09 10:12:54.983--ServerSession(1989311583)--Connection(1905800551)--Thread(Thread[AWT-EventQueue-0,6,main])--SELECT NOMBRE, PADRE FROM CATEGORIA WHERE (NOMBRE = ?)
	bind => [Galaxy S3]
[EL Fine]: sql: 2014-10-09 10:12:54.983--ServerSession(1989311583)--Connection(1905800551)--Thread(Thread[AWT-EventQueue-0,6,main])--SELECT t1.NROREFERENCIA, t1.DESCRIPCION, t1.NOMBRE, t1.PRECIO, t1.PROVEEDOR_ID, t0.ESP_NROREF FROM CATEGORIAESPECIFICACIONPROD t0, ESPECIFICACIONPRODUCTO t1 WHERE ((t0.CAT_NAME = ?) AND (t1.NROREFERENCIA = t0.ESP_NROREF))
	bind => [Galaxy S3]
[EL Fine]: sql: 2014-10-09 10:12:54.984--ServerSession(1989311583)--Connection(1905800551)--Thread(Thread[AWT-EventQueue-0,6,main])--SELECT NOMBRE, PADRE FROM CATEGORIA WHERE (NOMBRE = ?)
	bind => [Galaxy S4]
[EL Fine]: sql: 2014-10-09 10:12:54.984--ServerSession(1989311583)--Connection(1905800551)--Thread(Thread[AWT-EventQueue-0,6,main])--SELECT t1.NROREFERENCIA, t1.DESCRIPCION, t1.NOMBRE, t1.PRECIO, t1.PROVEEDOR_ID, t0.ESP_NROREF FROM CATEGORIAESPECIFICACIONPROD t0, ESPECIFICACIONPRODUCTO t1 WHERE ((t0.CAT_NAME = ?) AND (t1.NROREFERENCIA = t0.ESP_NROREF))
	bind => [Galaxy S4]
[EL Fine]: sql: 2014-10-09 10:12:54.985--ServerSession(1989311583)--Connection(1905800551)--Thread(Thread[AWT-EventQueue-0,6,main])--SELECT NOMBRE, PADRE FROM CATEGORIA WHERE (NOMBRE = ?)
	bind => [Galaxy Ace]
[EL Fine]: sql: 2014-10-09 10:12:54.985--ServerSession(1989311583)--Connection(1905800551)--Thread(Thread[AWT-EventQueue-0,6,main])--SELECT t1.NROREFERENCIA, t1.DESCRIPCION, t1.NOMBRE, t1.PRECIO, t1.PROVEEDOR_ID, t0.ESP_NROREF FROM CATEGORIAESPECIFICACIONPROD t0, ESPECIFICACIONPRODUCTO t1 WHERE ((t0.CAT_NAME = ?) AND (t1.NROREFERENCIA = t0.ESP_NROREF))
	bind => [Galaxy Ace]
[EL Fine]: sql: 2014-10-09 10:12:54.987--ServerSession(1989311583)--Connection(1905800551)--Thread(Thread[AWT-EventQueue-0,6,main])--SELECT NOMBRE, PADRE FROM CATEGORIA WHERE (NOMBRE = ?)
	bind => [Blackberry]
[EL Fine]: sql: 2014-10-09 10:12:54.987--ServerSession(1989311583)--Connection(1905800551)--Thread(Thread[AWT-EventQueue-0,6,main])--SELECT t1.NROREFERENCIA, t1.DESCRIPCION, t1.NOMBRE, t1.PRECIO, t1.PROVEEDOR_ID, t0.ESP_NROREF FROM CATEGORIAESPECIFICACIONPROD t0, ESPECIFICACIONPRODUCTO t1 WHERE ((t0.CAT_NAME = ?) AND (t1.NROREFERENCIA = t0.ESP_NROREF))
	bind => [Blackberry]
[EL Fine]: sql: 2014-10-09 10:12:54.987--ServerSession(1989311583)--Connection(1905800551)--Thread(Thread[AWT-EventQueue-0,6,main])--SELECT NOMBRE, PADRE FROM CATEGORIA WHERE (NOMBRE = ?)
	bind => [Nokia]
[EL Fine]: sql: 2014-10-09 10:12:54.988--ServerSession(1989311583)--Connection(1905800551)--Thread(Thread[AWT-EventQueue-0,6,main])--SELECT t1.NROREFERENCIA, t1.DESCRIPCION, t1.NOMBRE, t1.PRECIO, t1.PROVEEDOR_ID, t0.ESP_NROREF FROM CATEGORIAESPECIFICACIONPROD t0, ESPECIFICACIONPRODUCTO t1 WHERE ((t0.CAT_NAME = ?) AND (t1.NROREFERENCIA = t0.ESP_NROREF))
	bind => [Nokia]
[EL Fine]: sql: 2014-10-09 10:12:54.988--ServerSession(1989311583)--Connection(1905800551)--Thread(Thread[AWT-EventQueue-0,6,main])--SELECT NOMBRE, PADRE FROM CATEGORIA WHERE (NOMBRE = ?)
	bind => [Accesorios]
[EL Fine]: sql: 2014-10-09 10:12:54.989--ServerSession(1989311583)--Connection(1905800551)--Thread(Thread[AWT-EventQueue-0,6,main])--SELECT t1.NROREFERENCIA, t1.DESCRIPCION, t1.NOMBRE, t1.PRECIO, t1.PROVEEDOR_ID, t0.ESP_NROREF FROM CATEGORIAESPECIFICACIONPROD t0, ESPECIFICACIONPRODUCTO t1 WHERE ((t0.CAT_NAME = ?) AND (t1.NROREFERENCIA = t0.ESP_NROREF))
	bind => [Accesorios]
[EL Fine]: sql: 2014-10-09 10:12:54.989--ServerSession(1989311583)--Connection(1905800551)--Thread(Thread[AWT-EventQueue-0,6,main])--SELECT NOMBRE, PADRE FROM CATEGORIA WHERE (NOMBRE = ?)
	bind => [Protectores]
[EL Fine]: sql: 2014-10-09 10:12:54.989--ServerSession(1989311583)--Connection(1905800551)--Thread(Thread[AWT-EventQueue-0,6,main])--SELECT t1.NROREFERENCIA, t1.DESCRIPCION, t1.NOMBRE, t1.PRECIO, t1.PROVEEDOR_ID, t0.ESP_NROREF FROM CATEGORIAESPECIFICACIONPROD t0, ESPECIFICACIONPRODUCTO t1 WHERE ((t0.CAT_NAME = ?) AND (t1.NROREFERENCIA = t0.ESP_NROREF))
	bind => [Protectores]
[EL Fine]: sql: 2014-10-09 10:12:54.99--ServerSession(1989311583)--Connection(1905800551)--Thread(Thread[AWT-EventQueue-0,6,main])--SELECT NOMBRE, PADRE FROM CATEGORIA WHERE (NOMBRE = ?)
	bind => [Baterías]
[EL Fine]: sql: 2014-10-09 10:12:54.99--ServerSession(1989311583)--Connection(1905800551)--Thread(Thread[AWT-EventQueue-0,6,main])--SELECT t1.NROREFERENCIA, t1.DESCRIPCION, t1.NOMBRE, t1.PRECIO, t1.PROVEEDOR_ID, t0.ESP_NROREF FROM CATEGORIAESPECIFICACIONPROD t0, ESPECIFICACIONPRODUCTO t1 WHERE ((t0.CAT_NAME = ?) AND (t1.NROREFERENCIA = t0.ESP_NROREF))
	bind => [Baterías]
[EL Fine]: sql: 2014-10-09 10:12:54.99--ServerSession(1989311583)--Connection(1905800551)--Thread(Thread[AWT-EventQueue-0,6,main])--SELECT NOMBRE, PADRE FROM CATEGORIA WHERE (NOMBRE = ?)
	bind => [Apple]
[EL Fine]: sql: 2014-10-09 10:12:54.991--ServerSession(1989311583)--Connection(1905800551)--Thread(Thread[AWT-EventQueue-0,6,main])--SELECT t1.NROREFERENCIA, t1.DESCRIPCION, t1.NOMBRE, t1.PRECIO, t1.PROVEEDOR_ID, t0.ESP_NROREF FROM CATEGORIAESPECIFICACIONPROD t0, ESPECIFICACIONPRODUCTO t1 WHERE ((t0.CAT_NAME = ?) AND (t1.NROREFERENCIA = t0.ESP_NROREF))
	bind => [Apple]
[EL Fine]: sql: 2014-10-09 10:12:54.991--ServerSession(1989311583)--Connection(1905800551)--Thread(Thread[AWT-EventQueue-0,6,main])--SELECT NOMBRE, PADRE FROM CATEGORIA WHERE (NOMBRE = ?)
	bind => [Videojuegos]
[EL Fine]: sql: 2014-10-09 10:12:54.991--ServerSession(1989311583)--Connection(1905800551)--Thread(Thread[AWT-EventQueue-0,6,main])--SELECT t1.NROREFERENCIA, t1.DESCRIPCION, t1.NOMBRE, t1.PRECIO, t1.PROVEEDOR_ID, t0.ESP_NROREF FROM CATEGORIAESPECIFICACIONPROD t0, ESPECIFICACIONPRODUCTO t1 WHERE ((t0.CAT_NAME = ?) AND (t1.NROREFERENCIA = t0.ESP_NROREF))
	bind => [Videojuegos]
[EL Fine]: sql: 2014-10-09 10:12:54.992--ServerSession(1989311583)--Connection(1905800551)--Thread(Thread[AWT-EventQueue-0,6,main])--SELECT NOMBRE, PADRE FROM CATEGORIA WHERE (NOMBRE = ?)
	bind => [Playstation]
[EL Fine]: sql: 2014-10-09 10:12:54.992--ServerSession(1989311583)--Connection(1905800551)--Thread(Thread[AWT-EventQueue-0,6,main])--SELECT t1.NROREFERENCIA, t1.DESCRIPCION, t1.NOMBRE, t1.PRECIO, t1.PROVEEDOR_ID, t0.ESP_NROREF FROM CATEGORIAESPECIFICACIONPROD t0, ESPECIFICACIONPRODUCTO t1 WHERE ((t0.CAT_NAME = ?) AND (t1.NROREFERENCIA = t0.ESP_NROREF))
	bind => [Playstation]
[EL Fine]: sql: 2014-10-09 10:12:54.992--ServerSession(1989311583)--Connection(1905800551)--Thread(Thread[AWT-EventQueue-0,6,main])--SELECT NOMBRE, PADRE FROM CATEGORIA WHERE (NOMBRE = ?)
	bind => [Xbox]
[EL Fine]: sql: 2014-10-09 10:12:54.993--ServerSession(1989311583)--Connection(1905800551)--Thread(Thread[AWT-EventQueue-0,6,main])--SELECT t1.NROREFERENCIA, t1.DESCRIPCION, t1.NOMBRE, t1.PRECIO, t1.PROVEEDOR_ID, t0.ESP_NROREF FROM CATEGORIAESPECIFICACIONPROD t0, ESPECIFICACIONPRODUCTO t1 WHERE ((t0.CAT_NAME = ?) AND (t1.NROREFERENCIA = t0.ESP_NROREF))
	bind => [Xbox]
[EL Fine]: sql: 2014-10-09 10:12:54.993--ServerSession(1989311583)--Connection(1905800551)--Thread(Thread[AWT-EventQueue-0,6,main])--SELECT NOMBRE, PADRE FROM CATEGORIA
[EL Fine]: sql: 2014-10-09 10:12:54.994--ServerSession(1989311583)--Connection(1905800551)--Thread(Thread[AWT-EventQueue-0,6,main])--SELECT NOMBRE, PADRE FROM CATEGORIA
[EL Fine]: sql: 2014-10-09 10:12:54.994--ServerSession(1989311583)--Connection(1905800551)--Thread(Thread[AWT-EventQueue-0,6,main])--SELECT NOMBRE, PADRE FROM CATEGORIA WHERE (NOMBRE = ?)
	bind => [Celulares]
[EL Fine]: sql: 2014-10-09 10:12:54.995--ServerSession(1989311583)--Connection(1905800551)--Thread(Thread[AWT-EventQueue-0,6,main])--SELECT t1.NROREFERENCIA, t1.DESCRIPCION, t1.NOMBRE, t1.PRECIO, t1.PROVEEDOR_ID, t0.ESP_NROREF FROM CATEGORIAESPECIFICACIONPROD t0, ESPECIFICACIONPRODUCTO t1 WHERE ((t0.CAT_NAME = ?) AND (t1.NROREFERENCIA = t0.ESP_NROREF))
	bind => [Celulares]
[EL Fine]: sql: 2014-10-09 10:12:54.995--ServerSession(1989311583)--Connection(1905800551)--Thread(Thread[AWT-EventQueue-0,6,main])--SELECT NOMBRE, PADRE FROM CATEGORIA WHERE (NOMBRE = ?)
	bind => [Sistemas Operativos]
[EL Fine]: sql: 2014-10-09 10:12:54.995--ServerSession(1989311583)--Connection(1905800551)--Thread(Thread[AWT-EventQueue-0,6,main])--SELECT t1.NROREFERENCIA, t1.DESCRIPCION, t1.NOMBRE, t1.PRECIO, t1.PROVEEDOR_ID, t0.ESP_NROREF FROM CATEGORIAESPECIFICACIONPROD t0, ESPECIFICACIONPRODUCTO t1 WHERE ((t0.CAT_NAME = ?) AND (t1.NROREFERENCIA = t0.ESP_NROREF))
	bind => [Sistemas Operativos]
[EL Fine]: sql: 2014-10-09 10:12:54.995--ServerSession(1989311583)--Connection(1905800551)--Thread(Thread[AWT-EventQueue-0,6,main])--SELECT NOMBRE, PADRE FROM CATEGORIA WHERE (NOMBRE = ?)
	bind => [iOS]
[EL Fine]: sql: 2014-10-09 10:12:54.996--ServerSession(1989311583)--Connection(1905800551)--Thread(Thread[AWT-EventQueue-0,6,main])--SELECT t1.NROREFERENCIA, t1.DESCRIPCION, t1.NOMBRE, t1.PRECIO, t1.PROVEEDOR_ID, t0.ESP_NROREF FROM CATEGORIAESPECIFICACIONPROD t0, ESPECIFICACIONPRODUCTO t1 WHERE ((t0.CAT_NAME = ?) AND (t1.NROREFERENCIA = t0.ESP_NROREF))
	bind => [iOS]
[EL Fine]: sql: 2014-10-09 10:12:54.996--ServerSession(1989311583)--Connection(1905800551)--Thread(Thread[AWT-EventQueue-0,6,main])--SELECT NOMBRE, PADRE FROM CATEGORIA WHERE (NOMBRE = ?)
	bind => [Android]
[EL Fine]: sql: 2014-10-09 10:12:54.996--ServerSession(1989311583)--Connection(1905800551)--Thread(Thread[AWT-EventQueue-0,6,main])--SELECT t1.NROREFERENCIA, t1.DESCRIPCION, t1.NOMBRE, t1.PRECIO, t1.PROVEEDOR_ID, t0.ESP_NROREF FROM CATEGORIAESPECIFICACIONPROD t0, ESPECIFICACIONPRODUCTO t1 WHERE ((t0.CAT_NAME = ?) AND (t1.NROREFERENCIA = t0.ESP_NROREF))
	bind => [Android]
[EL Fine]: sql: 2014-10-09 10:12:54.996--ServerSession(1989311583)--Connection(1905800551)--Thread(Thread[AWT-EventQueue-0,6,main])--SELECT NOMBRE, PADRE FROM CATEGORIA WHERE (NOMBRE = ?)
	bind => [Windows Phone]
[EL Fine]: sql: 2014-10-09 10:12:54.997--ServerSession(1989311583)--Connection(1905800551)--Thread(Thread[AWT-EventQueue-0,6,main])--SELECT t1.NROREFERENCIA, t1.DESCRIPCION, t1.NOMBRE, t1.PRECIO, t1.PROVEEDOR_ID, t0.ESP_NROREF FROM CATEGORIAESPECIFICACIONPROD t0, ESPECIFICACIONPRODUCTO t1 WHERE ((t0.CAT_NAME = ?) AND (t1.NROREFERENCIA = t0.ESP_NROREF))
	bind => [Windows Phone]
[EL Fine]: sql: 2014-10-09 10:12:54.997--ServerSession(1989311583)--Connection(1905800551)--Thread(Thread[AWT-EventQueue-0,6,main])--SELECT NOMBRE, PADRE FROM CATEGORIA WHERE (NOMBRE = ?)
	bind => [Symbian]
[EL Fine]: sql: 2014-10-09 10:12:54.997--ServerSession(1989311583)--Connection(1905800551)--Thread(Thread[AWT-EventQueue-0,6,main])--SELECT t1.NROREFERENCIA, t1.DESCRIPCION, t1.NOMBRE, t1.PRECIO, t1.PROVEEDOR_ID, t0.ESP_NROREF FROM CATEGORIAESPECIFICACIONPROD t0, ESPECIFICACIONPRODUCTO t1 WHERE ((t0.CAT_NAME = ?) AND (t1.NROREFERENCIA = t0.ESP_NROREF))
	bind => [Symbian]
[EL Fine]: sql: 2014-10-09 10:12:54.998--ServerSession(1989311583)--Connection(1905800551)--Thread(Thread[AWT-EventQueue-0,6,main])--SELECT NOMBRE, PADRE FROM CATEGORIA WHERE (NOMBRE = ?)
	bind => [Blackberry OS]
[EL Fine]: sql: 2014-10-09 10:12:54.998--ServerSession(1989311583)--Connection(1905800551)--Thread(Thread[AWT-EventQueue-0,6,main])--SELECT t1.NROREFERENCIA, t1.DESCRIPCION, t1.NOMBRE, t1.PRECIO, t1.PROVEEDOR_ID, t0.ESP_NROREF FROM CATEGORIAESPECIFICACIONPROD t0, ESPECIFICACIONPRODUCTO t1 WHERE ((t0.CAT_NAME = ?) AND (t1.NROREFERENCIA = t0.ESP_NROREF))
	bind => [Blackberry OS]
[EL Fine]: sql: 2014-10-09 10:12:54.998--ServerSession(1989311583)--Connection(1905800551)--Thread(Thread[AWT-EventQueue-0,6,main])--SELECT NOMBRE, PADRE FROM CATEGORIA WHERE (NOMBRE = ?)
	bind => [Equipos]
[EL Fine]: sql: 2014-10-09 10:12:54.998--ServerSession(1989311583)--Connection(1905800551)--Thread(Thread[AWT-EventQueue-0,6,main])--SELECT t1.NROREFERENCIA, t1.DESCRIPCION, t1.NOMBRE, t1.PRECIO, t1.PROVEEDOR_ID, t0.ESP_NROREF FROM CATEGORIAESPECIFICACIONPROD t0, ESPECIFICACIONPRODUCTO t1 WHERE ((t0.CAT_NAME = ?) AND (t1.NROREFERENCIA = t0.ESP_NROREF))
	bind => [Equipos]
[EL Fine]: sql: 2014-10-09 10:12:54.999--ServerSession(1989311583)--Connection(1905800551)--Thread(Thread[AWT-EventQueue-0,6,main])--SELECT NOMBRE, PADRE FROM CATEGORIA WHERE (NOMBRE = ?)
	bind => [iPhone]
[EL Fine]: sql: 2014-10-09 10:12:54.999--ServerSession(1989311583)--Connection(1905800551)--Thread(Thread[AWT-EventQueue-0,6,main])--SELECT t1.NROREFERENCIA, t1.DESCRIPCION, t1.NOMBRE, t1.PRECIO, t1.PROVEEDOR_ID, t0.ESP_NROREF FROM CATEGORIAESPECIFICACIONPROD t0, ESPECIFICACIONPRODUCTO t1 WHERE ((t0.CAT_NAME = ?) AND (t1.NROREFERENCIA = t0.ESP_NROREF))
	bind => [iPhone]
[EL Fine]: sql: 2014-10-09 10:12:54.999--ServerSession(1989311583)--Connection(1905800551)--Thread(Thread[AWT-EventQueue-0,6,main])--SELECT NOMBRE, PADRE FROM CATEGORIA WHERE (NOMBRE = ?)
	bind => [Nexus]
[EL Fine]: sql: 2014-10-09 10:12:55.0--ServerSession(1989311583)--Connection(1905800551)--Thread(Thread[AWT-EventQueue-0,6,main])--SELECT t1.NROREFERENCIA, t1.DESCRIPCION, t1.NOMBRE, t1.PRECIO, t1.PROVEEDOR_ID, t0.ESP_NROREF FROM CATEGORIAESPECIFICACIONPROD t0, ESPECIFICACIONPRODUCTO t1 WHERE ((t0.CAT_NAME = ?) AND (t1.NROREFERENCIA = t0.ESP_NROREF))
	bind => [Nexus]
[EL Fine]: sql: 2014-10-09 10:12:55.0--ServerSession(1989311583)--Connection(1905800551)--Thread(Thread[AWT-EventQueue-0,6,main])--SELECT NOMBRE, PADRE FROM CATEGORIA WHERE (NOMBRE = ?)
	bind => [Samsung]
[EL Fine]: sql: 2014-10-09 10:12:55.0--ServerSession(1989311583)--Connection(1905800551)--Thread(Thread[AWT-EventQueue-0,6,main])--SELECT t1.NROREFERENCIA, t1.DESCRIPCION, t1.NOMBRE, t1.PRECIO, t1.PROVEEDOR_ID, t0.ESP_NROREF FROM CATEGORIAESPECIFICACIONPROD t0, ESPECIFICACIONPRODUCTO t1 WHERE ((t0.CAT_NAME = ?) AND (t1.NROREFERENCIA = t0.ESP_NROREF))
	bind => [Samsung]
[EL Fine]: sql: 2014-10-09 10:12:55.001--ServerSession(1989311583)--Connection(1905800551)--Thread(Thread[AWT-EventQueue-0,6,main])--SELECT NOMBRE, PADRE FROM CATEGORIA WHERE (NOMBRE = ?)
	bind => [Galaxy S3]
[EL Fine]: sql: 2014-10-09 10:12:55.001--ServerSession(1989311583)--Connection(1905800551)--Thread(Thread[AWT-EventQueue-0,6,main])--SELECT t1.NROREFERENCIA, t1.DESCRIPCION, t1.NOMBRE, t1.PRECIO, t1.PROVEEDOR_ID, t0.ESP_NROREF FROM CATEGORIAESPECIFICACIONPROD t0, ESPECIFICACIONPRODUCTO t1 WHERE ((t0.CAT_NAME = ?) AND (t1.NROREFERENCIA = t0.ESP_NROREF))
	bind => [Galaxy S3]
[EL Fine]: sql: 2014-10-09 10:12:55.002--ServerSession(1989311583)--Connection(1905800551)--Thread(Thread[AWT-EventQueue-0,6,main])--SELECT NOMBRE, PADRE FROM CATEGORIA WHERE (NOMBRE = ?)
	bind => [Galaxy S4]
[EL Fine]: sql: 2014-10-09 10:12:55.002--ServerSession(1989311583)--Connection(1905800551)--Thread(Thread[AWT-EventQueue-0,6,main])--SELECT t1.NROREFERENCIA, t1.DESCRIPCION, t1.NOMBRE, t1.PRECIO, t1.PROVEEDOR_ID, t0.ESP_NROREF FROM CATEGORIAESPECIFICACIONPROD t0, ESPECIFICACIONPRODUCTO t1 WHERE ((t0.CAT_NAME = ?) AND (t1.NROREFERENCIA = t0.ESP_NROREF))
	bind => [Galaxy S4]
[EL Fine]: sql: 2014-10-09 10:12:55.003--ServerSession(1989311583)--Connection(1905800551)--Thread(Thread[AWT-EventQueue-0,6,main])--SELECT NOMBRE, PADRE FROM CATEGORIA WHERE (NOMBRE = ?)
	bind => [Galaxy Ace]
[EL Fine]: sql: 2014-10-09 10:12:55.003--ServerSession(1989311583)--Connection(1905800551)--Thread(Thread[AWT-EventQueue-0,6,main])--SELECT t1.NROREFERENCIA, t1.DESCRIPCION, t1.NOMBRE, t1.PRECIO, t1.PROVEEDOR_ID, t0.ESP_NROREF FROM CATEGORIAESPECIFICACIONPROD t0, ESPECIFICACIONPRODUCTO t1 WHERE ((t0.CAT_NAME = ?) AND (t1.NROREFERENCIA = t0.ESP_NROREF))
	bind => [Galaxy Ace]
[EL Fine]: sql: 2014-10-09 10:12:55.004--ServerSession(1989311583)--Connection(1905800551)--Thread(Thread[AWT-EventQueue-0,6,main])--SELECT NOMBRE, PADRE FROM CATEGORIA WHERE (NOMBRE = ?)
	bind => [Blackberry]
[EL Fine]: sql: 2014-10-09 10:12:55.004--ServerSession(1989311583)--Connection(1905800551)--Thread(Thread[AWT-EventQueue-0,6,main])--SELECT t1.NROREFERENCIA, t1.DESCRIPCION, t1.NOMBRE, t1.PRECIO, t1.PROVEEDOR_ID, t0.ESP_NROREF FROM CATEGORIAESPECIFICACIONPROD t0, ESPECIFICACIONPRODUCTO t1 WHERE ((t0.CAT_NAME = ?) AND (t1.NROREFERENCIA = t0.ESP_NROREF))
	bind => [Blackberry]
[EL Fine]: sql: 2014-10-09 10:12:55.004--ServerSession(1989311583)--Connection(1905800551)--Thread(Thread[AWT-EventQueue-0,6,main])--SELECT NOMBRE, PADRE FROM CATEGORIA WHERE (NOMBRE = ?)
	bind => [Nokia]
[EL Fine]: sql: 2014-10-09 10:12:55.005--ServerSession(1989311583)--Connection(1905800551)--Thread(Thread[AWT-EventQueue-0,6,main])--SELECT t1.NROREFERENCIA, t1.DESCRIPCION, t1.NOMBRE, t1.PRECIO, t1.PROVEEDOR_ID, t0.ESP_NROREF FROM CATEGORIAESPECIFICACIONPROD t0, ESPECIFICACIONPRODUCTO t1 WHERE ((t0.CAT_NAME = ?) AND (t1.NROREFERENCIA = t0.ESP_NROREF))
	bind => [Nokia]
[EL Fine]: sql: 2014-10-09 10:12:55.005--ServerSession(1989311583)--Connection(1905800551)--Thread(Thread[AWT-EventQueue-0,6,main])--SELECT NOMBRE, PADRE FROM CATEGORIA WHERE (NOMBRE = ?)
	bind => [Accesorios]
[EL Fine]: sql: 2014-10-09 10:12:55.005--ServerSession(1989311583)--Connection(1905800551)--Thread(Thread[AWT-EventQueue-0,6,main])--SELECT t1.NROREFERENCIA, t1.DESCRIPCION, t1.NOMBRE, t1.PRECIO, t1.PROVEEDOR_ID, t0.ESP_NROREF FROM CATEGORIAESPECIFICACIONPROD t0, ESPECIFICACIONPRODUCTO t1 WHERE ((t0.CAT_NAME = ?) AND (t1.NROREFERENCIA = t0.ESP_NROREF))
	bind => [Accesorios]
[EL Fine]: sql: 2014-10-09 10:12:55.006--ServerSession(1989311583)--Connection(1905800551)--Thread(Thread[AWT-EventQueue-0,6,main])--SELECT NOMBRE, PADRE FROM CATEGORIA WHERE (NOMBRE = ?)
	bind => [Protectores]
[EL Fine]: sql: 2014-10-09 10:12:55.007--ServerSession(1989311583)--Connection(1905800551)--Thread(Thread[AWT-EventQueue-0,6,main])--SELECT t1.NROREFERENCIA, t1.DESCRIPCION, t1.NOMBRE, t1.PRECIO, t1.PROVEEDOR_ID, t0.ESP_NROREF FROM CATEGORIAESPECIFICACIONPROD t0, ESPECIFICACIONPRODUCTO t1 WHERE ((t0.CAT_NAME = ?) AND (t1.NROREFERENCIA = t0.ESP_NROREF))
	bind => [Protectores]
[EL Fine]: sql: 2014-10-09 10:12:55.008--ServerSession(1989311583)--Connection(1905800551)--Thread(Thread[AWT-EventQueue-0,6,main])--SELECT NOMBRE, PADRE FROM CATEGORIA WHERE (NOMBRE = ?)
	bind => [Baterías]
[EL Fine]: sql: 2014-10-09 10:12:55.008--ServerSession(1989311583)--Connection(1905800551)--Thread(Thread[AWT-EventQueue-0,6,main])--SELECT t1.NROREFERENCIA, t1.DESCRIPCION, t1.NOMBRE, t1.PRECIO, t1.PROVEEDOR_ID, t0.ESP_NROREF FROM CATEGORIAESPECIFICACIONPROD t0, ESPECIFICACIONPRODUCTO t1 WHERE ((t0.CAT_NAME = ?) AND (t1.NROREFERENCIA = t0.ESP_NROREF))
	bind => [Baterías]
[EL Fine]: sql: 2014-10-09 10:12:55.008--ServerSession(1989311583)--Connection(1905800551)--Thread(Thread[AWT-EventQueue-0,6,main])--SELECT NOMBRE, PADRE FROM CATEGORIA WHERE (NOMBRE = ?)
	bind => [Apple]
[EL Fine]: sql: 2014-10-09 10:12:55.009--ServerSession(1989311583)--Connection(1905800551)--Thread(Thread[AWT-EventQueue-0,6,main])--SELECT t1.NROREFERENCIA, t1.DESCRIPCION, t1.NOMBRE, t1.PRECIO, t1.PROVEEDOR_ID, t0.ESP_NROREF FROM CATEGORIAESPECIFICACIONPROD t0, ESPECIFICACIONPRODUCTO t1 WHERE ((t0.CAT_NAME = ?) AND (t1.NROREFERENCIA = t0.ESP_NROREF))
	bind => [Apple]
[EL Fine]: sql: 2014-10-09 10:12:55.009--ServerSession(1989311583)--Connection(1905800551)--Thread(Thread[AWT-EventQueue-0,6,main])--SELECT NOMBRE, PADRE FROM CATEGORIA WHERE (NOMBRE = ?)
	bind => [Videojuegos]
[EL Fine]: sql: 2014-10-09 10:12:55.009--ServerSession(1989311583)--Connection(1905800551)--Thread(Thread[AWT-EventQueue-0,6,main])--SELECT t1.NROREFERENCIA, t1.DESCRIPCION, t1.NOMBRE, t1.PRECIO, t1.PROVEEDOR_ID, t0.ESP_NROREF FROM CATEGORIAESPECIFICACIONPROD t0, ESPECIFICACIONPRODUCTO t1 WHERE ((t0.CAT_NAME = ?) AND (t1.NROREFERENCIA = t0.ESP_NROREF))
	bind => [Videojuegos]
[EL Fine]: sql: 2014-10-09 10:12:55.009--ServerSession(1989311583)--Connection(1905800551)--Thread(Thread[AWT-EventQueue-0,6,main])--SELECT NOMBRE, PADRE FROM CATEGORIA WHERE (NOMBRE = ?)
	bind => [Playstation]
[EL Fine]: sql: 2014-10-09 10:12:55.01--ServerSession(1989311583)--Connection(1905800551)--Thread(Thread[AWT-EventQueue-0,6,main])--SELECT t1.NROREFERENCIA, t1.DESCRIPCION, t1.NOMBRE, t1.PRECIO, t1.PROVEEDOR_ID, t0.ESP_NROREF FROM CATEGORIAESPECIFICACIONPROD t0, ESPECIFICACIONPRODUCTO t1 WHERE ((t0.CAT_NAME = ?) AND (t1.NROREFERENCIA = t0.ESP_NROREF))
	bind => [Playstation]
[EL Fine]: sql: 2014-10-09 10:12:55.01--ServerSession(1989311583)--Connection(1905800551)--Thread(Thread[AWT-EventQueue-0,6,main])--SELECT NOMBRE, PADRE FROM CATEGORIA WHERE (NOMBRE = ?)
	bind => [Xbox]
[EL Fine]: sql: 2014-10-09 10:12:55.01--ServerSession(1989311583)--Connection(1905800551)--Thread(Thread[AWT-EventQueue-0,6,main])--SELECT t1.NROREFERENCIA, t1.DESCRIPCION, t1.NOMBRE, t1.PRECIO, t1.PROVEEDOR_ID, t0.ESP_NROREF FROM CATEGORIAESPECIFICACIONPROD t0, ESPECIFICACIONPRODUCTO t1 WHERE ((t0.CAT_NAME = ?) AND (t1.NROREFERENCIA = t0.ESP_NROREF))
	bind => [Xbox]
[EL Fine]: sql: 2014-10-09 10:12:55.011--ServerSession(1989311583)--Connection(1905800551)--Thread(Thread[AWT-EventQueue-0,6,main])--SELECT NOMBRE, PADRE FROM CATEGORIA
[EL Fine]: sql: 2014-10-09 10:12:55.011--ServerSession(1989311583)--Connection(1905800551)--Thread(Thread[AWT-EventQueue-0,6,main])--SELECT NOMBRE, PADRE FROM CATEGORIA
[EL Fine]: sql: 2014-10-09 10:12:55.011--ServerSession(1989311583)--Connection(1905800551)--Thread(Thread[AWT-EventQueue-0,6,main])--SELECT NOMBRE, PADRE FROM CATEGORIA WHERE (NOMBRE = ?)
	bind => [Celulares]
[EL Fine]: sql: 2014-10-09 10:12:55.012--ServerSession(1989311583)--Connection(1905800551)--Thread(Thread[AWT-EventQueue-0,6,main])--SELECT t1.NROREFERENCIA, t1.DESCRIPCION, t1.NOMBRE, t1.PRECIO, t1.PROVEEDOR_ID, t0.ESP_NROREF FROM CATEGORIAESPECIFICACIONPROD t0, ESPECIFICACIONPRODUCTO t1 WHERE ((t0.CAT_NAME = ?) AND (t1.NROREFERENCIA = t0.ESP_NROREF))
	bind => [Celulares]
[EL Fine]: sql: 2014-10-09 10:12:55.012--ServerSession(1989311583)--Connection(1905800551)--Thread(Thread[AWT-EventQueue-0,6,main])--SELECT NOMBRE, PADRE FROM CATEGORIA WHERE (NOMBRE = ?)
	bind => [Sistemas Operativos]
[EL Fine]: sql: 2014-10-09 10:12:55.013--ServerSession(1989311583)--Connection(1905800551)--Thread(Thread[AWT-EventQueue-0,6,main])--SELECT t1.NROREFERENCIA, t1.DESCRIPCION, t1.NOMBRE, t1.PRECIO, t1.PROVEEDOR_ID, t0.ESP_NROREF FROM CATEGORIAESPECIFICACIONPROD t0, ESPECIFICACIONPRODUCTO t1 WHERE ((t0.CAT_NAME = ?) AND (t1.NROREFERENCIA = t0.ESP_NROREF))
	bind => [Sistemas Operativos]
[EL Fine]: sql: 2014-10-09 10:12:55.013--ServerSession(1989311583)--Connection(1905800551)--Thread(Thread[AWT-EventQueue-0,6,main])--SELECT NOMBRE, PADRE FROM CATEGORIA WHERE (NOMBRE = ?)
	bind => [iOS]
[EL Fine]: sql: 2014-10-09 10:12:55.014--ServerSession(1989311583)--Connection(1905800551)--Thread(Thread[AWT-EventQueue-0,6,main])--SELECT t1.NROREFERENCIA, t1.DESCRIPCION, t1.NOMBRE, t1.PRECIO, t1.PROVEEDOR_ID, t0.ESP_NROREF FROM CATEGORIAESPECIFICACIONPROD t0, ESPECIFICACIONPRODUCTO t1 WHERE ((t0.CAT_NAME = ?) AND (t1.NROREFERENCIA = t0.ESP_NROREF))
	bind => [iOS]
[EL Fine]: sql: 2014-10-09 10:12:55.014--ServerSession(1989311583)--Connection(1905800551)--Thread(Thread[AWT-EventQueue-0,6,main])--SELECT NOMBRE, PADRE FROM CATEGORIA WHERE (NOMBRE = ?)
	bind => [Android]
[EL Fine]: sql: 2014-10-09 10:12:55.014--ServerSession(1989311583)--Connection(1905800551)--Thread(Thread[AWT-EventQueue-0,6,main])--SELECT t1.NROREFERENCIA, t1.DESCRIPCION, t1.NOMBRE, t1.PRECIO, t1.PROVEEDOR_ID, t0.ESP_NROREF FROM CATEGORIAESPECIFICACIONPROD t0, ESPECIFICACIONPRODUCTO t1 WHERE ((t0.CAT_NAME = ?) AND (t1.NROREFERENCIA = t0.ESP_NROREF))
	bind => [Android]
[EL Fine]: sql: 2014-10-09 10:12:55.015--ServerSession(1989311583)--Connection(1905800551)--Thread(Thread[AWT-EventQueue-0,6,main])--SELECT NOMBRE, PADRE FROM CATEGORIA WHERE (NOMBRE = ?)
	bind => [Windows Phone]
[EL Fine]: sql: 2014-10-09 10:12:55.015--ServerSession(1989311583)--Connection(1905800551)--Thread(Thread[AWT-EventQueue-0,6,main])--SELECT t1.NROREFERENCIA, t1.DESCRIPCION, t1.NOMBRE, t1.PRECIO, t1.PROVEEDOR_ID, t0.ESP_NROREF FROM CATEGORIAESPECIFICACIONPROD t0, ESPECIFICACIONPRODUCTO t1 WHERE ((t0.CAT_NAME = ?) AND (t1.NROREFERENCIA = t0.ESP_NROREF))
	bind => [Windows Phone]
[EL Fine]: sql: 2014-10-09 10:12:55.015--ServerSession(1989311583)--Connection(1905800551)--Thread(Thread[AWT-EventQueue-0,6,main])--SELECT NOMBRE, PADRE FROM CATEGORIA WHERE (NOMBRE = ?)
	bind => [Symbian]
[EL Fine]: sql: 2014-10-09 10:12:55.015--ServerSession(1989311583)--Connection(1905800551)--Thread(Thread[AWT-EventQueue-0,6,main])--SELECT t1.NROREFERENCIA, t1.DESCRIPCION, t1.NOMBRE, t1.PRECIO, t1.PROVEEDOR_ID, t0.ESP_NROREF FROM CATEGORIAESPECIFICACIONPROD t0, ESPECIFICACIONPRODUCTO t1 WHERE ((t0.CAT_NAME = ?) AND (t1.NROREFERENCIA = t0.ESP_NROREF))
	bind => [Symbian]
[EL Fine]: sql: 2014-10-09 10:12:55.016--ServerSession(1989311583)--Connection(1905800551)--Thread(Thread[AWT-EventQueue-0,6,main])--SELECT NOMBRE, PADRE FROM CATEGORIA WHERE (NOMBRE = ?)
	bind => [Blackberry OS]
[EL Fine]: sql: 2014-10-09 10:12:55.016--ServerSession(1989311583)--Connection(1905800551)--Thread(Thread[AWT-EventQueue-0,6,main])--SELECT t1.NROREFERENCIA, t1.DESCRIPCION, t1.NOMBRE, t1.PRECIO, t1.PROVEEDOR_ID, t0.ESP_NROREF FROM CATEGORIAESPECIFICACIONPROD t0, ESPECIFICACIONPRODUCTO t1 WHERE ((t0.CAT_NAME = ?) AND (t1.NROREFERENCIA = t0.ESP_NROREF))
	bind => [Blackberry OS]
[EL Fine]: sql: 2014-10-09 10:12:55.016--ServerSession(1989311583)--Connection(1905800551)--Thread(Thread[AWT-EventQueue-0,6,main])--SELECT NOMBRE, PADRE FROM CATEGORIA WHERE (NOMBRE = ?)
	bind => [Equipos]
[EL Fine]: sql: 2014-10-09 10:12:55.017--ServerSession(1989311583)--Connection(1905800551)--Thread(Thread[AWT-EventQueue-0,6,main])--SELECT t1.NROREFERENCIA, t1.DESCRIPCION, t1.NOMBRE, t1.PRECIO, t1.PROVEEDOR_ID, t0.ESP_NROREF FROM CATEGORIAESPECIFICACIONPROD t0, ESPECIFICACIONPRODUCTO t1 WHERE ((t0.CAT_NAME = ?) AND (t1.NROREFERENCIA = t0.ESP_NROREF))
	bind => [Equipos]
[EL Fine]: sql: 2014-10-09 10:12:55.017--ServerSession(1989311583)--Connection(1905800551)--Thread(Thread[AWT-EventQueue-0,6,main])--SELECT NOMBRE, PADRE FROM CATEGORIA WHERE (NOMBRE = ?)
	bind => [iPhone]
[EL Fine]: sql: 2014-10-09 10:12:55.017--ServerSession(1989311583)--Connection(1905800551)--Thread(Thread[AWT-EventQueue-0,6,main])--SELECT t1.NROREFERENCIA, t1.DESCRIPCION, t1.NOMBRE, t1.PRECIO, t1.PROVEEDOR_ID, t0.ESP_NROREF FROM CATEGORIAESPECIFICACIONPROD t0, ESPECIFICACIONPRODUCTO t1 WHERE ((t0.CAT_NAME = ?) AND (t1.NROREFERENCIA = t0.ESP_NROREF))
	bind => [iPhone]
[EL Fine]: sql: 2014-10-09 10:12:55.017--ServerSession(1989311583)--Connection(1905800551)--Thread(Thread[AWT-EventQueue-0,6,main])--SELECT NOMBRE, PADRE FROM CATEGORIA WHERE (NOMBRE = ?)
	bind => [Nexus]
[EL Fine]: sql: 2014-10-09 10:12:55.018--ServerSession(1989311583)--Connection(1905800551)--Thread(Thread[AWT-EventQueue-0,6,main])--SELECT t1.NROREFERENCIA, t1.DESCRIPCION, t1.NOMBRE, t1.PRECIO, t1.PROVEEDOR_ID, t0.ESP_NROREF FROM CATEGORIAESPECIFICACIONPROD t0, ESPECIFICACIONPRODUCTO t1 WHERE ((t0.CAT_NAME = ?) AND (t1.NROREFERENCIA = t0.ESP_NROREF))
	bind => [Nexus]
[EL Fine]: sql: 2014-10-09 10:12:55.018--ServerSession(1989311583)--Connection(1905800551)--Thread(Thread[AWT-EventQueue-0,6,main])--SELECT NOMBRE, PADRE FROM CATEGORIA WHERE (NOMBRE = ?)
	bind => [Samsung]
[EL Fine]: sql: 2014-10-09 10:12:55.018--ServerSession(1989311583)--Connection(1905800551)--Thread(Thread[AWT-EventQueue-0,6,main])--SELECT t1.NROREFERENCIA, t1.DESCRIPCION, t1.NOMBRE, t1.PRECIO, t1.PROVEEDOR_ID, t0.ESP_NROREF FROM CATEGORIAESPECIFICACIONPROD t0, ESPECIFICACIONPRODUCTO t1 WHERE ((t0.CAT_NAME = ?) AND (t1.NROREFERENCIA = t0.ESP_NROREF))
	bind => [Samsung]
[EL Fine]: sql: 2014-10-09 10:12:55.019--ServerSession(1989311583)--Connection(1905800551)--Thread(Thread[AWT-EventQueue-0,6,main])--SELECT NOMBRE, PADRE FROM CATEGORIA WHERE (NOMBRE = ?)
	bind => [Galaxy S3]
[EL Fine]: sql: 2014-10-09 10:12:55.019--ServerSession(1989311583)--Connection(1905800551)--Thread(Thread[AWT-EventQueue-0,6,main])--SELECT t1.NROREFERENCIA, t1.DESCRIPCION, t1.NOMBRE, t1.PRECIO, t1.PROVEEDOR_ID, t0.ESP_NROREF FROM CATEGORIAESPECIFICACIONPROD t0, ESPECIFICACIONPRODUCTO t1 WHERE ((t0.CAT_NAME = ?) AND (t1.NROREFERENCIA = t0.ESP_NROREF))
	bind => [Galaxy S3]
[EL Fine]: sql: 2014-10-09 10:12:55.019--ServerSession(1989311583)--Connection(1905800551)--Thread(Thread[AWT-EventQueue-0,6,main])--SELECT NOMBRE, PADRE FROM CATEGORIA WHERE (NOMBRE = ?)
	bind => [Galaxy S4]
[EL Fine]: sql: 2014-10-09 10:12:55.02--ServerSession(1989311583)--Connection(1905800551)--Thread(Thread[AWT-EventQueue-0,6,main])--SELECT t1.NROREFERENCIA, t1.DESCRIPCION, t1.NOMBRE, t1.PRECIO, t1.PROVEEDOR_ID, t0.ESP_NROREF FROM CATEGORIAESPECIFICACIONPROD t0, ESPECIFICACIONPRODUCTO t1 WHERE ((t0.CAT_NAME = ?) AND (t1.NROREFERENCIA = t0.ESP_NROREF))
	bind => [Galaxy S4]
[EL Fine]: sql: 2014-10-09 10:12:55.02--ServerSession(1989311583)--Connection(1905800551)--Thread(Thread[AWT-EventQueue-0,6,main])--SELECT NOMBRE, PADRE FROM CATEGORIA WHERE (NOMBRE = ?)
	bind => [Galaxy Ace]
[EL Fine]: sql: 2014-10-09 10:12:55.02--ServerSession(1989311583)--Connection(1905800551)--Thread(Thread[AWT-EventQueue-0,6,main])--SELECT t1.NROREFERENCIA, t1.DESCRIPCION, t1.NOMBRE, t1.PRECIO, t1.PROVEEDOR_ID, t0.ESP_NROREF FROM CATEGORIAESPECIFICACIONPROD t0, ESPECIFICACIONPRODUCTO t1 WHERE ((t0.CAT_NAME = ?) AND (t1.NROREFERENCIA = t0.ESP_NROREF))
	bind => [Galaxy Ace]
[EL Fine]: sql: 2014-10-09 10:12:55.021--ServerSession(1989311583)--Connection(1905800551)--Thread(Thread[AWT-EventQueue-0,6,main])--SELECT NOMBRE, PADRE FROM CATEGORIA WHERE (NOMBRE = ?)
	bind => [Blackberry]
[EL Fine]: sql: 2014-10-09 10:12:55.021--ServerSession(1989311583)--Connection(1905800551)--Thread(Thread[AWT-EventQueue-0,6,main])--SELECT t1.NROREFERENCIA, t1.DESCRIPCION, t1.NOMBRE, t1.PRECIO, t1.PROVEEDOR_ID, t0.ESP_NROREF FROM CATEGORIAESPECIFICACIONPROD t0, ESPECIFICACIONPRODUCTO t1 WHERE ((t0.CAT_NAME = ?) AND (t1.NROREFERENCIA = t0.ESP_NROREF))
	bind => [Blackberry]
[EL Fine]: sql: 2014-10-09 10:12:55.022--ServerSession(1989311583)--Connection(1905800551)--Thread(Thread[AWT-EventQueue-0,6,main])--SELECT NOMBRE, PADRE FROM CATEGORIA WHERE (NOMBRE = ?)
	bind => [Nokia]
[EL Fine]: sql: 2014-10-09 10:12:55.022--ServerSession(1989311583)--Connection(1905800551)--Thread(Thread[AWT-EventQueue-0,6,main])--SELECT t1.NROREFERENCIA, t1.DESCRIPCION, t1.NOMBRE, t1.PRECIO, t1.PROVEEDOR_ID, t0.ESP_NROREF FROM CATEGORIAESPECIFICACIONPROD t0, ESPECIFICACIONPRODUCTO t1 WHERE ((t0.CAT_NAME = ?) AND (t1.NROREFERENCIA = t0.ESP_NROREF))
	bind => [Nokia]
[EL Fine]: sql: 2014-10-09 10:12:55.022--ServerSession(1989311583)--Connection(1905800551)--Thread(Thread[AWT-EventQueue-0,6,main])--SELECT NOMBRE, PADRE FROM CATEGORIA WHERE (NOMBRE = ?)
	bind => [Accesorios]
[EL Fine]: sql: 2014-10-09 10:12:55.022--ServerSession(1989311583)--Connection(1905800551)--Thread(Thread[AWT-EventQueue-0,6,main])--SELECT t1.NROREFERENCIA, t1.DESCRIPCION, t1.NOMBRE, t1.PRECIO, t1.PROVEEDOR_ID, t0.ESP_NROREF FROM CATEGORIAESPECIFICACIONPROD t0, ESPECIFICACIONPRODUCTO t1 WHERE ((t0.CAT_NAME = ?) AND (t1.NROREFERENCIA = t0.ESP_NROREF))
	bind => [Accesorios]
[EL Fine]: sql: 2014-10-09 10:12:55.023--ServerSession(1989311583)--Connection(1905800551)--Thread(Thread[AWT-EventQueue-0,6,main])--SELECT NOMBRE, PADRE FROM CATEGORIA WHERE (NOMBRE = ?)
	bind => [Protectores]
[EL Fine]: sql: 2014-10-09 10:12:55.023--ServerSession(1989311583)--Connection(1905800551)--Thread(Thread[AWT-EventQueue-0,6,main])--SELECT t1.NROREFERENCIA, t1.DESCRIPCION, t1.NOMBRE, t1.PRECIO, t1.PROVEEDOR_ID, t0.ESP_NROREF FROM CATEGORIAESPECIFICACIONPROD t0, ESPECIFICACIONPRODUCTO t1 WHERE ((t0.CAT_NAME = ?) AND (t1.NROREFERENCIA = t0.ESP_NROREF))
	bind => [Protectores]
[EL Fine]: sql: 2014-10-09 10:12:55.023--ServerSession(1989311583)--Connection(1905800551)--Thread(Thread[AWT-EventQueue-0,6,main])--SELECT NOMBRE, PADRE FROM CATEGORIA WHERE (NOMBRE = ?)
	bind => [Baterías]
[EL Fine]: sql: 2014-10-09 10:12:55.024--ServerSession(1989311583)--Connection(1905800551)--Thread(Thread[AWT-EventQueue-0,6,main])--SELECT t1.NROREFERENCIA, t1.DESCRIPCION, t1.NOMBRE, t1.PRECIO, t1.PROVEEDOR_ID, t0.ESP_NROREF FROM CATEGORIAESPECIFICACIONPROD t0, ESPECIFICACIONPRODUCTO t1 WHERE ((t0.CAT_NAME = ?) AND (t1.NROREFERENCIA = t0.ESP_NROREF))
	bind => [Baterías]
[EL Fine]: sql: 2014-10-09 10:12:55.024--ServerSession(1989311583)--Connection(1905800551)--Thread(Thread[AWT-EventQueue-0,6,main])--SELECT NOMBRE, PADRE FROM CATEGORIA WHERE (NOMBRE = ?)
	bind => [Apple]
[EL Fine]: sql: 2014-10-09 10:12:55.024--ServerSession(1989311583)--Connection(1905800551)--Thread(Thread[AWT-EventQueue-0,6,main])--SELECT t1.NROREFERENCIA, t1.DESCRIPCION, t1.NOMBRE, t1.PRECIO, t1.PROVEEDOR_ID, t0.ESP_NROREF FROM CATEGORIAESPECIFICACIONPROD t0, ESPECIFICACIONPRODUCTO t1 WHERE ((t0.CAT_NAME = ?) AND (t1.NROREFERENCIA = t0.ESP_NROREF))
	bind => [Apple]
[EL Fine]: sql: 2014-10-09 10:12:55.025--ServerSession(1989311583)--Connection(1905800551)--Thread(Thread[AWT-EventQueue-0,6,main])--SELECT NOMBRE, PADRE FROM CATEGORIA WHERE (NOMBRE = ?)
	bind => [Videojuegos]
[EL Fine]: sql: 2014-10-09 10:12:55.025--ServerSession(1989311583)--Connection(1905800551)--Thread(Thread[AWT-EventQueue-0,6,main])--SELECT t1.NROREFERENCIA, t1.DESCRIPCION, t1.NOMBRE, t1.PRECIO, t1.PROVEEDOR_ID, t0.ESP_NROREF FROM CATEGORIAESPECIFICACIONPROD t0, ESPECIFICACIONPRODUCTO t1 WHERE ((t0.CAT_NAME = ?) AND (t1.NROREFERENCIA = t0.ESP_NROREF))
	bind => [Videojuegos]
[EL Fine]: sql: 2014-10-09 10:12:55.025--ServerSession(1989311583)--Connection(1905800551)--Thread(Thread[AWT-EventQueue-0,6,main])--SELECT NOMBRE, PADRE FROM CATEGORIA WHERE (NOMBRE = ?)
	bind => [Playstation]
[EL Fine]: sql: 2014-10-09 10:12:55.025--ServerSession(1989311583)--Connection(1905800551)--Thread(Thread[AWT-EventQueue-0,6,main])--SELECT t1.NROREFERENCIA, t1.DESCRIPCION, t1.NOMBRE, t1.PRECIO, t1.PROVEEDOR_ID, t0.ESP_NROREF FROM CATEGORIAESPECIFICACIONPROD t0, ESPECIFICACIONPRODUCTO t1 WHERE ((t0.CAT_NAME = ?) AND (t1.NROREFERENCIA = t0.ESP_NROREF))
	bind => [Playstation]
[EL Fine]: sql: 2014-10-09 10:12:55.026--ServerSession(1989311583)--Connection(1905800551)--Thread(Thread[AWT-EventQueue-0,6,main])--SELECT NOMBRE, PADRE FROM CATEGORIA WHERE (NOMBRE = ?)
	bind => [Xbox]
[EL Fine]: sql: 2014-10-09 10:12:55.026--ServerSession(1989311583)--Connection(1905800551)--Thread(Thread[AWT-EventQueue-0,6,main])--SELECT t1.NROREFERENCIA, t1.DESCRIPCION, t1.NOMBRE, t1.PRECIO, t1.PROVEEDOR_ID, t0.ESP_NROREF FROM CATEGORIAESPECIFICACIONPROD t0, ESPECIFICACIONPRODUCTO t1 WHERE ((t0.CAT_NAME = ?) AND (t1.NROREFERENCIA = t0.ESP_NROREF))
	bind => [Xbox]
[EL Fine]: sql: 2014-10-09 10:12:55.026--ServerSession(1989311583)--Connection(1905800551)--Thread(Thread[AWT-EventQueue-0,6,main])--SELECT NOMBRE, PADRE FROM CATEGORIA
[EL Fine]: sql: 2014-10-09 10:12:55.029--ClientSession(343425280)--Connection(1905800551)--Thread(Thread[AWT-EventQueue-0,6,main])--INSERT INTO ESPECIFICACIONPRODUCTO (NROREFERENCIA, DESCRIPCION, NOMBRE, PRECIO, PROVEEDOR_ID) VALUES (?, ?, ?, ?, ?)
	bind => [IPH5, El último celular de Apple, iPhone 5, 199.0, Tim1]
[EL Fine]: sql: 2014-10-09 10:12:55.031--ClientSession(343425280)--Connection(1905800551)--Thread(Thread[AWT-EventQueue-0,6,main])--INSERT INTO PRODUCTO (ENORDEN, ID_ESPECIFICO, ESPECIFICACION) VALUES (?, ?, ?)
	bind => [false, null, IPH5]
[EL Fine]: sql: 2014-10-09 10:12:55.036--ClientSession(343425280)--Connection(1905800551)--Thread(Thread[AWT-EventQueue-0,6,main])--CALL IDENTITY()
[EL Fine]: sql: 2014-10-09 10:12:55.037--ClientSession(343425280)--Connection(1905800551)--Thread(Thread[AWT-EventQueue-0,6,main])--INSERT INTO PRODUCTO (ENORDEN, ID_ESPECIFICO, ESPECIFICACION) VALUES (?, ?, ?)
	bind => [false, null, IPH5]
[EL Fine]: sql: 2014-10-09 10:12:55.038--ClientSession(343425280)--Connection(1905800551)--Thread(Thread[AWT-EventQueue-0,6,main])--CALL IDENTITY()
[EL Fine]: sql: 2014-10-09 10:12:55.038--ClientSession(343425280)--Connection(1905800551)--Thread(Thread[AWT-EventQueue-0,6,main])--INSERT INTO PRODUCTO (ENORDEN, ID_ESPECIFICO, ESPECIFICACION) VALUES (?, ?, ?)
	bind => [false, null, IPH5]
[EL Fine]: sql: 2014-10-09 10:12:55.038--ClientSession(343425280)--Connection(1905800551)--Thread(Thread[AWT-EventQueue-0,6,main])--CALL IDENTITY()
[EL Fine]: sql: 2014-10-09 10:12:55.039--ClientSession(343425280)--Connection(1905800551)--Thread(Thread[AWT-EventQueue-0,6,main])--INSERT INTO PRODUCTO (ENORDEN, ID_ESPECIFICO, ESPECIFICACION) VALUES (?, ?, ?)
	bind => [false, null, IPH5]
[EL Fine]: sql: 2014-10-09 10:12:55.039--ClientSession(343425280)--Connection(1905800551)--Thread(Thread[AWT-EventQueue-0,6,main])--CALL IDENTITY()
[EL Fine]: sql: 2014-10-09 10:12:55.039--ClientSession(343425280)--Connection(1905800551)--Thread(Thread[AWT-EventQueue-0,6,main])--INSERT INTO PRODUCTO (ENORDEN, ID_ESPECIFICO, ESPECIFICACION) VALUES (?, ?, ?)
	bind => [false, null, IPH5]
[EL Fine]: sql: 2014-10-09 10:12:55.04--ClientSession(343425280)--Connection(1905800551)--Thread(Thread[AWT-EventQueue-0,6,main])--CALL IDENTITY()
[EL Fine]: sql: 2014-10-09 10:12:55.04--ClientSession(343425280)--Connection(1905800551)--Thread(Thread[AWT-EventQueue-0,6,main])--INSERT INTO PRODUCTO (ENORDEN, ID_ESPECIFICO, ESPECIFICACION) VALUES (?, ?, ?)
	bind => [false, null, IPH5]
[EL Fine]: sql: 2014-10-09 10:12:55.041--ClientSession(343425280)--Connection(1905800551)--Thread(Thread[AWT-EventQueue-0,6,main])--CALL IDENTITY()
[EL Fine]: sql: 2014-10-09 10:12:55.041--ClientSession(343425280)--Connection(1905800551)--Thread(Thread[AWT-EventQueue-0,6,main])--INSERT INTO PRODUCTO (ENORDEN, ID_ESPECIFICO, ESPECIFICACION) VALUES (?, ?, ?)
	bind => [false, null, IPH5]
[EL Fine]: sql: 2014-10-09 10:12:55.042--ClientSession(343425280)--Connection(1905800551)--Thread(Thread[AWT-EventQueue-0,6,main])--CALL IDENTITY()
[EL Fine]: sql: 2014-10-09 10:12:55.042--ClientSession(343425280)--Connection(1905800551)--Thread(Thread[AWT-EventQueue-0,6,main])--INSERT INTO PRODUCTO (ENORDEN, ID_ESPECIFICO, ESPECIFICACION) VALUES (?, ?, ?)
	bind => [false, null, IPH5]
[EL Fine]: sql: 2014-10-09 10:12:55.043--ClientSession(343425280)--Connection(1905800551)--Thread(Thread[AWT-EventQueue-0,6,main])--CALL IDENTITY()
[EL Fine]: sql: 2014-10-09 10:12:55.046--ClientSession(343425280)--Connection(1905800551)--Thread(Thread[AWT-EventQueue-0,6,main])--INSERT INTO PRODUCTO (ENORDEN, ID_ESPECIFICO, ESPECIFICACION) VALUES (?, ?, ?)
	bind => [false, null, IPH5]
[EL Fine]: sql: 2014-10-09 10:12:55.048--ClientSession(343425280)--Connection(1905800551)--Thread(Thread[AWT-EventQueue-0,6,main])--CALL IDENTITY()
[EL Fine]: sql: 2014-10-09 10:12:55.049--ClientSession(343425280)--Connection(1905800551)--Thread(Thread[AWT-EventQueue-0,6,main])--INSERT INTO PRODUCTO (ENORDEN, ID_ESPECIFICO, ESPECIFICACION) VALUES (?, ?, ?)
	bind => [false, null, IPH5]
[EL Fine]: sql: 2014-10-09 10:12:55.049--ClientSession(343425280)--Connection(1905800551)--Thread(Thread[AWT-EventQueue-0,6,main])--CALL IDENTITY()
[EL Fine]: sql: 2014-10-09 10:12:55.05--ClientSession(343425280)--Connection(1905800551)--Thread(Thread[AWT-EventQueue-0,6,main])--INSERT INTO CATEGORIAESPECIFICACIONPROD (CAT_NAME, ESP_NROREF) VALUES (?, ?)
	bind => [iPhone, IPH5]
[EL Fine]: sql: 2014-10-09 10:12:55.051--ClientSession(343425280)--Connection(1905800551)--Thread(Thread[AWT-EventQueue-0,6,main])--INSERT INTO CATEGORIAESPECIFICACIONPROD (CAT_NAME, ESP_NROREF) VALUES (?, ?)
	bind => [iOS, IPH5]
[EL Fine]: sql: 2014-10-09 10:12:55.051--ClientSession(343425280)--Connection(1905800551)--Thread(Thread[AWT-EventQueue-0,6,main])--INSERT INTO CATEGORIAESPECIFICACIONPROD (CAT_NAME, ESP_NROREF) VALUES (?, ?)
	bind => [Apple, IPH5]
[EL Fine]: sql: 2014-10-09 10:12:55.054--ServerSession(1989311583)--Connection(1905800551)--Thread(Thread[AWT-EventQueue-0,6,main])--SELECT NROREFERENCIA, DESCRIPCION, NOMBRE, PRECIO, PROVEEDOR_ID FROM ESPECIFICACIONPRODUCTO
[EL Fine]: sql: 2014-10-09 10:12:55.055--ServerSession(1989311583)--Connection(1905800551)--Thread(Thread[AWT-EventQueue-0,6,main])--SELECT NOMBRE, PADRE FROM CATEGORIA
[EL Fine]: sql: 2014-10-09 10:12:55.056--ServerSession(1989311583)--Connection(1905800551)--Thread(Thread[AWT-EventQueue-0,6,main])--SELECT NOMBRE, PADRE FROM CATEGORIA WHERE (NOMBRE = ?)
	bind => [Celulares]
[EL Fine]: sql: 2014-10-09 10:12:55.058--ServerSession(1989311583)--Connection(1905800551)--Thread(Thread[AWT-EventQueue-0,6,main])--SELECT t1.NROREFERENCIA, t1.DESCRIPCION, t1.NOMBRE, t1.PRECIO, t1.PROVEEDOR_ID, t0.ESP_NROREF FROM CATEGORIAESPECIFICACIONPROD t0, ESPECIFICACIONPRODUCTO t1 WHERE ((t0.CAT_NAME = ?) AND (t1.NROREFERENCIA = t0.ESP_NROREF))
	bind => [Celulares]
[EL Fine]: sql: 2014-10-09 10:12:55.059--ServerSession(1989311583)--Connection(1905800551)--Thread(Thread[AWT-EventQueue-0,6,main])--SELECT NOMBRE, PADRE FROM CATEGORIA WHERE (NOMBRE = ?)
	bind => [Sistemas Operativos]
[EL Fine]: sql: 2014-10-09 10:12:55.06--ServerSession(1989311583)--Connection(1905800551)--Thread(Thread[AWT-EventQueue-0,6,main])--SELECT t1.NROREFERENCIA, t1.DESCRIPCION, t1.NOMBRE, t1.PRECIO, t1.PROVEEDOR_ID, t0.ESP_NROREF FROM CATEGORIAESPECIFICACIONPROD t0, ESPECIFICACIONPRODUCTO t1 WHERE ((t0.CAT_NAME = ?) AND (t1.NROREFERENCIA = t0.ESP_NROREF))
	bind => [Sistemas Operativos]
[EL Fine]: sql: 2014-10-09 10:12:55.061--ServerSession(1989311583)--Connection(1905800551)--Thread(Thread[AWT-EventQueue-0,6,main])--SELECT NOMBRE, PADRE FROM CATEGORIA WHERE (NOMBRE = ?)
	bind => [iOS]
[EL Fine]: sql: 2014-10-09 10:12:55.061--ServerSession(1989311583)--Connection(1905800551)--Thread(Thread[AWT-EventQueue-0,6,main])--SELECT t1.NROREFERENCIA, t1.DESCRIPCION, t1.NOMBRE, t1.PRECIO, t1.PROVEEDOR_ID, t0.ESP_NROREF FROM CATEGORIAESPECIFICACIONPROD t0, ESPECIFICACIONPRODUCTO t1 WHERE ((t0.CAT_NAME = ?) AND (t1.NROREFERENCIA = t0.ESP_NROREF))
	bind => [iOS]
[EL Fine]: sql: 2014-10-09 10:12:55.063--ServerSession(1989311583)--Connection(1905800551)--Thread(Thread[AWT-EventQueue-0,6,main])--SELECT t1.NOMBRE, t1.PADRE FROM CATEGORIAESPECIFICACIONPROD t0, CATEGORIA t1 WHERE ((t0.ESP_NROREF = ?) AND (t1.NOMBRE = t0.CAT_NAME))
	bind => [IPH5]
[EL Fine]: sql: 2014-10-09 10:12:55.065--ServerSession(1989311583)--Connection(1905800551)--Thread(Thread[AWT-EventQueue-0,6,main])--SELECT ID, ENORDEN, ID_ESPECIFICO, ESPECIFICACION FROM PRODUCTO WHERE (ESPECIFICACION = ?)
	bind => [IPH5]
[EL Fine]: sql: 2014-10-09 10:12:55.068--ServerSession(1989311583)--Connection(1905800551)--Thread(Thread[AWT-EventQueue-0,6,main])--SELECT NOMBRE, PADRE FROM CATEGORIA WHERE (NOMBRE = ?)
	bind => [Android]
[EL Fine]: sql: 2014-10-09 10:12:55.069--ServerSession(1989311583)--Connection(1905800551)--Thread(Thread[AWT-EventQueue-0,6,main])--SELECT t1.NROREFERENCIA, t1.DESCRIPCION, t1.NOMBRE, t1.PRECIO, t1.PROVEEDOR_ID, t0.ESP_NROREF FROM CATEGORIAESPECIFICACIONPROD t0, ESPECIFICACIONPRODUCTO t1 WHERE ((t0.CAT_NAME = ?) AND (t1.NROREFERENCIA = t0.ESP_NROREF))
	bind => [Android]
[EL Fine]: sql: 2014-10-09 10:12:55.069--ServerSession(1989311583)--Connection(1905800551)--Thread(Thread[AWT-EventQueue-0,6,main])--SELECT NOMBRE, PADRE FROM CATEGORIA WHERE (NOMBRE = ?)
	bind => [Windows Phone]
[EL Fine]: sql: 2014-10-09 10:12:55.07--ServerSession(1989311583)--Connection(1905800551)--Thread(Thread[AWT-EventQueue-0,6,main])--SELECT t1.NROREFERENCIA, t1.DESCRIPCION, t1.NOMBRE, t1.PRECIO, t1.PROVEEDOR_ID, t0.ESP_NROREF FROM CATEGORIAESPECIFICACIONPROD t0, ESPECIFICACIONPRODUCTO t1 WHERE ((t0.CAT_NAME = ?) AND (t1.NROREFERENCIA = t0.ESP_NROREF))
	bind => [Windows Phone]
[EL Fine]: sql: 2014-10-09 10:12:55.07--ServerSession(1989311583)--Connection(1905800551)--Thread(Thread[AWT-EventQueue-0,6,main])--SELECT NOMBRE, PADRE FROM CATEGORIA WHERE (NOMBRE = ?)
	bind => [Symbian]
[EL Fine]: sql: 2014-10-09 10:12:55.071--ServerSession(1989311583)--Connection(1905800551)--Thread(Thread[AWT-EventQueue-0,6,main])--SELECT t1.NROREFERENCIA, t1.DESCRIPCION, t1.NOMBRE, t1.PRECIO, t1.PROVEEDOR_ID, t0.ESP_NROREF FROM CATEGORIAESPECIFICACIONPROD t0, ESPECIFICACIONPRODUCTO t1 WHERE ((t0.CAT_NAME = ?) AND (t1.NROREFERENCIA = t0.ESP_NROREF))
	bind => [Symbian]
[EL Fine]: sql: 2014-10-09 10:12:55.071--ServerSession(1989311583)--Connection(1905800551)--Thread(Thread[AWT-EventQueue-0,6,main])--SELECT NOMBRE, PADRE FROM CATEGORIA WHERE (NOMBRE = ?)
	bind => [Blackberry OS]
[EL Fine]: sql: 2014-10-09 10:12:55.071--ServerSession(1989311583)--Connection(1905800551)--Thread(Thread[AWT-EventQueue-0,6,main])--SELECT t1.NROREFERENCIA, t1.DESCRIPCION, t1.NOMBRE, t1.PRECIO, t1.PROVEEDOR_ID, t0.ESP_NROREF FROM CATEGORIAESPECIFICACIONPROD t0, ESPECIFICACIONPRODUCTO t1 WHERE ((t0.CAT_NAME = ?) AND (t1.NROREFERENCIA = t0.ESP_NROREF))
	bind => [Blackberry OS]
[EL Fine]: sql: 2014-10-09 10:12:55.072--ServerSession(1989311583)--Connection(1905800551)--Thread(Thread[AWT-EventQueue-0,6,main])--SELECT NOMBRE, PADRE FROM CATEGORIA WHERE (NOMBRE = ?)
	bind => [Equipos]
[EL Fine]: sql: 2014-10-09 10:12:55.072--ServerSession(1989311583)--Connection(1905800551)--Thread(Thread[AWT-EventQueue-0,6,main])--SELECT t1.NROREFERENCIA, t1.DESCRIPCION, t1.NOMBRE, t1.PRECIO, t1.PROVEEDOR_ID, t0.ESP_NROREF FROM CATEGORIAESPECIFICACIONPROD t0, ESPECIFICACIONPRODUCTO t1 WHERE ((t0.CAT_NAME = ?) AND (t1.NROREFERENCIA = t0.ESP_NROREF))
	bind => [Equipos]
[EL Fine]: sql: 2014-10-09 10:12:55.072--ServerSession(1989311583)--Connection(1905800551)--Thread(Thread[AWT-EventQueue-0,6,main])--SELECT NOMBRE, PADRE FROM CATEGORIA WHERE (NOMBRE = ?)
	bind => [iPhone]
[EL Fine]: sql: 2014-10-09 10:12:55.073--ServerSession(1989311583)--Connection(1905800551)--Thread(Thread[AWT-EventQueue-0,6,main])--SELECT t1.NROREFERENCIA, t1.DESCRIPCION, t1.NOMBRE, t1.PRECIO, t1.PROVEEDOR_ID, t0.ESP_NROREF FROM CATEGORIAESPECIFICACIONPROD t0, ESPECIFICACIONPRODUCTO t1 WHERE ((t0.CAT_NAME = ?) AND (t1.NROREFERENCIA = t0.ESP_NROREF))
	bind => [iPhone]
[EL Fine]: sql: 2014-10-09 10:12:55.076--ServerSession(1989311583)--Connection(1905800551)--Thread(Thread[AWT-EventQueue-0,6,main])--SELECT t1.NOMBRE, t1.PADRE FROM CATEGORIAESPECIFICACIONPROD t0, CATEGORIA t1 WHERE ((t0.ESP_NROREF = ?) AND (t1.NOMBRE = t0.CAT_NAME))
	bind => [IPH5]
[EL Fine]: sql: 2014-10-09 10:12:55.077--ServerSession(1989311583)--Connection(1905800551)--Thread(Thread[AWT-EventQueue-0,6,main])--SELECT ID, ENORDEN, ID_ESPECIFICO, ESPECIFICACION FROM PRODUCTO WHERE (ESPECIFICACION = ?)
	bind => [IPH5]
[EL Fine]: sql: 2014-10-09 10:12:55.078--ServerSession(1989311583)--Connection(1905800551)--Thread(Thread[AWT-EventQueue-0,6,main])--SELECT NOMBRE, PADRE FROM CATEGORIA WHERE (NOMBRE = ?)
	bind => [Nexus]
[EL Fine]: sql: 2014-10-09 10:12:55.079--ServerSession(1989311583)--Connection(1905800551)--Thread(Thread[AWT-EventQueue-0,6,main])--SELECT t1.NROREFERENCIA, t1.DESCRIPCION, t1.NOMBRE, t1.PRECIO, t1.PROVEEDOR_ID, t0.ESP_NROREF FROM CATEGORIAESPECIFICACIONPROD t0, ESPECIFICACIONPRODUCTO t1 WHERE ((t0.CAT_NAME = ?) AND (t1.NROREFERENCIA = t0.ESP_NROREF))
	bind => [Nexus]
[EL Fine]: sql: 2014-10-09 10:12:55.08--ServerSession(1989311583)--Connection(1905800551)--Thread(Thread[AWT-EventQueue-0,6,main])--SELECT NOMBRE, PADRE FROM CATEGORIA WHERE (NOMBRE = ?)
	bind => [Samsung]
[EL Fine]: sql: 2014-10-09 10:12:55.08--ServerSession(1989311583)--Connection(1905800551)--Thread(Thread[AWT-EventQueue-0,6,main])--SELECT t1.NROREFERENCIA, t1.DESCRIPCION, t1.NOMBRE, t1.PRECIO, t1.PROVEEDOR_ID, t0.ESP_NROREF FROM CATEGORIAESPECIFICACIONPROD t0, ESPECIFICACIONPRODUCTO t1 WHERE ((t0.CAT_NAME = ?) AND (t1.NROREFERENCIA = t0.ESP_NROREF))
	bind => [Samsung]
[EL Fine]: sql: 2014-10-09 10:12:55.081--ServerSession(1989311583)--Connection(1905800551)--Thread(Thread[AWT-EventQueue-0,6,main])--SELECT NOMBRE, PADRE FROM CATEGORIA WHERE (NOMBRE = ?)
	bind => [Galaxy S3]
[EL Fine]: sql: 2014-10-09 10:12:55.081--ServerSession(1989311583)--Connection(1905800551)--Thread(Thread[AWT-EventQueue-0,6,main])--SELECT t1.NROREFERENCIA, t1.DESCRIPCION, t1.NOMBRE, t1.PRECIO, t1.PROVEEDOR_ID, t0.ESP_NROREF FROM CATEGORIAESPECIFICACIONPROD t0, ESPECIFICACIONPRODUCTO t1 WHERE ((t0.CAT_NAME = ?) AND (t1.NROREFERENCIA = t0.ESP_NROREF))
	bind => [Galaxy S3]
[EL Fine]: sql: 2014-10-09 10:12:55.082--ServerSession(1989311583)--Connection(1905800551)--Thread(Thread[AWT-EventQueue-0,6,main])--SELECT NOMBRE, PADRE FROM CATEGORIA WHERE (NOMBRE = ?)
	bind => [Galaxy S4]
[EL Fine]: sql: 2014-10-09 10:12:55.082--ServerSession(1989311583)--Connection(1905800551)--Thread(Thread[AWT-EventQueue-0,6,main])--SELECT t1.NROREFERENCIA, t1.DESCRIPCION, t1.NOMBRE, t1.PRECIO, t1.PROVEEDOR_ID, t0.ESP_NROREF FROM CATEGORIAESPECIFICACIONPROD t0, ESPECIFICACIONPRODUCTO t1 WHERE ((t0.CAT_NAME = ?) AND (t1.NROREFERENCIA = t0.ESP_NROREF))
	bind => [Galaxy S4]
[EL Fine]: sql: 2014-10-09 10:12:55.082--ServerSession(1989311583)--Connection(1905800551)--Thread(Thread[AWT-EventQueue-0,6,main])--SELECT NOMBRE, PADRE FROM CATEGORIA WHERE (NOMBRE = ?)
	bind => [Galaxy Ace]
[EL Fine]: sql: 2014-10-09 10:12:55.083--ServerSession(1989311583)--Connection(1905800551)--Thread(Thread[AWT-EventQueue-0,6,main])--SELECT t1.NROREFERENCIA, t1.DESCRIPCION, t1.NOMBRE, t1.PRECIO, t1.PROVEEDOR_ID, t0.ESP_NROREF FROM CATEGORIAESPECIFICACIONPROD t0, ESPECIFICACIONPRODUCTO t1 WHERE ((t0.CAT_NAME = ?) AND (t1.NROREFERENCIA = t0.ESP_NROREF))
	bind => [Galaxy Ace]
[EL Fine]: sql: 2014-10-09 10:12:55.083--ServerSession(1989311583)--Connection(1905800551)--Thread(Thread[AWT-EventQueue-0,6,main])--SELECT NOMBRE, PADRE FROM CATEGORIA WHERE (NOMBRE = ?)
	bind => [Blackberry]
[EL Fine]: sql: 2014-10-09 10:12:55.084--ServerSession(1989311583)--Connection(1905800551)--Thread(Thread[AWT-EventQueue-0,6,main])--SELECT t1.NROREFERENCIA, t1.DESCRIPCION, t1.NOMBRE, t1.PRECIO, t1.PROVEEDOR_ID, t0.ESP_NROREF FROM CATEGORIAESPECIFICACIONPROD t0, ESPECIFICACIONPRODUCTO t1 WHERE ((t0.CAT_NAME = ?) AND (t1.NROREFERENCIA = t0.ESP_NROREF))
	bind => [Blackberry]
[EL Fine]: sql: 2014-10-09 10:12:55.084--ServerSession(1989311583)--Connection(1905800551)--Thread(Thread[AWT-EventQueue-0,6,main])--SELECT NOMBRE, PADRE FROM CATEGORIA WHERE (NOMBRE = ?)
	bind => [Nokia]
[EL Fine]: sql: 2014-10-09 10:12:55.085--ServerSession(1989311583)--Connection(1905800551)--Thread(Thread[AWT-EventQueue-0,6,main])--SELECT t1.NROREFERENCIA, t1.DESCRIPCION, t1.NOMBRE, t1.PRECIO, t1.PROVEEDOR_ID, t0.ESP_NROREF FROM CATEGORIAESPECIFICACIONPROD t0, ESPECIFICACIONPRODUCTO t1 WHERE ((t0.CAT_NAME = ?) AND (t1.NROREFERENCIA = t0.ESP_NROREF))
	bind => [Nokia]
[EL Fine]: sql: 2014-10-09 10:12:55.085--ServerSession(1989311583)--Connection(1905800551)--Thread(Thread[AWT-EventQueue-0,6,main])--SELECT NOMBRE, PADRE FROM CATEGORIA WHERE (NOMBRE = ?)
	bind => [Accesorios]
[EL Fine]: sql: 2014-10-09 10:12:55.086--ServerSession(1989311583)--Connection(1905800551)--Thread(Thread[AWT-EventQueue-0,6,main])--SELECT t1.NROREFERENCIA, t1.DESCRIPCION, t1.NOMBRE, t1.PRECIO, t1.PROVEEDOR_ID, t0.ESP_NROREF FROM CATEGORIAESPECIFICACIONPROD t0, ESPECIFICACIONPRODUCTO t1 WHERE ((t0.CAT_NAME = ?) AND (t1.NROREFERENCIA = t0.ESP_NROREF))
	bind => [Accesorios]
[EL Fine]: sql: 2014-10-09 10:12:55.086--ServerSession(1989311583)--Connection(1905800551)--Thread(Thread[AWT-EventQueue-0,6,main])--SELECT NOMBRE, PADRE FROM CATEGORIA WHERE (NOMBRE = ?)
	bind => [Protectores]
[EL Fine]: sql: 2014-10-09 10:12:55.087--ServerSession(1989311583)--Connection(1905800551)--Thread(Thread[AWT-EventQueue-0,6,main])--SELECT t1.NROREFERENCIA, t1.DESCRIPCION, t1.NOMBRE, t1.PRECIO, t1.PROVEEDOR_ID, t0.ESP_NROREF FROM CATEGORIAESPECIFICACIONPROD t0, ESPECIFICACIONPRODUCTO t1 WHERE ((t0.CAT_NAME = ?) AND (t1.NROREFERENCIA = t0.ESP_NROREF))
	bind => [Protectores]
[EL Fine]: sql: 2014-10-09 10:12:55.087--ServerSession(1989311583)--Connection(1905800551)--Thread(Thread[AWT-EventQueue-0,6,main])--SELECT NOMBRE, PADRE FROM CATEGORIA WHERE (NOMBRE = ?)
	bind => [Baterías]
[EL Fine]: sql: 2014-10-09 10:12:55.088--ServerSession(1989311583)--Connection(1905800551)--Thread(Thread[AWT-EventQueue-0,6,main])--SELECT t1.NROREFERENCIA, t1.DESCRIPCION, t1.NOMBRE, t1.PRECIO, t1.PROVEEDOR_ID, t0.ESP_NROREF FROM CATEGORIAESPECIFICACIONPROD t0, ESPECIFICACIONPRODUCTO t1 WHERE ((t0.CAT_NAME = ?) AND (t1.NROREFERENCIA = t0.ESP_NROREF))
	bind => [Baterías]
[EL Fine]: sql: 2014-10-09 10:12:55.088--ServerSession(1989311583)--Connection(1905800551)--Thread(Thread[AWT-EventQueue-0,6,main])--SELECT NOMBRE, PADRE FROM CATEGORIA WHERE (NOMBRE = ?)
	bind => [Apple]
[EL Fine]: sql: 2014-10-09 10:12:55.089--ServerSession(1989311583)--Connection(1905800551)--Thread(Thread[AWT-EventQueue-0,6,main])--SELECT t1.NROREFERENCIA, t1.DESCRIPCION, t1.NOMBRE, t1.PRECIO, t1.PROVEEDOR_ID, t0.ESP_NROREF FROM CATEGORIAESPECIFICACIONPROD t0, ESPECIFICACIONPRODUCTO t1 WHERE ((t0.CAT_NAME = ?) AND (t1.NROREFERENCIA = t0.ESP_NROREF))
	bind => [Apple]
[EL Fine]: sql: 2014-10-09 10:12:55.089--ServerSession(1989311583)--Connection(1905800551)--Thread(Thread[AWT-EventQueue-0,6,main])--SELECT t1.NOMBRE, t1.PADRE FROM CATEGORIAESPECIFICACIONPROD t0, CATEGORIA t1 WHERE ((t0.ESP_NROREF = ?) AND (t1.NOMBRE = t0.CAT_NAME))
	bind => [IPH5]
[EL Fine]: sql: 2014-10-09 10:12:55.09--ServerSession(1989311583)--Connection(1905800551)--Thread(Thread[AWT-EventQueue-0,6,main])--SELECT ID, ENORDEN, ID_ESPECIFICO, ESPECIFICACION FROM PRODUCTO WHERE (ESPECIFICACION = ?)
	bind => [IPH5]
[EL Fine]: sql: 2014-10-09 10:12:55.091--ServerSession(1989311583)--Connection(1905800551)--Thread(Thread[AWT-EventQueue-0,6,main])--SELECT NOMBRE, PADRE FROM CATEGORIA WHERE (NOMBRE = ?)
	bind => [Videojuegos]
[EL Fine]: sql: 2014-10-09 10:12:55.091--ServerSession(1989311583)--Connection(1905800551)--Thread(Thread[AWT-EventQueue-0,6,main])--SELECT t1.NROREFERENCIA, t1.DESCRIPCION, t1.NOMBRE, t1.PRECIO, t1.PROVEEDOR_ID, t0.ESP_NROREF FROM CATEGORIAESPECIFICACIONPROD t0, ESPECIFICACIONPRODUCTO t1 WHERE ((t0.CAT_NAME = ?) AND (t1.NROREFERENCIA = t0.ESP_NROREF))
	bind => [Videojuegos]
[EL Fine]: sql: 2014-10-09 10:12:55.092--ServerSession(1989311583)--Connection(1905800551)--Thread(Thread[AWT-EventQueue-0,6,main])--SELECT NOMBRE, PADRE FROM CATEGORIA WHERE (NOMBRE = ?)
	bind => [Playstation]
[EL Fine]: sql: 2014-10-09 10:12:55.092--ServerSession(1989311583)--Connection(1905800551)--Thread(Thread[AWT-EventQueue-0,6,main])--SELECT t1.NROREFERENCIA, t1.DESCRIPCION, t1.NOMBRE, t1.PRECIO, t1.PROVEEDOR_ID, t0.ESP_NROREF FROM CATEGORIAESPECIFICACIONPROD t0, ESPECIFICACIONPRODUCTO t1 WHERE ((t0.CAT_NAME = ?) AND (t1.NROREFERENCIA = t0.ESP_NROREF))
	bind => [Playstation]
[EL Fine]: sql: 2014-10-09 10:12:55.093--ServerSession(1989311583)--Connection(1905800551)--Thread(Thread[AWT-EventQueue-0,6,main])--SELECT NOMBRE, PADRE FROM CATEGORIA WHERE (NOMBRE = ?)
	bind => [Xbox]
[EL Fine]: sql: 2014-10-09 10:12:55.093--ServerSession(1989311583)--Connection(1905800551)--Thread(Thread[AWT-EventQueue-0,6,main])--SELECT t1.NROREFERENCIA, t1.DESCRIPCION, t1.NOMBRE, t1.PRECIO, t1.PROVEEDOR_ID, t0.ESP_NROREF FROM CATEGORIAESPECIFICACIONPROD t0, ESPECIFICACIONPRODUCTO t1 WHERE ((t0.CAT_NAME = ?) AND (t1.NROREFERENCIA = t0.ESP_NROREF))
	bind => [Xbox]
[EL Fine]: sql: 2014-10-09 10:12:55.094--ServerSession(1989311583)--Connection(1905800551)--Thread(Thread[AWT-EventQueue-0,6,main])--SELECT NOMBRE, PADRE FROM CATEGORIA
[EL Fine]: sql: 2014-10-09 10:12:55.094--ServerSession(1989311583)--Connection(1905800551)--Thread(Thread[AWT-EventQueue-0,6,main])--SELECT NOMBRE, PADRE FROM CATEGORIA
[EL Fine]: sql: 2014-10-09 10:12:55.094--ServerSession(1989311583)--Connection(1905800551)--Thread(Thread[AWT-EventQueue-0,6,main])--SELECT NOMBRE, PADRE FROM CATEGORIA WHERE (NOMBRE = ?)
	bind => [Celulares]
[EL Fine]: sql: 2014-10-09 10:12:55.095--ServerSession(1989311583)--Connection(1905800551)--Thread(Thread[AWT-EventQueue-0,6,main])--SELECT t1.NROREFERENCIA, t1.DESCRIPCION, t1.NOMBRE, t1.PRECIO, t1.PROVEEDOR_ID, t0.ESP_NROREF FROM CATEGORIAESPECIFICACIONPROD t0, ESPECIFICACIONPRODUCTO t1 WHERE ((t0.CAT_NAME = ?) AND (t1.NROREFERENCIA = t0.ESP_NROREF))
	bind => [Celulares]
[EL Fine]: sql: 2014-10-09 10:12:55.095--ServerSession(1989311583)--Connection(1905800551)--Thread(Thread[AWT-EventQueue-0,6,main])--SELECT NOMBRE, PADRE FROM CATEGORIA WHERE (NOMBRE = ?)
	bind => [Sistemas Operativos]
[EL Fine]: sql: 2014-10-09 10:12:55.096--ServerSession(1989311583)--Connection(1905800551)--Thread(Thread[AWT-EventQueue-0,6,main])--SELECT t1.NROREFERENCIA, t1.DESCRIPCION, t1.NOMBRE, t1.PRECIO, t1.PROVEEDOR_ID, t0.ESP_NROREF FROM CATEGORIAESPECIFICACIONPROD t0, ESPECIFICACIONPRODUCTO t1 WHERE ((t0.CAT_NAME = ?) AND (t1.NROREFERENCIA = t0.ESP_NROREF))
	bind => [Sistemas Operativos]
[EL Fine]: sql: 2014-10-09 10:12:55.096--ServerSession(1989311583)--Connection(1905800551)--Thread(Thread[AWT-EventQueue-0,6,main])--SELECT NOMBRE, PADRE FROM CATEGORIA WHERE (NOMBRE = ?)
	bind => [iOS]
[EL Fine]: sql: 2014-10-09 10:12:55.097--ServerSession(1989311583)--Connection(1905800551)--Thread(Thread[AWT-EventQueue-0,6,main])--SELECT t1.NROREFERENCIA, t1.DESCRIPCION, t1.NOMBRE, t1.PRECIO, t1.PROVEEDOR_ID, t0.ESP_NROREF FROM CATEGORIAESPECIFICACIONPROD t0, ESPECIFICACIONPRODUCTO t1 WHERE ((t0.CAT_NAME = ?) AND (t1.NROREFERENCIA = t0.ESP_NROREF))
	bind => [iOS]
[EL Fine]: sql: 2014-10-09 10:12:55.098--ServerSession(1989311583)--Connection(1905800551)--Thread(Thread[AWT-EventQueue-0,6,main])--SELECT t1.NOMBRE, t1.PADRE FROM CATEGORIAESPECIFICACIONPROD t0, CATEGORIA t1 WHERE ((t0.ESP_NROREF = ?) AND (t1.NOMBRE = t0.CAT_NAME))
	bind => [IPH5]
[EL Fine]: sql: 2014-10-09 10:12:55.098--ServerSession(1989311583)--Connection(1905800551)--Thread(Thread[AWT-EventQueue-0,6,main])--SELECT ID, ENORDEN, ID_ESPECIFICO, ESPECIFICACION FROM PRODUCTO WHERE (ESPECIFICACION = ?)
	bind => [IPH5]
[EL Fine]: sql: 2014-10-09 10:12:55.099--ServerSession(1989311583)--Connection(1905800551)--Thread(Thread[AWT-EventQueue-0,6,main])--SELECT NOMBRE, PADRE FROM CATEGORIA WHERE (NOMBRE = ?)
	bind => [Android]
[EL Fine]: sql: 2014-10-09 10:12:55.1--ServerSession(1989311583)--Connection(1905800551)--Thread(Thread[AWT-EventQueue-0,6,main])--SELECT t1.NROREFERENCIA, t1.DESCRIPCION, t1.NOMBRE, t1.PRECIO, t1.PROVEEDOR_ID, t0.ESP_NROREF FROM CATEGORIAESPECIFICACIONPROD t0, ESPECIFICACIONPRODUCTO t1 WHERE ((t0.CAT_NAME = ?) AND (t1.NROREFERENCIA = t0.ESP_NROREF))
	bind => [Android]
[EL Fine]: sql: 2014-10-09 10:12:55.1--ServerSession(1989311583)--Connection(1905800551)--Thread(Thread[AWT-EventQueue-0,6,main])--SELECT NOMBRE, PADRE FROM CATEGORIA WHERE (NOMBRE = ?)
	bind => [Windows Phone]
[EL Fine]: sql: 2014-10-09 10:12:55.101--ServerSession(1989311583)--Connection(1905800551)--Thread(Thread[AWT-EventQueue-0,6,main])--SELECT t1.NROREFERENCIA, t1.DESCRIPCION, t1.NOMBRE, t1.PRECIO, t1.PROVEEDOR_ID, t0.ESP_NROREF FROM CATEGORIAESPECIFICACIONPROD t0, ESPECIFICACIONPRODUCTO t1 WHERE ((t0.CAT_NAME = ?) AND (t1.NROREFERENCIA = t0.ESP_NROREF))
	bind => [Windows Phone]
[EL Fine]: sql: 2014-10-09 10:12:55.101--ServerSession(1989311583)--Connection(1905800551)--Thread(Thread[AWT-EventQueue-0,6,main])--SELECT NOMBRE, PADRE FROM CATEGORIA WHERE (NOMBRE = ?)
	bind => [Symbian]
[EL Fine]: sql: 2014-10-09 10:12:55.102--ServerSession(1989311583)--Connection(1905800551)--Thread(Thread[AWT-EventQueue-0,6,main])--SELECT t1.NROREFERENCIA, t1.DESCRIPCION, t1.NOMBRE, t1.PRECIO, t1.PROVEEDOR_ID, t0.ESP_NROREF FROM CATEGORIAESPECIFICACIONPROD t0, ESPECIFICACIONPRODUCTO t1 WHERE ((t0.CAT_NAME = ?) AND (t1.NROREFERENCIA = t0.ESP_NROREF))
	bind => [Symbian]
[EL Fine]: sql: 2014-10-09 10:12:55.103--ServerSession(1989311583)--Connection(1905800551)--Thread(Thread[AWT-EventQueue-0,6,main])--SELECT NOMBRE, PADRE FROM CATEGORIA WHERE (NOMBRE = ?)
	bind => [Blackberry OS]
[EL Fine]: sql: 2014-10-09 10:12:55.103--ServerSession(1989311583)--Connection(1905800551)--Thread(Thread[AWT-EventQueue-0,6,main])--SELECT t1.NROREFERENCIA, t1.DESCRIPCION, t1.NOMBRE, t1.PRECIO, t1.PROVEEDOR_ID, t0.ESP_NROREF FROM CATEGORIAESPECIFICACIONPROD t0, ESPECIFICACIONPRODUCTO t1 WHERE ((t0.CAT_NAME = ?) AND (t1.NROREFERENCIA = t0.ESP_NROREF))
	bind => [Blackberry OS]
[EL Fine]: sql: 2014-10-09 10:12:55.104--ServerSession(1989311583)--Connection(1905800551)--Thread(Thread[AWT-EventQueue-0,6,main])--SELECT NOMBRE, PADRE FROM CATEGORIA WHERE (NOMBRE = ?)
	bind => [Equipos]
[EL Fine]: sql: 2014-10-09 10:12:55.104--ServerSession(1989311583)--Connection(1905800551)--Thread(Thread[AWT-EventQueue-0,6,main])--SELECT t1.NROREFERENCIA, t1.DESCRIPCION, t1.NOMBRE, t1.PRECIO, t1.PROVEEDOR_ID, t0.ESP_NROREF FROM CATEGORIAESPECIFICACIONPROD t0, ESPECIFICACIONPRODUCTO t1 WHERE ((t0.CAT_NAME = ?) AND (t1.NROREFERENCIA = t0.ESP_NROREF))
	bind => [Equipos]
[EL Fine]: sql: 2014-10-09 10:12:55.105--ServerSession(1989311583)--Connection(1905800551)--Thread(Thread[AWT-EventQueue-0,6,main])--SELECT NOMBRE, PADRE FROM CATEGORIA WHERE (NOMBRE = ?)
	bind => [iPhone]
[EL Fine]: sql: 2014-10-09 10:12:55.105--ServerSession(1989311583)--Connection(1905800551)--Thread(Thread[AWT-EventQueue-0,6,main])--SELECT t1.NROREFERENCIA, t1.DESCRIPCION, t1.NOMBRE, t1.PRECIO, t1.PROVEEDOR_ID, t0.ESP_NROREF FROM CATEGORIAESPECIFICACIONPROD t0, ESPECIFICACIONPRODUCTO t1 WHERE ((t0.CAT_NAME = ?) AND (t1.NROREFERENCIA = t0.ESP_NROREF))
	bind => [iPhone]
[EL Fine]: sql: 2014-10-09 10:12:55.106--ServerSession(1989311583)--Connection(1905800551)--Thread(Thread[AWT-EventQueue-0,6,main])--SELECT t1.NOMBRE, t1.PADRE FROM CATEGORIAESPECIFICACIONPROD t0, CATEGORIA t1 WHERE ((t0.ESP_NROREF = ?) AND (t1.NOMBRE = t0.CAT_NAME))
	bind => [IPH5]
[EL Fine]: sql: 2014-10-09 10:12:55.106--ServerSession(1989311583)--Connection(1905800551)--Thread(Thread[AWT-EventQueue-0,6,main])--SELECT ID, ENORDEN, ID_ESPECIFICO, ESPECIFICACION FROM PRODUCTO WHERE (ESPECIFICACION = ?)
	bind => [IPH5]
[EL Fine]: sql: 2014-10-09 10:12:55.107--ServerSession(1989311583)--Connection(1905800551)--Thread(Thread[AWT-EventQueue-0,6,main])--SELECT NOMBRE, PADRE FROM CATEGORIA WHERE (NOMBRE = ?)
	bind => [Nexus]
[EL Fine]: sql: 2014-10-09 10:12:55.108--ServerSession(1989311583)--Connection(1905800551)--Thread(Thread[AWT-EventQueue-0,6,main])--SELECT t1.NROREFERENCIA, t1.DESCRIPCION, t1.NOMBRE, t1.PRECIO, t1.PROVEEDOR_ID, t0.ESP_NROREF FROM CATEGORIAESPECIFICACIONPROD t0, ESPECIFICACIONPRODUCTO t1 WHERE ((t0.CAT_NAME = ?) AND (t1.NROREFERENCIA = t0.ESP_NROREF))
	bind => [Nexus]
[EL Fine]: sql: 2014-10-09 10:12:55.108--ServerSession(1989311583)--Connection(1905800551)--Thread(Thread[AWT-EventQueue-0,6,main])--SELECT NOMBRE, PADRE FROM CATEGORIA WHERE (NOMBRE = ?)
	bind => [Samsung]
[EL Fine]: sql: 2014-10-09 10:12:55.109--ServerSession(1989311583)--Connection(1905800551)--Thread(Thread[AWT-EventQueue-0,6,main])--SELECT t1.NROREFERENCIA, t1.DESCRIPCION, t1.NOMBRE, t1.PRECIO, t1.PROVEEDOR_ID, t0.ESP_NROREF FROM CATEGORIAESPECIFICACIONPROD t0, ESPECIFICACIONPRODUCTO t1 WHERE ((t0.CAT_NAME = ?) AND (t1.NROREFERENCIA = t0.ESP_NROREF))
	bind => [Samsung]
[EL Fine]: sql: 2014-10-09 10:12:55.109--ServerSession(1989311583)--Connection(1905800551)--Thread(Thread[AWT-EventQueue-0,6,main])--SELECT NOMBRE, PADRE FROM CATEGORIA WHERE (NOMBRE = ?)
	bind => [Galaxy S3]
[EL Fine]: sql: 2014-10-09 10:12:55.11--ServerSession(1989311583)--Connection(1905800551)--Thread(Thread[AWT-EventQueue-0,6,main])--SELECT t1.NROREFERENCIA, t1.DESCRIPCION, t1.NOMBRE, t1.PRECIO, t1.PROVEEDOR_ID, t0.ESP_NROREF FROM CATEGORIAESPECIFICACIONPROD t0, ESPECIFICACIONPRODUCTO t1 WHERE ((t0.CAT_NAME = ?) AND (t1.NROREFERENCIA = t0.ESP_NROREF))
	bind => [Galaxy S3]
[EL Fine]: sql: 2014-10-09 10:12:55.11--ServerSession(1989311583)--Connection(1905800551)--Thread(Thread[AWT-EventQueue-0,6,main])--SELECT NOMBRE, PADRE FROM CATEGORIA WHERE (NOMBRE = ?)
	bind => [Galaxy S4]
[EL Fine]: sql: 2014-10-09 10:12:55.11--ServerSession(1989311583)--Connection(1905800551)--Thread(Thread[AWT-EventQueue-0,6,main])--SELECT t1.NROREFERENCIA, t1.DESCRIPCION, t1.NOMBRE, t1.PRECIO, t1.PROVEEDOR_ID, t0.ESP_NROREF FROM CATEGORIAESPECIFICACIONPROD t0, ESPECIFICACIONPRODUCTO t1 WHERE ((t0.CAT_NAME = ?) AND (t1.NROREFERENCIA = t0.ESP_NROREF))
	bind => [Galaxy S4]
[EL Fine]: sql: 2014-10-09 10:12:55.111--ServerSession(1989311583)--Connection(1905800551)--Thread(Thread[AWT-EventQueue-0,6,main])--SELECT NOMBRE, PADRE FROM CATEGORIA WHERE (NOMBRE = ?)
	bind => [Galaxy Ace]
[EL Fine]: sql: 2014-10-09 10:12:55.111--ServerSession(1989311583)--Connection(1905800551)--Thread(Thread[AWT-EventQueue-0,6,main])--SELECT t1.NROREFERENCIA, t1.DESCRIPCION, t1.NOMBRE, t1.PRECIO, t1.PROVEEDOR_ID, t0.ESP_NROREF FROM CATEGORIAESPECIFICACIONPROD t0, ESPECIFICACIONPRODUCTO t1 WHERE ((t0.CAT_NAME = ?) AND (t1.NROREFERENCIA = t0.ESP_NROREF))
	bind => [Galaxy Ace]
[EL Fine]: sql: 2014-10-09 10:12:55.112--ServerSession(1989311583)--Connection(1905800551)--Thread(Thread[AWT-EventQueue-0,6,main])--SELECT NOMBRE, PADRE FROM CATEGORIA WHERE (NOMBRE = ?)
	bind => [Blackberry]
[EL Fine]: sql: 2014-10-09 10:12:55.112--ServerSession(1989311583)--Connection(1905800551)--Thread(Thread[AWT-EventQueue-0,6,main])--SELECT t1.NROREFERENCIA, t1.DESCRIPCION, t1.NOMBRE, t1.PRECIO, t1.PROVEEDOR_ID, t0.ESP_NROREF FROM CATEGORIAESPECIFICACIONPROD t0, ESPECIFICACIONPRODUCTO t1 WHERE ((t0.CAT_NAME = ?) AND (t1.NROREFERENCIA = t0.ESP_NROREF))
	bind => [Blackberry]
[EL Fine]: sql: 2014-10-09 10:12:55.113--ServerSession(1989311583)--Connection(1905800551)--Thread(Thread[AWT-EventQueue-0,6,main])--SELECT NOMBRE, PADRE FROM CATEGORIA WHERE (NOMBRE = ?)
	bind => [Nokia]
[EL Fine]: sql: 2014-10-09 10:12:55.113--ServerSession(1989311583)--Connection(1905800551)--Thread(Thread[AWT-EventQueue-0,6,main])--SELECT t1.NROREFERENCIA, t1.DESCRIPCION, t1.NOMBRE, t1.PRECIO, t1.PROVEEDOR_ID, t0.ESP_NROREF FROM CATEGORIAESPECIFICACIONPROD t0, ESPECIFICACIONPRODUCTO t1 WHERE ((t0.CAT_NAME = ?) AND (t1.NROREFERENCIA = t0.ESP_NROREF))
	bind => [Nokia]
[EL Fine]: sql: 2014-10-09 10:12:55.114--ServerSession(1989311583)--Connection(1905800551)--Thread(Thread[AWT-EventQueue-0,6,main])--SELECT NOMBRE, PADRE FROM CATEGORIA WHERE (NOMBRE = ?)
	bind => [Accesorios]
[EL Fine]: sql: 2014-10-09 10:12:55.114--ServerSession(1989311583)--Connection(1905800551)--Thread(Thread[AWT-EventQueue-0,6,main])--SELECT t1.NROREFERENCIA, t1.DESCRIPCION, t1.NOMBRE, t1.PRECIO, t1.PROVEEDOR_ID, t0.ESP_NROREF FROM CATEGORIAESPECIFICACIONPROD t0, ESPECIFICACIONPRODUCTO t1 WHERE ((t0.CAT_NAME = ?) AND (t1.NROREFERENCIA = t0.ESP_NROREF))
	bind => [Accesorios]
[EL Fine]: sql: 2014-10-09 10:12:55.115--ServerSession(1989311583)--Connection(1905800551)--Thread(Thread[AWT-EventQueue-0,6,main])--SELECT NOMBRE, PADRE FROM CATEGORIA WHERE (NOMBRE = ?)
	bind => [Protectores]
[EL Fine]: sql: 2014-10-09 10:12:55.115--ServerSession(1989311583)--Connection(1905800551)--Thread(Thread[AWT-EventQueue-0,6,main])--SELECT t1.NROREFERENCIA, t1.DESCRIPCION, t1.NOMBRE, t1.PRECIO, t1.PROVEEDOR_ID, t0.ESP_NROREF FROM CATEGORIAESPECIFICACIONPROD t0, ESPECIFICACIONPRODUCTO t1 WHERE ((t0.CAT_NAME = ?) AND (t1.NROREFERENCIA = t0.ESP_NROREF))
	bind => [Protectores]
[EL Fine]: sql: 2014-10-09 10:12:55.116--ServerSession(1989311583)--Connection(1905800551)--Thread(Thread[AWT-EventQueue-0,6,main])--SELECT NOMBRE, PADRE FROM CATEGORIA WHERE (NOMBRE = ?)
	bind => [Baterías]
[EL Fine]: sql: 2014-10-09 10:12:55.116--ServerSession(1989311583)--Connection(1905800551)--Thread(Thread[AWT-EventQueue-0,6,main])--SELECT t1.NROREFERENCIA, t1.DESCRIPCION, t1.NOMBRE, t1.PRECIO, t1.PROVEEDOR_ID, t0.ESP_NROREF FROM CATEGORIAESPECIFICACIONPROD t0, ESPECIFICACIONPRODUCTO t1 WHERE ((t0.CAT_NAME = ?) AND (t1.NROREFERENCIA = t0.ESP_NROREF))
	bind => [Baterías]
[EL Fine]: sql: 2014-10-09 10:12:55.117--ServerSession(1989311583)--Connection(1905800551)--Thread(Thread[AWT-EventQueue-0,6,main])--SELECT NOMBRE, PADRE FROM CATEGORIA WHERE (NOMBRE = ?)
	bind => [Apple]
[EL Fine]: sql: 2014-10-09 10:12:55.117--ServerSession(1989311583)--Connection(1905800551)--Thread(Thread[AWT-EventQueue-0,6,main])--SELECT t1.NROREFERENCIA, t1.DESCRIPCION, t1.NOMBRE, t1.PRECIO, t1.PROVEEDOR_ID, t0.ESP_NROREF FROM CATEGORIAESPECIFICACIONPROD t0, ESPECIFICACIONPRODUCTO t1 WHERE ((t0.CAT_NAME = ?) AND (t1.NROREFERENCIA = t0.ESP_NROREF))
	bind => [Apple]
[EL Fine]: sql: 2014-10-09 10:12:55.118--ServerSession(1989311583)--Connection(1905800551)--Thread(Thread[AWT-EventQueue-0,6,main])--SELECT t1.NOMBRE, t1.PADRE FROM CATEGORIAESPECIFICACIONPROD t0, CATEGORIA t1 WHERE ((t0.ESP_NROREF = ?) AND (t1.NOMBRE = t0.CAT_NAME))
	bind => [IPH5]
[EL Fine]: sql: 2014-10-09 10:12:55.118--ServerSession(1989311583)--Connection(1905800551)--Thread(Thread[AWT-EventQueue-0,6,main])--SELECT ID, ENORDEN, ID_ESPECIFICO, ESPECIFICACION FROM PRODUCTO WHERE (ESPECIFICACION = ?)
	bind => [IPH5]
[EL Fine]: sql: 2014-10-09 10:12:55.119--ServerSession(1989311583)--Connection(1905800551)--Thread(Thread[AWT-EventQueue-0,6,main])--SELECT NOMBRE, PADRE FROM CATEGORIA WHERE (NOMBRE = ?)
	bind => [Videojuegos]
[EL Fine]: sql: 2014-10-09 10:12:55.12--ServerSession(1989311583)--Connection(1905800551)--Thread(Thread[AWT-EventQueue-0,6,main])--SELECT t1.NROREFERENCIA, t1.DESCRIPCION, t1.NOMBRE, t1.PRECIO, t1.PROVEEDOR_ID, t0.ESP_NROREF FROM CATEGORIAESPECIFICACIONPROD t0, ESPECIFICACIONPRODUCTO t1 WHERE ((t0.CAT_NAME = ?) AND (t1.NROREFERENCIA = t0.ESP_NROREF))
	bind => [Videojuegos]
[EL Fine]: sql: 2014-10-09 10:12:55.121--ServerSession(1989311583)--Connection(1905800551)--Thread(Thread[AWT-EventQueue-0,6,main])--SELECT NOMBRE, PADRE FROM CATEGORIA WHERE (NOMBRE = ?)
	bind => [Playstation]
[EL Fine]: sql: 2014-10-09 10:12:55.121--ServerSession(1989311583)--Connection(1905800551)--Thread(Thread[AWT-EventQueue-0,6,main])--SELECT t1.NROREFERENCIA, t1.DESCRIPCION, t1.NOMBRE, t1.PRECIO, t1.PROVEEDOR_ID, t0.ESP_NROREF FROM CATEGORIAESPECIFICACIONPROD t0, ESPECIFICACIONPRODUCTO t1 WHERE ((t0.CAT_NAME = ?) AND (t1.NROREFERENCIA = t0.ESP_NROREF))
	bind => [Playstation]
[EL Fine]: sql: 2014-10-09 10:12:55.121--ServerSession(1989311583)--Connection(1905800551)--Thread(Thread[AWT-EventQueue-0,6,main])--SELECT NOMBRE, PADRE FROM CATEGORIA WHERE (NOMBRE = ?)
	bind => [Xbox]
[EL Fine]: sql: 2014-10-09 10:12:55.122--ServerSession(1989311583)--Connection(1905800551)--Thread(Thread[AWT-EventQueue-0,6,main])--SELECT t1.NROREFERENCIA, t1.DESCRIPCION, t1.NOMBRE, t1.PRECIO, t1.PROVEEDOR_ID, t0.ESP_NROREF FROM CATEGORIAESPECIFICACIONPROD t0, ESPECIFICACIONPRODUCTO t1 WHERE ((t0.CAT_NAME = ?) AND (t1.NROREFERENCIA = t0.ESP_NROREF))
	bind => [Xbox]
[EL Fine]: sql: 2014-10-09 10:12:55.122--ServerSession(1989311583)--Connection(1905800551)--Thread(Thread[AWT-EventQueue-0,6,main])--SELECT NOMBRE, PADRE FROM CATEGORIA
[EL Fine]: sql: 2014-10-09 10:12:55.123--ServerSession(1989311583)--Connection(1905800551)--Thread(Thread[AWT-EventQueue-0,6,main])--SELECT NOMBRE, PADRE FROM CATEGORIA
[EL Fine]: sql: 2014-10-09 10:12:55.123--ServerSession(1989311583)--Connection(1905800551)--Thread(Thread[AWT-EventQueue-0,6,main])--SELECT NOMBRE, PADRE FROM CATEGORIA WHERE (NOMBRE = ?)
	bind => [Celulares]
[EL Fine]: sql: 2014-10-09 10:12:55.124--ServerSession(1989311583)--Connection(1905800551)--Thread(Thread[AWT-EventQueue-0,6,main])--SELECT t1.NROREFERENCIA, t1.DESCRIPCION, t1.NOMBRE, t1.PRECIO, t1.PROVEEDOR_ID, t0.ESP_NROREF FROM CATEGORIAESPECIFICACIONPROD t0, ESPECIFICACIONPRODUCTO t1 WHERE ((t0.CAT_NAME = ?) AND (t1.NROREFERENCIA = t0.ESP_NROREF))
	bind => [Celulares]
[EL Fine]: sql: 2014-10-09 10:12:55.124--ServerSession(1989311583)--Connection(1905800551)--Thread(Thread[AWT-EventQueue-0,6,main])--SELECT NOMBRE, PADRE FROM CATEGORIA WHERE (NOMBRE = ?)
	bind => [Sistemas Operativos]
[EL Fine]: sql: 2014-10-09 10:12:55.125--ServerSession(1989311583)--Connection(1905800551)--Thread(Thread[AWT-EventQueue-0,6,main])--SELECT t1.NROREFERENCIA, t1.DESCRIPCION, t1.NOMBRE, t1.PRECIO, t1.PROVEEDOR_ID, t0.ESP_NROREF FROM CATEGORIAESPECIFICACIONPROD t0, ESPECIFICACIONPRODUCTO t1 WHERE ((t0.CAT_NAME = ?) AND (t1.NROREFERENCIA = t0.ESP_NROREF))
	bind => [Sistemas Operativos]
[EL Fine]: sql: 2014-10-09 10:12:55.125--ServerSession(1989311583)--Connection(1905800551)--Thread(Thread[AWT-EventQueue-0,6,main])--SELECT NOMBRE, PADRE FROM CATEGORIA WHERE (NOMBRE = ?)
	bind => [iOS]
[EL Fine]: sql: 2014-10-09 10:12:55.125--ServerSession(1989311583)--Connection(1905800551)--Thread(Thread[AWT-EventQueue-0,6,main])--SELECT t1.NROREFERENCIA, t1.DESCRIPCION, t1.NOMBRE, t1.PRECIO, t1.PROVEEDOR_ID, t0.ESP_NROREF FROM CATEGORIAESPECIFICACIONPROD t0, ESPECIFICACIONPRODUCTO t1 WHERE ((t0.CAT_NAME = ?) AND (t1.NROREFERENCIA = t0.ESP_NROREF))
	bind => [iOS]
[EL Fine]: sql: 2014-10-09 10:12:55.126--ServerSession(1989311583)--Connection(1905800551)--Thread(Thread[AWT-EventQueue-0,6,main])--SELECT t1.NOMBRE, t1.PADRE FROM CATEGORIAESPECIFICACIONPROD t0, CATEGORIA t1 WHERE ((t0.ESP_NROREF = ?) AND (t1.NOMBRE = t0.CAT_NAME))
	bind => [IPH5]
[EL Fine]: sql: 2014-10-09 10:12:55.127--ServerSession(1989311583)--Connection(1905800551)--Thread(Thread[AWT-EventQueue-0,6,main])--SELECT ID, ENORDEN, ID_ESPECIFICO, ESPECIFICACION FROM PRODUCTO WHERE (ESPECIFICACION = ?)
	bind => [IPH5]
[EL Fine]: sql: 2014-10-09 10:12:55.128--ServerSession(1989311583)--Connection(1905800551)--Thread(Thread[AWT-EventQueue-0,6,main])--SELECT NOMBRE, PADRE FROM CATEGORIA WHERE (NOMBRE = ?)
	bind => [Android]
[EL Fine]: sql: 2014-10-09 10:12:55.129--ServerSession(1989311583)--Connection(1905800551)--Thread(Thread[AWT-EventQueue-0,6,main])--SELECT t1.NROREFERENCIA, t1.DESCRIPCION, t1.NOMBRE, t1.PRECIO, t1.PROVEEDOR_ID, t0.ESP_NROREF FROM CATEGORIAESPECIFICACIONPROD t0, ESPECIFICACIONPRODUCTO t1 WHERE ((t0.CAT_NAME = ?) AND (t1.NROREFERENCIA = t0.ESP_NROREF))
	bind => [Android]
[EL Fine]: sql: 2014-10-09 10:12:55.13--ServerSession(1989311583)--Connection(1905800551)--Thread(Thread[AWT-EventQueue-0,6,main])--SELECT NOMBRE, PADRE FROM CATEGORIA WHERE (NOMBRE = ?)
	bind => [Windows Phone]
[EL Fine]: sql: 2014-10-09 10:12:55.13--ServerSession(1989311583)--Connection(1905800551)--Thread(Thread[AWT-EventQueue-0,6,main])--SELECT t1.NROREFERENCIA, t1.DESCRIPCION, t1.NOMBRE, t1.PRECIO, t1.PROVEEDOR_ID, t0.ESP_NROREF FROM CATEGORIAESPECIFICACIONPROD t0, ESPECIFICACIONPRODUCTO t1 WHERE ((t0.CAT_NAME = ?) AND (t1.NROREFERENCIA = t0.ESP_NROREF))
	bind => [Windows Phone]
[EL Fine]: sql: 2014-10-09 10:12:55.13--ServerSession(1989311583)--Connection(1905800551)--Thread(Thread[AWT-EventQueue-0,6,main])--SELECT NOMBRE, PADRE FROM CATEGORIA WHERE (NOMBRE = ?)
	bind => [Symbian]
[EL Fine]: sql: 2014-10-09 10:12:55.131--ServerSession(1989311583)--Connection(1905800551)--Thread(Thread[AWT-EventQueue-0,6,main])--SELECT t1.NROREFERENCIA, t1.DESCRIPCION, t1.NOMBRE, t1.PRECIO, t1.PROVEEDOR_ID, t0.ESP_NROREF FROM CATEGORIAESPECIFICACIONPROD t0, ESPECIFICACIONPRODUCTO t1 WHERE ((t0.CAT_NAME = ?) AND (t1.NROREFERENCIA = t0.ESP_NROREF))
	bind => [Symbian]
[EL Fine]: sql: 2014-10-09 10:12:55.131--ServerSession(1989311583)--Connection(1905800551)--Thread(Thread[AWT-EventQueue-0,6,main])--SELECT NOMBRE, PADRE FROM CATEGORIA WHERE (NOMBRE = ?)
	bind => [Blackberry OS]
[EL Fine]: sql: 2014-10-09 10:12:55.132--ServerSession(1989311583)--Connection(1905800551)--Thread(Thread[AWT-EventQueue-0,6,main])--SELECT t1.NROREFERENCIA, t1.DESCRIPCION, t1.NOMBRE, t1.PRECIO, t1.PROVEEDOR_ID, t0.ESP_NROREF FROM CATEGORIAESPECIFICACIONPROD t0, ESPECIFICACIONPRODUCTO t1 WHERE ((t0.CAT_NAME = ?) AND (t1.NROREFERENCIA = t0.ESP_NROREF))
	bind => [Blackberry OS]
[EL Fine]: sql: 2014-10-09 10:12:55.132--ServerSession(1989311583)--Connection(1905800551)--Thread(Thread[AWT-EventQueue-0,6,main])--SELECT NOMBRE, PADRE FROM CATEGORIA WHERE (NOMBRE = ?)
	bind => [Equipos]
[EL Fine]: sql: 2014-10-09 10:12:55.133--ServerSession(1989311583)--Connection(1905800551)--Thread(Thread[AWT-EventQueue-0,6,main])--SELECT t1.NROREFERENCIA, t1.DESCRIPCION, t1.NOMBRE, t1.PRECIO, t1.PROVEEDOR_ID, t0.ESP_NROREF FROM CATEGORIAESPECIFICACIONPROD t0, ESPECIFICACIONPRODUCTO t1 WHERE ((t0.CAT_NAME = ?) AND (t1.NROREFERENCIA = t0.ESP_NROREF))
	bind => [Equipos]
[EL Fine]: sql: 2014-10-09 10:12:55.134--ServerSession(1989311583)--Connection(1905800551)--Thread(Thread[AWT-EventQueue-0,6,main])--SELECT NOMBRE, PADRE FROM CATEGORIA WHERE (NOMBRE = ?)
	bind => [iPhone]
[EL Fine]: sql: 2014-10-09 10:12:55.134--ServerSession(1989311583)--Connection(1905800551)--Thread(Thread[AWT-EventQueue-0,6,main])--SELECT t1.NROREFERENCIA, t1.DESCRIPCION, t1.NOMBRE, t1.PRECIO, t1.PROVEEDOR_ID, t0.ESP_NROREF FROM CATEGORIAESPECIFICACIONPROD t0, ESPECIFICACIONPRODUCTO t1 WHERE ((t0.CAT_NAME = ?) AND (t1.NROREFERENCIA = t0.ESP_NROREF))
	bind => [iPhone]
[EL Fine]: sql: 2014-10-09 10:12:55.134--ServerSession(1989311583)--Connection(1905800551)--Thread(Thread[AWT-EventQueue-0,6,main])--SELECT t1.NOMBRE, t1.PADRE FROM CATEGORIAESPECIFICACIONPROD t0, CATEGORIA t1 WHERE ((t0.ESP_NROREF = ?) AND (t1.NOMBRE = t0.CAT_NAME))
	bind => [IPH5]
[EL Fine]: sql: 2014-10-09 10:12:55.135--ServerSession(1989311583)--Connection(1905800551)--Thread(Thread[AWT-EventQueue-0,6,main])--SELECT ID, ENORDEN, ID_ESPECIFICO, ESPECIFICACION FROM PRODUCTO WHERE (ESPECIFICACION = ?)
	bind => [IPH5]
[EL Fine]: sql: 2014-10-09 10:12:55.136--ServerSession(1989311583)--Connection(1905800551)--Thread(Thread[AWT-EventQueue-0,6,main])--SELECT NOMBRE, PADRE FROM CATEGORIA WHERE (NOMBRE = ?)
	bind => [Nexus]
[EL Fine]: sql: 2014-10-09 10:12:55.137--ServerSession(1989311583)--Connection(1905800551)--Thread(Thread[AWT-EventQueue-0,6,main])--SELECT t1.NROREFERENCIA, t1.DESCRIPCION, t1.NOMBRE, t1.PRECIO, t1.PROVEEDOR_ID, t0.ESP_NROREF FROM CATEGORIAESPECIFICACIONPROD t0, ESPECIFICACIONPRODUCTO t1 WHERE ((t0.CAT_NAME = ?) AND (t1.NROREFERENCIA = t0.ESP_NROREF))
	bind => [Nexus]
[EL Fine]: sql: 2014-10-09 10:12:55.138--ServerSession(1989311583)--Connection(1905800551)--Thread(Thread[AWT-EventQueue-0,6,main])--SELECT NOMBRE, PADRE FROM CATEGORIA WHERE (NOMBRE = ?)
	bind => [Samsung]
[EL Fine]: sql: 2014-10-09 10:12:55.138--ServerSession(1989311583)--Connection(1905800551)--Thread(Thread[AWT-EventQueue-0,6,main])--SELECT t1.NROREFERENCIA, t1.DESCRIPCION, t1.NOMBRE, t1.PRECIO, t1.PROVEEDOR_ID, t0.ESP_NROREF FROM CATEGORIAESPECIFICACIONPROD t0, ESPECIFICACIONPRODUCTO t1 WHERE ((t0.CAT_NAME = ?) AND (t1.NROREFERENCIA = t0.ESP_NROREF))
	bind => [Samsung]
[EL Fine]: sql: 2014-10-09 10:12:55.139--ServerSession(1989311583)--Connection(1905800551)--Thread(Thread[AWT-EventQueue-0,6,main])--SELECT NOMBRE, PADRE FROM CATEGORIA WHERE (NOMBRE = ?)
	bind => [Galaxy S3]
[EL Fine]: sql: 2014-10-09 10:12:55.139--ServerSession(1989311583)--Connection(1905800551)--Thread(Thread[AWT-EventQueue-0,6,main])--SELECT t1.NROREFERENCIA, t1.DESCRIPCION, t1.NOMBRE, t1.PRECIO, t1.PROVEEDOR_ID, t0.ESP_NROREF FROM CATEGORIAESPECIFICACIONPROD t0, ESPECIFICACIONPRODUCTO t1 WHERE ((t0.CAT_NAME = ?) AND (t1.NROREFERENCIA = t0.ESP_NROREF))
	bind => [Galaxy S3]
[EL Fine]: sql: 2014-10-09 10:12:55.14--ServerSession(1989311583)--Connection(1905800551)--Thread(Thread[AWT-EventQueue-0,6,main])--SELECT NOMBRE, PADRE FROM CATEGORIA WHERE (NOMBRE = ?)
	bind => [Galaxy S4]
[EL Fine]: sql: 2014-10-09 10:12:55.14--ServerSession(1989311583)--Connection(1905800551)--Thread(Thread[AWT-EventQueue-0,6,main])--SELECT t1.NROREFERENCIA, t1.DESCRIPCION, t1.NOMBRE, t1.PRECIO, t1.PROVEEDOR_ID, t0.ESP_NROREF FROM CATEGORIAESPECIFICACIONPROD t0, ESPECIFICACIONPRODUCTO t1 WHERE ((t0.CAT_NAME = ?) AND (t1.NROREFERENCIA = t0.ESP_NROREF))
	bind => [Galaxy S4]
[EL Fine]: sql: 2014-10-09 10:12:55.141--ServerSession(1989311583)--Connection(1905800551)--Thread(Thread[AWT-EventQueue-0,6,main])--SELECT NOMBRE, PADRE FROM CATEGORIA WHERE (NOMBRE = ?)
	bind => [Galaxy Ace]
[EL Fine]: sql: 2014-10-09 10:12:55.141--ServerSession(1989311583)--Connection(1905800551)--Thread(Thread[AWT-EventQueue-0,6,main])--SELECT t1.NROREFERENCIA, t1.DESCRIPCION, t1.NOMBRE, t1.PRECIO, t1.PROVEEDOR_ID, t0.ESP_NROREF FROM CATEGORIAESPECIFICACIONPROD t0, ESPECIFICACIONPRODUCTO t1 WHERE ((t0.CAT_NAME = ?) AND (t1.NROREFERENCIA = t0.ESP_NROREF))
	bind => [Galaxy Ace]
[EL Fine]: sql: 2014-10-09 10:12:55.142--ServerSession(1989311583)--Connection(1905800551)--Thread(Thread[AWT-EventQueue-0,6,main])--SELECT NOMBRE, PADRE FROM CATEGORIA WHERE (NOMBRE = ?)
	bind => [Blackberry]
[EL Fine]: sql: 2014-10-09 10:12:55.142--ServerSession(1989311583)--Connection(1905800551)--Thread(Thread[AWT-EventQueue-0,6,main])--SELECT t1.NROREFERENCIA, t1.DESCRIPCION, t1.NOMBRE, t1.PRECIO, t1.PROVEEDOR_ID, t0.ESP_NROREF FROM CATEGORIAESPECIFICACIONPROD t0, ESPECIFICACIONPRODUCTO t1 WHERE ((t0.CAT_NAME = ?) AND (t1.NROREFERENCIA = t0.ESP_NROREF))
	bind => [Blackberry]
[EL Fine]: sql: 2014-10-09 10:12:55.143--ServerSession(1989311583)--Connection(1905800551)--Thread(Thread[AWT-EventQueue-0,6,main])--SELECT NOMBRE, PADRE FROM CATEGORIA WHERE (NOMBRE = ?)
	bind => [Nokia]
[EL Fine]: sql: 2014-10-09 10:12:55.143--ServerSession(1989311583)--Connection(1905800551)--Thread(Thread[AWT-EventQueue-0,6,main])--SELECT t1.NROREFERENCIA, t1.DESCRIPCION, t1.NOMBRE, t1.PRECIO, t1.PROVEEDOR_ID, t0.ESP_NROREF FROM CATEGORIAESPECIFICACIONPROD t0, ESPECIFICACIONPRODUCTO t1 WHERE ((t0.CAT_NAME = ?) AND (t1.NROREFERENCIA = t0.ESP_NROREF))
	bind => [Nokia]
[EL Fine]: sql: 2014-10-09 10:12:55.144--ServerSession(1989311583)--Connection(1905800551)--Thread(Thread[AWT-EventQueue-0,6,main])--SELECT NOMBRE, PADRE FROM CATEGORIA WHERE (NOMBRE = ?)
	bind => [Accesorios]
[EL Fine]: sql: 2014-10-09 10:12:55.144--ServerSession(1989311583)--Connection(1905800551)--Thread(Thread[AWT-EventQueue-0,6,main])--SELECT t1.NROREFERENCIA, t1.DESCRIPCION, t1.NOMBRE, t1.PRECIO, t1.PROVEEDOR_ID, t0.ESP_NROREF FROM CATEGORIAESPECIFICACIONPROD t0, ESPECIFICACIONPRODUCTO t1 WHERE ((t0.CAT_NAME = ?) AND (t1.NROREFERENCIA = t0.ESP_NROREF))
	bind => [Accesorios]
[EL Fine]: sql: 2014-10-09 10:12:55.144--ServerSession(1989311583)--Connection(1905800551)--Thread(Thread[AWT-EventQueue-0,6,main])--SELECT NOMBRE, PADRE FROM CATEGORIA WHERE (NOMBRE = ?)
	bind => [Protectores]
[EL Fine]: sql: 2014-10-09 10:12:55.145--ServerSession(1989311583)--Connection(1905800551)--Thread(Thread[AWT-EventQueue-0,6,main])--SELECT t1.NROREFERENCIA, t1.DESCRIPCION, t1.NOMBRE, t1.PRECIO, t1.PROVEEDOR_ID, t0.ESP_NROREF FROM CATEGORIAESPECIFICACIONPROD t0, ESPECIFICACIONPRODUCTO t1 WHERE ((t0.CAT_NAME = ?) AND (t1.NROREFERENCIA = t0.ESP_NROREF))
	bind => [Protectores]
[EL Fine]: sql: 2014-10-09 10:12:55.145--ServerSession(1989311583)--Connection(1905800551)--Thread(Thread[AWT-EventQueue-0,6,main])--SELECT NOMBRE, PADRE FROM CATEGORIA WHERE (NOMBRE = ?)
	bind => [Baterías]
[EL Fine]: sql: 2014-10-09 10:12:55.146--ServerSession(1989311583)--Connection(1905800551)--Thread(Thread[AWT-EventQueue-0,6,main])--SELECT t1.NROREFERENCIA, t1.DESCRIPCION, t1.NOMBRE, t1.PRECIO, t1.PROVEEDOR_ID, t0.ESP_NROREF FROM CATEGORIAESPECIFICACIONPROD t0, ESPECIFICACIONPRODUCTO t1 WHERE ((t0.CAT_NAME = ?) AND (t1.NROREFERENCIA = t0.ESP_NROREF))
	bind => [Baterías]
[EL Fine]: sql: 2014-10-09 10:12:55.146--ServerSession(1989311583)--Connection(1905800551)--Thread(Thread[AWT-EventQueue-0,6,main])--SELECT NOMBRE, PADRE FROM CATEGORIA WHERE (NOMBRE = ?)
	bind => [Apple]
[EL Fine]: sql: 2014-10-09 10:12:55.147--ServerSession(1989311583)--Connection(1905800551)--Thread(Thread[AWT-EventQueue-0,6,main])--SELECT t1.NROREFERENCIA, t1.DESCRIPCION, t1.NOMBRE, t1.PRECIO, t1.PROVEEDOR_ID, t0.ESP_NROREF FROM CATEGORIAESPECIFICACIONPROD t0, ESPECIFICACIONPRODUCTO t1 WHERE ((t0.CAT_NAME = ?) AND (t1.NROREFERENCIA = t0.ESP_NROREF))
	bind => [Apple]
[EL Fine]: sql: 2014-10-09 10:12:55.147--ServerSession(1989311583)--Connection(1905800551)--Thread(Thread[AWT-EventQueue-0,6,main])--SELECT t1.NOMBRE, t1.PADRE FROM CATEGORIAESPECIFICACIONPROD t0, CATEGORIA t1 WHERE ((t0.ESP_NROREF = ?) AND (t1.NOMBRE = t0.CAT_NAME))
	bind => [IPH5]
[EL Fine]: sql: 2014-10-09 10:12:55.148--ServerSession(1989311583)--Connection(1905800551)--Thread(Thread[AWT-EventQueue-0,6,main])--SELECT ID, ENORDEN, ID_ESPECIFICO, ESPECIFICACION FROM PRODUCTO WHERE (ESPECIFICACION = ?)
	bind => [IPH5]
[EL Fine]: sql: 2014-10-09 10:12:55.149--ServerSession(1989311583)--Connection(1905800551)--Thread(Thread[AWT-EventQueue-0,6,main])--SELECT NOMBRE, PADRE FROM CATEGORIA WHERE (NOMBRE = ?)
	bind => [Videojuegos]
[EL Fine]: sql: 2014-10-09 10:12:55.149--ServerSession(1989311583)--Connection(1905800551)--Thread(Thread[AWT-EventQueue-0,6,main])--SELECT t1.NROREFERENCIA, t1.DESCRIPCION, t1.NOMBRE, t1.PRECIO, t1.PROVEEDOR_ID, t0.ESP_NROREF FROM CATEGORIAESPECIFICACIONPROD t0, ESPECIFICACIONPRODUCTO t1 WHERE ((t0.CAT_NAME = ?) AND (t1.NROREFERENCIA = t0.ESP_NROREF))
	bind => [Videojuegos]
[EL Fine]: sql: 2014-10-09 10:12:55.15--ServerSession(1989311583)--Connection(1905800551)--Thread(Thread[AWT-EventQueue-0,6,main])--SELECT NOMBRE, PADRE FROM CATEGORIA WHERE (NOMBRE = ?)
	bind => [Playstation]
[EL Fine]: sql: 2014-10-09 10:12:55.15--ServerSession(1989311583)--Connection(1905800551)--Thread(Thread[AWT-EventQueue-0,6,main])--SELECT t1.NROREFERENCIA, t1.DESCRIPCION, t1.NOMBRE, t1.PRECIO, t1.PROVEEDOR_ID, t0.ESP_NROREF FROM CATEGORIAESPECIFICACIONPROD t0, ESPECIFICACIONPRODUCTO t1 WHERE ((t0.CAT_NAME = ?) AND (t1.NROREFERENCIA = t0.ESP_NROREF))
	bind => [Playstation]
[EL Fine]: sql: 2014-10-09 10:12:55.151--ServerSession(1989311583)--Connection(1905800551)--Thread(Thread[AWT-EventQueue-0,6,main])--SELECT NOMBRE, PADRE FROM CATEGORIA WHERE (NOMBRE = ?)
	bind => [Xbox]
[EL Fine]: sql: 2014-10-09 10:12:55.151--ServerSession(1989311583)--Connection(1905800551)--Thread(Thread[AWT-EventQueue-0,6,main])--SELECT t1.NROREFERENCIA, t1.DESCRIPCION, t1.NOMBRE, t1.PRECIO, t1.PROVEEDOR_ID, t0.ESP_NROREF FROM CATEGORIAESPECIFICACIONPROD t0, ESPECIFICACIONPRODUCTO t1 WHERE ((t0.CAT_NAME = ?) AND (t1.NROREFERENCIA = t0.ESP_NROREF))
	bind => [Xbox]
[EL Fine]: sql: 2014-10-09 10:12:55.152--ServerSession(1989311583)--Connection(1905800551)--Thread(Thread[AWT-EventQueue-0,6,main])--SELECT NOMBRE, PADRE FROM CATEGORIA
[EL Fine]: sql: 2014-10-09 10:12:55.156--ClientSession(343425280)--Connection(1905800551)--Thread(Thread[AWT-EventQueue-0,6,main])--INSERT INTO ESPECIFICACIONPRODUCTO (NROREFERENCIA, DESCRIPCION, NOMBRE, PRECIO, PROVEEDOR_ID) VALUES (?, ?, ?, ?, ?)
	bind => [IPH4, El siguiente celular al iPhone 4, iPhone 4S, 99.0, Tim1]
[EL Fine]: sql: 2014-10-09 10:12:55.157--ClientSession(343425280)--Connection(1905800551)--Thread(Thread[AWT-EventQueue-0,6,main])--INSERT INTO PRODUCTO (ENORDEN, ID_ESPECIFICO, ESPECIFICACION) VALUES (?, ?, ?)
	bind => [false, null, IPH4]
[EL Fine]: sql: 2014-10-09 10:12:55.157--ClientSession(343425280)--Connection(1905800551)--Thread(Thread[AWT-EventQueue-0,6,main])--CALL IDENTITY()
[EL Fine]: sql: 2014-10-09 10:12:55.158--ClientSession(343425280)--Connection(1905800551)--Thread(Thread[AWT-EventQueue-0,6,main])--INSERT INTO PRODUCTO (ENORDEN, ID_ESPECIFICO, ESPECIFICACION) VALUES (?, ?, ?)
	bind => [false, null, IPH4]
[EL Fine]: sql: 2014-10-09 10:12:55.158--ClientSession(343425280)--Connection(1905800551)--Thread(Thread[AWT-EventQueue-0,6,main])--CALL IDENTITY()
[EL Fine]: sql: 2014-10-09 10:12:55.159--ClientSession(343425280)--Connection(1905800551)--Thread(Thread[AWT-EventQueue-0,6,main])--INSERT INTO PRODUCTO (ENORDEN, ID_ESPECIFICO, ESPECIFICACION) VALUES (?, ?, ?)
	bind => [false, null, IPH4]
[EL Fine]: sql: 2014-10-09 10:12:55.159--ClientSession(343425280)--Connection(1905800551)--Thread(Thread[AWT-EventQueue-0,6,main])--CALL IDENTITY()
[EL Fine]: sql: 2014-10-09 10:12:55.16--ClientSession(343425280)--Connection(1905800551)--Thread(Thread[AWT-EventQueue-0,6,main])--INSERT INTO PRODUCTO (ENORDEN, ID_ESPECIFICO, ESPECIFICACION) VALUES (?, ?, ?)
	bind => [false, null, IPH4]
[EL Fine]: sql: 2014-10-09 10:12:55.16--ClientSession(343425280)--Connection(1905800551)--Thread(Thread[AWT-EventQueue-0,6,main])--CALL IDENTITY()
[EL Fine]: sql: 2014-10-09 10:12:55.161--ClientSession(343425280)--Connection(1905800551)--Thread(Thread[AWT-EventQueue-0,6,main])--INSERT INTO PRODUCTO (ENORDEN, ID_ESPECIFICO, ESPECIFICACION) VALUES (?, ?, ?)
	bind => [false, null, IPH4]
[EL Fine]: sql: 2014-10-09 10:12:55.161--ClientSession(343425280)--Connection(1905800551)--Thread(Thread[AWT-EventQueue-0,6,main])--CALL IDENTITY()
[EL Fine]: sql: 2014-10-09 10:12:55.162--ClientSession(343425280)--Connection(1905800551)--Thread(Thread[AWT-EventQueue-0,6,main])--INSERT INTO PRODUCTO (ENORDEN, ID_ESPECIFICO, ESPECIFICACION) VALUES (?, ?, ?)
	bind => [false, null, IPH4]
[EL Fine]: sql: 2014-10-09 10:12:55.162--ClientSession(343425280)--Connection(1905800551)--Thread(Thread[AWT-EventQueue-0,6,main])--CALL IDENTITY()
[EL Fine]: sql: 2014-10-09 10:12:55.163--ClientSession(343425280)--Connection(1905800551)--Thread(Thread[AWT-EventQueue-0,6,main])--INSERT INTO PRODUCTO (ENORDEN, ID_ESPECIFICO, ESPECIFICACION) VALUES (?, ?, ?)
	bind => [false, null, IPH4]
[EL Fine]: sql: 2014-10-09 10:12:55.18--ClientSession(343425280)--Connection(1905800551)--Thread(Thread[AWT-EventQueue-0,6,main])--CALL IDENTITY()
[EL Fine]: sql: 2014-10-09 10:12:55.184--ClientSession(343425280)--Connection(1905800551)--Thread(Thread[AWT-EventQueue-0,6,main])--INSERT INTO PRODUCTO (ENORDEN, ID_ESPECIFICO, ESPECIFICACION) VALUES (?, ?, ?)
	bind => [false, null, IPH4]
[EL Fine]: sql: 2014-10-09 10:12:55.186--ClientSession(343425280)--Connection(1905800551)--Thread(Thread[AWT-EventQueue-0,6,main])--CALL IDENTITY()
[EL Fine]: sql: 2014-10-09 10:12:55.196--ClientSession(343425280)--Connection(1905800551)--Thread(Thread[AWT-EventQueue-0,6,main])--INSERT INTO PRODUCTO (ENORDEN, ID_ESPECIFICO, ESPECIFICACION) VALUES (?, ?, ?)
	bind => [false, null, IPH4]
[EL Fine]: sql: 2014-10-09 10:12:55.204--ClientSession(343425280)--Connection(1905800551)--Thread(Thread[AWT-EventQueue-0,6,main])--CALL IDENTITY()
[EL Fine]: sql: 2014-10-09 10:12:55.21--ClientSession(343425280)--Connection(1905800551)--Thread(Thread[AWT-EventQueue-0,6,main])--INSERT INTO PRODUCTO (ENORDEN, ID_ESPECIFICO, ESPECIFICACION) VALUES (?, ?, ?)
	bind => [false, null, IPH4]
[EL Fine]: sql: 2014-10-09 10:12:55.22--ClientSession(343425280)--Connection(1905800551)--Thread(Thread[AWT-EventQueue-0,6,main])--CALL IDENTITY()
[EL Fine]: sql: 2014-10-09 10:12:55.221--ClientSession(343425280)--Connection(1905800551)--Thread(Thread[AWT-EventQueue-0,6,main])--INSERT INTO ESPECIFICACIONES (ESPPRID, VALOR, NOMBRE) VALUES (?, ?, ?)
	bind => [IPH4, 140 g, Peso]
[EL Fine]: sql: 2014-10-09 10:12:55.222--ClientSession(343425280)--Connection(1905800551)--Thread(Thread[AWT-EventQueue-0,6,main])--INSERT INTO ESPECIFICACIONES (ESPPRID, VALOR, NOMBRE) VALUES (?, ?, ?)
	bind => [IPH4, b/g/n, Versiones de Wifi]
[EL Fine]: sql: 2014-10-09 10:12:55.222--ClientSession(343425280)--Connection(1905800551)--Thread(Thread[AWT-EventQueue-0,6,main])--INSERT INTO ESPECIFICACIONES (ESPPRID, VALOR, NOMBRE) VALUES (?, ?, ?)
	bind => [IPH4, 3.5”, Pantalla]
[EL Fine]: sql: 2014-10-09 10:12:55.222--ClientSession(343425280)--Connection(1905800551)--Thread(Thread[AWT-EventQueue-0,6,main])--INSERT INTO ESPECIFICACIONES (ESPPRID, VALOR, NOMBRE) VALUES (?, ?, ?)
	bind => [IPH4, 16 GB, Capacidad]
[EL Fine]: sql: 2014-10-09 10:12:55.222--ClientSession(343425280)--Connection(1905800551)--Thread(Thread[AWT-EventQueue-0,6,main])--INSERT INTO CATEGORIAESPECIFICACIONPROD (CAT_NAME, ESP_NROREF) VALUES (?, ?)
	bind => [iPhone, IPH4]
[EL Fine]: sql: 2014-10-09 10:12:55.223--ClientSession(343425280)--Connection(1905800551)--Thread(Thread[AWT-EventQueue-0,6,main])--INSERT INTO CATEGORIAESPECIFICACIONPROD (CAT_NAME, ESP_NROREF) VALUES (?, ?)
	bind => [iOS, IPH4]
[EL Fine]: sql: 2014-10-09 10:12:55.223--ClientSession(343425280)--Connection(1905800551)--Thread(Thread[AWT-EventQueue-0,6,main])--INSERT INTO CATEGORIAESPECIFICACIONPROD (CAT_NAME, ESP_NROREF) VALUES (?, ?)
	bind => [Apple, IPH4]
[EL Fine]: sql: 2014-10-09 10:12:55.225--ServerSession(1989311583)--Connection(1905800551)--Thread(Thread[AWT-EventQueue-0,6,main])--SELECT NROREFERENCIA, DESCRIPCION, NOMBRE, PRECIO, PROVEEDOR_ID FROM ESPECIFICACIONPRODUCTO
[EL Fine]: sql: 2014-10-09 10:12:55.226--ServerSession(1989311583)--Connection(1905800551)--Thread(Thread[AWT-EventQueue-0,6,main])--SELECT NOMBRE, PADRE FROM CATEGORIA
[EL Fine]: sql: 2014-10-09 10:12:55.227--ServerSession(1989311583)--Connection(1905800551)--Thread(Thread[AWT-EventQueue-0,6,main])--SELECT NOMBRE, PADRE FROM CATEGORIA WHERE (NOMBRE = ?)
	bind => [Celulares]
[EL Fine]: sql: 2014-10-09 10:12:55.227--ServerSession(1989311583)--Connection(1905800551)--Thread(Thread[AWT-EventQueue-0,6,main])--SELECT t1.NROREFERENCIA, t1.DESCRIPCION, t1.NOMBRE, t1.PRECIO, t1.PROVEEDOR_ID, t0.ESP_NROREF FROM CATEGORIAESPECIFICACIONPROD t0, ESPECIFICACIONPRODUCTO t1 WHERE ((t0.CAT_NAME = ?) AND (t1.NROREFERENCIA = t0.ESP_NROREF))
	bind => [Celulares]
[EL Fine]: sql: 2014-10-09 10:12:55.228--ServerSession(1989311583)--Connection(1905800551)--Thread(Thread[AWT-EventQueue-0,6,main])--SELECT NOMBRE, PADRE FROM CATEGORIA WHERE (NOMBRE = ?)
	bind => [Sistemas Operativos]
[EL Fine]: sql: 2014-10-09 10:12:55.228--ServerSession(1989311583)--Connection(1905800551)--Thread(Thread[AWT-EventQueue-0,6,main])--SELECT t1.NROREFERENCIA, t1.DESCRIPCION, t1.NOMBRE, t1.PRECIO, t1.PROVEEDOR_ID, t0.ESP_NROREF FROM CATEGORIAESPECIFICACIONPROD t0, ESPECIFICACIONPRODUCTO t1 WHERE ((t0.CAT_NAME = ?) AND (t1.NROREFERENCIA = t0.ESP_NROREF))
	bind => [Sistemas Operativos]
[EL Fine]: sql: 2014-10-09 10:12:55.229--ServerSession(1989311583)--Connection(1905800551)--Thread(Thread[AWT-EventQueue-0,6,main])--SELECT NOMBRE, PADRE FROM CATEGORIA WHERE (NOMBRE = ?)
	bind => [iOS]
[EL Fine]: sql: 2014-10-09 10:12:55.23--ServerSession(1989311583)--Connection(1905800551)--Thread(Thread[AWT-EventQueue-0,6,main])--SELECT t1.NROREFERENCIA, t1.DESCRIPCION, t1.NOMBRE, t1.PRECIO, t1.PROVEEDOR_ID, t0.ESP_NROREF FROM CATEGORIAESPECIFICACIONPROD t0, ESPECIFICACIONPRODUCTO t1 WHERE ((t0.CAT_NAME = ?) AND (t1.NROREFERENCIA = t0.ESP_NROREF))
	bind => [iOS]
[EL Fine]: sql: 2014-10-09 10:12:55.23--ServerSession(1989311583)--Connection(1905800551)--Thread(Thread[AWT-EventQueue-0,6,main])--SELECT t1.NOMBRE, t1.PADRE FROM CATEGORIAESPECIFICACIONPROD t0, CATEGORIA t1 WHERE ((t0.ESP_NROREF = ?) AND (t1.NOMBRE = t0.CAT_NAME))
	bind => [IPH5]
[EL Fine]: sql: 2014-10-09 10:12:55.231--ServerSession(1989311583)--Connection(1905800551)--Thread(Thread[AWT-EventQueue-0,6,main])--SELECT ID, ENORDEN, ID_ESPECIFICO, ESPECIFICACION FROM PRODUCTO WHERE (ESPECIFICACION = ?)
	bind => [IPH5]
[EL Fine]: sql: 2014-10-09 10:12:55.232--ServerSession(1989311583)--Connection(1905800551)--Thread(Thread[AWT-EventQueue-0,6,main])--SELECT t1.NOMBRE, t1.PADRE FROM CATEGORIAESPECIFICACIONPROD t0, CATEGORIA t1 WHERE ((t0.ESP_NROREF = ?) AND (t1.NOMBRE = t0.CAT_NAME))
	bind => [IPH4]
[EL Fine]: sql: 2014-10-09 10:12:55.232--ServerSession(1989311583)--Connection(1905800551)--Thread(Thread[AWT-EventQueue-0,6,main])--SELECT ID, ENORDEN, ID_ESPECIFICO, ESPECIFICACION FROM PRODUCTO WHERE (ESPECIFICACION = ?)
	bind => [IPH4]
[EL Fine]: sql: 2014-10-09 10:12:55.235--ServerSession(1989311583)--Connection(1905800551)--Thread(Thread[AWT-EventQueue-0,6,main])--SELECT NOMBRE, PADRE FROM CATEGORIA WHERE (NOMBRE = ?)
	bind => [Android]
[EL Fine]: sql: 2014-10-09 10:12:55.235--ServerSession(1989311583)--Connection(1905800551)--Thread(Thread[AWT-EventQueue-0,6,main])--SELECT t1.NROREFERENCIA, t1.DESCRIPCION, t1.NOMBRE, t1.PRECIO, t1.PROVEEDOR_ID, t0.ESP_NROREF FROM CATEGORIAESPECIFICACIONPROD t0, ESPECIFICACIONPRODUCTO t1 WHERE ((t0.CAT_NAME = ?) AND (t1.NROREFERENCIA = t0.ESP_NROREF))
	bind => [Android]
[EL Fine]: sql: 2014-10-09 10:12:55.236--ServerSession(1989311583)--Connection(1905800551)--Thread(Thread[AWT-EventQueue-0,6,main])--SELECT NOMBRE, PADRE FROM CATEGORIA WHERE (NOMBRE = ?)
	bind => [Windows Phone]
[EL Fine]: sql: 2014-10-09 10:12:55.236--ServerSession(1989311583)--Connection(1905800551)--Thread(Thread[AWT-EventQueue-0,6,main])--SELECT t1.NROREFERENCIA, t1.DESCRIPCION, t1.NOMBRE, t1.PRECIO, t1.PROVEEDOR_ID, t0.ESP_NROREF FROM CATEGORIAESPECIFICACIONPROD t0, ESPECIFICACIONPRODUCTO t1 WHERE ((t0.CAT_NAME = ?) AND (t1.NROREFERENCIA = t0.ESP_NROREF))
	bind => [Windows Phone]
[EL Fine]: sql: 2014-10-09 10:12:55.237--ServerSession(1989311583)--Connection(1905800551)--Thread(Thread[AWT-EventQueue-0,6,main])--SELECT NOMBRE, PADRE FROM CATEGORIA WHERE (NOMBRE = ?)
	bind => [Symbian]
[EL Fine]: sql: 2014-10-09 10:12:55.237--ServerSession(1989311583)--Connection(1905800551)--Thread(Thread[AWT-EventQueue-0,6,main])--SELECT t1.NROREFERENCIA, t1.DESCRIPCION, t1.NOMBRE, t1.PRECIO, t1.PROVEEDOR_ID, t0.ESP_NROREF FROM CATEGORIAESPECIFICACIONPROD t0, ESPECIFICACIONPRODUCTO t1 WHERE ((t0.CAT_NAME = ?) AND (t1.NROREFERENCIA = t0.ESP_NROREF))
	bind => [Symbian]
[EL Fine]: sql: 2014-10-09 10:12:55.238--ServerSession(1989311583)--Connection(1905800551)--Thread(Thread[AWT-EventQueue-0,6,main])--SELECT NOMBRE, PADRE FROM CATEGORIA WHERE (NOMBRE = ?)
	bind => [Blackberry OS]
[EL Fine]: sql: 2014-10-09 10:12:55.238--ServerSession(1989311583)--Connection(1905800551)--Thread(Thread[AWT-EventQueue-0,6,main])--SELECT t1.NROREFERENCIA, t1.DESCRIPCION, t1.NOMBRE, t1.PRECIO, t1.PROVEEDOR_ID, t0.ESP_NROREF FROM CATEGORIAESPECIFICACIONPROD t0, ESPECIFICACIONPRODUCTO t1 WHERE ((t0.CAT_NAME = ?) AND (t1.NROREFERENCIA = t0.ESP_NROREF))
	bind => [Blackberry OS]
[EL Fine]: sql: 2014-10-09 10:12:55.239--ServerSession(1989311583)--Connection(1905800551)--Thread(Thread[AWT-EventQueue-0,6,main])--SELECT NOMBRE, PADRE FROM CATEGORIA WHERE (NOMBRE = ?)
	bind => [Equipos]
[EL Fine]: sql: 2014-10-09 10:12:55.239--ServerSession(1989311583)--Connection(1905800551)--Thread(Thread[AWT-EventQueue-0,6,main])--SELECT t1.NROREFERENCIA, t1.DESCRIPCION, t1.NOMBRE, t1.PRECIO, t1.PROVEEDOR_ID, t0.ESP_NROREF FROM CATEGORIAESPECIFICACIONPROD t0, ESPECIFICACIONPRODUCTO t1 WHERE ((t0.CAT_NAME = ?) AND (t1.NROREFERENCIA = t0.ESP_NROREF))
	bind => [Equipos]
[EL Fine]: sql: 2014-10-09 10:12:55.239--ServerSession(1989311583)--Connection(1905800551)--Thread(Thread[AWT-EventQueue-0,6,main])--SELECT NOMBRE, PADRE FROM CATEGORIA WHERE (NOMBRE = ?)
	bind => [iPhone]
[EL Fine]: sql: 2014-10-09 10:12:55.24--ServerSession(1989311583)--Connection(1905800551)--Thread(Thread[AWT-EventQueue-0,6,main])--SELECT t1.NROREFERENCIA, t1.DESCRIPCION, t1.NOMBRE, t1.PRECIO, t1.PROVEEDOR_ID, t0.ESP_NROREF FROM CATEGORIAESPECIFICACIONPROD t0, ESPECIFICACIONPRODUCTO t1 WHERE ((t0.CAT_NAME = ?) AND (t1.NROREFERENCIA = t0.ESP_NROREF))
	bind => [iPhone]
[EL Fine]: sql: 2014-10-09 10:12:55.24--ServerSession(1989311583)--Connection(1905800551)--Thread(Thread[AWT-EventQueue-0,6,main])--SELECT t1.NOMBRE, t1.PADRE FROM CATEGORIAESPECIFICACIONPROD t0, CATEGORIA t1 WHERE ((t0.ESP_NROREF = ?) AND (t1.NOMBRE = t0.CAT_NAME))
	bind => [IPH5]
[EL Fine]: sql: 2014-10-09 10:12:55.241--ServerSession(1989311583)--Connection(1905800551)--Thread(Thread[AWT-EventQueue-0,6,main])--SELECT ID, ENORDEN, ID_ESPECIFICO, ESPECIFICACION FROM PRODUCTO WHERE (ESPECIFICACION = ?)
	bind => [IPH5]
[EL Fine]: sql: 2014-10-09 10:12:55.241--ServerSession(1989311583)--Connection(1905800551)--Thread(Thread[AWT-EventQueue-0,6,main])--SELECT t1.NOMBRE, t1.PADRE FROM CATEGORIAESPECIFICACIONPROD t0, CATEGORIA t1 WHERE ((t0.ESP_NROREF = ?) AND (t1.NOMBRE = t0.CAT_NAME))
	bind => [IPH4]
[EL Fine]: sql: 2014-10-09 10:12:55.242--ServerSession(1989311583)--Connection(1905800551)--Thread(Thread[AWT-EventQueue-0,6,main])--SELECT ID, ENORDEN, ID_ESPECIFICO, ESPECIFICACION FROM PRODUCTO WHERE (ESPECIFICACION = ?)
	bind => [IPH4]
[EL Fine]: sql: 2014-10-09 10:12:55.243--ServerSession(1989311583)--Connection(1905800551)--Thread(Thread[AWT-EventQueue-0,6,main])--SELECT NOMBRE, PADRE FROM CATEGORIA WHERE (NOMBRE = ?)
	bind => [Nexus]
[EL Fine]: sql: 2014-10-09 10:12:55.244--ServerSession(1989311583)--Connection(1905800551)--Thread(Thread[AWT-EventQueue-0,6,main])--SELECT t1.NROREFERENCIA, t1.DESCRIPCION, t1.NOMBRE, t1.PRECIO, t1.PROVEEDOR_ID, t0.ESP_NROREF FROM CATEGORIAESPECIFICACIONPROD t0, ESPECIFICACIONPRODUCTO t1 WHERE ((t0.CAT_NAME = ?) AND (t1.NROREFERENCIA = t0.ESP_NROREF))
	bind => [Nexus]
[EL Fine]: sql: 2014-10-09 10:12:55.245--ServerSession(1989311583)--Connection(1905800551)--Thread(Thread[AWT-EventQueue-0,6,main])--SELECT NOMBRE, PADRE FROM CATEGORIA WHERE (NOMBRE = ?)
	bind => [Samsung]
[EL Fine]: sql: 2014-10-09 10:12:55.245--ServerSession(1989311583)--Connection(1905800551)--Thread(Thread[AWT-EventQueue-0,6,main])--SELECT t1.NROREFERENCIA, t1.DESCRIPCION, t1.NOMBRE, t1.PRECIO, t1.PROVEEDOR_ID, t0.ESP_NROREF FROM CATEGORIAESPECIFICACIONPROD t0, ESPECIFICACIONPRODUCTO t1 WHERE ((t0.CAT_NAME = ?) AND (t1.NROREFERENCIA = t0.ESP_NROREF))
	bind => [Samsung]
[EL Fine]: sql: 2014-10-09 10:12:55.246--ServerSession(1989311583)--Connection(1905800551)--Thread(Thread[AWT-EventQueue-0,6,main])--SELECT NOMBRE, PADRE FROM CATEGORIA WHERE (NOMBRE = ?)
	bind => [Galaxy S3]
[EL Fine]: sql: 2014-10-09 10:12:55.246--ServerSession(1989311583)--Connection(1905800551)--Thread(Thread[AWT-EventQueue-0,6,main])--SELECT t1.NROREFERENCIA, t1.DESCRIPCION, t1.NOMBRE, t1.PRECIO, t1.PROVEEDOR_ID, t0.ESP_NROREF FROM CATEGORIAESPECIFICACIONPROD t0, ESPECIFICACIONPRODUCTO t1 WHERE ((t0.CAT_NAME = ?) AND (t1.NROREFERENCIA = t0.ESP_NROREF))
	bind => [Galaxy S3]
[EL Fine]: sql: 2014-10-09 10:12:55.246--ServerSession(1989311583)--Connection(1905800551)--Thread(Thread[AWT-EventQueue-0,6,main])--SELECT NOMBRE, PADRE FROM CATEGORIA WHERE (NOMBRE = ?)
	bind => [Galaxy S4]
[EL Fine]: sql: 2014-10-09 10:12:55.247--ServerSession(1989311583)--Connection(1905800551)--Thread(Thread[AWT-EventQueue-0,6,main])--SELECT t1.NROREFERENCIA, t1.DESCRIPCION, t1.NOMBRE, t1.PRECIO, t1.PROVEEDOR_ID, t0.ESP_NROREF FROM CATEGORIAESPECIFICACIONPROD t0, ESPECIFICACIONPRODUCTO t1 WHERE ((t0.CAT_NAME = ?) AND (t1.NROREFERENCIA = t0.ESP_NROREF))
	bind => [Galaxy S4]
[EL Fine]: sql: 2014-10-09 10:12:55.247--ServerSession(1989311583)--Connection(1905800551)--Thread(Thread[AWT-EventQueue-0,6,main])--SELECT NOMBRE, PADRE FROM CATEGORIA WHERE (NOMBRE = ?)
	bind => [Galaxy Ace]
[EL Fine]: sql: 2014-10-09 10:12:55.252--ServerSession(1989311583)--Connection(1905800551)--Thread(Thread[AWT-EventQueue-0,6,main])--SELECT t1.NROREFERENCIA, t1.DESCRIPCION, t1.NOMBRE, t1.PRECIO, t1.PROVEEDOR_ID, t0.ESP_NROREF FROM CATEGORIAESPECIFICACIONPROD t0, ESPECIFICACIONPRODUCTO t1 WHERE ((t0.CAT_NAME = ?) AND (t1.NROREFERENCIA = t0.ESP_NROREF))
	bind => [Galaxy Ace]
[EL Fine]: sql: 2014-10-09 10:12:55.253--ServerSession(1989311583)--Connection(1905800551)--Thread(Thread[AWT-EventQueue-0,6,main])--SELECT NOMBRE, PADRE FROM CATEGORIA WHERE (NOMBRE = ?)
	bind => [Blackberry]
[EL Fine]: sql: 2014-10-09 10:12:55.253--ServerSession(1989311583)--Connection(1905800551)--Thread(Thread[AWT-EventQueue-0,6,main])--SELECT t1.NROREFERENCIA, t1.DESCRIPCION, t1.NOMBRE, t1.PRECIO, t1.PROVEEDOR_ID, t0.ESP_NROREF FROM CATEGORIAESPECIFICACIONPROD t0, ESPECIFICACIONPRODUCTO t1 WHERE ((t0.CAT_NAME = ?) AND (t1.NROREFERENCIA = t0.ESP_NROREF))
	bind => [Blackberry]
[EL Fine]: sql: 2014-10-09 10:12:55.254--ServerSession(1989311583)--Connection(1905800551)--Thread(Thread[AWT-EventQueue-0,6,main])--SELECT NOMBRE, PADRE FROM CATEGORIA WHERE (NOMBRE = ?)
	bind => [Nokia]
[EL Fine]: sql: 2014-10-09 10:12:55.254--ServerSession(1989311583)--Connection(1905800551)--Thread(Thread[AWT-EventQueue-0,6,main])--SELECT t1.NROREFERENCIA, t1.DESCRIPCION, t1.NOMBRE, t1.PRECIO, t1.PROVEEDOR_ID, t0.ESP_NROREF FROM CATEGORIAESPECIFICACIONPROD t0, ESPECIFICACIONPRODUCTO t1 WHERE ((t0.CAT_NAME = ?) AND (t1.NROREFERENCIA = t0.ESP_NROREF))
	bind => [Nokia]
[EL Fine]: sql: 2014-10-09 10:12:55.255--ServerSession(1989311583)--Connection(1905800551)--Thread(Thread[AWT-EventQueue-0,6,main])--SELECT NOMBRE, PADRE FROM CATEGORIA WHERE (NOMBRE = ?)
	bind => [Accesorios]
[EL Fine]: sql: 2014-10-09 10:12:55.255--ServerSession(1989311583)--Connection(1905800551)--Thread(Thread[AWT-EventQueue-0,6,main])--SELECT t1.NROREFERENCIA, t1.DESCRIPCION, t1.NOMBRE, t1.PRECIO, t1.PROVEEDOR_ID, t0.ESP_NROREF FROM CATEGORIAESPECIFICACIONPROD t0, ESPECIFICACIONPRODUCTO t1 WHERE ((t0.CAT_NAME = ?) AND (t1.NROREFERENCIA = t0.ESP_NROREF))
	bind => [Accesorios]
[EL Fine]: sql: 2014-10-09 10:12:55.256--ServerSession(1989311583)--Connection(1905800551)--Thread(Thread[AWT-EventQueue-0,6,main])--SELECT NOMBRE, PADRE FROM CATEGORIA WHERE (NOMBRE = ?)
	bind => [Protectores]
[EL Fine]: sql: 2014-10-09 10:12:55.256--ServerSession(1989311583)--Connection(1905800551)--Thread(Thread[AWT-EventQueue-0,6,main])--SELECT t1.NROREFERENCIA, t1.DESCRIPCION, t1.NOMBRE, t1.PRECIO, t1.PROVEEDOR_ID, t0.ESP_NROREF FROM CATEGORIAESPECIFICACIONPROD t0, ESPECIFICACIONPRODUCTO t1 WHERE ((t0.CAT_NAME = ?) AND (t1.NROREFERENCIA = t0.ESP_NROREF))
	bind => [Protectores]
[EL Fine]: sql: 2014-10-09 10:12:55.256--ServerSession(1989311583)--Connection(1905800551)--Thread(Thread[AWT-EventQueue-0,6,main])--SELECT NOMBRE, PADRE FROM CATEGORIA WHERE (NOMBRE = ?)
	bind => [Baterías]
[EL Fine]: sql: 2014-10-09 10:12:55.256--ServerSession(1989311583)--Connection(1905800551)--Thread(Thread[AWT-EventQueue-0,6,main])--SELECT t1.NROREFERENCIA, t1.DESCRIPCION, t1.NOMBRE, t1.PRECIO, t1.PROVEEDOR_ID, t0.ESP_NROREF FROM CATEGORIAESPECIFICACIONPROD t0, ESPECIFICACIONPRODUCTO t1 WHERE ((t0.CAT_NAME = ?) AND (t1.NROREFERENCIA = t0.ESP_NROREF))
	bind => [Baterías]
[EL Fine]: sql: 2014-10-09 10:12:55.257--ServerSession(1989311583)--Connection(1905800551)--Thread(Thread[AWT-EventQueue-0,6,main])--SELECT NOMBRE, PADRE FROM CATEGORIA WHERE (NOMBRE = ?)
	bind => [Apple]
[EL Fine]: sql: 2014-10-09 10:12:55.257--ServerSession(1989311583)--Connection(1905800551)--Thread(Thread[AWT-EventQueue-0,6,main])--SELECT t1.NROREFERENCIA, t1.DESCRIPCION, t1.NOMBRE, t1.PRECIO, t1.PROVEEDOR_ID, t0.ESP_NROREF FROM CATEGORIAESPECIFICACIONPROD t0, ESPECIFICACIONPRODUCTO t1 WHERE ((t0.CAT_NAME = ?) AND (t1.NROREFERENCIA = t0.ESP_NROREF))
	bind => [Apple]
[EL Fine]: sql: 2014-10-09 10:12:55.257--ServerSession(1989311583)--Connection(1905800551)--Thread(Thread[AWT-EventQueue-0,6,main])--SELECT t1.NOMBRE, t1.PADRE FROM CATEGORIAESPECIFICACIONPROD t0, CATEGORIA t1 WHERE ((t0.ESP_NROREF = ?) AND (t1.NOMBRE = t0.CAT_NAME))
	bind => [IPH5]
[EL Fine]: sql: 2014-10-09 10:12:55.257--ServerSession(1989311583)--Connection(1905800551)--Thread(Thread[AWT-EventQueue-0,6,main])--SELECT ID, ENORDEN, ID_ESPECIFICO, ESPECIFICACION FROM PRODUCTO WHERE (ESPECIFICACION = ?)
	bind => [IPH5]
[EL Fine]: sql: 2014-10-09 10:12:55.258--ServerSession(1989311583)--Connection(1905800551)--Thread(Thread[AWT-EventQueue-0,6,main])--SELECT t1.NOMBRE, t1.PADRE FROM CATEGORIAESPECIFICACIONPROD t0, CATEGORIA t1 WHERE ((t0.ESP_NROREF = ?) AND (t1.NOMBRE = t0.CAT_NAME))
	bind => [IPH4]
[EL Fine]: sql: 2014-10-09 10:12:55.258--ServerSession(1989311583)--Connection(1905800551)--Thread(Thread[AWT-EventQueue-0,6,main])--SELECT ID, ENORDEN, ID_ESPECIFICO, ESPECIFICACION FROM PRODUCTO WHERE (ESPECIFICACION = ?)
	bind => [IPH4]
[EL Fine]: sql: 2014-10-09 10:12:55.259--ServerSession(1989311583)--Connection(1905800551)--Thread(Thread[AWT-EventQueue-0,6,main])--SELECT NOMBRE, PADRE FROM CATEGORIA WHERE (NOMBRE = ?)
	bind => [Videojuegos]
[EL Fine]: sql: 2014-10-09 10:12:55.259--ServerSession(1989311583)--Connection(1905800551)--Thread(Thread[AWT-EventQueue-0,6,main])--SELECT t1.NROREFERENCIA, t1.DESCRIPCION, t1.NOMBRE, t1.PRECIO, t1.PROVEEDOR_ID, t0.ESP_NROREF FROM CATEGORIAESPECIFICACIONPROD t0, ESPECIFICACIONPRODUCTO t1 WHERE ((t0.CAT_NAME = ?) AND (t1.NROREFERENCIA = t0.ESP_NROREF))
	bind => [Videojuegos]
[EL Fine]: sql: 2014-10-09 10:12:55.26--ServerSession(1989311583)--Connection(1905800551)--Thread(Thread[AWT-EventQueue-0,6,main])--SELECT NOMBRE, PADRE FROM CATEGORIA WHERE (NOMBRE = ?)
	bind => [Playstation]
[EL Fine]: sql: 2014-10-09 10:12:55.26--ServerSession(1989311583)--Connection(1905800551)--Thread(Thread[AWT-EventQueue-0,6,main])--SELECT t1.NROREFERENCIA, t1.DESCRIPCION, t1.NOMBRE, t1.PRECIO, t1.PROVEEDOR_ID, t0.ESP_NROREF FROM CATEGORIAESPECIFICACIONPROD t0, ESPECIFICACIONPRODUCTO t1 WHERE ((t0.CAT_NAME = ?) AND (t1.NROREFERENCIA = t0.ESP_NROREF))
	bind => [Playstation]
[EL Fine]: sql: 2014-10-09 10:12:55.261--ServerSession(1989311583)--Connection(1905800551)--Thread(Thread[AWT-EventQueue-0,6,main])--SELECT NOMBRE, PADRE FROM CATEGORIA WHERE (NOMBRE = ?)
	bind => [Xbox]
[EL Fine]: sql: 2014-10-09 10:12:55.261--ServerSession(1989311583)--Connection(1905800551)--Thread(Thread[AWT-EventQueue-0,6,main])--SELECT t1.NROREFERENCIA, t1.DESCRIPCION, t1.NOMBRE, t1.PRECIO, t1.PROVEEDOR_ID, t0.ESP_NROREF FROM CATEGORIAESPECIFICACIONPROD t0, ESPECIFICACIONPRODUCTO t1 WHERE ((t0.CAT_NAME = ?) AND (t1.NROREFERENCIA = t0.ESP_NROREF))
	bind => [Xbox]
[EL Fine]: sql: 2014-10-09 10:12:55.261--ServerSession(1989311583)--Connection(1905800551)--Thread(Thread[AWT-EventQueue-0,6,main])--SELECT NOMBRE, PADRE FROM CATEGORIA
[EL Fine]: sql: 2014-10-09 10:12:55.262--ServerSession(1989311583)--Connection(1905800551)--Thread(Thread[AWT-EventQueue-0,6,main])--SELECT NOMBRE, PADRE FROM CATEGORIA
[EL Fine]: sql: 2014-10-09 10:12:55.262--ServerSession(1989311583)--Connection(1905800551)--Thread(Thread[AWT-EventQueue-0,6,main])--SELECT NOMBRE, PADRE FROM CATEGORIA WHERE (NOMBRE = ?)
	bind => [Celulares]
[EL Fine]: sql: 2014-10-09 10:12:55.263--ServerSession(1989311583)--Connection(1905800551)--Thread(Thread[AWT-EventQueue-0,6,main])--SELECT t1.NROREFERENCIA, t1.DESCRIPCION, t1.NOMBRE, t1.PRECIO, t1.PROVEEDOR_ID, t0.ESP_NROREF FROM CATEGORIAESPECIFICACIONPROD t0, ESPECIFICACIONPRODUCTO t1 WHERE ((t0.CAT_NAME = ?) AND (t1.NROREFERENCIA = t0.ESP_NROREF))
	bind => [Celulares]
[EL Fine]: sql: 2014-10-09 10:12:55.263--ServerSession(1989311583)--Connection(1905800551)--Thread(Thread[AWT-EventQueue-0,6,main])--SELECT NOMBRE, PADRE FROM CATEGORIA WHERE (NOMBRE = ?)
	bind => [Sistemas Operativos]
[EL Fine]: sql: 2014-10-09 10:12:55.264--ServerSession(1989311583)--Connection(1905800551)--Thread(Thread[AWT-EventQueue-0,6,main])--SELECT t1.NROREFERENCIA, t1.DESCRIPCION, t1.NOMBRE, t1.PRECIO, t1.PROVEEDOR_ID, t0.ESP_NROREF FROM CATEGORIAESPECIFICACIONPROD t0, ESPECIFICACIONPRODUCTO t1 WHERE ((t0.CAT_NAME = ?) AND (t1.NROREFERENCIA = t0.ESP_NROREF))
	bind => [Sistemas Operativos]
[EL Fine]: sql: 2014-10-09 10:12:55.264--ServerSession(1989311583)--Connection(1905800551)--Thread(Thread[AWT-EventQueue-0,6,main])--SELECT NOMBRE, PADRE FROM CATEGORIA WHERE (NOMBRE = ?)
	bind => [iOS]
[EL Fine]: sql: 2014-10-09 10:12:55.265--ServerSession(1989311583)--Connection(1905800551)--Thread(Thread[AWT-EventQueue-0,6,main])--SELECT t1.NROREFERENCIA, t1.DESCRIPCION, t1.NOMBRE, t1.PRECIO, t1.PROVEEDOR_ID, t0.ESP_NROREF FROM CATEGORIAESPECIFICACIONPROD t0, ESPECIFICACIONPRODUCTO t1 WHERE ((t0.CAT_NAME = ?) AND (t1.NROREFERENCIA = t0.ESP_NROREF))
	bind => [iOS]
[EL Fine]: sql: 2014-10-09 10:12:55.265--ServerSession(1989311583)--Connection(1905800551)--Thread(Thread[AWT-EventQueue-0,6,main])--SELECT t1.NOMBRE, t1.PADRE FROM CATEGORIAESPECIFICACIONPROD t0, CATEGORIA t1 WHERE ((t0.ESP_NROREF = ?) AND (t1.NOMBRE = t0.CAT_NAME))
	bind => [IPH5]
[EL Fine]: sql: 2014-10-09 10:12:55.265--ServerSession(1989311583)--Connection(1905800551)--Thread(Thread[AWT-EventQueue-0,6,main])--SELECT ID, ENORDEN, ID_ESPECIFICO, ESPECIFICACION FROM PRODUCTO WHERE (ESPECIFICACION = ?)
	bind => [IPH5]
[EL Fine]: sql: 2014-10-09 10:12:55.266--ServerSession(1989311583)--Connection(1905800551)--Thread(Thread[AWT-EventQueue-0,6,main])--SELECT t1.NOMBRE, t1.PADRE FROM CATEGORIAESPECIFICACIONPROD t0, CATEGORIA t1 WHERE ((t0.ESP_NROREF = ?) AND (t1.NOMBRE = t0.CAT_NAME))
	bind => [IPH4]
[EL Fine]: sql: 2014-10-09 10:12:55.267--ServerSession(1989311583)--Connection(1905800551)--Thread(Thread[AWT-EventQueue-0,6,main])--SELECT ID, ENORDEN, ID_ESPECIFICO, ESPECIFICACION FROM PRODUCTO WHERE (ESPECIFICACION = ?)
	bind => [IPH4]
[EL Fine]: sql: 2014-10-09 10:12:55.269--ServerSession(1989311583)--Connection(1905800551)--Thread(Thread[AWT-EventQueue-0,6,main])--SELECT NOMBRE, PADRE FROM CATEGORIA WHERE (NOMBRE = ?)
	bind => [Android]
[EL Fine]: sql: 2014-10-09 10:12:55.269--ServerSession(1989311583)--Connection(1905800551)--Thread(Thread[AWT-EventQueue-0,6,main])--SELECT t1.NROREFERENCIA, t1.DESCRIPCION, t1.NOMBRE, t1.PRECIO, t1.PROVEEDOR_ID, t0.ESP_NROREF FROM CATEGORIAESPECIFICACIONPROD t0, ESPECIFICACIONPRODUCTO t1 WHERE ((t0.CAT_NAME = ?) AND (t1.NROREFERENCIA = t0.ESP_NROREF))
	bind => [Android]
[EL Fine]: sql: 2014-10-09 10:12:55.27--ServerSession(1989311583)--Connection(1905800551)--Thread(Thread[AWT-EventQueue-0,6,main])--SELECT NOMBRE, PADRE FROM CATEGORIA WHERE (NOMBRE = ?)
	bind => [Windows Phone]
[EL Fine]: sql: 2014-10-09 10:12:55.27--ServerSession(1989311583)--Connection(1905800551)--Thread(Thread[AWT-EventQueue-0,6,main])--SELECT t1.NROREFERENCIA, t1.DESCRIPCION, t1.NOMBRE, t1.PRECIO, t1.PROVEEDOR_ID, t0.ESP_NROREF FROM CATEGORIAESPECIFICACIONPROD t0, ESPECIFICACIONPRODUCTO t1 WHERE ((t0.CAT_NAME = ?) AND (t1.NROREFERENCIA = t0.ESP_NROREF))
	bind => [Windows Phone]
[EL Fine]: sql: 2014-10-09 10:12:55.27--ServerSession(1989311583)--Connection(1905800551)--Thread(Thread[AWT-EventQueue-0,6,main])--SELECT NOMBRE, PADRE FROM CATEGORIA WHERE (NOMBRE = ?)
	bind => [Symbian]
[EL Fine]: sql: 2014-10-09 10:12:55.271--ServerSession(1989311583)--Connection(1905800551)--Thread(Thread[AWT-EventQueue-0,6,main])--SELECT t1.NROREFERENCIA, t1.DESCRIPCION, t1.NOMBRE, t1.PRECIO, t1.PROVEEDOR_ID, t0.ESP_NROREF FROM CATEGORIAESPECIFICACIONPROD t0, ESPECIFICACIONPRODUCTO t1 WHERE ((t0.CAT_NAME = ?) AND (t1.NROREFERENCIA = t0.ESP_NROREF))
	bind => [Symbian]
[EL Fine]: sql: 2014-10-09 10:12:55.271--ServerSession(1989311583)--Connection(1905800551)--Thread(Thread[AWT-EventQueue-0,6,main])--SELECT NOMBRE, PADRE FROM CATEGORIA WHERE (NOMBRE = ?)
	bind => [Blackberry OS]
[EL Fine]: sql: 2014-10-09 10:12:55.271--ServerSession(1989311583)--Connection(1905800551)--Thread(Thread[AWT-EventQueue-0,6,main])--SELECT t1.NROREFERENCIA, t1.DESCRIPCION, t1.NOMBRE, t1.PRECIO, t1.PROVEEDOR_ID, t0.ESP_NROREF FROM CATEGORIAESPECIFICACIONPROD t0, ESPECIFICACIONPRODUCTO t1 WHERE ((t0.CAT_NAME = ?) AND (t1.NROREFERENCIA = t0.ESP_NROREF))
	bind => [Blackberry OS]
[EL Fine]: sql: 2014-10-09 10:12:55.272--ServerSession(1989311583)--Connection(1905800551)--Thread(Thread[AWT-EventQueue-0,6,main])--SELECT NOMBRE, PADRE FROM CATEGORIA WHERE (NOMBRE = ?)
	bind => [Equipos]
[EL Fine]: sql: 2014-10-09 10:12:55.272--ServerSession(1989311583)--Connection(1905800551)--Thread(Thread[AWT-EventQueue-0,6,main])--SELECT t1.NROREFERENCIA, t1.DESCRIPCION, t1.NOMBRE, t1.PRECIO, t1.PROVEEDOR_ID, t0.ESP_NROREF FROM CATEGORIAESPECIFICACIONPROD t0, ESPECIFICACIONPRODUCTO t1 WHERE ((t0.CAT_NAME = ?) AND (t1.NROREFERENCIA = t0.ESP_NROREF))
	bind => [Equipos]
[EL Fine]: sql: 2014-10-09 10:12:55.273--ServerSession(1989311583)--Connection(1905800551)--Thread(Thread[AWT-EventQueue-0,6,main])--SELECT NOMBRE, PADRE FROM CATEGORIA WHERE (NOMBRE = ?)
	bind => [iPhone]
[EL Fine]: sql: 2014-10-09 10:12:55.273--ServerSession(1989311583)--Connection(1905800551)--Thread(Thread[AWT-EventQueue-0,6,main])--SELECT t1.NROREFERENCIA, t1.DESCRIPCION, t1.NOMBRE, t1.PRECIO, t1.PROVEEDOR_ID, t0.ESP_NROREF FROM CATEGORIAESPECIFICACIONPROD t0, ESPECIFICACIONPRODUCTO t1 WHERE ((t0.CAT_NAME = ?) AND (t1.NROREFERENCIA = t0.ESP_NROREF))
	bind => [iPhone]
[EL Fine]: sql: 2014-10-09 10:12:55.273--ServerSession(1989311583)--Connection(1905800551)--Thread(Thread[AWT-EventQueue-0,6,main])--SELECT t1.NOMBRE, t1.PADRE FROM CATEGORIAESPECIFICACIONPROD t0, CATEGORIA t1 WHERE ((t0.ESP_NROREF = ?) AND (t1.NOMBRE = t0.CAT_NAME))
	bind => [IPH5]
[EL Fine]: sql: 2014-10-09 10:12:55.274--ServerSession(1989311583)--Connection(1905800551)--Thread(Thread[AWT-EventQueue-0,6,main])--SELECT ID, ENORDEN, ID_ESPECIFICO, ESPECIFICACION FROM PRODUCTO WHERE (ESPECIFICACION = ?)
	bind => [IPH5]
[EL Fine]: sql: 2014-10-09 10:12:55.274--ServerSession(1989311583)--Connection(1905800551)--Thread(Thread[AWT-EventQueue-0,6,main])--SELECT t1.NOMBRE, t1.PADRE FROM CATEGORIAESPECIFICACIONPROD t0, CATEGORIA t1 WHERE ((t0.ESP_NROREF = ?) AND (t1.NOMBRE = t0.CAT_NAME))
	bind => [IPH4]
[EL Fine]: sql: 2014-10-09 10:12:55.274--ServerSession(1989311583)--Connection(1905800551)--Thread(Thread[AWT-EventQueue-0,6,main])--SELECT ID, ENORDEN, ID_ESPECIFICO, ESPECIFICACION FROM PRODUCTO WHERE (ESPECIFICACION = ?)
	bind => [IPH4]
[EL Fine]: sql: 2014-10-09 10:12:55.287--ServerSession(1989311583)--Connection(1905800551)--Thread(Thread[AWT-EventQueue-0,6,main])--SELECT NOMBRE, PADRE FROM CATEGORIA WHERE (NOMBRE = ?)
	bind => [Nexus]
[EL Fine]: sql: 2014-10-09 10:12:55.288--ServerSession(1989311583)--Connection(1905800551)--Thread(Thread[AWT-EventQueue-0,6,main])--SELECT t1.NROREFERENCIA, t1.DESCRIPCION, t1.NOMBRE, t1.PRECIO, t1.PROVEEDOR_ID, t0.ESP_NROREF FROM CATEGORIAESPECIFICACIONPROD t0, ESPECIFICACIONPRODUCTO t1 WHERE ((t0.CAT_NAME = ?) AND (t1.NROREFERENCIA = t0.ESP_NROREF))
	bind => [Nexus]
[EL Fine]: sql: 2014-10-09 10:12:55.289--ServerSession(1989311583)--Connection(1905800551)--Thread(Thread[AWT-EventQueue-0,6,main])--SELECT NOMBRE, PADRE FROM CATEGORIA WHERE (NOMBRE = ?)
	bind => [Samsung]
[EL Fine]: sql: 2014-10-09 10:12:55.289--ServerSession(1989311583)--Connection(1905800551)--Thread(Thread[AWT-EventQueue-0,6,main])--SELECT t1.NROREFERENCIA, t1.DESCRIPCION, t1.NOMBRE, t1.PRECIO, t1.PROVEEDOR_ID, t0.ESP_NROREF FROM CATEGORIAESPECIFICACIONPROD t0, ESPECIFICACIONPRODUCTO t1 WHERE ((t0.CAT_NAME = ?) AND (t1.NROREFERENCIA = t0.ESP_NROREF))
	bind => [Samsung]
[EL Fine]: sql: 2014-10-09 10:12:55.289--ServerSession(1989311583)--Connection(1905800551)--Thread(Thread[AWT-EventQueue-0,6,main])--SELECT NOMBRE, PADRE FROM CATEGORIA WHERE (NOMBRE = ?)
	bind => [Galaxy S3]
[EL Fine]: sql: 2014-10-09 10:12:55.29--ServerSession(1989311583)--Connection(1905800551)--Thread(Thread[AWT-EventQueue-0,6,main])--SELECT t1.NROREFERENCIA, t1.DESCRIPCION, t1.NOMBRE, t1.PRECIO, t1.PROVEEDOR_ID, t0.ESP_NROREF FROM CATEGORIAESPECIFICACIONPROD t0, ESPECIFICACIONPRODUCTO t1 WHERE ((t0.CAT_NAME = ?) AND (t1.NROREFERENCIA = t0.ESP_NROREF))
	bind => [Galaxy S3]
[EL Fine]: sql: 2014-10-09 10:12:55.29--ServerSession(1989311583)--Connection(1905800551)--Thread(Thread[AWT-EventQueue-0,6,main])--SELECT NOMBRE, PADRE FROM CATEGORIA WHERE (NOMBRE = ?)
	bind => [Galaxy S4]
[EL Fine]: sql: 2014-10-09 10:12:55.291--ServerSession(1989311583)--Connection(1905800551)--Thread(Thread[AWT-EventQueue-0,6,main])--SELECT t1.NROREFERENCIA, t1.DESCRIPCION, t1.NOMBRE, t1.PRECIO, t1.PROVEEDOR_ID, t0.ESP_NROREF FROM CATEGORIAESPECIFICACIONPROD t0, ESPECIFICACIONPRODUCTO t1 WHERE ((t0.CAT_NAME = ?) AND (t1.NROREFERENCIA = t0.ESP_NROREF))
	bind => [Galaxy S4]
[EL Fine]: sql: 2014-10-09 10:12:55.291--ServerSession(1989311583)--Connection(1905800551)--Thread(Thread[AWT-EventQueue-0,6,main])--SELECT NOMBRE, PADRE FROM CATEGORIA WHERE (NOMBRE = ?)
	bind => [Galaxy Ace]
[EL Fine]: sql: 2014-10-09 10:12:55.292--ServerSession(1989311583)--Connection(1905800551)--Thread(Thread[AWT-EventQueue-0,6,main])--SELECT t1.NROREFERENCIA, t1.DESCRIPCION, t1.NOMBRE, t1.PRECIO, t1.PROVEEDOR_ID, t0.ESP_NROREF FROM CATEGORIAESPECIFICACIONPROD t0, ESPECIFICACIONPRODUCTO t1 WHERE ((t0.CAT_NAME = ?) AND (t1.NROREFERENCIA = t0.ESP_NROREF))
	bind => [Galaxy Ace]
[EL Fine]: sql: 2014-10-09 10:12:55.292--ServerSession(1989311583)--Connection(1905800551)--Thread(Thread[AWT-EventQueue-0,6,main])--SELECT NOMBRE, PADRE FROM CATEGORIA WHERE (NOMBRE = ?)
	bind => [Blackberry]
[EL Fine]: sql: 2014-10-09 10:12:55.292--ServerSession(1989311583)--Connection(1905800551)--Thread(Thread[AWT-EventQueue-0,6,main])--SELECT t1.NROREFERENCIA, t1.DESCRIPCION, t1.NOMBRE, t1.PRECIO, t1.PROVEEDOR_ID, t0.ESP_NROREF FROM CATEGORIAESPECIFICACIONPROD t0, ESPECIFICACIONPRODUCTO t1 WHERE ((t0.CAT_NAME = ?) AND (t1.NROREFERENCIA = t0.ESP_NROREF))
	bind => [Blackberry]
[EL Fine]: sql: 2014-10-09 10:12:55.293--ServerSession(1989311583)--Connection(1905800551)--Thread(Thread[AWT-EventQueue-0,6,main])--SELECT NOMBRE, PADRE FROM CATEGORIA WHERE (NOMBRE = ?)
	bind => [Nokia]
[EL Fine]: sql: 2014-10-09 10:12:55.293--ServerSession(1989311583)--Connection(1905800551)--Thread(Thread[AWT-EventQueue-0,6,main])--SELECT t1.NROREFERENCIA, t1.DESCRIPCION, t1.NOMBRE, t1.PRECIO, t1.PROVEEDOR_ID, t0.ESP_NROREF FROM CATEGORIAESPECIFICACIONPROD t0, ESPECIFICACIONPRODUCTO t1 WHERE ((t0.CAT_NAME = ?) AND (t1.NROREFERENCIA = t0.ESP_NROREF))
	bind => [Nokia]
[EL Fine]: sql: 2014-10-09 10:12:55.294--ServerSession(1989311583)--Connection(1905800551)--Thread(Thread[AWT-EventQueue-0,6,main])--SELECT NOMBRE, PADRE FROM CATEGORIA WHERE (NOMBRE = ?)
	bind => [Accesorios]
[EL Fine]: sql: 2014-10-09 10:12:55.296--ServerSession(1989311583)--Connection(1905800551)--Thread(Thread[AWT-EventQueue-0,6,main])--SELECT t1.NROREFERENCIA, t1.DESCRIPCION, t1.NOMBRE, t1.PRECIO, t1.PROVEEDOR_ID, t0.ESP_NROREF FROM CATEGORIAESPECIFICACIONPROD t0, ESPECIFICACIONPRODUCTO t1 WHERE ((t0.CAT_NAME = ?) AND (t1.NROREFERENCIA = t0.ESP_NROREF))
	bind => [Accesorios]
[EL Fine]: sql: 2014-10-09 10:12:55.297--ServerSession(1989311583)--Connection(1905800551)--Thread(Thread[AWT-EventQueue-0,6,main])--SELECT NOMBRE, PADRE FROM CATEGORIA WHERE (NOMBRE = ?)
	bind => [Protectores]
[EL Fine]: sql: 2014-10-09 10:12:55.297--ServerSession(1989311583)--Connection(1905800551)--Thread(Thread[AWT-EventQueue-0,6,main])--SELECT t1.NROREFERENCIA, t1.DESCRIPCION, t1.NOMBRE, t1.PRECIO, t1.PROVEEDOR_ID, t0.ESP_NROREF FROM CATEGORIAESPECIFICACIONPROD t0, ESPECIFICACIONPRODUCTO t1 WHERE ((t0.CAT_NAME = ?) AND (t1.NROREFERENCIA = t0.ESP_NROREF))
	bind => [Protectores]
[EL Fine]: sql: 2014-10-09 10:12:55.298--ServerSession(1989311583)--Connection(1905800551)--Thread(Thread[AWT-EventQueue-0,6,main])--SELECT NOMBRE, PADRE FROM CATEGORIA WHERE (NOMBRE = ?)
	bind => [Baterías]
[EL Fine]: sql: 2014-10-09 10:12:55.298--ServerSession(1989311583)--Connection(1905800551)--Thread(Thread[AWT-EventQueue-0,6,main])--SELECT t1.NROREFERENCIA, t1.DESCRIPCION, t1.NOMBRE, t1.PRECIO, t1.PROVEEDOR_ID, t0.ESP_NROREF FROM CATEGORIAESPECIFICACIONPROD t0, ESPECIFICACIONPRODUCTO t1 WHERE ((t0.CAT_NAME = ?) AND (t1.NROREFERENCIA = t0.ESP_NROREF))
	bind => [Baterías]
[EL Fine]: sql: 2014-10-09 10:12:55.299--ServerSession(1989311583)--Connection(1905800551)--Thread(Thread[AWT-EventQueue-0,6,main])--SELECT NOMBRE, PADRE FROM CATEGORIA WHERE (NOMBRE = ?)
	bind => [Apple]
[EL Fine]: sql: 2014-10-09 10:12:55.299--ServerSession(1989311583)--Connection(1905800551)--Thread(Thread[AWT-EventQueue-0,6,main])--SELECT t1.NROREFERENCIA, t1.DESCRIPCION, t1.NOMBRE, t1.PRECIO, t1.PROVEEDOR_ID, t0.ESP_NROREF FROM CATEGORIAESPECIFICACIONPROD t0, ESPECIFICACIONPRODUCTO t1 WHERE ((t0.CAT_NAME = ?) AND (t1.NROREFERENCIA = t0.ESP_NROREF))
	bind => [Apple]
[EL Fine]: sql: 2014-10-09 10:12:55.3--ServerSession(1989311583)--Connection(1905800551)--Thread(Thread[AWT-EventQueue-0,6,main])--SELECT t1.NOMBRE, t1.PADRE FROM CATEGORIAESPECIFICACIONPROD t0, CATEGORIA t1 WHERE ((t0.ESP_NROREF = ?) AND (t1.NOMBRE = t0.CAT_NAME))
	bind => [IPH5]
[EL Fine]: sql: 2014-10-09 10:12:55.3--ServerSession(1989311583)--Connection(1905800551)--Thread(Thread[AWT-EventQueue-0,6,main])--SELECT ID, ENORDEN, ID_ESPECIFICO, ESPECIFICACION FROM PRODUCTO WHERE (ESPECIFICACION = ?)
	bind => [IPH5]
[EL Fine]: sql: 2014-10-09 10:12:55.301--ServerSession(1989311583)--Connection(1905800551)--Thread(Thread[AWT-EventQueue-0,6,main])--SELECT t1.NOMBRE, t1.PADRE FROM CATEGORIAESPECIFICACIONPROD t0, CATEGORIA t1 WHERE ((t0.ESP_NROREF = ?) AND (t1.NOMBRE = t0.CAT_NAME))
	bind => [IPH4]
[EL Fine]: sql: 2014-10-09 10:12:55.301--ServerSession(1989311583)--Connection(1905800551)--Thread(Thread[AWT-EventQueue-0,6,main])--SELECT ID, ENORDEN, ID_ESPECIFICO, ESPECIFICACION FROM PRODUCTO WHERE (ESPECIFICACION = ?)
	bind => [IPH4]
[EL Fine]: sql: 2014-10-09 10:12:55.303--ServerSession(1989311583)--Connection(1905800551)--Thread(Thread[AWT-EventQueue-0,6,main])--SELECT NOMBRE, PADRE FROM CATEGORIA WHERE (NOMBRE = ?)
	bind => [Videojuegos]
[EL Fine]: sql: 2014-10-09 10:12:55.303--ServerSession(1989311583)--Connection(1905800551)--Thread(Thread[AWT-EventQueue-0,6,main])--SELECT t1.NROREFERENCIA, t1.DESCRIPCION, t1.NOMBRE, t1.PRECIO, t1.PROVEEDOR_ID, t0.ESP_NROREF FROM CATEGORIAESPECIFICACIONPROD t0, ESPECIFICACIONPRODUCTO t1 WHERE ((t0.CAT_NAME = ?) AND (t1.NROREFERENCIA = t0.ESP_NROREF))
	bind => [Videojuegos]
[EL Fine]: sql: 2014-10-09 10:12:55.304--ServerSession(1989311583)--Connection(1905800551)--Thread(Thread[AWT-EventQueue-0,6,main])--SELECT NOMBRE, PADRE FROM CATEGORIA WHERE (NOMBRE = ?)
	bind => [Playstation]
[EL Fine]: sql: 2014-10-09 10:12:55.304--ServerSession(1989311583)--Connection(1905800551)--Thread(Thread[AWT-EventQueue-0,6,main])--SELECT t1.NROREFERENCIA, t1.DESCRIPCION, t1.NOMBRE, t1.PRECIO, t1.PROVEEDOR_ID, t0.ESP_NROREF FROM CATEGORIAESPECIFICACIONPROD t0, ESPECIFICACIONPRODUCTO t1 WHERE ((t0.CAT_NAME = ?) AND (t1.NROREFERENCIA = t0.ESP_NROREF))
	bind => [Playstation]
[EL Fine]: sql: 2014-10-09 10:12:55.304--ServerSession(1989311583)--Connection(1905800551)--Thread(Thread[AWT-EventQueue-0,6,main])--SELECT NOMBRE, PADRE FROM CATEGORIA WHERE (NOMBRE = ?)
	bind => [Xbox]
[EL Fine]: sql: 2014-10-09 10:12:55.305--ServerSession(1989311583)--Connection(1905800551)--Thread(Thread[AWT-EventQueue-0,6,main])--SELECT t1.NROREFERENCIA, t1.DESCRIPCION, t1.NOMBRE, t1.PRECIO, t1.PROVEEDOR_ID, t0.ESP_NROREF FROM CATEGORIAESPECIFICACIONPROD t0, ESPECIFICACIONPRODUCTO t1 WHERE ((t0.CAT_NAME = ?) AND (t1.NROREFERENCIA = t0.ESP_NROREF))
	bind => [Xbox]
[EL Fine]: sql: 2014-10-09 10:12:55.305--ServerSession(1989311583)--Connection(1905800551)--Thread(Thread[AWT-EventQueue-0,6,main])--SELECT NOMBRE, PADRE FROM CATEGORIA
[EL Fine]: sql: 2014-10-09 10:12:55.308--ClientSession(343425280)--Connection(1905800551)--Thread(Thread[AWT-EventQueue-0,6,main])--INSERT INTO ESPECIFICACIONPRODUCTO (NROREFERENCIA, DESCRIPCION, NOMBRE, PRECIO, PROVEEDOR_ID) VALUES (?, ?, ?, ?, ?)
	bind => [NEX4, El celular de Google, Nexus4, 299.0, Eddy]
[EL Fine]: sql: 2014-10-09 10:12:55.309--ClientSession(343425280)--Connection(1905800551)--Thread(Thread[AWT-EventQueue-0,6,main])--INSERT INTO PRODUCTO (ENORDEN, ID_ESPECIFICO, ESPECIFICACION) VALUES (?, ?, ?)
	bind => [false, null, NEX4]
[EL Fine]: sql: 2014-10-09 10:12:55.309--ClientSession(343425280)--Connection(1905800551)--Thread(Thread[AWT-EventQueue-0,6,main])--CALL IDENTITY()
[EL Fine]: sql: 2014-10-09 10:12:55.31--ClientSession(343425280)--Connection(1905800551)--Thread(Thread[AWT-EventQueue-0,6,main])--INSERT INTO PRODUCTO (ENORDEN, ID_ESPECIFICO, ESPECIFICACION) VALUES (?, ?, ?)
	bind => [false, null, NEX4]
[EL Fine]: sql: 2014-10-09 10:12:55.31--ClientSession(343425280)--Connection(1905800551)--Thread(Thread[AWT-EventQueue-0,6,main])--CALL IDENTITY()
[EL Fine]: sql: 2014-10-09 10:12:55.31--ClientSession(343425280)--Connection(1905800551)--Thread(Thread[AWT-EventQueue-0,6,main])--INSERT INTO PRODUCTO (ENORDEN, ID_ESPECIFICO, ESPECIFICACION) VALUES (?, ?, ?)
	bind => [false, null, NEX4]
[EL Fine]: sql: 2014-10-09 10:12:55.311--ClientSession(343425280)--Connection(1905800551)--Thread(Thread[AWT-EventQueue-0,6,main])--CALL IDENTITY()
[EL Fine]: sql: 2014-10-09 10:12:55.311--ClientSession(343425280)--Connection(1905800551)--Thread(Thread[AWT-EventQueue-0,6,main])--INSERT INTO PRODUCTO (ENORDEN, ID_ESPECIFICO, ESPECIFICACION) VALUES (?, ?, ?)
	bind => [false, null, NEX4]
[EL Fine]: sql: 2014-10-09 10:12:55.312--ClientSession(343425280)--Connection(1905800551)--Thread(Thread[AWT-EventQueue-0,6,main])--CALL IDENTITY()
[EL Fine]: sql: 2014-10-09 10:12:55.312--ClientSession(343425280)--Connection(1905800551)--Thread(Thread[AWT-EventQueue-0,6,main])--INSERT INTO PRODUCTO (ENORDEN, ID_ESPECIFICO, ESPECIFICACION) VALUES (?, ?, ?)
	bind => [false, null, NEX4]
[EL Fine]: sql: 2014-10-09 10:12:55.313--ClientSession(343425280)--Connection(1905800551)--Thread(Thread[AWT-EventQueue-0,6,main])--CALL IDENTITY()
[EL Fine]: sql: 2014-10-09 10:12:55.313--ClientSession(343425280)--Connection(1905800551)--Thread(Thread[AWT-EventQueue-0,6,main])--INSERT INTO PRODUCTO (ENORDEN, ID_ESPECIFICO, ESPECIFICACION) VALUES (?, ?, ?)
	bind => [false, null, NEX4]
[EL Fine]: sql: 2014-10-09 10:12:55.313--ClientSession(343425280)--Connection(1905800551)--Thread(Thread[AWT-EventQueue-0,6,main])--CALL IDENTITY()
[EL Fine]: sql: 2014-10-09 10:12:55.314--ClientSession(343425280)--Connection(1905800551)--Thread(Thread[AWT-EventQueue-0,6,main])--INSERT INTO PRODUCTO (ENORDEN, ID_ESPECIFICO, ESPECIFICACION) VALUES (?, ?, ?)
	bind => [false, null, NEX4]
[EL Fine]: sql: 2014-10-09 10:12:55.314--ClientSession(343425280)--Connection(1905800551)--Thread(Thread[AWT-EventQueue-0,6,main])--CALL IDENTITY()
[EL Fine]: sql: 2014-10-09 10:12:55.314--ClientSession(343425280)--Connection(1905800551)--Thread(Thread[AWT-EventQueue-0,6,main])--INSERT INTO PRODUCTO (ENORDEN, ID_ESPECIFICO, ESPECIFICACION) VALUES (?, ?, ?)
	bind => [false, null, NEX4]
[EL Fine]: sql: 2014-10-09 10:12:55.315--ClientSession(343425280)--Connection(1905800551)--Thread(Thread[AWT-EventQueue-0,6,main])--CALL IDENTITY()
[EL Fine]: sql: 2014-10-09 10:12:55.315--ClientSession(343425280)--Connection(1905800551)--Thread(Thread[AWT-EventQueue-0,6,main])--INSERT INTO PRODUCTO (ENORDEN, ID_ESPECIFICO, ESPECIFICACION) VALUES (?, ?, ?)
	bind => [false, null, NEX4]
[EL Fine]: sql: 2014-10-09 10:12:55.316--ClientSession(343425280)--Connection(1905800551)--Thread(Thread[AWT-EventQueue-0,6,main])--CALL IDENTITY()
[EL Fine]: sql: 2014-10-09 10:12:55.316--ClientSession(343425280)--Connection(1905800551)--Thread(Thread[AWT-EventQueue-0,6,main])--INSERT INTO PRODUCTO (ENORDEN, ID_ESPECIFICO, ESPECIFICACION) VALUES (?, ?, ?)
	bind => [false, null, NEX4]
[EL Fine]: sql: 2014-10-09 10:12:55.317--ClientSession(343425280)--Connection(1905800551)--Thread(Thread[AWT-EventQueue-0,6,main])--CALL IDENTITY()
[EL Fine]: sql: 2014-10-09 10:12:55.317--ClientSession(343425280)--Connection(1905800551)--Thread(Thread[AWT-EventQueue-0,6,main])--INSERT INTO ESPECIFICACIONES (ESPPRID, VALOR, NOMBRE) VALUES (?, ?, ?)
	bind => [NEX4, 139 g, Peso]
[EL Fine]: sql: 2014-10-09 10:12:55.318--ClientSession(343425280)--Connection(1905800551)--Thread(Thread[AWT-EventQueue-0,6,main])--INSERT INTO ESPECIFICACIONES (ESPPRID, VALOR, NOMBRE) VALUES (?, ?, ?)
	bind => [NEX4, 4.7”, Pantalla]
[EL Fine]: sql: 2014-10-09 10:12:55.318--ClientSession(343425280)--Connection(1905800551)--Thread(Thread[AWT-EventQueue-0,6,main])--INSERT INTO ESPECIFICACIONES (ESPPRID, VALOR, NOMBRE) VALUES (?, ?, ?)
	bind => [NEX4, 4.3, Versión de Android]
[EL Fine]: sql: 2014-10-09 10:12:55.319--ClientSession(343425280)--Connection(1905800551)--Thread(Thread[AWT-EventQueue-0,6,main])--INSERT INTO ESPECIFICACIONES (ESPPRID, VALOR, NOMBRE) VALUES (?, ?, ?)
	bind => [NEX4, 8 GB, Capacidad]
[EL Fine]: sql: 2014-10-09 10:12:55.319--ClientSession(343425280)--Connection(1905800551)--Thread(Thread[AWT-EventQueue-0,6,main])--INSERT INTO CATEGORIAESPECIFICACIONPROD (CAT_NAME, ESP_NROREF) VALUES (?, ?)
	bind => [Android, NEX4]
[EL Fine]: sql: 2014-10-09 10:12:55.32--ClientSession(343425280)--Connection(1905800551)--Thread(Thread[AWT-EventQueue-0,6,main])--INSERT INTO CATEGORIAESPECIFICACIONPROD (CAT_NAME, ESP_NROREF) VALUES (?, ?)
	bind => [Nexus, NEX4]
[EL Fine]: sql: 2014-10-09 10:12:55.323--ServerSession(1989311583)--Connection(1905800551)--Thread(Thread[AWT-EventQueue-0,6,main])--SELECT NROREFERENCIA, DESCRIPCION, NOMBRE, PRECIO, PROVEEDOR_ID FROM ESPECIFICACIONPRODUCTO
[EL Fine]: sql: 2014-10-09 10:12:55.323--ServerSession(1989311583)--Connection(1905800551)--Thread(Thread[AWT-EventQueue-0,6,main])--SELECT NOMBRE, PADRE FROM CATEGORIA
[EL Fine]: sql: 2014-10-09 10:12:55.324--ServerSession(1989311583)--Connection(1905800551)--Thread(Thread[AWT-EventQueue-0,6,main])--SELECT NOMBRE, PADRE FROM CATEGORIA WHERE (NOMBRE = ?)
	bind => [Celulares]
[EL Fine]: sql: 2014-10-09 10:12:55.327--ServerSession(1989311583)--Connection(1905800551)--Thread(Thread[AWT-EventQueue-0,6,main])--SELECT t1.NROREFERENCIA, t1.DESCRIPCION, t1.NOMBRE, t1.PRECIO, t1.PROVEEDOR_ID, t0.ESP_NROREF FROM CATEGORIAESPECIFICACIONPROD t0, ESPECIFICACIONPRODUCTO t1 WHERE ((t0.CAT_NAME = ?) AND (t1.NROREFERENCIA = t0.ESP_NROREF))
	bind => [Celulares]
[EL Fine]: sql: 2014-10-09 10:12:55.328--ServerSession(1989311583)--Connection(1905800551)--Thread(Thread[AWT-EventQueue-0,6,main])--SELECT NOMBRE, PADRE FROM CATEGORIA WHERE (NOMBRE = ?)
	bind => [Sistemas Operativos]
[EL Fine]: sql: 2014-10-09 10:12:55.328--ServerSession(1989311583)--Connection(1905800551)--Thread(Thread[AWT-EventQueue-0,6,main])--SELECT t1.NROREFERENCIA, t1.DESCRIPCION, t1.NOMBRE, t1.PRECIO, t1.PROVEEDOR_ID, t0.ESP_NROREF FROM CATEGORIAESPECIFICACIONPROD t0, ESPECIFICACIONPRODUCTO t1 WHERE ((t0.CAT_NAME = ?) AND (t1.NROREFERENCIA = t0.ESP_NROREF))
	bind => [Sistemas Operativos]
[EL Fine]: sql: 2014-10-09 10:12:55.329--ServerSession(1989311583)--Connection(1905800551)--Thread(Thread[AWT-EventQueue-0,6,main])--SELECT NOMBRE, PADRE FROM CATEGORIA WHERE (NOMBRE = ?)
	bind => [iOS]
[EL Fine]: sql: 2014-10-09 10:12:55.329--ServerSession(1989311583)--Connection(1905800551)--Thread(Thread[AWT-EventQueue-0,6,main])--SELECT t1.NROREFERENCIA, t1.DESCRIPCION, t1.NOMBRE, t1.PRECIO, t1.PROVEEDOR_ID, t0.ESP_NROREF FROM CATEGORIAESPECIFICACIONPROD t0, ESPECIFICACIONPRODUCTO t1 WHERE ((t0.CAT_NAME = ?) AND (t1.NROREFERENCIA = t0.ESP_NROREF))
	bind => [iOS]
[EL Fine]: sql: 2014-10-09 10:12:55.33--ServerSession(1989311583)--Connection(1905800551)--Thread(Thread[AWT-EventQueue-0,6,main])--SELECT t1.NOMBRE, t1.PADRE FROM CATEGORIAESPECIFICACIONPROD t0, CATEGORIA t1 WHERE ((t0.ESP_NROREF = ?) AND (t1.NOMBRE = t0.CAT_NAME))
	bind => [IPH5]
[EL Fine]: sql: 2014-10-09 10:12:55.33--ServerSession(1989311583)--Connection(1905800551)--Thread(Thread[AWT-EventQueue-0,6,main])--SELECT ID, ENORDEN, ID_ESPECIFICO, ESPECIFICACION FROM PRODUCTO WHERE (ESPECIFICACION = ?)
	bind => [IPH5]
[EL Fine]: sql: 2014-10-09 10:12:55.331--ServerSession(1989311583)--Connection(1905800551)--Thread(Thread[AWT-EventQueue-0,6,main])--SELECT t1.NOMBRE, t1.PADRE FROM CATEGORIAESPECIFICACIONPROD t0, CATEGORIA t1 WHERE ((t0.ESP_NROREF = ?) AND (t1.NOMBRE = t0.CAT_NAME))
	bind => [IPH4]
[EL Fine]: sql: 2014-10-09 10:12:55.332--ServerSession(1989311583)--Connection(1905800551)--Thread(Thread[AWT-EventQueue-0,6,main])--SELECT ID, ENORDEN, ID_ESPECIFICO, ESPECIFICACION FROM PRODUCTO WHERE (ESPECIFICACION = ?)
	bind => [IPH4]
[EL Fine]: sql: 2014-10-09 10:12:55.34--ServerSession(1989311583)--Connection(1905800551)--Thread(Thread[AWT-EventQueue-0,6,main])--SELECT NOMBRE, PADRE FROM CATEGORIA WHERE (NOMBRE = ?)
	bind => [Android]
[EL Fine]: sql: 2014-10-09 10:12:55.344--ServerSession(1989311583)--Connection(1905800551)--Thread(Thread[AWT-EventQueue-0,6,main])--SELECT t1.NROREFERENCIA, t1.DESCRIPCION, t1.NOMBRE, t1.PRECIO, t1.PROVEEDOR_ID, t0.ESP_NROREF FROM CATEGORIAESPECIFICACIONPROD t0, ESPECIFICACIONPRODUCTO t1 WHERE ((t0.CAT_NAME = ?) AND (t1.NROREFERENCIA = t0.ESP_NROREF))
	bind => [Android]
[EL Fine]: sql: 2014-10-09 10:12:55.345--ServerSession(1989311583)--Connection(1905800551)--Thread(Thread[AWT-EventQueue-0,6,main])--SELECT t1.NOMBRE, t1.PADRE FROM CATEGORIAESPECIFICACIONPROD t0, CATEGORIA t1 WHERE ((t0.ESP_NROREF = ?) AND (t1.NOMBRE = t0.CAT_NAME))
	bind => [NEX4]
[EL Fine]: sql: 2014-10-09 10:12:55.345--ServerSession(1989311583)--Connection(1905800551)--Thread(Thread[AWT-EventQueue-0,6,main])--SELECT ID, ENORDEN, ID_ESPECIFICO, ESPECIFICACION FROM PRODUCTO WHERE (ESPECIFICACION = ?)
	bind => [NEX4]
[EL Fine]: sql: 2014-10-09 10:12:55.347--ServerSession(1989311583)--Connection(1905800551)--Thread(Thread[AWT-EventQueue-0,6,main])--SELECT NOMBRE, PADRE FROM CATEGORIA WHERE (NOMBRE = ?)
	bind => [Windows Phone]
[EL Fine]: sql: 2014-10-09 10:12:55.348--ServerSession(1989311583)--Connection(1905800551)--Thread(Thread[AWT-EventQueue-0,6,main])--SELECT t1.NROREFERENCIA, t1.DESCRIPCION, t1.NOMBRE, t1.PRECIO, t1.PROVEEDOR_ID, t0.ESP_NROREF FROM CATEGORIAESPECIFICACIONPROD t0, ESPECIFICACIONPRODUCTO t1 WHERE ((t0.CAT_NAME = ?) AND (t1.NROREFERENCIA = t0.ESP_NROREF))
	bind => [Windows Phone]
[EL Fine]: sql: 2014-10-09 10:12:55.349--ServerSession(1989311583)--Connection(1905800551)--Thread(Thread[AWT-EventQueue-0,6,main])--SELECT NOMBRE, PADRE FROM CATEGORIA WHERE (NOMBRE = ?)
	bind => [Symbian]
[EL Fine]: sql: 2014-10-09 10:12:55.349--ServerSession(1989311583)--Connection(1905800551)--Thread(Thread[AWT-EventQueue-0,6,main])--SELECT t1.NROREFERENCIA, t1.DESCRIPCION, t1.NOMBRE, t1.PRECIO, t1.PROVEEDOR_ID, t0.ESP_NROREF FROM CATEGORIAESPECIFICACIONPROD t0, ESPECIFICACIONPRODUCTO t1 WHERE ((t0.CAT_NAME = ?) AND (t1.NROREFERENCIA = t0.ESP_NROREF))
	bind => [Symbian]
[EL Fine]: sql: 2014-10-09 10:12:55.35--ServerSession(1989311583)--Connection(1905800551)--Thread(Thread[AWT-EventQueue-0,6,main])--SELECT NOMBRE, PADRE FROM CATEGORIA WHERE (NOMBRE = ?)
	bind => [Blackberry OS]
[EL Fine]: sql: 2014-10-09 10:12:55.35--ServerSession(1989311583)--Connection(1905800551)--Thread(Thread[AWT-EventQueue-0,6,main])--SELECT t1.NROREFERENCIA, t1.DESCRIPCION, t1.NOMBRE, t1.PRECIO, t1.PROVEEDOR_ID, t0.ESP_NROREF FROM CATEGORIAESPECIFICACIONPROD t0, ESPECIFICACIONPRODUCTO t1 WHERE ((t0.CAT_NAME = ?) AND (t1.NROREFERENCIA = t0.ESP_NROREF))
	bind => [Blackberry OS]
[EL Fine]: sql: 2014-10-09 10:12:55.356--ServerSession(1989311583)--Connection(1905800551)--Thread(Thread[AWT-EventQueue-0,6,main])--SELECT NOMBRE, PADRE FROM CATEGORIA WHERE (NOMBRE = ?)
	bind => [Equipos]
[EL Fine]: sql: 2014-10-09 10:12:55.356--ServerSession(1989311583)--Connection(1905800551)--Thread(Thread[AWT-EventQueue-0,6,main])--SELECT t1.NROREFERENCIA, t1.DESCRIPCION, t1.NOMBRE, t1.PRECIO, t1.PROVEEDOR_ID, t0.ESP_NROREF FROM CATEGORIAESPECIFICACIONPROD t0, ESPECIFICACIONPRODUCTO t1 WHERE ((t0.CAT_NAME = ?) AND (t1.NROREFERENCIA = t0.ESP_NROREF))
	bind => [Equipos]
[EL Fine]: sql: 2014-10-09 10:12:55.357--ServerSession(1989311583)--Connection(1905800551)--Thread(Thread[AWT-EventQueue-0,6,main])--SELECT NOMBRE, PADRE FROM CATEGORIA WHERE (NOMBRE = ?)
	bind => [iPhone]
[EL Fine]: sql: 2014-10-09 10:12:55.357--ServerSession(1989311583)--Connection(1905800551)--Thread(Thread[AWT-EventQueue-0,6,main])--SELECT t1.NROREFERENCIA, t1.DESCRIPCION, t1.NOMBRE, t1.PRECIO, t1.PROVEEDOR_ID, t0.ESP_NROREF FROM CATEGORIAESPECIFICACIONPROD t0, ESPECIFICACIONPRODUCTO t1 WHERE ((t0.CAT_NAME = ?) AND (t1.NROREFERENCIA = t0.ESP_NROREF))
	bind => [iPhone]
[EL Fine]: sql: 2014-10-09 10:12:55.358--ServerSession(1989311583)--Connection(1905800551)--Thread(Thread[AWT-EventQueue-0,6,main])--SELECT t1.NOMBRE, t1.PADRE FROM CATEGORIAESPECIFICACIONPROD t0, CATEGORIA t1 WHERE ((t0.ESP_NROREF = ?) AND (t1.NOMBRE = t0.CAT_NAME))
	bind => [IPH5]
[EL Fine]: sql: 2014-10-09 10:12:55.358--ServerSession(1989311583)--Connection(1905800551)--Thread(Thread[AWT-EventQueue-0,6,main])--SELECT ID, ENORDEN, ID_ESPECIFICO, ESPECIFICACION FROM PRODUCTO WHERE (ESPECIFICACION = ?)
	bind => [IPH5]
[EL Fine]: sql: 2014-10-09 10:12:55.359--ServerSession(1989311583)--Connection(1905800551)--Thread(Thread[AWT-EventQueue-0,6,main])--SELECT t1.NOMBRE, t1.PADRE FROM CATEGORIAESPECIFICACIONPROD t0, CATEGORIA t1 WHERE ((t0.ESP_NROREF = ?) AND (t1.NOMBRE = t0.CAT_NAME))
	bind => [IPH4]
[EL Fine]: sql: 2014-10-09 10:12:55.36--ServerSession(1989311583)--Connection(1905800551)--Thread(Thread[AWT-EventQueue-0,6,main])--SELECT ID, ENORDEN, ID_ESPECIFICO, ESPECIFICACION FROM PRODUCTO WHERE (ESPECIFICACION = ?)
	bind => [IPH4]
[EL Fine]: sql: 2014-10-09 10:12:55.361--ServerSession(1989311583)--Connection(1905800551)--Thread(Thread[AWT-EventQueue-0,6,main])--SELECT NOMBRE, PADRE FROM CATEGORIA WHERE (NOMBRE = ?)
	bind => [Nexus]
[EL Fine]: sql: 2014-10-09 10:12:55.362--ServerSession(1989311583)--Connection(1905800551)--Thread(Thread[AWT-EventQueue-0,6,main])--SELECT t1.NROREFERENCIA, t1.DESCRIPCION, t1.NOMBRE, t1.PRECIO, t1.PROVEEDOR_ID, t0.ESP_NROREF FROM CATEGORIAESPECIFICACIONPROD t0, ESPECIFICACIONPRODUCTO t1 WHERE ((t0.CAT_NAME = ?) AND (t1.NROREFERENCIA = t0.ESP_NROREF))
	bind => [Nexus]
[EL Fine]: sql: 2014-10-09 10:12:55.363--ServerSession(1989311583)--Connection(1905800551)--Thread(Thread[AWT-EventQueue-0,6,main])--SELECT t1.NOMBRE, t1.PADRE FROM CATEGORIAESPECIFICACIONPROD t0, CATEGORIA t1 WHERE ((t0.ESP_NROREF = ?) AND (t1.NOMBRE = t0.CAT_NAME))
	bind => [NEX4]
[EL Fine]: sql: 2014-10-09 10:12:55.363--ServerSession(1989311583)--Connection(1905800551)--Thread(Thread[AWT-EventQueue-0,6,main])--SELECT ID, ENORDEN, ID_ESPECIFICO, ESPECIFICACION FROM PRODUCTO WHERE (ESPECIFICACION = ?)
	bind => [NEX4]
[EL Fine]: sql: 2014-10-09 10:12:55.364--ServerSession(1989311583)--Connection(1905800551)--Thread(Thread[AWT-EventQueue-0,6,main])--SELECT NOMBRE, PADRE FROM CATEGORIA WHERE (NOMBRE = ?)
	bind => [Samsung]
[EL Fine]: sql: 2014-10-09 10:12:55.365--ServerSession(1989311583)--Connection(1905800551)--Thread(Thread[AWT-EventQueue-0,6,main])--SELECT t1.NROREFERENCIA, t1.DESCRIPCION, t1.NOMBRE, t1.PRECIO, t1.PROVEEDOR_ID, t0.ESP_NROREF FROM CATEGORIAESPECIFICACIONPROD t0, ESPECIFICACIONPRODUCTO t1 WHERE ((t0.CAT_NAME = ?) AND (t1.NROREFERENCIA = t0.ESP_NROREF))
	bind => [Samsung]
[EL Fine]: sql: 2014-10-09 10:12:55.366--ServerSession(1989311583)--Connection(1905800551)--Thread(Thread[AWT-EventQueue-0,6,main])--SELECT NOMBRE, PADRE FROM CATEGORIA WHERE (NOMBRE = ?)
	bind => [Galaxy S3]
[EL Fine]: sql: 2014-10-09 10:12:55.366--ServerSession(1989311583)--Connection(1905800551)--Thread(Thread[AWT-EventQueue-0,6,main])--SELECT t1.NROREFERENCIA, t1.DESCRIPCION, t1.NOMBRE, t1.PRECIO, t1.PROVEEDOR_ID, t0.ESP_NROREF FROM CATEGORIAESPECIFICACIONPROD t0, ESPECIFICACIONPRODUCTO t1 WHERE ((t0.CAT_NAME = ?) AND (t1.NROREFERENCIA = t0.ESP_NROREF))
	bind => [Galaxy S3]
[EL Fine]: sql: 2014-10-09 10:12:55.367--ServerSession(1989311583)--Connection(1905800551)--Thread(Thread[AWT-EventQueue-0,6,main])--SELECT NOMBRE, PADRE FROM CATEGORIA WHERE (NOMBRE = ?)
	bind => [Galaxy S4]
[EL Fine]: sql: 2014-10-09 10:12:55.367--ServerSession(1989311583)--Connection(1905800551)--Thread(Thread[AWT-EventQueue-0,6,main])--SELECT t1.NROREFERENCIA, t1.DESCRIPCION, t1.NOMBRE, t1.PRECIO, t1.PROVEEDOR_ID, t0.ESP_NROREF FROM CATEGORIAESPECIFICACIONPROD t0, ESPECIFICACIONPRODUCTO t1 WHERE ((t0.CAT_NAME = ?) AND (t1.NROREFERENCIA = t0.ESP_NROREF))
	bind => [Galaxy S4]
[EL Fine]: sql: 2014-10-09 10:12:55.368--ServerSession(1989311583)--Connection(1905800551)--Thread(Thread[AWT-EventQueue-0,6,main])--SELECT NOMBRE, PADRE FROM CATEGORIA WHERE (NOMBRE = ?)
	bind => [Galaxy Ace]
[EL Fine]: sql: 2014-10-09 10:12:55.368--ServerSession(1989311583)--Connection(1905800551)--Thread(Thread[AWT-EventQueue-0,6,main])--SELECT t1.NROREFERENCIA, t1.DESCRIPCION, t1.NOMBRE, t1.PRECIO, t1.PROVEEDOR_ID, t0.ESP_NROREF FROM CATEGORIAESPECIFICACIONPROD t0, ESPECIFICACIONPRODUCTO t1 WHERE ((t0.CAT_NAME = ?) AND (t1.NROREFERENCIA = t0.ESP_NROREF))
	bind => [Galaxy Ace]
[EL Fine]: sql: 2014-10-09 10:12:55.368--ServerSession(1989311583)--Connection(1905800551)--Thread(Thread[AWT-EventQueue-0,6,main])--SELECT NOMBRE, PADRE FROM CATEGORIA WHERE (NOMBRE = ?)
	bind => [Blackberry]
[EL Fine]: sql: 2014-10-09 10:12:55.369--ServerSession(1989311583)--Connection(1905800551)--Thread(Thread[AWT-EventQueue-0,6,main])--SELECT t1.NROREFERENCIA, t1.DESCRIPCION, t1.NOMBRE, t1.PRECIO, t1.PROVEEDOR_ID, t0.ESP_NROREF FROM CATEGORIAESPECIFICACIONPROD t0, ESPECIFICACIONPRODUCTO t1 WHERE ((t0.CAT_NAME = ?) AND (t1.NROREFERENCIA = t0.ESP_NROREF))
	bind => [Blackberry]
[EL Fine]: sql: 2014-10-09 10:12:55.369--ServerSession(1989311583)--Connection(1905800551)--Thread(Thread[AWT-EventQueue-0,6,main])--SELECT NOMBRE, PADRE FROM CATEGORIA WHERE (NOMBRE = ?)
	bind => [Nokia]
[EL Fine]: sql: 2014-10-09 10:12:55.37--ServerSession(1989311583)--Connection(1905800551)--Thread(Thread[AWT-EventQueue-0,6,main])--SELECT t1.NROREFERENCIA, t1.DESCRIPCION, t1.NOMBRE, t1.PRECIO, t1.PROVEEDOR_ID, t0.ESP_NROREF FROM CATEGORIAESPECIFICACIONPROD t0, ESPECIFICACIONPRODUCTO t1 WHERE ((t0.CAT_NAME = ?) AND (t1.NROREFERENCIA = t0.ESP_NROREF))
	bind => [Nokia]
[EL Fine]: sql: 2014-10-09 10:12:55.37--ServerSession(1989311583)--Connection(1905800551)--Thread(Thread[AWT-EventQueue-0,6,main])--SELECT NOMBRE, PADRE FROM CATEGORIA WHERE (NOMBRE = ?)
	bind => [Accesorios]
[EL Fine]: sql: 2014-10-09 10:12:55.37--ServerSession(1989311583)--Connection(1905800551)--Thread(Thread[AWT-EventQueue-0,6,main])--SELECT t1.NROREFERENCIA, t1.DESCRIPCION, t1.NOMBRE, t1.PRECIO, t1.PROVEEDOR_ID, t0.ESP_NROREF FROM CATEGORIAESPECIFICACIONPROD t0, ESPECIFICACIONPRODUCTO t1 WHERE ((t0.CAT_NAME = ?) AND (t1.NROREFERENCIA = t0.ESP_NROREF))
	bind => [Accesorios]
[EL Fine]: sql: 2014-10-09 10:12:55.371--ServerSession(1989311583)--Connection(1905800551)--Thread(Thread[AWT-EventQueue-0,6,main])--SELECT NOMBRE, PADRE FROM CATEGORIA WHERE (NOMBRE = ?)
	bind => [Protectores]
[EL Fine]: sql: 2014-10-09 10:12:55.371--ServerSession(1989311583)--Connection(1905800551)--Thread(Thread[AWT-EventQueue-0,6,main])--SELECT t1.NROREFERENCIA, t1.DESCRIPCION, t1.NOMBRE, t1.PRECIO, t1.PROVEEDOR_ID, t0.ESP_NROREF FROM CATEGORIAESPECIFICACIONPROD t0, ESPECIFICACIONPRODUCTO t1 WHERE ((t0.CAT_NAME = ?) AND (t1.NROREFERENCIA = t0.ESP_NROREF))
	bind => [Protectores]
[EL Fine]: sql: 2014-10-09 10:12:55.372--ServerSession(1989311583)--Connection(1905800551)--Thread(Thread[AWT-EventQueue-0,6,main])--SELECT NOMBRE, PADRE FROM CATEGORIA WHERE (NOMBRE = ?)
	bind => [Baterías]
[EL Fine]: sql: 2014-10-09 10:12:55.372--ServerSession(1989311583)--Connection(1905800551)--Thread(Thread[AWT-EventQueue-0,6,main])--SELECT t1.NROREFERENCIA, t1.DESCRIPCION, t1.NOMBRE, t1.PRECIO, t1.PROVEEDOR_ID, t0.ESP_NROREF FROM CATEGORIAESPECIFICACIONPROD t0, ESPECIFICACIONPRODUCTO t1 WHERE ((t0.CAT_NAME = ?) AND (t1.NROREFERENCIA = t0.ESP_NROREF))
	bind => [Baterías]
[EL Fine]: sql: 2014-10-09 10:12:55.373--ServerSession(1989311583)--Connection(1905800551)--Thread(Thread[AWT-EventQueue-0,6,main])--SELECT NOMBRE, PADRE FROM CATEGORIA WHERE (NOMBRE = ?)
	bind => [Apple]
[EL Fine]: sql: 2014-10-09 10:12:55.373--ServerSession(1989311583)--Connection(1905800551)--Thread(Thread[AWT-EventQueue-0,6,main])--SELECT t1.NROREFERENCIA, t1.DESCRIPCION, t1.NOMBRE, t1.PRECIO, t1.PROVEEDOR_ID, t0.ESP_NROREF FROM CATEGORIAESPECIFICACIONPROD t0, ESPECIFICACIONPRODUCTO t1 WHERE ((t0.CAT_NAME = ?) AND (t1.NROREFERENCIA = t0.ESP_NROREF))
	bind => [Apple]
[EL Fine]: sql: 2014-10-09 10:12:55.373--ServerSession(1989311583)--Connection(1905800551)--Thread(Thread[AWT-EventQueue-0,6,main])--SELECT t1.NOMBRE, t1.PADRE FROM CATEGORIAESPECIFICACIONPROD t0, CATEGORIA t1 WHERE ((t0.ESP_NROREF = ?) AND (t1.NOMBRE = t0.CAT_NAME))
	bind => [IPH5]
[EL Fine]: sql: 2014-10-09 10:12:55.374--ServerSession(1989311583)--Connection(1905800551)--Thread(Thread[AWT-EventQueue-0,6,main])--SELECT ID, ENORDEN, ID_ESPECIFICO, ESPECIFICACION FROM PRODUCTO WHERE (ESPECIFICACION = ?)
	bind => [IPH5]
[EL Fine]: sql: 2014-10-09 10:12:55.374--ServerSession(1989311583)--Connection(1905800551)--Thread(Thread[AWT-EventQueue-0,6,main])--SELECT t1.NOMBRE, t1.PADRE FROM CATEGORIAESPECIFICACIONPROD t0, CATEGORIA t1 WHERE ((t0.ESP_NROREF = ?) AND (t1.NOMBRE = t0.CAT_NAME))
	bind => [IPH4]
[EL Fine]: sql: 2014-10-09 10:12:55.375--ServerSession(1989311583)--Connection(1905800551)--Thread(Thread[AWT-EventQueue-0,6,main])--SELECT ID, ENORDEN, ID_ESPECIFICO, ESPECIFICACION FROM PRODUCTO WHERE (ESPECIFICACION = ?)
	bind => [IPH4]
[EL Fine]: sql: 2014-10-09 10:12:55.376--ServerSession(1989311583)--Connection(1905800551)--Thread(Thread[AWT-EventQueue-0,6,main])--SELECT NOMBRE, PADRE FROM CATEGORIA WHERE (NOMBRE = ?)
	bind => [Videojuegos]
[EL Fine]: sql: 2014-10-09 10:12:55.376--ServerSession(1989311583)--Connection(1905800551)--Thread(Thread[AWT-EventQueue-0,6,main])--SELECT t1.NROREFERENCIA, t1.DESCRIPCION, t1.NOMBRE, t1.PRECIO, t1.PROVEEDOR_ID, t0.ESP_NROREF FROM CATEGORIAESPECIFICACIONPROD t0, ESPECIFICACIONPRODUCTO t1 WHERE ((t0.CAT_NAME = ?) AND (t1.NROREFERENCIA = t0.ESP_NROREF))
	bind => [Videojuegos]
[EL Fine]: sql: 2014-10-09 10:12:55.377--ServerSession(1989311583)--Connection(1905800551)--Thread(Thread[AWT-EventQueue-0,6,main])--SELECT NOMBRE, PADRE FROM CATEGORIA WHERE (NOMBRE = ?)
	bind => [Playstation]
[EL Fine]: sql: 2014-10-09 10:12:55.377--ServerSession(1989311583)--Connection(1905800551)--Thread(Thread[AWT-EventQueue-0,6,main])--SELECT t1.NROREFERENCIA, t1.DESCRIPCION, t1.NOMBRE, t1.PRECIO, t1.PROVEEDOR_ID, t0.ESP_NROREF FROM CATEGORIAESPECIFICACIONPROD t0, ESPECIFICACIONPRODUCTO t1 WHERE ((t0.CAT_NAME = ?) AND (t1.NROREFERENCIA = t0.ESP_NROREF))
	bind => [Playstation]
[EL Fine]: sql: 2014-10-09 10:12:55.378--ServerSession(1989311583)--Connection(1905800551)--Thread(Thread[AWT-EventQueue-0,6,main])--SELECT NOMBRE, PADRE FROM CATEGORIA WHERE (NOMBRE = ?)
	bind => [Xbox]
[EL Fine]: sql: 2014-10-09 10:12:55.379--ServerSession(1989311583)--Connection(1905800551)--Thread(Thread[AWT-EventQueue-0,6,main])--SELECT t1.NROREFERENCIA, t1.DESCRIPCION, t1.NOMBRE, t1.PRECIO, t1.PROVEEDOR_ID, t0.ESP_NROREF FROM CATEGORIAESPECIFICACIONPROD t0, ESPECIFICACIONPRODUCTO t1 WHERE ((t0.CAT_NAME = ?) AND (t1.NROREFERENCIA = t0.ESP_NROREF))
	bind => [Xbox]
[EL Fine]: sql: 2014-10-09 10:12:55.38--ServerSession(1989311583)--Connection(1905800551)--Thread(Thread[AWT-EventQueue-0,6,main])--SELECT NOMBRE, PADRE FROM CATEGORIA
[EL Fine]: sql: 2014-10-09 10:12:55.381--ServerSession(1989311583)--Connection(1905800551)--Thread(Thread[AWT-EventQueue-0,6,main])--SELECT NOMBRE, PADRE FROM CATEGORIA
[EL Fine]: sql: 2014-10-09 10:12:55.381--ServerSession(1989311583)--Connection(1905800551)--Thread(Thread[AWT-EventQueue-0,6,main])--SELECT NOMBRE, PADRE FROM CATEGORIA WHERE (NOMBRE = ?)
	bind => [Celulares]
[EL Fine]: sql: 2014-10-09 10:12:55.381--ServerSession(1989311583)--Connection(1905800551)--Thread(Thread[AWT-EventQueue-0,6,main])--SELECT t1.NROREFERENCIA, t1.DESCRIPCION, t1.NOMBRE, t1.PRECIO, t1.PROVEEDOR_ID, t0.ESP_NROREF FROM CATEGORIAESPECIFICACIONPROD t0, ESPECIFICACIONPRODUCTO t1 WHERE ((t0.CAT_NAME = ?) AND (t1.NROREFERENCIA = t0.ESP_NROREF))
	bind => [Celulares]
[EL Fine]: sql: 2014-10-09 10:12:55.382--ServerSession(1989311583)--Connection(1905800551)--Thread(Thread[AWT-EventQueue-0,6,main])--SELECT NOMBRE, PADRE FROM CATEGORIA WHERE (NOMBRE = ?)
	bind => [Sistemas Operativos]
[EL Fine]: sql: 2014-10-09 10:12:55.382--ServerSession(1989311583)--Connection(1905800551)--Thread(Thread[AWT-EventQueue-0,6,main])--SELECT t1.NROREFERENCIA, t1.DESCRIPCION, t1.NOMBRE, t1.PRECIO, t1.PROVEEDOR_ID, t0.ESP_NROREF FROM CATEGORIAESPECIFICACIONPROD t0, ESPECIFICACIONPRODUCTO t1 WHERE ((t0.CAT_NAME = ?) AND (t1.NROREFERENCIA = t0.ESP_NROREF))
	bind => [Sistemas Operativos]
[EL Fine]: sql: 2014-10-09 10:12:55.383--ServerSession(1989311583)--Connection(1905800551)--Thread(Thread[AWT-EventQueue-0,6,main])--SELECT NOMBRE, PADRE FROM CATEGORIA WHERE (NOMBRE = ?)
	bind => [iOS]
[EL Fine]: sql: 2014-10-09 10:12:55.383--ServerSession(1989311583)--Connection(1905800551)--Thread(Thread[AWT-EventQueue-0,6,main])--SELECT t1.NROREFERENCIA, t1.DESCRIPCION, t1.NOMBRE, t1.PRECIO, t1.PROVEEDOR_ID, t0.ESP_NROREF FROM CATEGORIAESPECIFICACIONPROD t0, ESPECIFICACIONPRODUCTO t1 WHERE ((t0.CAT_NAME = ?) AND (t1.NROREFERENCIA = t0.ESP_NROREF))
	bind => [iOS]
[EL Fine]: sql: 2014-10-09 10:12:55.384--ServerSession(1989311583)--Connection(1905800551)--Thread(Thread[AWT-EventQueue-0,6,main])--SELECT t1.NOMBRE, t1.PADRE FROM CATEGORIAESPECIFICACIONPROD t0, CATEGORIA t1 WHERE ((t0.ESP_NROREF = ?) AND (t1.NOMBRE = t0.CAT_NAME))
	bind => [IPH5]
[EL Fine]: sql: 2014-10-09 10:12:55.384--ServerSession(1989311583)--Connection(1905800551)--Thread(Thread[AWT-EventQueue-0,6,main])--SELECT ID, ENORDEN, ID_ESPECIFICO, ESPECIFICACION FROM PRODUCTO WHERE (ESPECIFICACION = ?)
	bind => [IPH5]
[EL Fine]: sql: 2014-10-09 10:12:55.385--ServerSession(1989311583)--Connection(1905800551)--Thread(Thread[AWT-EventQueue-0,6,main])--SELECT t1.NOMBRE, t1.PADRE FROM CATEGORIAESPECIFICACIONPROD t0, CATEGORIA t1 WHERE ((t0.ESP_NROREF = ?) AND (t1.NOMBRE = t0.CAT_NAME))
	bind => [IPH4]
[EL Fine]: sql: 2014-10-09 10:12:55.386--ServerSession(1989311583)--Connection(1905800551)--Thread(Thread[AWT-EventQueue-0,6,main])--SELECT ID, ENORDEN, ID_ESPECIFICO, ESPECIFICACION FROM PRODUCTO WHERE (ESPECIFICACION = ?)
	bind => [IPH4]
[EL Fine]: sql: 2014-10-09 10:12:55.387--ServerSession(1989311583)--Connection(1905800551)--Thread(Thread[AWT-EventQueue-0,6,main])--SELECT NOMBRE, PADRE FROM CATEGORIA WHERE (NOMBRE = ?)
	bind => [Android]
[EL Fine]: sql: 2014-10-09 10:12:55.387--ServerSession(1989311583)--Connection(1905800551)--Thread(Thread[AWT-EventQueue-0,6,main])--SELECT t1.NROREFERENCIA, t1.DESCRIPCION, t1.NOMBRE, t1.PRECIO, t1.PROVEEDOR_ID, t0.ESP_NROREF FROM CATEGORIAESPECIFICACIONPROD t0, ESPECIFICACIONPRODUCTO t1 WHERE ((t0.CAT_NAME = ?) AND (t1.NROREFERENCIA = t0.ESP_NROREF))
	bind => [Android]
[EL Fine]: sql: 2014-10-09 10:12:55.388--ServerSession(1989311583)--Connection(1905800551)--Thread(Thread[AWT-EventQueue-0,6,main])--SELECT t1.NOMBRE, t1.PADRE FROM CATEGORIAESPECIFICACIONPROD t0, CATEGORIA t1 WHERE ((t0.ESP_NROREF = ?) AND (t1.NOMBRE = t0.CAT_NAME))
	bind => [NEX4]
[EL Fine]: sql: 2014-10-09 10:12:55.388--ServerSession(1989311583)--Connection(1905800551)--Thread(Thread[AWT-EventQueue-0,6,main])--SELECT ID, ENORDEN, ID_ESPECIFICO, ESPECIFICACION FROM PRODUCTO WHERE (ESPECIFICACION = ?)
	bind => [NEX4]
[EL Fine]: sql: 2014-10-09 10:12:55.389--ServerSession(1989311583)--Connection(1905800551)--Thread(Thread[AWT-EventQueue-0,6,main])--SELECT NOMBRE, PADRE FROM CATEGORIA WHERE (NOMBRE = ?)
	bind => [Windows Phone]
[EL Fine]: sql: 2014-10-09 10:12:55.39--ServerSession(1989311583)--Connection(1905800551)--Thread(Thread[AWT-EventQueue-0,6,main])--SELECT t1.NROREFERENCIA, t1.DESCRIPCION, t1.NOMBRE, t1.PRECIO, t1.PROVEEDOR_ID, t0.ESP_NROREF FROM CATEGORIAESPECIFICACIONPROD t0, ESPECIFICACIONPRODUCTO t1 WHERE ((t0.CAT_NAME = ?) AND (t1.NROREFERENCIA = t0.ESP_NROREF))
	bind => [Windows Phone]
[EL Fine]: sql: 2014-10-09 10:12:55.39--ServerSession(1989311583)--Connection(1905800551)--Thread(Thread[AWT-EventQueue-0,6,main])--SELECT NOMBRE, PADRE FROM CATEGORIA WHERE (NOMBRE = ?)
	bind => [Symbian]
[EL Fine]: sql: 2014-10-09 10:12:55.391--ServerSession(1989311583)--Connection(1905800551)--Thread(Thread[AWT-EventQueue-0,6,main])--SELECT t1.NROREFERENCIA, t1.DESCRIPCION, t1.NOMBRE, t1.PRECIO, t1.PROVEEDOR_ID, t0.ESP_NROREF FROM CATEGORIAESPECIFICACIONPROD t0, ESPECIFICACIONPRODUCTO t1 WHERE ((t0.CAT_NAME = ?) AND (t1.NROREFERENCIA = t0.ESP_NROREF))
	bind => [Symbian]
[EL Fine]: sql: 2014-10-09 10:12:55.391--ServerSession(1989311583)--Connection(1905800551)--Thread(Thread[AWT-EventQueue-0,6,main])--SELECT NOMBRE, PADRE FROM CATEGORIA WHERE (NOMBRE = ?)
	bind => [Blackberry OS]
[EL Fine]: sql: 2014-10-09 10:12:55.394--ServerSession(1989311583)--Connection(1905800551)--Thread(Thread[AWT-EventQueue-0,6,main])--SELECT t1.NROREFERENCIA, t1.DESCRIPCION, t1.NOMBRE, t1.PRECIO, t1.PROVEEDOR_ID, t0.ESP_NROREF FROM CATEGORIAESPECIFICACIONPROD t0, ESPECIFICACIONPRODUCTO t1 WHERE ((t0.CAT_NAME = ?) AND (t1.NROREFERENCIA = t0.ESP_NROREF))
	bind => [Blackberry OS]
[EL Fine]: sql: 2014-10-09 10:12:55.395--ServerSession(1989311583)--Connection(1905800551)--Thread(Thread[AWT-EventQueue-0,6,main])--SELECT NOMBRE, PADRE FROM CATEGORIA WHERE (NOMBRE = ?)
	bind => [Equipos]
[EL Fine]: sql: 2014-10-09 10:12:55.395--ServerSession(1989311583)--Connection(1905800551)--Thread(Thread[AWT-EventQueue-0,6,main])--SELECT t1.NROREFERENCIA, t1.DESCRIPCION, t1.NOMBRE, t1.PRECIO, t1.PROVEEDOR_ID, t0.ESP_NROREF FROM CATEGORIAESPECIFICACIONPROD t0, ESPECIFICACIONPRODUCTO t1 WHERE ((t0.CAT_NAME = ?) AND (t1.NROREFERENCIA = t0.ESP_NROREF))
	bind => [Equipos]
[EL Fine]: sql: 2014-10-09 10:12:55.396--ServerSession(1989311583)--Connection(1905800551)--Thread(Thread[AWT-EventQueue-0,6,main])--SELECT NOMBRE, PADRE FROM CATEGORIA WHERE (NOMBRE = ?)
	bind => [iPhone]
[EL Fine]: sql: 2014-10-09 10:12:55.396--ServerSession(1989311583)--Connection(1905800551)--Thread(Thread[AWT-EventQueue-0,6,main])--SELECT t1.NROREFERENCIA, t1.DESCRIPCION, t1.NOMBRE, t1.PRECIO, t1.PROVEEDOR_ID, t0.ESP_NROREF FROM CATEGORIAESPECIFICACIONPROD t0, ESPECIFICACIONPRODUCTO t1 WHERE ((t0.CAT_NAME = ?) AND (t1.NROREFERENCIA = t0.ESP_NROREF))
	bind => [iPhone]
[EL Fine]: sql: 2014-10-09 10:12:55.397--ServerSession(1989311583)--Connection(1905800551)--Thread(Thread[AWT-EventQueue-0,6,main])--SELECT t1.NOMBRE, t1.PADRE FROM CATEGORIAESPECIFICACIONPROD t0, CATEGORIA t1 WHERE ((t0.ESP_NROREF = ?) AND (t1.NOMBRE = t0.CAT_NAME))
	bind => [IPH5]
[EL Fine]: sql: 2014-10-09 10:12:55.397--ServerSession(1989311583)--Connection(1905800551)--Thread(Thread[AWT-EventQueue-0,6,main])--SELECT ID, ENORDEN, ID_ESPECIFICO, ESPECIFICACION FROM PRODUCTO WHERE (ESPECIFICACION = ?)
	bind => [IPH5]
[EL Fine]: sql: 2014-10-09 10:12:55.398--ServerSession(1989311583)--Connection(1905800551)--Thread(Thread[AWT-EventQueue-0,6,main])--SELECT t1.NOMBRE, t1.PADRE FROM CATEGORIAESPECIFICACIONPROD t0, CATEGORIA t1 WHERE ((t0.ESP_NROREF = ?) AND (t1.NOMBRE = t0.CAT_NAME))
	bind => [IPH4]
[EL Fine]: sql: 2014-10-09 10:12:55.398--ServerSession(1989311583)--Connection(1905800551)--Thread(Thread[AWT-EventQueue-0,6,main])--SELECT ID, ENORDEN, ID_ESPECIFICO, ESPECIFICACION FROM PRODUCTO WHERE (ESPECIFICACION = ?)
	bind => [IPH4]
[EL Fine]: sql: 2014-10-09 10:12:55.399--ServerSession(1989311583)--Connection(1905800551)--Thread(Thread[AWT-EventQueue-0,6,main])--SELECT NOMBRE, PADRE FROM CATEGORIA WHERE (NOMBRE = ?)
	bind => [Nexus]
[EL Fine]: sql: 2014-10-09 10:12:55.4--ServerSession(1989311583)--Connection(1905800551)--Thread(Thread[AWT-EventQueue-0,6,main])--SELECT t1.NROREFERENCIA, t1.DESCRIPCION, t1.NOMBRE, t1.PRECIO, t1.PROVEEDOR_ID, t0.ESP_NROREF FROM CATEGORIAESPECIFICACIONPROD t0, ESPECIFICACIONPRODUCTO t1 WHERE ((t0.CAT_NAME = ?) AND (t1.NROREFERENCIA = t0.ESP_NROREF))
	bind => [Nexus]
[EL Fine]: sql: 2014-10-09 10:12:55.4--ServerSession(1989311583)--Connection(1905800551)--Thread(Thread[AWT-EventQueue-0,6,main])--SELECT t1.NOMBRE, t1.PADRE FROM CATEGORIAESPECIFICACIONPROD t0, CATEGORIA t1 WHERE ((t0.ESP_NROREF = ?) AND (t1.NOMBRE = t0.CAT_NAME))
	bind => [NEX4]
[EL Fine]: sql: 2014-10-09 10:12:55.401--ServerSession(1989311583)--Connection(1905800551)--Thread(Thread[AWT-EventQueue-0,6,main])--SELECT ID, ENORDEN, ID_ESPECIFICO, ESPECIFICACION FROM PRODUCTO WHERE (ESPECIFICACION = ?)
	bind => [NEX4]
[EL Fine]: sql: 2014-10-09 10:12:55.402--ServerSession(1989311583)--Connection(1905800551)--Thread(Thread[AWT-EventQueue-0,6,main])--SELECT NOMBRE, PADRE FROM CATEGORIA WHERE (NOMBRE = ?)
	bind => [Samsung]
[EL Fine]: sql: 2014-10-09 10:12:55.402--ServerSession(1989311583)--Connection(1905800551)--Thread(Thread[AWT-EventQueue-0,6,main])--SELECT t1.NROREFERENCIA, t1.DESCRIPCION, t1.NOMBRE, t1.PRECIO, t1.PROVEEDOR_ID, t0.ESP_NROREF FROM CATEGORIAESPECIFICACIONPROD t0, ESPECIFICACIONPRODUCTO t1 WHERE ((t0.CAT_NAME = ?) AND (t1.NROREFERENCIA = t0.ESP_NROREF))
	bind => [Samsung]
[EL Fine]: sql: 2014-10-09 10:12:55.402--ServerSession(1989311583)--Connection(1905800551)--Thread(Thread[AWT-EventQueue-0,6,main])--SELECT NOMBRE, PADRE FROM CATEGORIA WHERE (NOMBRE = ?)
	bind => [Galaxy S3]
[EL Fine]: sql: 2014-10-09 10:12:55.403--ServerSession(1989311583)--Connection(1905800551)--Thread(Thread[AWT-EventQueue-0,6,main])--SELECT t1.NROREFERENCIA, t1.DESCRIPCION, t1.NOMBRE, t1.PRECIO, t1.PROVEEDOR_ID, t0.ESP_NROREF FROM CATEGORIAESPECIFICACIONPROD t0, ESPECIFICACIONPRODUCTO t1 WHERE ((t0.CAT_NAME = ?) AND (t1.NROREFERENCIA = t0.ESP_NROREF))
	bind => [Galaxy S3]
[EL Fine]: sql: 2014-10-09 10:12:55.403--ServerSession(1989311583)--Connection(1905800551)--Thread(Thread[AWT-EventQueue-0,6,main])--SELECT NOMBRE, PADRE FROM CATEGORIA WHERE (NOMBRE = ?)
	bind => [Galaxy S4]
[EL Fine]: sql: 2014-10-09 10:12:55.404--ServerSession(1989311583)--Connection(1905800551)--Thread(Thread[AWT-EventQueue-0,6,main])--SELECT t1.NROREFERENCIA, t1.DESCRIPCION, t1.NOMBRE, t1.PRECIO, t1.PROVEEDOR_ID, t0.ESP_NROREF FROM CATEGORIAESPECIFICACIONPROD t0, ESPECIFICACIONPRODUCTO t1 WHERE ((t0.CAT_NAME = ?) AND (t1.NROREFERENCIA = t0.ESP_NROREF))
	bind => [Galaxy S4]
[EL Fine]: sql: 2014-10-09 10:12:55.404--ServerSession(1989311583)--Connection(1905800551)--Thread(Thread[AWT-EventQueue-0,6,main])--SELECT NOMBRE, PADRE FROM CATEGORIA WHERE (NOMBRE = ?)
	bind => [Galaxy Ace]
[EL Fine]: sql: 2014-10-09 10:12:55.404--ServerSession(1989311583)--Connection(1905800551)--Thread(Thread[AWT-EventQueue-0,6,main])--SELECT t1.NROREFERENCIA, t1.DESCRIPCION, t1.NOMBRE, t1.PRECIO, t1.PROVEEDOR_ID, t0.ESP_NROREF FROM CATEGORIAESPECIFICACIONPROD t0, ESPECIFICACIONPRODUCTO t1 WHERE ((t0.CAT_NAME = ?) AND (t1.NROREFERENCIA = t0.ESP_NROREF))
	bind => [Galaxy Ace]
[EL Fine]: sql: 2014-10-09 10:12:55.405--ServerSession(1989311583)--Connection(1905800551)--Thread(Thread[AWT-EventQueue-0,6,main])--SELECT NOMBRE, PADRE FROM CATEGORIA WHERE (NOMBRE = ?)
	bind => [Blackberry]
[EL Fine]: sql: 2014-10-09 10:12:55.405--ServerSession(1989311583)--Connection(1905800551)--Thread(Thread[AWT-EventQueue-0,6,main])--SELECT t1.NROREFERENCIA, t1.DESCRIPCION, t1.NOMBRE, t1.PRECIO, t1.PROVEEDOR_ID, t0.ESP_NROREF FROM CATEGORIAESPECIFICACIONPROD t0, ESPECIFICACIONPRODUCTO t1 WHERE ((t0.CAT_NAME = ?) AND (t1.NROREFERENCIA = t0.ESP_NROREF))
	bind => [Blackberry]
[EL Fine]: sql: 2014-10-09 10:12:55.406--ServerSession(1989311583)--Connection(1905800551)--Thread(Thread[AWT-EventQueue-0,6,main])--SELECT NOMBRE, PADRE FROM CATEGORIA WHERE (NOMBRE = ?)
	bind => [Nokia]
[EL Fine]: sql: 2014-10-09 10:12:55.406--ServerSession(1989311583)--Connection(1905800551)--Thread(Thread[AWT-EventQueue-0,6,main])--SELECT t1.NROREFERENCIA, t1.DESCRIPCION, t1.NOMBRE, t1.PRECIO, t1.PROVEEDOR_ID, t0.ESP_NROREF FROM CATEGORIAESPECIFICACIONPROD t0, ESPECIFICACIONPRODUCTO t1 WHERE ((t0.CAT_NAME = ?) AND (t1.NROREFERENCIA = t0.ESP_NROREF))
	bind => [Nokia]
[EL Fine]: sql: 2014-10-09 10:12:55.406--ServerSession(1989311583)--Connection(1905800551)--Thread(Thread[AWT-EventQueue-0,6,main])--SELECT NOMBRE, PADRE FROM CATEGORIA WHERE (NOMBRE = ?)
	bind => [Accesorios]
[EL Fine]: sql: 2014-10-09 10:12:55.407--ServerSession(1989311583)--Connection(1905800551)--Thread(Thread[AWT-EventQueue-0,6,main])--SELECT t1.NROREFERENCIA, t1.DESCRIPCION, t1.NOMBRE, t1.PRECIO, t1.PROVEEDOR_ID, t0.ESP_NROREF FROM CATEGORIAESPECIFICACIONPROD t0, ESPECIFICACIONPRODUCTO t1 WHERE ((t0.CAT_NAME = ?) AND (t1.NROREFERENCIA = t0.ESP_NROREF))
	bind => [Accesorios]
[EL Fine]: sql: 2014-10-09 10:12:55.407--ServerSession(1989311583)--Connection(1905800551)--Thread(Thread[AWT-EventQueue-0,6,main])--SELECT NOMBRE, PADRE FROM CATEGORIA WHERE (NOMBRE = ?)
	bind => [Protectores]
[EL Fine]: sql: 2014-10-09 10:12:55.407--ServerSession(1989311583)--Connection(1905800551)--Thread(Thread[AWT-EventQueue-0,6,main])--SELECT t1.NROREFERENCIA, t1.DESCRIPCION, t1.NOMBRE, t1.PRECIO, t1.PROVEEDOR_ID, t0.ESP_NROREF FROM CATEGORIAESPECIFICACIONPROD t0, ESPECIFICACIONPRODUCTO t1 WHERE ((t0.CAT_NAME = ?) AND (t1.NROREFERENCIA = t0.ESP_NROREF))
	bind => [Protectores]
[EL Fine]: sql: 2014-10-09 10:12:55.408--ServerSession(1989311583)--Connection(1905800551)--Thread(Thread[AWT-EventQueue-0,6,main])--SELECT NOMBRE, PADRE FROM CATEGORIA WHERE (NOMBRE = ?)
	bind => [Baterías]
[EL Fine]: sql: 2014-10-09 10:12:55.408--ServerSession(1989311583)--Connection(1905800551)--Thread(Thread[AWT-EventQueue-0,6,main])--SELECT t1.NROREFERENCIA, t1.DESCRIPCION, t1.NOMBRE, t1.PRECIO, t1.PROVEEDOR_ID, t0.ESP_NROREF FROM CATEGORIAESPECIFICACIONPROD t0, ESPECIFICACIONPRODUCTO t1 WHERE ((t0.CAT_NAME = ?) AND (t1.NROREFERENCIA = t0.ESP_NROREF))
	bind => [Baterías]
[EL Fine]: sql: 2014-10-09 10:12:55.408--ServerSession(1989311583)--Connection(1905800551)--Thread(Thread[AWT-EventQueue-0,6,main])--SELECT NOMBRE, PADRE FROM CATEGORIA WHERE (NOMBRE = ?)
	bind => [Apple]
[EL Fine]: sql: 2014-10-09 10:12:55.408--ServerSession(1989311583)--Connection(1905800551)--Thread(Thread[AWT-EventQueue-0,6,main])--SELECT t1.NROREFERENCIA, t1.DESCRIPCION, t1.NOMBRE, t1.PRECIO, t1.PROVEEDOR_ID, t0.ESP_NROREF FROM CATEGORIAESPECIFICACIONPROD t0, ESPECIFICACIONPRODUCTO t1 WHERE ((t0.CAT_NAME = ?) AND (t1.NROREFERENCIA = t0.ESP_NROREF))
	bind => [Apple]
[EL Fine]: sql: 2014-10-09 10:12:55.409--ServerSession(1989311583)--Connection(1905800551)--Thread(Thread[AWT-EventQueue-0,6,main])--SELECT t1.NOMBRE, t1.PADRE FROM CATEGORIAESPECIFICACIONPROD t0, CATEGORIA t1 WHERE ((t0.ESP_NROREF = ?) AND (t1.NOMBRE = t0.CAT_NAME))
	bind => [IPH5]
[EL Fine]: sql: 2014-10-09 10:12:55.409--ServerSession(1989311583)--Connection(1905800551)--Thread(Thread[AWT-EventQueue-0,6,main])--SELECT ID, ENORDEN, ID_ESPECIFICO, ESPECIFICACION FROM PRODUCTO WHERE (ESPECIFICACION = ?)
	bind => [IPH5]
[EL Fine]: sql: 2014-10-09 10:12:55.41--ServerSession(1989311583)--Connection(1905800551)--Thread(Thread[AWT-EventQueue-0,6,main])--SELECT t1.NOMBRE, t1.PADRE FROM CATEGORIAESPECIFICACIONPROD t0, CATEGORIA t1 WHERE ((t0.ESP_NROREF = ?) AND (t1.NOMBRE = t0.CAT_NAME))
	bind => [IPH4]
[EL Fine]: sql: 2014-10-09 10:12:55.41--ServerSession(1989311583)--Connection(1905800551)--Thread(Thread[AWT-EventQueue-0,6,main])--SELECT ID, ENORDEN, ID_ESPECIFICO, ESPECIFICACION FROM PRODUCTO WHERE (ESPECIFICACION = ?)
	bind => [IPH4]
[EL Fine]: sql: 2014-10-09 10:12:55.412--ServerSession(1989311583)--Connection(1905800551)--Thread(Thread[AWT-EventQueue-0,6,main])--SELECT NOMBRE, PADRE FROM CATEGORIA WHERE (NOMBRE = ?)
	bind => [Videojuegos]
[EL Fine]: sql: 2014-10-09 10:12:55.412--ServerSession(1989311583)--Connection(1905800551)--Thread(Thread[AWT-EventQueue-0,6,main])--SELECT t1.NROREFERENCIA, t1.DESCRIPCION, t1.NOMBRE, t1.PRECIO, t1.PROVEEDOR_ID, t0.ESP_NROREF FROM CATEGORIAESPECIFICACIONPROD t0, ESPECIFICACIONPRODUCTO t1 WHERE ((t0.CAT_NAME = ?) AND (t1.NROREFERENCIA = t0.ESP_NROREF))
	bind => [Videojuegos]
[EL Fine]: sql: 2014-10-09 10:12:55.413--ServerSession(1989311583)--Connection(1905800551)--Thread(Thread[AWT-EventQueue-0,6,main])--SELECT NOMBRE, PADRE FROM CATEGORIA WHERE (NOMBRE = ?)
	bind => [Playstation]
[EL Fine]: sql: 2014-10-09 10:12:55.414--ServerSession(1989311583)--Connection(1905800551)--Thread(Thread[AWT-EventQueue-0,6,main])--SELECT t1.NROREFERENCIA, t1.DESCRIPCION, t1.NOMBRE, t1.PRECIO, t1.PROVEEDOR_ID, t0.ESP_NROREF FROM CATEGORIAESPECIFICACIONPROD t0, ESPECIFICACIONPRODUCTO t1 WHERE ((t0.CAT_NAME = ?) AND (t1.NROREFERENCIA = t0.ESP_NROREF))
	bind => [Playstation]
[EL Fine]: sql: 2014-10-09 10:12:55.414--ServerSession(1989311583)--Connection(1905800551)--Thread(Thread[AWT-EventQueue-0,6,main])--SELECT NOMBRE, PADRE FROM CATEGORIA WHERE (NOMBRE = ?)
	bind => [Xbox]
[EL Fine]: sql: 2014-10-09 10:12:55.414--ServerSession(1989311583)--Connection(1905800551)--Thread(Thread[AWT-EventQueue-0,6,main])--SELECT t1.NROREFERENCIA, t1.DESCRIPCION, t1.NOMBRE, t1.PRECIO, t1.PROVEEDOR_ID, t0.ESP_NROREF FROM CATEGORIAESPECIFICACIONPROD t0, ESPECIFICACIONPRODUCTO t1 WHERE ((t0.CAT_NAME = ?) AND (t1.NROREFERENCIA = t0.ESP_NROREF))
	bind => [Xbox]
[EL Fine]: sql: 2014-10-09 10:12:55.415--ServerSession(1989311583)--Connection(1905800551)--Thread(Thread[AWT-EventQueue-0,6,main])--SELECT NOMBRE, PADRE FROM CATEGORIA
[EL Fine]: sql: 2014-10-09 10:12:55.417--ClientSession(343425280)--Connection(1905800551)--Thread(Thread[AWT-EventQueue-0,6,main])--INSERT INTO ESPECIFICACIONPRODUCTO (NROREFERENCIA, DESCRIPCION, NOMBRE, PRECIO, PROVEEDOR_ID) VALUES (?, ?, ?, ?, ?)
	bind => [GA3, La versión S3 de la línea Samsung Galaxy, Samsung Galaxy S3, 415.0, Eddy]
[EL Fine]: sql: 2014-10-09 10:12:55.417--ClientSession(343425280)--Connection(1905800551)--Thread(Thread[AWT-EventQueue-0,6,main])--INSERT INTO PRODUCTO (ENORDEN, ID_ESPECIFICO, ESPECIFICACION) VALUES (?, ?, ?)
	bind => [false, null, GA3]
[EL Fine]: sql: 2014-10-09 10:12:55.418--ClientSession(343425280)--Connection(1905800551)--Thread(Thread[AWT-EventQueue-0,6,main])--CALL IDENTITY()
[EL Fine]: sql: 2014-10-09 10:12:55.418--ClientSession(343425280)--Connection(1905800551)--Thread(Thread[AWT-EventQueue-0,6,main])--INSERT INTO PRODUCTO (ENORDEN, ID_ESPECIFICO, ESPECIFICACION) VALUES (?, ?, ?)
	bind => [false, null, GA3]
[EL Fine]: sql: 2014-10-09 10:12:55.419--ClientSession(343425280)--Connection(1905800551)--Thread(Thread[AWT-EventQueue-0,6,main])--CALL IDENTITY()
[EL Fine]: sql: 2014-10-09 10:12:55.419--ClientSession(343425280)--Connection(1905800551)--Thread(Thread[AWT-EventQueue-0,6,main])--INSERT INTO PRODUCTO (ENORDEN, ID_ESPECIFICO, ESPECIFICACION) VALUES (?, ?, ?)
	bind => [false, null, GA3]
[EL Fine]: sql: 2014-10-09 10:12:55.42--ClientSession(343425280)--Connection(1905800551)--Thread(Thread[AWT-EventQueue-0,6,main])--CALL IDENTITY()
[EL Fine]: sql: 2014-10-09 10:12:55.42--ClientSession(343425280)--Connection(1905800551)--Thread(Thread[AWT-EventQueue-0,6,main])--INSERT INTO PRODUCTO (ENORDEN, ID_ESPECIFICO, ESPECIFICACION) VALUES (?, ?, ?)
	bind => [false, null, GA3]
[EL Fine]: sql: 2014-10-09 10:12:55.421--ClientSession(343425280)--Connection(1905800551)--Thread(Thread[AWT-EventQueue-0,6,main])--CALL IDENTITY()
[EL Fine]: sql: 2014-10-09 10:12:55.422--ClientSession(343425280)--Connection(1905800551)--Thread(Thread[AWT-EventQueue-0,6,main])--INSERT INTO PRODUCTO (ENORDEN, ID_ESPECIFICO, ESPECIFICACION) VALUES (?, ?, ?)
	bind => [false, null, GA3]
[EL Fine]: sql: 2014-10-09 10:12:55.422--ClientSession(343425280)--Connection(1905800551)--Thread(Thread[AWT-EventQueue-0,6,main])--CALL IDENTITY()
[EL Fine]: sql: 2014-10-09 10:12:55.423--ClientSession(343425280)--Connection(1905800551)--Thread(Thread[AWT-EventQueue-0,6,main])--INSERT INTO PRODUCTO (ENORDEN, ID_ESPECIFICO, ESPECIFICACION) VALUES (?, ?, ?)
	bind => [false, null, GA3]
[EL Fine]: sql: 2014-10-09 10:12:55.423--ClientSession(343425280)--Connection(1905800551)--Thread(Thread[AWT-EventQueue-0,6,main])--CALL IDENTITY()
[EL Fine]: sql: 2014-10-09 10:12:55.423--ClientSession(343425280)--Connection(1905800551)--Thread(Thread[AWT-EventQueue-0,6,main])--INSERT INTO PRODUCTO (ENORDEN, ID_ESPECIFICO, ESPECIFICACION) VALUES (?, ?, ?)
	bind => [false, null, GA3]
[EL Fine]: sql: 2014-10-09 10:12:55.424--ClientSession(343425280)--Connection(1905800551)--Thread(Thread[AWT-EventQueue-0,6,main])--CALL IDENTITY()
[EL Fine]: sql: 2014-10-09 10:12:55.424--ClientSession(343425280)--Connection(1905800551)--Thread(Thread[AWT-EventQueue-0,6,main])--INSERT INTO PRODUCTO (ENORDEN, ID_ESPECIFICO, ESPECIFICACION) VALUES (?, ?, ?)
	bind => [false, null, GA3]
[EL Fine]: sql: 2014-10-09 10:12:55.425--ClientSession(343425280)--Connection(1905800551)--Thread(Thread[AWT-EventQueue-0,6,main])--CALL IDENTITY()
[EL Fine]: sql: 2014-10-09 10:12:55.426--ClientSession(343425280)--Connection(1905800551)--Thread(Thread[AWT-EventQueue-0,6,main])--INSERT INTO PRODUCTO (ENORDEN, ID_ESPECIFICO, ESPECIFICACION) VALUES (?, ?, ?)
	bind => [false, null, GA3]
[EL Fine]: sql: 2014-10-09 10:12:55.427--ClientSession(343425280)--Connection(1905800551)--Thread(Thread[AWT-EventQueue-0,6,main])--CALL IDENTITY()
[EL Fine]: sql: 2014-10-09 10:12:55.427--ClientSession(343425280)--Connection(1905800551)--Thread(Thread[AWT-EventQueue-0,6,main])--INSERT INTO PRODUCTO (ENORDEN, ID_ESPECIFICO, ESPECIFICACION) VALUES (?, ?, ?)
	bind => [false, null, GA3]
[EL Fine]: sql: 2014-10-09 10:12:55.428--ClientSession(343425280)--Connection(1905800551)--Thread(Thread[AWT-EventQueue-0,6,main])--CALL IDENTITY()
[EL Fine]: sql: 2014-10-09 10:12:55.428--ClientSession(343425280)--Connection(1905800551)--Thread(Thread[AWT-EventQueue-0,6,main])--INSERT INTO ESPECIFICACIONES (ESPPRID, VALOR, NOMBRE) VALUES (?, ?, ?)
	bind => [GA3, 133 g, Peso]
[EL Fine]: sql: 2014-10-09 10:12:55.428--ClientSession(343425280)--Connection(1905800551)--Thread(Thread[AWT-EventQueue-0,6,main])--INSERT INTO ESPECIFICACIONES (ESPPRID, VALOR, NOMBRE) VALUES (?, ?, ?)
	bind => [GA3, 4.8”, Pantalla]
[EL Fine]: sql: 2014-10-09 10:12:55.429--ClientSession(343425280)--Connection(1905800551)--Thread(Thread[AWT-EventQueue-0,6,main])--INSERT INTO ESPECIFICACIONES (ESPPRID, VALOR, NOMBRE) VALUES (?, ?, ?)
	bind => [GA3, 4.0.4, Versión de Android]
[EL Fine]: sql: 2014-10-09 10:12:55.429--ClientSession(343425280)--Connection(1905800551)--Thread(Thread[AWT-EventQueue-0,6,main])--INSERT INTO ESPECIFICACIONES (ESPPRID, VALOR, NOMBRE) VALUES (?, ?, ?)
	bind => [GA3, 136.6 x 70.6 x 8.6 mm, Dimensiones]
[EL Fine]: sql: 2014-10-09 10:12:55.429--ClientSession(343425280)--Connection(1905800551)--Thread(Thread[AWT-EventQueue-0,6,main])--INSERT INTO CATEGORIAESPECIFICACIONPROD (CAT_NAME, ESP_NROREF) VALUES (?, ?)
	bind => [Android, GA3]
[EL Fine]: sql: 2014-10-09 10:12:55.43--ClientSession(343425280)--Connection(1905800551)--Thread(Thread[AWT-EventQueue-0,6,main])--INSERT INTO CATEGORIAESPECIFICACIONPROD (CAT_NAME, ESP_NROREF) VALUES (?, ?)
	bind => [Galaxy S3, GA3]
[EL Fine]: sql: 2014-10-09 10:12:55.432--ServerSession(1989311583)--Connection(1905800551)--Thread(Thread[AWT-EventQueue-0,6,main])--SELECT NROREFERENCIA, DESCRIPCION, NOMBRE, PRECIO, PROVEEDOR_ID FROM ESPECIFICACIONPRODUCTO
[EL Fine]: sql: 2014-10-09 10:12:55.433--ServerSession(1989311583)--Connection(1905800551)--Thread(Thread[AWT-EventQueue-0,6,main])--SELECT NOMBRE, PADRE FROM CATEGORIA
[EL Fine]: sql: 2014-10-09 10:12:55.434--ServerSession(1989311583)--Connection(1905800551)--Thread(Thread[AWT-EventQueue-0,6,main])--SELECT NOMBRE, PADRE FROM CATEGORIA WHERE (NOMBRE = ?)
	bind => [Celulares]
[EL Fine]: sql: 2014-10-09 10:12:55.435--ServerSession(1989311583)--Connection(1905800551)--Thread(Thread[AWT-EventQueue-0,6,main])--SELECT t1.NROREFERENCIA, t1.DESCRIPCION, t1.NOMBRE, t1.PRECIO, t1.PROVEEDOR_ID, t0.ESP_NROREF FROM CATEGORIAESPECIFICACIONPROD t0, ESPECIFICACIONPRODUCTO t1 WHERE ((t0.CAT_NAME = ?) AND (t1.NROREFERENCIA = t0.ESP_NROREF))
	bind => [Celulares]
[EL Fine]: sql: 2014-10-09 10:12:55.435--ServerSession(1989311583)--Connection(1905800551)--Thread(Thread[AWT-EventQueue-0,6,main])--SELECT NOMBRE, PADRE FROM CATEGORIA WHERE (NOMBRE = ?)
	bind => [Sistemas Operativos]
[EL Fine]: sql: 2014-10-09 10:12:55.436--ServerSession(1989311583)--Connection(1905800551)--Thread(Thread[AWT-EventQueue-0,6,main])--SELECT t1.NROREFERENCIA, t1.DESCRIPCION, t1.NOMBRE, t1.PRECIO, t1.PROVEEDOR_ID, t0.ESP_NROREF FROM CATEGORIAESPECIFICACIONPROD t0, ESPECIFICACIONPRODUCTO t1 WHERE ((t0.CAT_NAME = ?) AND (t1.NROREFERENCIA = t0.ESP_NROREF))
	bind => [Sistemas Operativos]
[EL Fine]: sql: 2014-10-09 10:12:55.436--ServerSession(1989311583)--Connection(1905800551)--Thread(Thread[AWT-EventQueue-0,6,main])--SELECT NOMBRE, PADRE FROM CATEGORIA WHERE (NOMBRE = ?)
	bind => [iOS]
[EL Fine]: sql: 2014-10-09 10:12:55.437--ServerSession(1989311583)--Connection(1905800551)--Thread(Thread[AWT-EventQueue-0,6,main])--SELECT t1.NROREFERENCIA, t1.DESCRIPCION, t1.NOMBRE, t1.PRECIO, t1.PROVEEDOR_ID, t0.ESP_NROREF FROM CATEGORIAESPECIFICACIONPROD t0, ESPECIFICACIONPRODUCTO t1 WHERE ((t0.CAT_NAME = ?) AND (t1.NROREFERENCIA = t0.ESP_NROREF))
	bind => [iOS]
[EL Fine]: sql: 2014-10-09 10:12:55.437--ServerSession(1989311583)--Connection(1905800551)--Thread(Thread[AWT-EventQueue-0,6,main])--SELECT t1.NOMBRE, t1.PADRE FROM CATEGORIAESPECIFICACIONPROD t0, CATEGORIA t1 WHERE ((t0.ESP_NROREF = ?) AND (t1.NOMBRE = t0.CAT_NAME))
	bind => [IPH5]
[EL Fine]: sql: 2014-10-09 10:12:55.438--ServerSession(1989311583)--Connection(1905800551)--Thread(Thread[AWT-EventQueue-0,6,main])--SELECT ID, ENORDEN, ID_ESPECIFICO, ESPECIFICACION FROM PRODUCTO WHERE (ESPECIFICACION = ?)
	bind => [IPH5]
[EL Fine]: sql: 2014-10-09 10:12:55.438--ServerSession(1989311583)--Connection(1905800551)--Thread(Thread[AWT-EventQueue-0,6,main])--SELECT t1.NOMBRE, t1.PADRE FROM CATEGORIAESPECIFICACIONPROD t0, CATEGORIA t1 WHERE ((t0.ESP_NROREF = ?) AND (t1.NOMBRE = t0.CAT_NAME))
	bind => [IPH4]
[EL Fine]: sql: 2014-10-09 10:12:55.439--ServerSession(1989311583)--Connection(1905800551)--Thread(Thread[AWT-EventQueue-0,6,main])--SELECT ID, ENORDEN, ID_ESPECIFICO, ESPECIFICACION FROM PRODUCTO WHERE (ESPECIFICACION = ?)
	bind => [IPH4]
[EL Fine]: sql: 2014-10-09 10:12:55.44--ServerSession(1989311583)--Connection(1905800551)--Thread(Thread[AWT-EventQueue-0,6,main])--SELECT NOMBRE, PADRE FROM CATEGORIA WHERE (NOMBRE = ?)
	bind => [Android]
[EL Fine]: sql: 2014-10-09 10:12:55.441--ServerSession(1989311583)--Connection(1905800551)--Thread(Thread[AWT-EventQueue-0,6,main])--SELECT t1.NROREFERENCIA, t1.DESCRIPCION, t1.NOMBRE, t1.PRECIO, t1.PROVEEDOR_ID, t0.ESP_NROREF FROM CATEGORIAESPECIFICACIONPROD t0, ESPECIFICACIONPRODUCTO t1 WHERE ((t0.CAT_NAME = ?) AND (t1.NROREFERENCIA = t0.ESP_NROREF))
	bind => [Android]
[EL Fine]: sql: 2014-10-09 10:12:55.441--ServerSession(1989311583)--Connection(1905800551)--Thread(Thread[AWT-EventQueue-0,6,main])--SELECT t1.NOMBRE, t1.PADRE FROM CATEGORIAESPECIFICACIONPROD t0, CATEGORIA t1 WHERE ((t0.ESP_NROREF = ?) AND (t1.NOMBRE = t0.CAT_NAME))
	bind => [NEX4]
[EL Fine]: sql: 2014-10-09 10:12:55.442--ServerSession(1989311583)--Connection(1905800551)--Thread(Thread[AWT-EventQueue-0,6,main])--SELECT ID, ENORDEN, ID_ESPECIFICO, ESPECIFICACION FROM PRODUCTO WHERE (ESPECIFICACION = ?)
	bind => [NEX4]
[EL Fine]: sql: 2014-10-09 10:12:55.442--ServerSession(1989311583)--Connection(1905800551)--Thread(Thread[AWT-EventQueue-0,6,main])--SELECT t1.NOMBRE, t1.PADRE FROM CATEGORIAESPECIFICACIONPROD t0, CATEGORIA t1 WHERE ((t0.ESP_NROREF = ?) AND (t1.NOMBRE = t0.CAT_NAME))
	bind => [GA3]
[EL Fine]: sql: 2014-10-09 10:12:55.443--ServerSession(1989311583)--Connection(1905800551)--Thread(Thread[AWT-EventQueue-0,6,main])--SELECT ID, ENORDEN, ID_ESPECIFICO, ESPECIFICACION FROM PRODUCTO WHERE (ESPECIFICACION = ?)
	bind => [GA3]
[EL Fine]: sql: 2014-10-09 10:12:55.445--ServerSession(1989311583)--Connection(1905800551)--Thread(Thread[AWT-EventQueue-0,6,main])--SELECT NOMBRE, PADRE FROM CATEGORIA WHERE (NOMBRE = ?)
	bind => [Windows Phone]
[EL Fine]: sql: 2014-10-09 10:12:55.445--ServerSession(1989311583)--Connection(1905800551)--Thread(Thread[AWT-EventQueue-0,6,main])--SELECT t1.NROREFERENCIA, t1.DESCRIPCION, t1.NOMBRE, t1.PRECIO, t1.PROVEEDOR_ID, t0.ESP_NROREF FROM CATEGORIAESPECIFICACIONPROD t0, ESPECIFICACIONPRODUCTO t1 WHERE ((t0.CAT_NAME = ?) AND (t1.NROREFERENCIA = t0.ESP_NROREF))
	bind => [Windows Phone]
[EL Fine]: sql: 2014-10-09 10:12:55.446--ServerSession(1989311583)--Connection(1905800551)--Thread(Thread[AWT-EventQueue-0,6,main])--SELECT NOMBRE, PADRE FROM CATEGORIA WHERE (NOMBRE = ?)
	bind => [Symbian]
[EL Fine]: sql: 2014-10-09 10:12:55.447--ServerSession(1989311583)--Connection(1905800551)--Thread(Thread[AWT-EventQueue-0,6,main])--SELECT t1.NROREFERENCIA, t1.DESCRIPCION, t1.NOMBRE, t1.PRECIO, t1.PROVEEDOR_ID, t0.ESP_NROREF FROM CATEGORIAESPECIFICACIONPROD t0, ESPECIFICACIONPRODUCTO t1 WHERE ((t0.CAT_NAME = ?) AND (t1.NROREFERENCIA = t0.ESP_NROREF))
	bind => [Symbian]
[EL Fine]: sql: 2014-10-09 10:12:55.447--ServerSession(1989311583)--Connection(1905800551)--Thread(Thread[AWT-EventQueue-0,6,main])--SELECT NOMBRE, PADRE FROM CATEGORIA WHERE (NOMBRE = ?)
	bind => [Blackberry OS]
[EL Fine]: sql: 2014-10-09 10:12:55.448--ServerSession(1989311583)--Connection(1905800551)--Thread(Thread[AWT-EventQueue-0,6,main])--SELECT t1.NROREFERENCIA, t1.DESCRIPCION, t1.NOMBRE, t1.PRECIO, t1.PROVEEDOR_ID, t0.ESP_NROREF FROM CATEGORIAESPECIFICACIONPROD t0, ESPECIFICACIONPRODUCTO t1 WHERE ((t0.CAT_NAME = ?) AND (t1.NROREFERENCIA = t0.ESP_NROREF))
	bind => [Blackberry OS]
[EL Fine]: sql: 2014-10-09 10:12:55.448--ServerSession(1989311583)--Connection(1905800551)--Thread(Thread[AWT-EventQueue-0,6,main])--SELECT NOMBRE, PADRE FROM CATEGORIA WHERE (NOMBRE = ?)
	bind => [Equipos]
[EL Fine]: sql: 2014-10-09 10:12:55.449--ServerSession(1989311583)--Connection(1905800551)--Thread(Thread[AWT-EventQueue-0,6,main])--SELECT t1.NROREFERENCIA, t1.DESCRIPCION, t1.NOMBRE, t1.PRECIO, t1.PROVEEDOR_ID, t0.ESP_NROREF FROM CATEGORIAESPECIFICACIONPROD t0, ESPECIFICACIONPRODUCTO t1 WHERE ((t0.CAT_NAME = ?) AND (t1.NROREFERENCIA = t0.ESP_NROREF))
	bind => [Equipos]
[EL Fine]: sql: 2014-10-09 10:12:55.449--ServerSession(1989311583)--Connection(1905800551)--Thread(Thread[AWT-EventQueue-0,6,main])--SELECT NOMBRE, PADRE FROM CATEGORIA WHERE (NOMBRE = ?)
	bind => [iPhone]
[EL Fine]: sql: 2014-10-09 10:12:55.45--ServerSession(1989311583)--Connection(1905800551)--Thread(Thread[AWT-EventQueue-0,6,main])--SELECT t1.NROREFERENCIA, t1.DESCRIPCION, t1.NOMBRE, t1.PRECIO, t1.PROVEEDOR_ID, t0.ESP_NROREF FROM CATEGORIAESPECIFICACIONPROD t0, ESPECIFICACIONPRODUCTO t1 WHERE ((t0.CAT_NAME = ?) AND (t1.NROREFERENCIA = t0.ESP_NROREF))
	bind => [iPhone]
[EL Fine]: sql: 2014-10-09 10:12:55.45--ServerSession(1989311583)--Connection(1905800551)--Thread(Thread[AWT-EventQueue-0,6,main])--SELECT t1.NOMBRE, t1.PADRE FROM CATEGORIAESPECIFICACIONPROD t0, CATEGORIA t1 WHERE ((t0.ESP_NROREF = ?) AND (t1.NOMBRE = t0.CAT_NAME))
	bind => [IPH5]
[EL Fine]: sql: 2014-10-09 10:12:55.451--ServerSession(1989311583)--Connection(1905800551)--Thread(Thread[AWT-EventQueue-0,6,main])--SELECT ID, ENORDEN, ID_ESPECIFICO, ESPECIFICACION FROM PRODUCTO WHERE (ESPECIFICACION = ?)
	bind => [IPH5]
[EL Fine]: sql: 2014-10-09 10:12:55.451--ServerSession(1989311583)--Connection(1905800551)--Thread(Thread[AWT-EventQueue-0,6,main])--SELECT t1.NOMBRE, t1.PADRE FROM CATEGORIAESPECIFICACIONPROD t0, CATEGORIA t1 WHERE ((t0.ESP_NROREF = ?) AND (t1.NOMBRE = t0.CAT_NAME))
	bind => [IPH4]
[EL Fine]: sql: 2014-10-09 10:12:55.452--ServerSession(1989311583)--Connection(1905800551)--Thread(Thread[AWT-EventQueue-0,6,main])--SELECT ID, ENORDEN, ID_ESPECIFICO, ESPECIFICACION FROM PRODUCTO WHERE (ESPECIFICACION = ?)
	bind => [IPH4]
[EL Fine]: sql: 2014-10-09 10:12:55.453--ServerSession(1989311583)--Connection(1905800551)--Thread(Thread[AWT-EventQueue-0,6,main])--SELECT NOMBRE, PADRE FROM CATEGORIA WHERE (NOMBRE = ?)
	bind => [Nexus]
[EL Fine]: sql: 2014-10-09 10:12:55.454--ServerSession(1989311583)--Connection(1905800551)--Thread(Thread[AWT-EventQueue-0,6,main])--SELECT t1.NROREFERENCIA, t1.DESCRIPCION, t1.NOMBRE, t1.PRECIO, t1.PROVEEDOR_ID, t0.ESP_NROREF FROM CATEGORIAESPECIFICACIONPROD t0, ESPECIFICACIONPRODUCTO t1 WHERE ((t0.CAT_NAME = ?) AND (t1.NROREFERENCIA = t0.ESP_NROREF))
	bind => [Nexus]
[EL Fine]: sql: 2014-10-09 10:12:55.454--ServerSession(1989311583)--Connection(1905800551)--Thread(Thread[AWT-EventQueue-0,6,main])--SELECT t1.NOMBRE, t1.PADRE FROM CATEGORIAESPECIFICACIONPROD t0, CATEGORIA t1 WHERE ((t0.ESP_NROREF = ?) AND (t1.NOMBRE = t0.CAT_NAME))
	bind => [NEX4]
[EL Fine]: sql: 2014-10-09 10:12:55.455--ServerSession(1989311583)--Connection(1905800551)--Thread(Thread[AWT-EventQueue-0,6,main])--SELECT ID, ENORDEN, ID_ESPECIFICO, ESPECIFICACION FROM PRODUCTO WHERE (ESPECIFICACION = ?)
	bind => [NEX4]
[EL Fine]: sql: 2014-10-09 10:12:55.456--ServerSession(1989311583)--Connection(1905800551)--Thread(Thread[AWT-EventQueue-0,6,main])--SELECT NOMBRE, PADRE FROM CATEGORIA WHERE (NOMBRE = ?)
	bind => [Samsung]
[EL Fine]: sql: 2014-10-09 10:12:55.456--ServerSession(1989311583)--Connection(1905800551)--Thread(Thread[AWT-EventQueue-0,6,main])--SELECT t1.NROREFERENCIA, t1.DESCRIPCION, t1.NOMBRE, t1.PRECIO, t1.PROVEEDOR_ID, t0.ESP_NROREF FROM CATEGORIAESPECIFICACIONPROD t0, ESPECIFICACIONPRODUCTO t1 WHERE ((t0.CAT_NAME = ?) AND (t1.NROREFERENCIA = t0.ESP_NROREF))
	bind => [Samsung]
[EL Fine]: sql: 2014-10-09 10:12:55.457--ServerSession(1989311583)--Connection(1905800551)--Thread(Thread[AWT-EventQueue-0,6,main])--SELECT NOMBRE, PADRE FROM CATEGORIA WHERE (NOMBRE = ?)
	bind => [Galaxy S3]
[EL Fine]: sql: 2014-10-09 10:12:55.457--ServerSession(1989311583)--Connection(1905800551)--Thread(Thread[AWT-EventQueue-0,6,main])--SELECT t1.NROREFERENCIA, t1.DESCRIPCION, t1.NOMBRE, t1.PRECIO, t1.PROVEEDOR_ID, t0.ESP_NROREF FROM CATEGORIAESPECIFICACIONPROD t0, ESPECIFICACIONPRODUCTO t1 WHERE ((t0.CAT_NAME = ?) AND (t1.NROREFERENCIA = t0.ESP_NROREF))
	bind => [Galaxy S3]
[EL Fine]: sql: 2014-10-09 10:12:55.458--ServerSession(1989311583)--Connection(1905800551)--Thread(Thread[AWT-EventQueue-0,6,main])--SELECT t1.NOMBRE, t1.PADRE FROM CATEGORIAESPECIFICACIONPROD t0, CATEGORIA t1 WHERE ((t0.ESP_NROREF = ?) AND (t1.NOMBRE = t0.CAT_NAME))
	bind => [GA3]
[EL Fine]: sql: 2014-10-09 10:12:55.458--ServerSession(1989311583)--Connection(1905800551)--Thread(Thread[AWT-EventQueue-0,6,main])--SELECT ID, ENORDEN, ID_ESPECIFICO, ESPECIFICACION FROM PRODUCTO WHERE (ESPECIFICACION = ?)
	bind => [GA3]
[EL Fine]: sql: 2014-10-09 10:12:55.459--ServerSession(1989311583)--Connection(1905800551)--Thread(Thread[AWT-EventQueue-0,6,main])--SELECT NOMBRE, PADRE FROM CATEGORIA WHERE (NOMBRE = ?)
	bind => [Galaxy S4]
[EL Fine]: sql: 2014-10-09 10:12:55.46--ServerSession(1989311583)--Connection(1905800551)--Thread(Thread[AWT-EventQueue-0,6,main])--SELECT t1.NROREFERENCIA, t1.DESCRIPCION, t1.NOMBRE, t1.PRECIO, t1.PROVEEDOR_ID, t0.ESP_NROREF FROM CATEGORIAESPECIFICACIONPROD t0, ESPECIFICACIONPRODUCTO t1 WHERE ((t0.CAT_NAME = ?) AND (t1.NROREFERENCIA = t0.ESP_NROREF))
	bind => [Galaxy S4]
[EL Fine]: sql: 2014-10-09 10:12:55.461--ServerSession(1989311583)--Connection(1905800551)--Thread(Thread[AWT-EventQueue-0,6,main])--SELECT NOMBRE, PADRE FROM CATEGORIA WHERE (NOMBRE = ?)
	bind => [Galaxy Ace]
[EL Fine]: sql: 2014-10-09 10:12:55.462--ServerSession(1989311583)--Connection(1905800551)--Thread(Thread[AWT-EventQueue-0,6,main])--SELECT t1.NROREFERENCIA, t1.DESCRIPCION, t1.NOMBRE, t1.PRECIO, t1.PROVEEDOR_ID, t0.ESP_NROREF FROM CATEGORIAESPECIFICACIONPROD t0, ESPECIFICACIONPRODUCTO t1 WHERE ((t0.CAT_NAME = ?) AND (t1.NROREFERENCIA = t0.ESP_NROREF))
	bind => [Galaxy Ace]
[EL Fine]: sql: 2014-10-09 10:12:55.463--ServerSession(1989311583)--Connection(1905800551)--Thread(Thread[AWT-EventQueue-0,6,main])--SELECT NOMBRE, PADRE FROM CATEGORIA WHERE (NOMBRE = ?)
	bind => [Blackberry]
[EL Fine]: sql: 2014-10-09 10:12:55.464--ServerSession(1989311583)--Connection(1905800551)--Thread(Thread[AWT-EventQueue-0,6,main])--SELECT t1.NROREFERENCIA, t1.DESCRIPCION, t1.NOMBRE, t1.PRECIO, t1.PROVEEDOR_ID, t0.ESP_NROREF FROM CATEGORIAESPECIFICACIONPROD t0, ESPECIFICACIONPRODUCTO t1 WHERE ((t0.CAT_NAME = ?) AND (t1.NROREFERENCIA = t0.ESP_NROREF))
	bind => [Blackberry]
[EL Fine]: sql: 2014-10-09 10:12:55.464--ServerSession(1989311583)--Connection(1905800551)--Thread(Thread[AWT-EventQueue-0,6,main])--SELECT NOMBRE, PADRE FROM CATEGORIA WHERE (NOMBRE = ?)
	bind => [Nokia]
[EL Fine]: sql: 2014-10-09 10:12:55.465--ServerSession(1989311583)--Connection(1905800551)--Thread(Thread[AWT-EventQueue-0,6,main])--SELECT t1.NROREFERENCIA, t1.DESCRIPCION, t1.NOMBRE, t1.PRECIO, t1.PROVEEDOR_ID, t0.ESP_NROREF FROM CATEGORIAESPECIFICACIONPROD t0, ESPECIFICACIONPRODUCTO t1 WHERE ((t0.CAT_NAME = ?) AND (t1.NROREFERENCIA = t0.ESP_NROREF))
	bind => [Nokia]
[EL Fine]: sql: 2014-10-09 10:12:55.465--ServerSession(1989311583)--Connection(1905800551)--Thread(Thread[AWT-EventQueue-0,6,main])--SELECT NOMBRE, PADRE FROM CATEGORIA WHERE (NOMBRE = ?)
	bind => [Accesorios]
[EL Fine]: sql: 2014-10-09 10:12:55.466--ServerSession(1989311583)--Connection(1905800551)--Thread(Thread[AWT-EventQueue-0,6,main])--SELECT t1.NROREFERENCIA, t1.DESCRIPCION, t1.NOMBRE, t1.PRECIO, t1.PROVEEDOR_ID, t0.ESP_NROREF FROM CATEGORIAESPECIFICACIONPROD t0, ESPECIFICACIONPRODUCTO t1 WHERE ((t0.CAT_NAME = ?) AND (t1.NROREFERENCIA = t0.ESP_NROREF))
	bind => [Accesorios]
[EL Fine]: sql: 2014-10-09 10:12:55.466--ServerSession(1989311583)--Connection(1905800551)--Thread(Thread[AWT-EventQueue-0,6,main])--SELECT NOMBRE, PADRE FROM CATEGORIA WHERE (NOMBRE = ?)
	bind => [Protectores]
[EL Fine]: sql: 2014-10-09 10:12:55.467--ServerSession(1989311583)--Connection(1905800551)--Thread(Thread[AWT-EventQueue-0,6,main])--SELECT t1.NROREFERENCIA, t1.DESCRIPCION, t1.NOMBRE, t1.PRECIO, t1.PROVEEDOR_ID, t0.ESP_NROREF FROM CATEGORIAESPECIFICACIONPROD t0, ESPECIFICACIONPRODUCTO t1 WHERE ((t0.CAT_NAME = ?) AND (t1.NROREFERENCIA = t0.ESP_NROREF))
	bind => [Protectores]
[EL Fine]: sql: 2014-10-09 10:12:55.467--ServerSession(1989311583)--Connection(1905800551)--Thread(Thread[AWT-EventQueue-0,6,main])--SELECT NOMBRE, PADRE FROM CATEGORIA WHERE (NOMBRE = ?)
	bind => [Baterías]
[EL Fine]: sql: 2014-10-09 10:12:55.468--ServerSession(1989311583)--Connection(1905800551)--Thread(Thread[AWT-EventQueue-0,6,main])--SELECT t1.NROREFERENCIA, t1.DESCRIPCION, t1.NOMBRE, t1.PRECIO, t1.PROVEEDOR_ID, t0.ESP_NROREF FROM CATEGORIAESPECIFICACIONPROD t0, ESPECIFICACIONPRODUCTO t1 WHERE ((t0.CAT_NAME = ?) AND (t1.NROREFERENCIA = t0.ESP_NROREF))
	bind => [Baterías]
[EL Fine]: sql: 2014-10-09 10:12:55.468--ServerSession(1989311583)--Connection(1905800551)--Thread(Thread[AWT-EventQueue-0,6,main])--SELECT NOMBRE, PADRE FROM CATEGORIA WHERE (NOMBRE = ?)
	bind => [Apple]
[EL Fine]: sql: 2014-10-09 10:12:55.469--ServerSession(1989311583)--Connection(1905800551)--Thread(Thread[AWT-EventQueue-0,6,main])--SELECT t1.NROREFERENCIA, t1.DESCRIPCION, t1.NOMBRE, t1.PRECIO, t1.PROVEEDOR_ID, t0.ESP_NROREF FROM CATEGORIAESPECIFICACIONPROD t0, ESPECIFICACIONPRODUCTO t1 WHERE ((t0.CAT_NAME = ?) AND (t1.NROREFERENCIA = t0.ESP_NROREF))
	bind => [Apple]
[EL Fine]: sql: 2014-10-09 10:12:55.469--ServerSession(1989311583)--Connection(1905800551)--Thread(Thread[AWT-EventQueue-0,6,main])--SELECT t1.NOMBRE, t1.PADRE FROM CATEGORIAESPECIFICACIONPROD t0, CATEGORIA t1 WHERE ((t0.ESP_NROREF = ?) AND (t1.NOMBRE = t0.CAT_NAME))
	bind => [IPH5]
[EL Fine]: sql: 2014-10-09 10:12:55.47--ServerSession(1989311583)--Connection(1905800551)--Thread(Thread[AWT-EventQueue-0,6,main])--SELECT ID, ENORDEN, ID_ESPECIFICO, ESPECIFICACION FROM PRODUCTO WHERE (ESPECIFICACION = ?)
	bind => [IPH5]
[EL Fine]: sql: 2014-10-09 10:12:55.47--ServerSession(1989311583)--Connection(1905800551)--Thread(Thread[AWT-EventQueue-0,6,main])--SELECT t1.NOMBRE, t1.PADRE FROM CATEGORIAESPECIFICACIONPROD t0, CATEGORIA t1 WHERE ((t0.ESP_NROREF = ?) AND (t1.NOMBRE = t0.CAT_NAME))
	bind => [IPH4]
[EL Fine]: sql: 2014-10-09 10:12:55.471--ServerSession(1989311583)--Connection(1905800551)--Thread(Thread[AWT-EventQueue-0,6,main])--SELECT ID, ENORDEN, ID_ESPECIFICO, ESPECIFICACION FROM PRODUCTO WHERE (ESPECIFICACION = ?)
	bind => [IPH4]
[EL Fine]: sql: 2014-10-09 10:12:55.472--ServerSession(1989311583)--Connection(1905800551)--Thread(Thread[AWT-EventQueue-0,6,main])--SELECT NOMBRE, PADRE FROM CATEGORIA WHERE (NOMBRE = ?)
	bind => [Videojuegos]
[EL Fine]: sql: 2014-10-09 10:12:55.473--ServerSession(1989311583)--Connection(1905800551)--Thread(Thread[AWT-EventQueue-0,6,main])--SELECT t1.NROREFERENCIA, t1.DESCRIPCION, t1.NOMBRE, t1.PRECIO, t1.PROVEEDOR_ID, t0.ESP_NROREF FROM CATEGORIAESPECIFICACIONPROD t0, ESPECIFICACIONPRODUCTO t1 WHERE ((t0.CAT_NAME = ?) AND (t1.NROREFERENCIA = t0.ESP_NROREF))
	bind => [Videojuegos]
[EL Fine]: sql: 2014-10-09 10:12:55.473--ServerSession(1989311583)--Connection(1905800551)--Thread(Thread[AWT-EventQueue-0,6,main])--SELECT NOMBRE, PADRE FROM CATEGORIA WHERE (NOMBRE = ?)
	bind => [Playstation]
[EL Fine]: sql: 2014-10-09 10:12:55.474--ServerSession(1989311583)--Connection(1905800551)--Thread(Thread[AWT-EventQueue-0,6,main])--SELECT t1.NROREFERENCIA, t1.DESCRIPCION, t1.NOMBRE, t1.PRECIO, t1.PROVEEDOR_ID, t0.ESP_NROREF FROM CATEGORIAESPECIFICACIONPROD t0, ESPECIFICACIONPRODUCTO t1 WHERE ((t0.CAT_NAME = ?) AND (t1.NROREFERENCIA = t0.ESP_NROREF))
	bind => [Playstation]
[EL Fine]: sql: 2014-10-09 10:12:55.474--ServerSession(1989311583)--Connection(1905800551)--Thread(Thread[AWT-EventQueue-0,6,main])--SELECT NOMBRE, PADRE FROM CATEGORIA WHERE (NOMBRE = ?)
	bind => [Xbox]
[EL Fine]: sql: 2014-10-09 10:12:55.475--ServerSession(1989311583)--Connection(1905800551)--Thread(Thread[AWT-EventQueue-0,6,main])--SELECT t1.NROREFERENCIA, t1.DESCRIPCION, t1.NOMBRE, t1.PRECIO, t1.PROVEEDOR_ID, t0.ESP_NROREF FROM CATEGORIAESPECIFICACIONPROD t0, ESPECIFICACIONPRODUCTO t1 WHERE ((t0.CAT_NAME = ?) AND (t1.NROREFERENCIA = t0.ESP_NROREF))
	bind => [Xbox]
[EL Fine]: sql: 2014-10-09 10:12:55.475--ServerSession(1989311583)--Connection(1905800551)--Thread(Thread[AWT-EventQueue-0,6,main])--SELECT NOMBRE, PADRE FROM CATEGORIA
[EL Fine]: sql: 2014-10-09 10:12:55.476--ServerSession(1989311583)--Connection(1905800551)--Thread(Thread[AWT-EventQueue-0,6,main])--SELECT NOMBRE, PADRE FROM CATEGORIA
[EL Fine]: sql: 2014-10-09 10:12:55.476--ServerSession(1989311583)--Connection(1905800551)--Thread(Thread[AWT-EventQueue-0,6,main])--SELECT NOMBRE, PADRE FROM CATEGORIA WHERE (NOMBRE = ?)
	bind => [Celulares]
[EL Fine]: sql: 2014-10-09 10:12:55.477--ServerSession(1989311583)--Connection(1905800551)--Thread(Thread[AWT-EventQueue-0,6,main])--SELECT t1.NROREFERENCIA, t1.DESCRIPCION, t1.NOMBRE, t1.PRECIO, t1.PROVEEDOR_ID, t0.ESP_NROREF FROM CATEGORIAESPECIFICACIONPROD t0, ESPECIFICACIONPRODUCTO t1 WHERE ((t0.CAT_NAME = ?) AND (t1.NROREFERENCIA = t0.ESP_NROREF))
	bind => [Celulares]
[EL Fine]: sql: 2014-10-09 10:12:55.477--ServerSession(1989311583)--Connection(1905800551)--Thread(Thread[AWT-EventQueue-0,6,main])--SELECT NOMBRE, PADRE FROM CATEGORIA WHERE (NOMBRE = ?)
	bind => [Sistemas Operativos]
[EL Fine]: sql: 2014-10-09 10:12:55.478--ServerSession(1989311583)--Connection(1905800551)--Thread(Thread[AWT-EventQueue-0,6,main])--SELECT t1.NROREFERENCIA, t1.DESCRIPCION, t1.NOMBRE, t1.PRECIO, t1.PROVEEDOR_ID, t0.ESP_NROREF FROM CATEGORIAESPECIFICACIONPROD t0, ESPECIFICACIONPRODUCTO t1 WHERE ((t0.CAT_NAME = ?) AND (t1.NROREFERENCIA = t0.ESP_NROREF))
	bind => [Sistemas Operativos]
[EL Fine]: sql: 2014-10-09 10:12:55.478--ServerSession(1989311583)--Connection(1905800551)--Thread(Thread[AWT-EventQueue-0,6,main])--SELECT NOMBRE, PADRE FROM CATEGORIA WHERE (NOMBRE = ?)
	bind => [iOS]
[EL Fine]: sql: 2014-10-09 10:12:55.479--ServerSession(1989311583)--Connection(1905800551)--Thread(Thread[AWT-EventQueue-0,6,main])--SELECT t1.NROREFERENCIA, t1.DESCRIPCION, t1.NOMBRE, t1.PRECIO, t1.PROVEEDOR_ID, t0.ESP_NROREF FROM CATEGORIAESPECIFICACIONPROD t0, ESPECIFICACIONPRODUCTO t1 WHERE ((t0.CAT_NAME = ?) AND (t1.NROREFERENCIA = t0.ESP_NROREF))
	bind => [iOS]
[EL Fine]: sql: 2014-10-09 10:12:55.479--ServerSession(1989311583)--Connection(1905800551)--Thread(Thread[AWT-EventQueue-0,6,main])--SELECT t1.NOMBRE, t1.PADRE FROM CATEGORIAESPECIFICACIONPROD t0, CATEGORIA t1 WHERE ((t0.ESP_NROREF = ?) AND (t1.NOMBRE = t0.CAT_NAME))
	bind => [IPH5]
[EL Fine]: sql: 2014-10-09 10:12:55.48--ServerSession(1989311583)--Connection(1905800551)--Thread(Thread[AWT-EventQueue-0,6,main])--SELECT ID, ENORDEN, ID_ESPECIFICO, ESPECIFICACION FROM PRODUCTO WHERE (ESPECIFICACION = ?)
	bind => [IPH5]
[EL Fine]: sql: 2014-10-09 10:12:55.481--ServerSession(1989311583)--Connection(1905800551)--Thread(Thread[AWT-EventQueue-0,6,main])--SELECT t1.NOMBRE, t1.PADRE FROM CATEGORIAESPECIFICACIONPROD t0, CATEGORIA t1 WHERE ((t0.ESP_NROREF = ?) AND (t1.NOMBRE = t0.CAT_NAME))
	bind => [IPH4]
[EL Fine]: sql: 2014-10-09 10:12:55.481--ServerSession(1989311583)--Connection(1905800551)--Thread(Thread[AWT-EventQueue-0,6,main])--SELECT ID, ENORDEN, ID_ESPECIFICO, ESPECIFICACION FROM PRODUCTO WHERE (ESPECIFICACION = ?)
	bind => [IPH4]
[EL Fine]: sql: 2014-10-09 10:12:55.483--ServerSession(1989311583)--Connection(1905800551)--Thread(Thread[AWT-EventQueue-0,6,main])--SELECT NOMBRE, PADRE FROM CATEGORIA WHERE (NOMBRE = ?)
	bind => [Android]
[EL Fine]: sql: 2014-10-09 10:12:55.483--ServerSession(1989311583)--Connection(1905800551)--Thread(Thread[AWT-EventQueue-0,6,main])--SELECT t1.NROREFERENCIA, t1.DESCRIPCION, t1.NOMBRE, t1.PRECIO, t1.PROVEEDOR_ID, t0.ESP_NROREF FROM CATEGORIAESPECIFICACIONPROD t0, ESPECIFICACIONPRODUCTO t1 WHERE ((t0.CAT_NAME = ?) AND (t1.NROREFERENCIA = t0.ESP_NROREF))
	bind => [Android]
[EL Fine]: sql: 2014-10-09 10:12:55.484--ServerSession(1989311583)--Connection(1905800551)--Thread(Thread[AWT-EventQueue-0,6,main])--SELECT t1.NOMBRE, t1.PADRE FROM CATEGORIAESPECIFICACIONPROD t0, CATEGORIA t1 WHERE ((t0.ESP_NROREF = ?) AND (t1.NOMBRE = t0.CAT_NAME))
	bind => [NEX4]
[EL Fine]: sql: 2014-10-09 10:12:55.484--ServerSession(1989311583)--Connection(1905800551)--Thread(Thread[AWT-EventQueue-0,6,main])--SELECT ID, ENORDEN, ID_ESPECIFICO, ESPECIFICACION FROM PRODUCTO WHERE (ESPECIFICACION = ?)
	bind => [NEX4]
[EL Fine]: sql: 2014-10-09 10:12:55.485--ServerSession(1989311583)--Connection(1905800551)--Thread(Thread[AWT-EventQueue-0,6,main])--SELECT t1.NOMBRE, t1.PADRE FROM CATEGORIAESPECIFICACIONPROD t0, CATEGORIA t1 WHERE ((t0.ESP_NROREF = ?) AND (t1.NOMBRE = t0.CAT_NAME))
	bind => [GA3]
[EL Fine]: sql: 2014-10-09 10:12:55.485--ServerSession(1989311583)--Connection(1905800551)--Thread(Thread[AWT-EventQueue-0,6,main])--SELECT ID, ENORDEN, ID_ESPECIFICO, ESPECIFICACION FROM PRODUCTO WHERE (ESPECIFICACION = ?)
	bind => [GA3]
[EL Fine]: sql: 2014-10-09 10:12:55.486--ServerSession(1989311583)--Connection(1905800551)--Thread(Thread[AWT-EventQueue-0,6,main])--SELECT NOMBRE, PADRE FROM CATEGORIA WHERE (NOMBRE = ?)
	bind => [Windows Phone]
[EL Fine]: sql: 2014-10-09 10:12:55.486--ServerSession(1989311583)--Connection(1905800551)--Thread(Thread[AWT-EventQueue-0,6,main])--SELECT t1.NROREFERENCIA, t1.DESCRIPCION, t1.NOMBRE, t1.PRECIO, t1.PROVEEDOR_ID, t0.ESP_NROREF FROM CATEGORIAESPECIFICACIONPROD t0, ESPECIFICACIONPRODUCTO t1 WHERE ((t0.CAT_NAME = ?) AND (t1.NROREFERENCIA = t0.ESP_NROREF))
	bind => [Windows Phone]
[EL Fine]: sql: 2014-10-09 10:12:55.487--ServerSession(1989311583)--Connection(1905800551)--Thread(Thread[AWT-EventQueue-0,6,main])--SELECT NOMBRE, PADRE FROM CATEGORIA WHERE (NOMBRE = ?)
	bind => [Symbian]
[EL Fine]: sql: 2014-10-09 10:12:55.487--ServerSession(1989311583)--Connection(1905800551)--Thread(Thread[AWT-EventQueue-0,6,main])--SELECT t1.NROREFERENCIA, t1.DESCRIPCION, t1.NOMBRE, t1.PRECIO, t1.PROVEEDOR_ID, t0.ESP_NROREF FROM CATEGORIAESPECIFICACIONPROD t0, ESPECIFICACIONPRODUCTO t1 WHERE ((t0.CAT_NAME = ?) AND (t1.NROREFERENCIA = t0.ESP_NROREF))
	bind => [Symbian]
[EL Fine]: sql: 2014-10-09 10:12:55.487--ServerSession(1989311583)--Connection(1905800551)--Thread(Thread[AWT-EventQueue-0,6,main])--SELECT NOMBRE, PADRE FROM CATEGORIA WHERE (NOMBRE = ?)
	bind => [Blackberry OS]
[EL Fine]: sql: 2014-10-09 10:12:55.488--ServerSession(1989311583)--Connection(1905800551)--Thread(Thread[AWT-EventQueue-0,6,main])--SELECT t1.NROREFERENCIA, t1.DESCRIPCION, t1.NOMBRE, t1.PRECIO, t1.PROVEEDOR_ID, t0.ESP_NROREF FROM CATEGORIAESPECIFICACIONPROD t0, ESPECIFICACIONPRODUCTO t1 WHERE ((t0.CAT_NAME = ?) AND (t1.NROREFERENCIA = t0.ESP_NROREF))
	bind => [Blackberry OS]
[EL Fine]: sql: 2014-10-09 10:12:55.488--ServerSession(1989311583)--Connection(1905800551)--Thread(Thread[AWT-EventQueue-0,6,main])--SELECT NOMBRE, PADRE FROM CATEGORIA WHERE (NOMBRE = ?)
	bind => [Equipos]
[EL Fine]: sql: 2014-10-09 10:12:55.488--ServerSession(1989311583)--Connection(1905800551)--Thread(Thread[AWT-EventQueue-0,6,main])--SELECT t1.NROREFERENCIA, t1.DESCRIPCION, t1.NOMBRE, t1.PRECIO, t1.PROVEEDOR_ID, t0.ESP_NROREF FROM CATEGORIAESPECIFICACIONPROD t0, ESPECIFICACIONPRODUCTO t1 WHERE ((t0.CAT_NAME = ?) AND (t1.NROREFERENCIA = t0.ESP_NROREF))
	bind => [Equipos]
[EL Fine]: sql: 2014-10-09 10:12:55.489--ServerSession(1989311583)--Connection(1905800551)--Thread(Thread[AWT-EventQueue-0,6,main])--SELECT NOMBRE, PADRE FROM CATEGORIA WHERE (NOMBRE = ?)
	bind => [iPhone]
[EL Fine]: sql: 2014-10-09 10:12:55.489--ServerSession(1989311583)--Connection(1905800551)--Thread(Thread[AWT-EventQueue-0,6,main])--SELECT t1.NROREFERENCIA, t1.DESCRIPCION, t1.NOMBRE, t1.PRECIO, t1.PROVEEDOR_ID, t0.ESP_NROREF FROM CATEGORIAESPECIFICACIONPROD t0, ESPECIFICACIONPRODUCTO t1 WHERE ((t0.CAT_NAME = ?) AND (t1.NROREFERENCIA = t0.ESP_NROREF))
	bind => [iPhone]
[EL Fine]: sql: 2014-10-09 10:12:55.489--ServerSession(1989311583)--Connection(1905800551)--Thread(Thread[AWT-EventQueue-0,6,main])--SELECT t1.NOMBRE, t1.PADRE FROM CATEGORIAESPECIFICACIONPROD t0, CATEGORIA t1 WHERE ((t0.ESP_NROREF = ?) AND (t1.NOMBRE = t0.CAT_NAME))
	bind => [IPH5]
[EL Fine]: sql: 2014-10-09 10:12:55.489--ServerSession(1989311583)--Connection(1905800551)--Thread(Thread[AWT-EventQueue-0,6,main])--SELECT ID, ENORDEN, ID_ESPECIFICO, ESPECIFICACION FROM PRODUCTO WHERE (ESPECIFICACION = ?)
	bind => [IPH5]
[EL Fine]: sql: 2014-10-09 10:12:55.49--ServerSession(1989311583)--Connection(1905800551)--Thread(Thread[AWT-EventQueue-0,6,main])--SELECT t1.NOMBRE, t1.PADRE FROM CATEGORIAESPECIFICACIONPROD t0, CATEGORIA t1 WHERE ((t0.ESP_NROREF = ?) AND (t1.NOMBRE = t0.CAT_NAME))
	bind => [IPH4]
[EL Fine]: sql: 2014-10-09 10:12:55.49--ServerSession(1989311583)--Connection(1905800551)--Thread(Thread[AWT-EventQueue-0,6,main])--SELECT ID, ENORDEN, ID_ESPECIFICO, ESPECIFICACION FROM PRODUCTO WHERE (ESPECIFICACION = ?)
	bind => [IPH4]
[EL Fine]: sql: 2014-10-09 10:12:55.491--ServerSession(1989311583)--Connection(1905800551)--Thread(Thread[AWT-EventQueue-0,6,main])--SELECT NOMBRE, PADRE FROM CATEGORIA WHERE (NOMBRE = ?)
	bind => [Nexus]
[EL Fine]: sql: 2014-10-09 10:12:55.492--ServerSession(1989311583)--Connection(1905800551)--Thread(Thread[AWT-EventQueue-0,6,main])--SELECT t1.NROREFERENCIA, t1.DESCRIPCION, t1.NOMBRE, t1.PRECIO, t1.PROVEEDOR_ID, t0.ESP_NROREF FROM CATEGORIAESPECIFICACIONPROD t0, ESPECIFICACIONPRODUCTO t1 WHERE ((t0.CAT_NAME = ?) AND (t1.NROREFERENCIA = t0.ESP_NROREF))
	bind => [Nexus]
[EL Fine]: sql: 2014-10-09 10:12:55.492--ServerSession(1989311583)--Connection(1905800551)--Thread(Thread[AWT-EventQueue-0,6,main])--SELECT t1.NOMBRE, t1.PADRE FROM CATEGORIAESPECIFICACIONPROD t0, CATEGORIA t1 WHERE ((t0.ESP_NROREF = ?) AND (t1.NOMBRE = t0.CAT_NAME))
	bind => [NEX4]
[EL Fine]: sql: 2014-10-09 10:12:55.493--ServerSession(1989311583)--Connection(1905800551)--Thread(Thread[AWT-EventQueue-0,6,main])--SELECT ID, ENORDEN, ID_ESPECIFICO, ESPECIFICACION FROM PRODUCTO WHERE (ESPECIFICACION = ?)
	bind => [NEX4]
[EL Fine]: sql: 2014-10-09 10:12:55.494--ServerSession(1989311583)--Connection(1905800551)--Thread(Thread[AWT-EventQueue-0,6,main])--SELECT NOMBRE, PADRE FROM CATEGORIA WHERE (NOMBRE = ?)
	bind => [Samsung]
[EL Fine]: sql: 2014-10-09 10:12:55.494--ServerSession(1989311583)--Connection(1905800551)--Thread(Thread[AWT-EventQueue-0,6,main])--SELECT t1.NROREFERENCIA, t1.DESCRIPCION, t1.NOMBRE, t1.PRECIO, t1.PROVEEDOR_ID, t0.ESP_NROREF FROM CATEGORIAESPECIFICACIONPROD t0, ESPECIFICACIONPRODUCTO t1 WHERE ((t0.CAT_NAME = ?) AND (t1.NROREFERENCIA = t0.ESP_NROREF))
	bind => [Samsung]
[EL Fine]: sql: 2014-10-09 10:12:55.495--ServerSession(1989311583)--Connection(1905800551)--Thread(Thread[AWT-EventQueue-0,6,main])--SELECT NOMBRE, PADRE FROM CATEGORIA WHERE (NOMBRE = ?)
	bind => [Galaxy S3]
[EL Fine]: sql: 2014-10-09 10:12:55.495--ServerSession(1989311583)--Connection(1905800551)--Thread(Thread[AWT-EventQueue-0,6,main])--SELECT t1.NROREFERENCIA, t1.DESCRIPCION, t1.NOMBRE, t1.PRECIO, t1.PROVEEDOR_ID, t0.ESP_NROREF FROM CATEGORIAESPECIFICACIONPROD t0, ESPECIFICACIONPRODUCTO t1 WHERE ((t0.CAT_NAME = ?) AND (t1.NROREFERENCIA = t0.ESP_NROREF))
	bind => [Galaxy S3]
[EL Fine]: sql: 2014-10-09 10:12:55.495--ServerSession(1989311583)--Connection(1905800551)--Thread(Thread[AWT-EventQueue-0,6,main])--SELECT t1.NOMBRE, t1.PADRE FROM CATEGORIAESPECIFICACIONPROD t0, CATEGORIA t1 WHERE ((t0.ESP_NROREF = ?) AND (t1.NOMBRE = t0.CAT_NAME))
	bind => [GA3]
[EL Fine]: sql: 2014-10-09 10:12:55.496--ServerSession(1989311583)--Connection(1905800551)--Thread(Thread[AWT-EventQueue-0,6,main])--SELECT ID, ENORDEN, ID_ESPECIFICO, ESPECIFICACION FROM PRODUCTO WHERE (ESPECIFICACION = ?)
	bind => [GA3]
[EL Fine]: sql: 2014-10-09 10:12:55.497--ServerSession(1989311583)--Connection(1905800551)--Thread(Thread[AWT-EventQueue-0,6,main])--SELECT NOMBRE, PADRE FROM CATEGORIA WHERE (NOMBRE = ?)
	bind => [Galaxy S4]
[EL Fine]: sql: 2014-10-09 10:12:55.497--ServerSession(1989311583)--Connection(1905800551)--Thread(Thread[AWT-EventQueue-0,6,main])--SELECT t1.NROREFERENCIA, t1.DESCRIPCION, t1.NOMBRE, t1.PRECIO, t1.PROVEEDOR_ID, t0.ESP_NROREF FROM CATEGORIAESPECIFICACIONPROD t0, ESPECIFICACIONPRODUCTO t1 WHERE ((t0.CAT_NAME = ?) AND (t1.NROREFERENCIA = t0.ESP_NROREF))
	bind => [Galaxy S4]
[EL Fine]: sql: 2014-10-09 10:12:55.497--ServerSession(1989311583)--Connection(1905800551)--Thread(Thread[AWT-EventQueue-0,6,main])--SELECT NOMBRE, PADRE FROM CATEGORIA WHERE (NOMBRE = ?)
	bind => [Galaxy Ace]
[EL Fine]: sql: 2014-10-09 10:12:55.498--ServerSession(1989311583)--Connection(1905800551)--Thread(Thread[AWT-EventQueue-0,6,main])--SELECT t1.NROREFERENCIA, t1.DESCRIPCION, t1.NOMBRE, t1.PRECIO, t1.PROVEEDOR_ID, t0.ESP_NROREF FROM CATEGORIAESPECIFICACIONPROD t0, ESPECIFICACIONPRODUCTO t1 WHERE ((t0.CAT_NAME = ?) AND (t1.NROREFERENCIA = t0.ESP_NROREF))
	bind => [Galaxy Ace]
[EL Fine]: sql: 2014-10-09 10:12:55.498--ServerSession(1989311583)--Connection(1905800551)--Thread(Thread[AWT-EventQueue-0,6,main])--SELECT NOMBRE, PADRE FROM CATEGORIA WHERE (NOMBRE = ?)
	bind => [Blackberry]
[EL Fine]: sql: 2014-10-09 10:12:55.498--ServerSession(1989311583)--Connection(1905800551)--Thread(Thread[AWT-EventQueue-0,6,main])--SELECT t1.NROREFERENCIA, t1.DESCRIPCION, t1.NOMBRE, t1.PRECIO, t1.PROVEEDOR_ID, t0.ESP_NROREF FROM CATEGORIAESPECIFICACIONPROD t0, ESPECIFICACIONPRODUCTO t1 WHERE ((t0.CAT_NAME = ?) AND (t1.NROREFERENCIA = t0.ESP_NROREF))
	bind => [Blackberry]
[EL Fine]: sql: 2014-10-09 10:12:55.499--ServerSession(1989311583)--Connection(1905800551)--Thread(Thread[AWT-EventQueue-0,6,main])--SELECT NOMBRE, PADRE FROM CATEGORIA WHERE (NOMBRE = ?)
	bind => [Nokia]
[EL Fine]: sql: 2014-10-09 10:12:55.499--ServerSession(1989311583)--Connection(1905800551)--Thread(Thread[AWT-EventQueue-0,6,main])--SELECT t1.NROREFERENCIA, t1.DESCRIPCION, t1.NOMBRE, t1.PRECIO, t1.PROVEEDOR_ID, t0.ESP_NROREF FROM CATEGORIAESPECIFICACIONPROD t0, ESPECIFICACIONPRODUCTO t1 WHERE ((t0.CAT_NAME = ?) AND (t1.NROREFERENCIA = t0.ESP_NROREF))
	bind => [Nokia]
[EL Fine]: sql: 2014-10-09 10:12:55.499--ServerSession(1989311583)--Connection(1905800551)--Thread(Thread[AWT-EventQueue-0,6,main])--SELECT NOMBRE, PADRE FROM CATEGORIA WHERE (NOMBRE = ?)
	bind => [Accesorios]
[EL Fine]: sql: 2014-10-09 10:12:55.499--ServerSession(1989311583)--Connection(1905800551)--Thread(Thread[AWT-EventQueue-0,6,main])--SELECT t1.NROREFERENCIA, t1.DESCRIPCION, t1.NOMBRE, t1.PRECIO, t1.PROVEEDOR_ID, t0.ESP_NROREF FROM CATEGORIAESPECIFICACIONPROD t0, ESPECIFICACIONPRODUCTO t1 WHERE ((t0.CAT_NAME = ?) AND (t1.NROREFERENCIA = t0.ESP_NROREF))
	bind => [Accesorios]
[EL Fine]: sql: 2014-10-09 10:12:55.5--ServerSession(1989311583)--Connection(1905800551)--Thread(Thread[AWT-EventQueue-0,6,main])--SELECT NOMBRE, PADRE FROM CATEGORIA WHERE (NOMBRE = ?)
	bind => [Protectores]
[EL Fine]: sql: 2014-10-09 10:12:55.5--ServerSession(1989311583)--Connection(1905800551)--Thread(Thread[AWT-EventQueue-0,6,main])--SELECT t1.NROREFERENCIA, t1.DESCRIPCION, t1.NOMBRE, t1.PRECIO, t1.PROVEEDOR_ID, t0.ESP_NROREF FROM CATEGORIAESPECIFICACIONPROD t0, ESPECIFICACIONPRODUCTO t1 WHERE ((t0.CAT_NAME = ?) AND (t1.NROREFERENCIA = t0.ESP_NROREF))
	bind => [Protectores]
[EL Fine]: sql: 2014-10-09 10:12:55.5--ServerSession(1989311583)--Connection(1905800551)--Thread(Thread[AWT-EventQueue-0,6,main])--SELECT NOMBRE, PADRE FROM CATEGORIA WHERE (NOMBRE = ?)
	bind => [Baterías]
[EL Fine]: sql: 2014-10-09 10:12:55.501--ServerSession(1989311583)--Connection(1905800551)--Thread(Thread[AWT-EventQueue-0,6,main])--SELECT t1.NROREFERENCIA, t1.DESCRIPCION, t1.NOMBRE, t1.PRECIO, t1.PROVEEDOR_ID, t0.ESP_NROREF FROM CATEGORIAESPECIFICACIONPROD t0, ESPECIFICACIONPRODUCTO t1 WHERE ((t0.CAT_NAME = ?) AND (t1.NROREFERENCIA = t0.ESP_NROREF))
	bind => [Baterías]
[EL Fine]: sql: 2014-10-09 10:12:55.501--ServerSession(1989311583)--Connection(1905800551)--Thread(Thread[AWT-EventQueue-0,6,main])--SELECT NOMBRE, PADRE FROM CATEGORIA WHERE (NOMBRE = ?)
	bind => [Apple]
[EL Fine]: sql: 2014-10-09 10:12:55.501--ServerSession(1989311583)--Connection(1905800551)--Thread(Thread[AWT-EventQueue-0,6,main])--SELECT t1.NROREFERENCIA, t1.DESCRIPCION, t1.NOMBRE, t1.PRECIO, t1.PROVEEDOR_ID, t0.ESP_NROREF FROM CATEGORIAESPECIFICACIONPROD t0, ESPECIFICACIONPRODUCTO t1 WHERE ((t0.CAT_NAME = ?) AND (t1.NROREFERENCIA = t0.ESP_NROREF))
	bind => [Apple]
[EL Fine]: sql: 2014-10-09 10:12:55.502--ServerSession(1989311583)--Connection(1905800551)--Thread(Thread[AWT-EventQueue-0,6,main])--SELECT t1.NOMBRE, t1.PADRE FROM CATEGORIAESPECIFICACIONPROD t0, CATEGORIA t1 WHERE ((t0.ESP_NROREF = ?) AND (t1.NOMBRE = t0.CAT_NAME))
	bind => [IPH5]
[EL Fine]: sql: 2014-10-09 10:12:55.502--ServerSession(1989311583)--Connection(1905800551)--Thread(Thread[AWT-EventQueue-0,6,main])--SELECT ID, ENORDEN, ID_ESPECIFICO, ESPECIFICACION FROM PRODUCTO WHERE (ESPECIFICACION = ?)
	bind => [IPH5]
[EL Fine]: sql: 2014-10-09 10:12:55.502--ServerSession(1989311583)--Connection(1905800551)--Thread(Thread[AWT-EventQueue-0,6,main])--SELECT t1.NOMBRE, t1.PADRE FROM CATEGORIAESPECIFICACIONPROD t0, CATEGORIA t1 WHERE ((t0.ESP_NROREF = ?) AND (t1.NOMBRE = t0.CAT_NAME))
	bind => [IPH4]
[EL Fine]: sql: 2014-10-09 10:12:55.503--ServerSession(1989311583)--Connection(1905800551)--Thread(Thread[AWT-EventQueue-0,6,main])--SELECT ID, ENORDEN, ID_ESPECIFICO, ESPECIFICACION FROM PRODUCTO WHERE (ESPECIFICACION = ?)
	bind => [IPH4]
[EL Fine]: sql: 2014-10-09 10:12:55.504--ServerSession(1989311583)--Connection(1905800551)--Thread(Thread[AWT-EventQueue-0,6,main])--SELECT NOMBRE, PADRE FROM CATEGORIA WHERE (NOMBRE = ?)
	bind => [Videojuegos]
[EL Fine]: sql: 2014-10-09 10:12:55.505--ServerSession(1989311583)--Connection(1905800551)--Thread(Thread[AWT-EventQueue-0,6,main])--SELECT t1.NROREFERENCIA, t1.DESCRIPCION, t1.NOMBRE, t1.PRECIO, t1.PROVEEDOR_ID, t0.ESP_NROREF FROM CATEGORIAESPECIFICACIONPROD t0, ESPECIFICACIONPRODUCTO t1 WHERE ((t0.CAT_NAME = ?) AND (t1.NROREFERENCIA = t0.ESP_NROREF))
	bind => [Videojuegos]
[EL Fine]: sql: 2014-10-09 10:12:55.505--ServerSession(1989311583)--Connection(1905800551)--Thread(Thread[AWT-EventQueue-0,6,main])--SELECT NOMBRE, PADRE FROM CATEGORIA WHERE (NOMBRE = ?)
	bind => [Playstation]
[EL Fine]: sql: 2014-10-09 10:12:55.506--ServerSession(1989311583)--Connection(1905800551)--Thread(Thread[AWT-EventQueue-0,6,main])--SELECT t1.NROREFERENCIA, t1.DESCRIPCION, t1.NOMBRE, t1.PRECIO, t1.PROVEEDOR_ID, t0.ESP_NROREF FROM CATEGORIAESPECIFICACIONPROD t0, ESPECIFICACIONPRODUCTO t1 WHERE ((t0.CAT_NAME = ?) AND (t1.NROREFERENCIA = t0.ESP_NROREF))
	bind => [Playstation]
[EL Fine]: sql: 2014-10-09 10:12:55.507--ServerSession(1989311583)--Connection(1905800551)--Thread(Thread[AWT-EventQueue-0,6,main])--SELECT NOMBRE, PADRE FROM CATEGORIA WHERE (NOMBRE = ?)
	bind => [Xbox]
[EL Fine]: sql: 2014-10-09 10:12:55.508--ServerSession(1989311583)--Connection(1905800551)--Thread(Thread[AWT-EventQueue-0,6,main])--SELECT t1.NROREFERENCIA, t1.DESCRIPCION, t1.NOMBRE, t1.PRECIO, t1.PROVEEDOR_ID, t0.ESP_NROREF FROM CATEGORIAESPECIFICACIONPROD t0, ESPECIFICACIONPRODUCTO t1 WHERE ((t0.CAT_NAME = ?) AND (t1.NROREFERENCIA = t0.ESP_NROREF))
	bind => [Xbox]
[EL Fine]: sql: 2014-10-09 10:12:55.508--ServerSession(1989311583)--Connection(1905800551)--Thread(Thread[AWT-EventQueue-0,6,main])--SELECT NOMBRE, PADRE FROM CATEGORIA
[EL Fine]: sql: 2014-10-09 10:12:55.51--ClientSession(343425280)--Connection(1905800551)--Thread(Thread[AWT-EventQueue-0,6,main])--INSERT INTO ESPECIFICACIONPRODUCTO (NROREFERENCIA, DESCRIPCION, NOMBRE, PRECIO, PROVEEDOR_ID) VALUES (?, ?, ?, ?, ?)
	bind => [GA4, La versión S4 de la línea Samsung Galaxy, Samsung Galaxy S4, 839.99, Eddy]
[EL Fine]: sql: 2014-10-09 10:12:55.512--ClientSession(343425280)--Connection(1905800551)--Thread(Thread[AWT-EventQueue-0,6,main])--INSERT INTO PRODUCTO (ENORDEN, ID_ESPECIFICO, ESPECIFICACION) VALUES (?, ?, ?)
	bind => [false, null, GA4]
[EL Fine]: sql: 2014-10-09 10:12:55.513--ClientSession(343425280)--Connection(1905800551)--Thread(Thread[AWT-EventQueue-0,6,main])--CALL IDENTITY()
[EL Fine]: sql: 2014-10-09 10:12:55.514--ClientSession(343425280)--Connection(1905800551)--Thread(Thread[AWT-EventQueue-0,6,main])--INSERT INTO PRODUCTO (ENORDEN, ID_ESPECIFICO, ESPECIFICACION) VALUES (?, ?, ?)
	bind => [false, null, GA4]
[EL Fine]: sql: 2014-10-09 10:12:55.514--ClientSession(343425280)--Connection(1905800551)--Thread(Thread[AWT-EventQueue-0,6,main])--CALL IDENTITY()
[EL Fine]: sql: 2014-10-09 10:12:55.515--ClientSession(343425280)--Connection(1905800551)--Thread(Thread[AWT-EventQueue-0,6,main])--INSERT INTO PRODUCTO (ENORDEN, ID_ESPECIFICO, ESPECIFICACION) VALUES (?, ?, ?)
	bind => [false, null, GA4]
[EL Fine]: sql: 2014-10-09 10:12:55.517--ClientSession(343425280)--Connection(1905800551)--Thread(Thread[AWT-EventQueue-0,6,main])--CALL IDENTITY()
[EL Fine]: sql: 2014-10-09 10:12:55.518--ClientSession(343425280)--Connection(1905800551)--Thread(Thread[AWT-EventQueue-0,6,main])--INSERT INTO PRODUCTO (ENORDEN, ID_ESPECIFICO, ESPECIFICACION) VALUES (?, ?, ?)
	bind => [false, null, GA4]
[EL Fine]: sql: 2014-10-09 10:12:55.518--ClientSession(343425280)--Connection(1905800551)--Thread(Thread[AWT-EventQueue-0,6,main])--CALL IDENTITY()
[EL Fine]: sql: 2014-10-09 10:12:55.519--ClientSession(343425280)--Connection(1905800551)--Thread(Thread[AWT-EventQueue-0,6,main])--INSERT INTO PRODUCTO (ENORDEN, ID_ESPECIFICO, ESPECIFICACION) VALUES (?, ?, ?)
	bind => [false, null, GA4]
[EL Fine]: sql: 2014-10-09 10:12:55.519--ClientSession(343425280)--Connection(1905800551)--Thread(Thread[AWT-EventQueue-0,6,main])--CALL IDENTITY()
[EL Fine]: sql: 2014-10-09 10:12:55.519--ClientSession(343425280)--Connection(1905800551)--Thread(Thread[AWT-EventQueue-0,6,main])--INSERT INTO PRODUCTO (ENORDEN, ID_ESPECIFICO, ESPECIFICACION) VALUES (?, ?, ?)
	bind => [false, null, GA4]
[EL Fine]: sql: 2014-10-09 10:12:55.52--ClientSession(343425280)--Connection(1905800551)--Thread(Thread[AWT-EventQueue-0,6,main])--CALL IDENTITY()
[EL Fine]: sql: 2014-10-09 10:12:55.52--ClientSession(343425280)--Connection(1905800551)--Thread(Thread[AWT-EventQueue-0,6,main])--INSERT INTO PRODUCTO (ENORDEN, ID_ESPECIFICO, ESPECIFICACION) VALUES (?, ?, ?)
	bind => [false, null, GA4]
[EL Fine]: sql: 2014-10-09 10:12:55.521--ClientSession(343425280)--Connection(1905800551)--Thread(Thread[AWT-EventQueue-0,6,main])--CALL IDENTITY()
[EL Fine]: sql: 2014-10-09 10:12:55.521--ClientSession(343425280)--Connection(1905800551)--Thread(Thread[AWT-EventQueue-0,6,main])--INSERT INTO PRODUCTO (ENORDEN, ID_ESPECIFICO, ESPECIFICACION) VALUES (?, ?, ?)
	bind => [false, null, GA4]
[EL Fine]: sql: 2014-10-09 10:12:55.522--ClientSession(343425280)--Connection(1905800551)--Thread(Thread[AWT-EventQueue-0,6,main])--CALL IDENTITY()
[EL Fine]: sql: 2014-10-09 10:12:55.522--ClientSession(343425280)--Connection(1905800551)--Thread(Thread[AWT-EventQueue-0,6,main])--INSERT INTO PRODUCTO (ENORDEN, ID_ESPECIFICO, ESPECIFICACION) VALUES (?, ?, ?)
	bind => [false, null, GA4]
[EL Fine]: sql: 2014-10-09 10:12:55.523--ClientSession(343425280)--Connection(1905800551)--Thread(Thread[AWT-EventQueue-0,6,main])--CALL IDENTITY()
[EL Fine]: sql: 2014-10-09 10:12:55.523--ClientSession(343425280)--Connection(1905800551)--Thread(Thread[AWT-EventQueue-0,6,main])--INSERT INTO PRODUCTO (ENORDEN, ID_ESPECIFICO, ESPECIFICACION) VALUES (?, ?, ?)
	bind => [false, null, GA4]
[EL Fine]: sql: 2014-10-09 10:12:55.524--ClientSession(343425280)--Connection(1905800551)--Thread(Thread[AWT-EventQueue-0,6,main])--CALL IDENTITY()
[EL Fine]: sql: 2014-10-09 10:12:55.524--ClientSession(343425280)--Connection(1905800551)--Thread(Thread[AWT-EventQueue-0,6,main])--INSERT INTO ESPECIFICACIONES (ESPPRID, VALOR, NOMBRE) VALUES (?, ?, ?)
	bind => [GA4, 130 g, Peso]
[EL Fine]: sql: 2014-10-09 10:12:55.525--ClientSession(343425280)--Connection(1905800551)--Thread(Thread[AWT-EventQueue-0,6,main])--INSERT INTO ESPECIFICACIONES (ESPPRID, VALOR, NOMBRE) VALUES (?, ?, ?)
	bind => [GA4, 4.99”, Pantalla]
[EL Fine]: sql: 2014-10-09 10:12:55.525--ClientSession(343425280)--Connection(1905800551)--Thread(Thread[AWT-EventQueue-0,6,main])--INSERT INTO ESPECIFICACIONES (ESPPRID, VALOR, NOMBRE) VALUES (?, ?, ?)
	bind => [GA4, 4.2.2, Versión de Android]
[EL Fine]: sql: 2014-10-09 10:12:55.525--ClientSession(343425280)--Connection(1905800551)--Thread(Thread[AWT-EventQueue-0,6,main])--INSERT INTO ESPECIFICACIONES (ESPPRID, VALOR, NOMBRE) VALUES (?, ?, ?)
	bind => [GA4, 136.6 x 69.8 x 7.9 mm, Dimensiones]
[EL Fine]: sql: 2014-10-09 10:12:55.526--ClientSession(343425280)--Connection(1905800551)--Thread(Thread[AWT-EventQueue-0,6,main])--INSERT INTO CATEGORIAESPECIFICACIONPROD (CAT_NAME, ESP_NROREF) VALUES (?, ?)
	bind => [Android, GA4]
[EL Fine]: sql: 2014-10-09 10:12:55.526--ClientSession(343425280)--Connection(1905800551)--Thread(Thread[AWT-EventQueue-0,6,main])--INSERT INTO CATEGORIAESPECIFICACIONPROD (CAT_NAME, ESP_NROREF) VALUES (?, ?)
	bind => [Galaxy S4, GA4]
[EL Fine]: sql: 2014-10-09 10:12:55.528--ServerSession(1989311583)--Connection(1905800551)--Thread(Thread[AWT-EventQueue-0,6,main])--SELECT NROREFERENCIA, DESCRIPCION, NOMBRE, PRECIO, PROVEEDOR_ID FROM ESPECIFICACIONPRODUCTO
[EL Fine]: sql: 2014-10-09 10:12:55.528--ServerSession(1989311583)--Connection(1905800551)--Thread(Thread[AWT-EventQueue-0,6,main])--SELECT NOMBRE, PADRE FROM CATEGORIA
[EL Fine]: sql: 2014-10-09 10:12:55.529--ServerSession(1989311583)--Connection(1905800551)--Thread(Thread[AWT-EventQueue-0,6,main])--SELECT NOMBRE, PADRE FROM CATEGORIA WHERE (NOMBRE = ?)
	bind => [Celulares]
[EL Fine]: sql: 2014-10-09 10:12:55.529--ServerSession(1989311583)--Connection(1905800551)--Thread(Thread[AWT-EventQueue-0,6,main])--SELECT t1.NROREFERENCIA, t1.DESCRIPCION, t1.NOMBRE, t1.PRECIO, t1.PROVEEDOR_ID, t0.ESP_NROREF FROM CATEGORIAESPECIFICACIONPROD t0, ESPECIFICACIONPRODUCTO t1 WHERE ((t0.CAT_NAME = ?) AND (t1.NROREFERENCIA = t0.ESP_NROREF))
	bind => [Celulares]
[EL Fine]: sql: 2014-10-09 10:12:55.53--ServerSession(1989311583)--Connection(1905800551)--Thread(Thread[AWT-EventQueue-0,6,main])--SELECT NOMBRE, PADRE FROM CATEGORIA WHERE (NOMBRE = ?)
	bind => [Sistemas Operativos]
[EL Fine]: sql: 2014-10-09 10:12:55.53--ServerSession(1989311583)--Connection(1905800551)--Thread(Thread[AWT-EventQueue-0,6,main])--SELECT t1.NROREFERENCIA, t1.DESCRIPCION, t1.NOMBRE, t1.PRECIO, t1.PROVEEDOR_ID, t0.ESP_NROREF FROM CATEGORIAESPECIFICACIONPROD t0, ESPECIFICACIONPRODUCTO t1 WHERE ((t0.CAT_NAME = ?) AND (t1.NROREFERENCIA = t0.ESP_NROREF))
	bind => [Sistemas Operativos]
[EL Fine]: sql: 2014-10-09 10:12:55.53--ServerSession(1989311583)--Connection(1905800551)--Thread(Thread[AWT-EventQueue-0,6,main])--SELECT NOMBRE, PADRE FROM CATEGORIA WHERE (NOMBRE = ?)
	bind => [iOS]
[EL Fine]: sql: 2014-10-09 10:12:55.531--ServerSession(1989311583)--Connection(1905800551)--Thread(Thread[AWT-EventQueue-0,6,main])--SELECT t1.NROREFERENCIA, t1.DESCRIPCION, t1.NOMBRE, t1.PRECIO, t1.PROVEEDOR_ID, t0.ESP_NROREF FROM CATEGORIAESPECIFICACIONPROD t0, ESPECIFICACIONPRODUCTO t1 WHERE ((t0.CAT_NAME = ?) AND (t1.NROREFERENCIA = t0.ESP_NROREF))
	bind => [iOS]
[EL Fine]: sql: 2014-10-09 10:12:55.531--ServerSession(1989311583)--Connection(1905800551)--Thread(Thread[AWT-EventQueue-0,6,main])--SELECT t1.NOMBRE, t1.PADRE FROM CATEGORIAESPECIFICACIONPROD t0, CATEGORIA t1 WHERE ((t0.ESP_NROREF = ?) AND (t1.NOMBRE = t0.CAT_NAME))
	bind => [IPH5]
[EL Fine]: sql: 2014-10-09 10:12:55.531--ServerSession(1989311583)--Connection(1905800551)--Thread(Thread[AWT-EventQueue-0,6,main])--SELECT ID, ENORDEN, ID_ESPECIFICO, ESPECIFICACION FROM PRODUCTO WHERE (ESPECIFICACION = ?)
	bind => [IPH5]
[EL Fine]: sql: 2014-10-09 10:12:55.532--ServerSession(1989311583)--Connection(1905800551)--Thread(Thread[AWT-EventQueue-0,6,main])--SELECT t1.NOMBRE, t1.PADRE FROM CATEGORIAESPECIFICACIONPROD t0, CATEGORIA t1 WHERE ((t0.ESP_NROREF = ?) AND (t1.NOMBRE = t0.CAT_NAME))
	bind => [IPH4]
[EL Fine]: sql: 2014-10-09 10:12:55.532--ServerSession(1989311583)--Connection(1905800551)--Thread(Thread[AWT-EventQueue-0,6,main])--SELECT ID, ENORDEN, ID_ESPECIFICO, ESPECIFICACION FROM PRODUCTO WHERE (ESPECIFICACION = ?)
	bind => [IPH4]
[EL Fine]: sql: 2014-10-09 10:12:55.533--ServerSession(1989311583)--Connection(1905800551)--Thread(Thread[AWT-EventQueue-0,6,main])--SELECT NOMBRE, PADRE FROM CATEGORIA WHERE (NOMBRE = ?)
	bind => [Android]
[EL Fine]: sql: 2014-10-09 10:12:55.535--ServerSession(1989311583)--Connection(1905800551)--Thread(Thread[AWT-EventQueue-0,6,main])--SELECT t1.NROREFERENCIA, t1.DESCRIPCION, t1.NOMBRE, t1.PRECIO, t1.PROVEEDOR_ID, t0.ESP_NROREF FROM CATEGORIAESPECIFICACIONPROD t0, ESPECIFICACIONPRODUCTO t1 WHERE ((t0.CAT_NAME = ?) AND (t1.NROREFERENCIA = t0.ESP_NROREF))
	bind => [Android]
[EL Fine]: sql: 2014-10-09 10:12:55.536--ServerSession(1989311583)--Connection(1905800551)--Thread(Thread[AWT-EventQueue-0,6,main])--SELECT t1.NOMBRE, t1.PADRE FROM CATEGORIAESPECIFICACIONPROD t0, CATEGORIA t1 WHERE ((t0.ESP_NROREF = ?) AND (t1.NOMBRE = t0.CAT_NAME))
	bind => [NEX4]
[EL Fine]: sql: 2014-10-09 10:12:55.536--ServerSession(1989311583)--Connection(1905800551)--Thread(Thread[AWT-EventQueue-0,6,main])--SELECT ID, ENORDEN, ID_ESPECIFICO, ESPECIFICACION FROM PRODUCTO WHERE (ESPECIFICACION = ?)
	bind => [NEX4]
[EL Fine]: sql: 2014-10-09 10:12:55.537--ServerSession(1989311583)--Connection(1905800551)--Thread(Thread[AWT-EventQueue-0,6,main])--SELECT t1.NOMBRE, t1.PADRE FROM CATEGORIAESPECIFICACIONPROD t0, CATEGORIA t1 WHERE ((t0.ESP_NROREF = ?) AND (t1.NOMBRE = t0.CAT_NAME))
	bind => [GA3]
[EL Fine]: sql: 2014-10-09 10:12:55.537--ServerSession(1989311583)--Connection(1905800551)--Thread(Thread[AWT-EventQueue-0,6,main])--SELECT ID, ENORDEN, ID_ESPECIFICO, ESPECIFICACION FROM PRODUCTO WHERE (ESPECIFICACION = ?)
	bind => [GA3]
[EL Fine]: sql: 2014-10-09 10:12:55.537--ServerSession(1989311583)--Connection(1905800551)--Thread(Thread[AWT-EventQueue-0,6,main])--SELECT t1.NOMBRE, t1.PADRE FROM CATEGORIAESPECIFICACIONPROD t0, CATEGORIA t1 WHERE ((t0.ESP_NROREF = ?) AND (t1.NOMBRE = t0.CAT_NAME))
	bind => [GA4]
[EL Fine]: sql: 2014-10-09 10:12:55.538--ServerSession(1989311583)--Connection(1905800551)--Thread(Thread[AWT-EventQueue-0,6,main])--SELECT ID, ENORDEN, ID_ESPECIFICO, ESPECIFICACION FROM PRODUCTO WHERE (ESPECIFICACION = ?)
	bind => [GA4]
[EL Fine]: sql: 2014-10-09 10:12:55.542--ServerSession(1989311583)--Connection(1905800551)--Thread(Thread[AWT-EventQueue-0,6,main])--SELECT NOMBRE, PADRE FROM CATEGORIA WHERE (NOMBRE = ?)
	bind => [Windows Phone]
[EL Fine]: sql: 2014-10-09 10:12:55.543--ServerSession(1989311583)--Connection(1905800551)--Thread(Thread[AWT-EventQueue-0,6,main])--SELECT t1.NROREFERENCIA, t1.DESCRIPCION, t1.NOMBRE, t1.PRECIO, t1.PROVEEDOR_ID, t0.ESP_NROREF FROM CATEGORIAESPECIFICACIONPROD t0, ESPECIFICACIONPRODUCTO t1 WHERE ((t0.CAT_NAME = ?) AND (t1.NROREFERENCIA = t0.ESP_NROREF))
	bind => [Windows Phone]
[EL Fine]: sql: 2014-10-09 10:12:55.543--ServerSession(1989311583)--Connection(1905800551)--Thread(Thread[AWT-EventQueue-0,6,main])--SELECT NOMBRE, PADRE FROM CATEGORIA WHERE (NOMBRE = ?)
	bind => [Symbian]
[EL Fine]: sql: 2014-10-09 10:12:55.546--ServerSession(1989311583)--Connection(1905800551)--Thread(Thread[AWT-EventQueue-0,6,main])--SELECT t1.NROREFERENCIA, t1.DESCRIPCION, t1.NOMBRE, t1.PRECIO, t1.PROVEEDOR_ID, t0.ESP_NROREF FROM CATEGORIAESPECIFICACIONPROD t0, ESPECIFICACIONPRODUCTO t1 WHERE ((t0.CAT_NAME = ?) AND (t1.NROREFERENCIA = t0.ESP_NROREF))
	bind => [Symbian]
[EL Fine]: sql: 2014-10-09 10:12:55.546--ServerSession(1989311583)--Connection(1905800551)--Thread(Thread[AWT-EventQueue-0,6,main])--SELECT NOMBRE, PADRE FROM CATEGORIA WHERE (NOMBRE = ?)
	bind => [Blackberry OS]
[EL Fine]: sql: 2014-10-09 10:12:55.547--ServerSession(1989311583)--Connection(1905800551)--Thread(Thread[AWT-EventQueue-0,6,main])--SELECT t1.NROREFERENCIA, t1.DESCRIPCION, t1.NOMBRE, t1.PRECIO, t1.PROVEEDOR_ID, t0.ESP_NROREF FROM CATEGORIAESPECIFICACIONPROD t0, ESPECIFICACIONPRODUCTO t1 WHERE ((t0.CAT_NAME = ?) AND (t1.NROREFERENCIA = t0.ESP_NROREF))
	bind => [Blackberry OS]
[EL Fine]: sql: 2014-10-09 10:12:55.547--ServerSession(1989311583)--Connection(1905800551)--Thread(Thread[AWT-EventQueue-0,6,main])--SELECT NOMBRE, PADRE FROM CATEGORIA WHERE (NOMBRE = ?)
	bind => [Equipos]
[EL Fine]: sql: 2014-10-09 10:12:55.548--ServerSession(1989311583)--Connection(1905800551)--Thread(Thread[AWT-EventQueue-0,6,main])--SELECT t1.NROREFERENCIA, t1.DESCRIPCION, t1.NOMBRE, t1.PRECIO, t1.PROVEEDOR_ID, t0.ESP_NROREF FROM CATEGORIAESPECIFICACIONPROD t0, ESPECIFICACIONPRODUCTO t1 WHERE ((t0.CAT_NAME = ?) AND (t1.NROREFERENCIA = t0.ESP_NROREF))
	bind => [Equipos]
[EL Fine]: sql: 2014-10-09 10:12:55.548--ServerSession(1989311583)--Connection(1905800551)--Thread(Thread[AWT-EventQueue-0,6,main])--SELECT NOMBRE, PADRE FROM CATEGORIA WHERE (NOMBRE = ?)
	bind => [iPhone]
[EL Fine]: sql: 2014-10-09 10:12:55.549--ServerSession(1989311583)--Connection(1905800551)--Thread(Thread[AWT-EventQueue-0,6,main])--SELECT t1.NROREFERENCIA, t1.DESCRIPCION, t1.NOMBRE, t1.PRECIO, t1.PROVEEDOR_ID, t0.ESP_NROREF FROM CATEGORIAESPECIFICACIONPROD t0, ESPECIFICACIONPRODUCTO t1 WHERE ((t0.CAT_NAME = ?) AND (t1.NROREFERENCIA = t0.ESP_NROREF))
	bind => [iPhone]
[EL Fine]: sql: 2014-10-09 10:12:55.549--ServerSession(1989311583)--Connection(1905800551)--Thread(Thread[AWT-EventQueue-0,6,main])--SELECT t1.NOMBRE, t1.PADRE FROM CATEGORIAESPECIFICACIONPROD t0, CATEGORIA t1 WHERE ((t0.ESP_NROREF = ?) AND (t1.NOMBRE = t0.CAT_NAME))
	bind => [IPH5]
[EL Fine]: sql: 2014-10-09 10:12:55.55--ServerSession(1989311583)--Connection(1905800551)--Thread(Thread[AWT-EventQueue-0,6,main])--SELECT ID, ENORDEN, ID_ESPECIFICO, ESPECIFICACION FROM PRODUCTO WHERE (ESPECIFICACION = ?)
	bind => [IPH5]
[EL Fine]: sql: 2014-10-09 10:12:55.551--ServerSession(1989311583)--Connection(1905800551)--Thread(Thread[AWT-EventQueue-0,6,main])--SELECT t1.NOMBRE, t1.PADRE FROM CATEGORIAESPECIFICACIONPROD t0, CATEGORIA t1 WHERE ((t0.ESP_NROREF = ?) AND (t1.NOMBRE = t0.CAT_NAME))
	bind => [IPH4]
[EL Fine]: sql: 2014-10-09 10:12:55.552--ServerSession(1989311583)--Connection(1905800551)--Thread(Thread[AWT-EventQueue-0,6,main])--SELECT ID, ENORDEN, ID_ESPECIFICO, ESPECIFICACION FROM PRODUCTO WHERE (ESPECIFICACION = ?)
	bind => [IPH4]
[EL Fine]: sql: 2014-10-09 10:12:55.553--ServerSession(1989311583)--Connection(1905800551)--Thread(Thread[AWT-EventQueue-0,6,main])--SELECT NOMBRE, PADRE FROM CATEGORIA WHERE (NOMBRE = ?)
	bind => [Nexus]
[EL Fine]: sql: 2014-10-09 10:12:55.554--ServerSession(1989311583)--Connection(1905800551)--Thread(Thread[AWT-EventQueue-0,6,main])--SELECT t1.NROREFERENCIA, t1.DESCRIPCION, t1.NOMBRE, t1.PRECIO, t1.PROVEEDOR_ID, t0.ESP_NROREF FROM CATEGORIAESPECIFICACIONPROD t0, ESPECIFICACIONPRODUCTO t1 WHERE ((t0.CAT_NAME = ?) AND (t1.NROREFERENCIA = t0.ESP_NROREF))
	bind => [Nexus]
[EL Fine]: sql: 2014-10-09 10:12:55.554--ServerSession(1989311583)--Connection(1905800551)--Thread(Thread[AWT-EventQueue-0,6,main])--SELECT t1.NOMBRE, t1.PADRE FROM CATEGORIAESPECIFICACIONPROD t0, CATEGORIA t1 WHERE ((t0.ESP_NROREF = ?) AND (t1.NOMBRE = t0.CAT_NAME))
	bind => [NEX4]
[EL Fine]: sql: 2014-10-09 10:12:55.555--ServerSession(1989311583)--Connection(1905800551)--Thread(Thread[AWT-EventQueue-0,6,main])--SELECT ID, ENORDEN, ID_ESPECIFICO, ESPECIFICACION FROM PRODUCTO WHERE (ESPECIFICACION = ?)
	bind => [NEX4]
[EL Fine]: sql: 2014-10-09 10:12:55.556--ServerSession(1989311583)--Connection(1905800551)--Thread(Thread[AWT-EventQueue-0,6,main])--SELECT NOMBRE, PADRE FROM CATEGORIA WHERE (NOMBRE = ?)
	bind => [Samsung]
[EL Fine]: sql: 2014-10-09 10:12:55.557--ServerSession(1989311583)--Connection(1905800551)--Thread(Thread[AWT-EventQueue-0,6,main])--SELECT t1.NROREFERENCIA, t1.DESCRIPCION, t1.NOMBRE, t1.PRECIO, t1.PROVEEDOR_ID, t0.ESP_NROREF FROM CATEGORIAESPECIFICACIONPROD t0, ESPECIFICACIONPRODUCTO t1 WHERE ((t0.CAT_NAME = ?) AND (t1.NROREFERENCIA = t0.ESP_NROREF))
	bind => [Samsung]
[EL Fine]: sql: 2014-10-09 10:12:55.557--ServerSession(1989311583)--Connection(1905800551)--Thread(Thread[AWT-EventQueue-0,6,main])--SELECT NOMBRE, PADRE FROM CATEGORIA WHERE (NOMBRE = ?)
	bind => [Galaxy S3]
[EL Fine]: sql: 2014-10-09 10:12:55.558--ServerSession(1989311583)--Connection(1905800551)--Thread(Thread[AWT-EventQueue-0,6,main])--SELECT t1.NROREFERENCIA, t1.DESCRIPCION, t1.NOMBRE, t1.PRECIO, t1.PROVEEDOR_ID, t0.ESP_NROREF FROM CATEGORIAESPECIFICACIONPROD t0, ESPECIFICACIONPRODUCTO t1 WHERE ((t0.CAT_NAME = ?) AND (t1.NROREFERENCIA = t0.ESP_NROREF))
	bind => [Galaxy S3]
[EL Fine]: sql: 2014-10-09 10:12:55.558--ServerSession(1989311583)--Connection(1905800551)--Thread(Thread[AWT-EventQueue-0,6,main])--SELECT t1.NOMBRE, t1.PADRE FROM CATEGORIAESPECIFICACIONPROD t0, CATEGORIA t1 WHERE ((t0.ESP_NROREF = ?) AND (t1.NOMBRE = t0.CAT_NAME))
	bind => [GA3]
[EL Fine]: sql: 2014-10-09 10:12:55.559--ServerSession(1989311583)--Connection(1905800551)--Thread(Thread[AWT-EventQueue-0,6,main])--SELECT ID, ENORDEN, ID_ESPECIFICO, ESPECIFICACION FROM PRODUCTO WHERE (ESPECIFICACION = ?)
	bind => [GA3]
[EL Fine]: sql: 2014-10-09 10:12:55.561--ServerSession(1989311583)--Connection(1905800551)--Thread(Thread[AWT-EventQueue-0,6,main])--SELECT NOMBRE, PADRE FROM CATEGORIA WHERE (NOMBRE = ?)
	bind => [Galaxy S4]
[EL Fine]: sql: 2014-10-09 10:12:55.562--ServerSession(1989311583)--Connection(1905800551)--Thread(Thread[AWT-EventQueue-0,6,main])--SELECT t1.NROREFERENCIA, t1.DESCRIPCION, t1.NOMBRE, t1.PRECIO, t1.PROVEEDOR_ID, t0.ESP_NROREF FROM CATEGORIAESPECIFICACIONPROD t0, ESPECIFICACIONPRODUCTO t1 WHERE ((t0.CAT_NAME = ?) AND (t1.NROREFERENCIA = t0.ESP_NROREF))
	bind => [Galaxy S4]
[EL Fine]: sql: 2014-10-09 10:12:55.562--ServerSession(1989311583)--Connection(1905800551)--Thread(Thread[AWT-EventQueue-0,6,main])--SELECT t1.NOMBRE, t1.PADRE FROM CATEGORIAESPECIFICACIONPROD t0, CATEGORIA t1 WHERE ((t0.ESP_NROREF = ?) AND (t1.NOMBRE = t0.CAT_NAME))
	bind => [GA4]
[EL Fine]: sql: 2014-10-09 10:12:55.563--ServerSession(1989311583)--Connection(1905800551)--Thread(Thread[AWT-EventQueue-0,6,main])--SELECT ID, ENORDEN, ID_ESPECIFICO, ESPECIFICACION FROM PRODUCTO WHERE (ESPECIFICACION = ?)
	bind => [GA4]
[EL Fine]: sql: 2014-10-09 10:12:55.565--ServerSession(1989311583)--Connection(1905800551)--Thread(Thread[AWT-EventQueue-0,6,main])--SELECT NOMBRE, PADRE FROM CATEGORIA WHERE (NOMBRE = ?)
	bind => [Galaxy Ace]
[EL Fine]: sql: 2014-10-09 10:12:55.566--ServerSession(1989311583)--Connection(1905800551)--Thread(Thread[AWT-EventQueue-0,6,main])--SELECT t1.NROREFERENCIA, t1.DESCRIPCION, t1.NOMBRE, t1.PRECIO, t1.PROVEEDOR_ID, t0.ESP_NROREF FROM CATEGORIAESPECIFICACIONPROD t0, ESPECIFICACIONPRODUCTO t1 WHERE ((t0.CAT_NAME = ?) AND (t1.NROREFERENCIA = t0.ESP_NROREF))
	bind => [Galaxy Ace]
[EL Fine]: sql: 2014-10-09 10:12:55.568--ServerSession(1989311583)--Connection(1905800551)--Thread(Thread[AWT-EventQueue-0,6,main])--SELECT NOMBRE, PADRE FROM CATEGORIA WHERE (NOMBRE = ?)
	bind => [Blackberry]
[EL Fine]: sql: 2014-10-09 10:12:55.569--ServerSession(1989311583)--Connection(1905800551)--Thread(Thread[AWT-EventQueue-0,6,main])--SELECT t1.NROREFERENCIA, t1.DESCRIPCION, t1.NOMBRE, t1.PRECIO, t1.PROVEEDOR_ID, t0.ESP_NROREF FROM CATEGORIAESPECIFICACIONPROD t0, ESPECIFICACIONPRODUCTO t1 WHERE ((t0.CAT_NAME = ?) AND (t1.NROREFERENCIA = t0.ESP_NROREF))
	bind => [Blackberry]
[EL Fine]: sql: 2014-10-09 10:12:55.569--ServerSession(1989311583)--Connection(1905800551)--Thread(Thread[AWT-EventQueue-0,6,main])--SELECT NOMBRE, PADRE FROM CATEGORIA WHERE (NOMBRE = ?)
	bind => [Nokia]
[EL Fine]: sql: 2014-10-09 10:12:55.57--ServerSession(1989311583)--Connection(1905800551)--Thread(Thread[AWT-EventQueue-0,6,main])--SELECT t1.NROREFERENCIA, t1.DESCRIPCION, t1.NOMBRE, t1.PRECIO, t1.PROVEEDOR_ID, t0.ESP_NROREF FROM CATEGORIAESPECIFICACIONPROD t0, ESPECIFICACIONPRODUCTO t1 WHERE ((t0.CAT_NAME = ?) AND (t1.NROREFERENCIA = t0.ESP_NROREF))
	bind => [Nokia]
[EL Fine]: sql: 2014-10-09 10:12:55.57--ServerSession(1989311583)--Connection(1905800551)--Thread(Thread[AWT-EventQueue-0,6,main])--SELECT NOMBRE, PADRE FROM CATEGORIA WHERE (NOMBRE = ?)
	bind => [Accesorios]
[EL Fine]: sql: 2014-10-09 10:12:55.571--ServerSession(1989311583)--Connection(1905800551)--Thread(Thread[AWT-EventQueue-0,6,main])--SELECT t1.NROREFERENCIA, t1.DESCRIPCION, t1.NOMBRE, t1.PRECIO, t1.PROVEEDOR_ID, t0.ESP_NROREF FROM CATEGORIAESPECIFICACIONPROD t0, ESPECIFICACIONPRODUCTO t1 WHERE ((t0.CAT_NAME = ?) AND (t1.NROREFERENCIA = t0.ESP_NROREF))
	bind => [Accesorios]
[EL Fine]: sql: 2014-10-09 10:12:55.571--ServerSession(1989311583)--Connection(1905800551)--Thread(Thread[AWT-EventQueue-0,6,main])--SELECT NOMBRE, PADRE FROM CATEGORIA WHERE (NOMBRE = ?)
	bind => [Protectores]
[EL Fine]: sql: 2014-10-09 10:12:55.571--ServerSession(1989311583)--Connection(1905800551)--Thread(Thread[AWT-EventQueue-0,6,main])--SELECT t1.NROREFERENCIA, t1.DESCRIPCION, t1.NOMBRE, t1.PRECIO, t1.PROVEEDOR_ID, t0.ESP_NROREF FROM CATEGORIAESPECIFICACIONPROD t0, ESPECIFICACIONPRODUCTO t1 WHERE ((t0.CAT_NAME = ?) AND (t1.NROREFERENCIA = t0.ESP_NROREF))
	bind => [Protectores]
[EL Fine]: sql: 2014-10-09 10:12:55.572--ServerSession(1989311583)--Connection(1905800551)--Thread(Thread[AWT-EventQueue-0,6,main])--SELECT NOMBRE, PADRE FROM CATEGORIA WHERE (NOMBRE = ?)
	bind => [Baterías]
[EL Fine]: sql: 2014-10-09 10:12:55.572--ServerSession(1989311583)--Connection(1905800551)--Thread(Thread[AWT-EventQueue-0,6,main])--SELECT t1.NROREFERENCIA, t1.DESCRIPCION, t1.NOMBRE, t1.PRECIO, t1.PROVEEDOR_ID, t0.ESP_NROREF FROM CATEGORIAESPECIFICACIONPROD t0, ESPECIFICACIONPRODUCTO t1 WHERE ((t0.CAT_NAME = ?) AND (t1.NROREFERENCIA = t0.ESP_NROREF))
	bind => [Baterías]
[EL Fine]: sql: 2014-10-09 10:12:55.573--ServerSession(1989311583)--Connection(1905800551)--Thread(Thread[AWT-EventQueue-0,6,main])--SELECT NOMBRE, PADRE FROM CATEGORIA WHERE (NOMBRE = ?)
	bind => [Apple]
[EL Fine]: sql: 2014-10-09 10:12:55.574--ServerSession(1989311583)--Connection(1905800551)--Thread(Thread[AWT-EventQueue-0,6,main])--SELECT t1.NROREFERENCIA, t1.DESCRIPCION, t1.NOMBRE, t1.PRECIO, t1.PROVEEDOR_ID, t0.ESP_NROREF FROM CATEGORIAESPECIFICACIONPROD t0, ESPECIFICACIONPRODUCTO t1 WHERE ((t0.CAT_NAME = ?) AND (t1.NROREFERENCIA = t0.ESP_NROREF))
	bind => [Apple]
[EL Fine]: sql: 2014-10-09 10:12:55.574--ServerSession(1989311583)--Connection(1905800551)--Thread(Thread[AWT-EventQueue-0,6,main])--SELECT t1.NOMBRE, t1.PADRE FROM CATEGORIAESPECIFICACIONPROD t0, CATEGORIA t1 WHERE ((t0.ESP_NROREF = ?) AND (t1.NOMBRE = t0.CAT_NAME))
	bind => [IPH5]
[EL Fine]: sql: 2014-10-09 10:12:55.574--ServerSession(1989311583)--Connection(1905800551)--Thread(Thread[AWT-EventQueue-0,6,main])--SELECT ID, ENORDEN, ID_ESPECIFICO, ESPECIFICACION FROM PRODUCTO WHERE (ESPECIFICACION = ?)
	bind => [IPH5]
[EL Fine]: sql: 2014-10-09 10:12:55.575--ServerSession(1989311583)--Connection(1905800551)--Thread(Thread[AWT-EventQueue-0,6,main])--SELECT t1.NOMBRE, t1.PADRE FROM CATEGORIAESPECIFICACIONPROD t0, CATEGORIA t1 WHERE ((t0.ESP_NROREF = ?) AND (t1.NOMBRE = t0.CAT_NAME))
	bind => [IPH4]
[EL Fine]: sql: 2014-10-09 10:12:55.592--ServerSession(1989311583)--Connection(1905800551)--Thread(Thread[AWT-EventQueue-0,6,main])--SELECT ID, ENORDEN, ID_ESPECIFICO, ESPECIFICACION FROM PRODUCTO WHERE (ESPECIFICACION = ?)
	bind => [IPH4]
[EL Fine]: sql: 2014-10-09 10:12:55.593--ServerSession(1989311583)--Connection(1905800551)--Thread(Thread[AWT-EventQueue-0,6,main])--SELECT NOMBRE, PADRE FROM CATEGORIA WHERE (NOMBRE = ?)
	bind => [Videojuegos]
[EL Fine]: sql: 2014-10-09 10:12:55.594--ServerSession(1989311583)--Connection(1905800551)--Thread(Thread[AWT-EventQueue-0,6,main])--SELECT t1.NROREFERENCIA, t1.DESCRIPCION, t1.NOMBRE, t1.PRECIO, t1.PROVEEDOR_ID, t0.ESP_NROREF FROM CATEGORIAESPECIFICACIONPROD t0, ESPECIFICACIONPRODUCTO t1 WHERE ((t0.CAT_NAME = ?) AND (t1.NROREFERENCIA = t0.ESP_NROREF))
	bind => [Videojuegos]
[EL Fine]: sql: 2014-10-09 10:12:55.595--ServerSession(1989311583)--Connection(1905800551)--Thread(Thread[AWT-EventQueue-0,6,main])--SELECT NOMBRE, PADRE FROM CATEGORIA WHERE (NOMBRE = ?)
	bind => [Playstation]
[EL Fine]: sql: 2014-10-09 10:12:55.595--ServerSession(1989311583)--Connection(1905800551)--Thread(Thread[AWT-EventQueue-0,6,main])--SELECT t1.NROREFERENCIA, t1.DESCRIPCION, t1.NOMBRE, t1.PRECIO, t1.PROVEEDOR_ID, t0.ESP_NROREF FROM CATEGORIAESPECIFICACIONPROD t0, ESPECIFICACIONPRODUCTO t1 WHERE ((t0.CAT_NAME = ?) AND (t1.NROREFERENCIA = t0.ESP_NROREF))
	bind => [Playstation]
[EL Fine]: sql: 2014-10-09 10:12:55.596--ServerSession(1989311583)--Connection(1905800551)--Thread(Thread[AWT-EventQueue-0,6,main])--SELECT NOMBRE, PADRE FROM CATEGORIA WHERE (NOMBRE = ?)
	bind => [Xbox]
[EL Fine]: sql: 2014-10-09 10:12:55.596--ServerSession(1989311583)--Connection(1905800551)--Thread(Thread[AWT-EventQueue-0,6,main])--SELECT t1.NROREFERENCIA, t1.DESCRIPCION, t1.NOMBRE, t1.PRECIO, t1.PROVEEDOR_ID, t0.ESP_NROREF FROM CATEGORIAESPECIFICACIONPROD t0, ESPECIFICACIONPRODUCTO t1 WHERE ((t0.CAT_NAME = ?) AND (t1.NROREFERENCIA = t0.ESP_NROREF))
	bind => [Xbox]
[EL Fine]: sql: 2014-10-09 10:12:55.597--ServerSession(1989311583)--Connection(1905800551)--Thread(Thread[AWT-EventQueue-0,6,main])--SELECT NOMBRE, PADRE FROM CATEGORIA
[EL Fine]: sql: 2014-10-09 10:12:55.598--ServerSession(1989311583)--Connection(1905800551)--Thread(Thread[AWT-EventQueue-0,6,main])--SELECT NOMBRE, PADRE FROM CATEGORIA
[EL Fine]: sql: 2014-10-09 10:12:55.598--ServerSession(1989311583)--Connection(1905800551)--Thread(Thread[AWT-EventQueue-0,6,main])--SELECT NOMBRE, PADRE FROM CATEGORIA WHERE (NOMBRE = ?)
	bind => [Celulares]
[EL Fine]: sql: 2014-10-09 10:12:55.599--ServerSession(1989311583)--Connection(1905800551)--Thread(Thread[AWT-EventQueue-0,6,main])--SELECT t1.NROREFERENCIA, t1.DESCRIPCION, t1.NOMBRE, t1.PRECIO, t1.PROVEEDOR_ID, t0.ESP_NROREF FROM CATEGORIAESPECIFICACIONPROD t0, ESPECIFICACIONPRODUCTO t1 WHERE ((t0.CAT_NAME = ?) AND (t1.NROREFERENCIA = t0.ESP_NROREF))
	bind => [Celulares]
[EL Fine]: sql: 2014-10-09 10:12:55.599--ServerSession(1989311583)--Connection(1905800551)--Thread(Thread[AWT-EventQueue-0,6,main])--SELECT NOMBRE, PADRE FROM CATEGORIA WHERE (NOMBRE = ?)
	bind => [Sistemas Operativos]
[EL Fine]: sql: 2014-10-09 10:12:55.6--ServerSession(1989311583)--Connection(1905800551)--Thread(Thread[AWT-EventQueue-0,6,main])--SELECT t1.NROREFERENCIA, t1.DESCRIPCION, t1.NOMBRE, t1.PRECIO, t1.PROVEEDOR_ID, t0.ESP_NROREF FROM CATEGORIAESPECIFICACIONPROD t0, ESPECIFICACIONPRODUCTO t1 WHERE ((t0.CAT_NAME = ?) AND (t1.NROREFERENCIA = t0.ESP_NROREF))
	bind => [Sistemas Operativos]
[EL Fine]: sql: 2014-10-09 10:12:55.6--ServerSession(1989311583)--Connection(1905800551)--Thread(Thread[AWT-EventQueue-0,6,main])--SELECT NOMBRE, PADRE FROM CATEGORIA WHERE (NOMBRE = ?)
	bind => [iOS]
[EL Fine]: sql: 2014-10-09 10:12:55.601--ServerSession(1989311583)--Connection(1905800551)--Thread(Thread[AWT-EventQueue-0,6,main])--SELECT t1.NROREFERENCIA, t1.DESCRIPCION, t1.NOMBRE, t1.PRECIO, t1.PROVEEDOR_ID, t0.ESP_NROREF FROM CATEGORIAESPECIFICACIONPROD t0, ESPECIFICACIONPRODUCTO t1 WHERE ((t0.CAT_NAME = ?) AND (t1.NROREFERENCIA = t0.ESP_NROREF))
	bind => [iOS]
[EL Fine]: sql: 2014-10-09 10:12:55.602--ServerSession(1989311583)--Connection(1905800551)--Thread(Thread[AWT-EventQueue-0,6,main])--SELECT t1.NOMBRE, t1.PADRE FROM CATEGORIAESPECIFICACIONPROD t0, CATEGORIA t1 WHERE ((t0.ESP_NROREF = ?) AND (t1.NOMBRE = t0.CAT_NAME))
	bind => [IPH5]
[EL Fine]: sql: 2014-10-09 10:12:55.636--ServerSession(1989311583)--Connection(1905800551)--Thread(Thread[AWT-EventQueue-0,6,main])--SELECT ID, ENORDEN, ID_ESPECIFICO, ESPECIFICACION FROM PRODUCTO WHERE (ESPECIFICACION = ?)
	bind => [IPH5]
[EL Fine]: sql: 2014-10-09 10:12:55.637--ServerSession(1989311583)--Connection(1905800551)--Thread(Thread[AWT-EventQueue-0,6,main])--SELECT t1.NOMBRE, t1.PADRE FROM CATEGORIAESPECIFICACIONPROD t0, CATEGORIA t1 WHERE ((t0.ESP_NROREF = ?) AND (t1.NOMBRE = t0.CAT_NAME))
	bind => [IPH4]
[EL Fine]: sql: 2014-10-09 10:12:55.637--ServerSession(1989311583)--Connection(1905800551)--Thread(Thread[AWT-EventQueue-0,6,main])--SELECT ID, ENORDEN, ID_ESPECIFICO, ESPECIFICACION FROM PRODUCTO WHERE (ESPECIFICACION = ?)
	bind => [IPH4]
[EL Fine]: sql: 2014-10-09 10:12:55.638--ServerSession(1989311583)--Connection(1905800551)--Thread(Thread[AWT-EventQueue-0,6,main])--SELECT NOMBRE, PADRE FROM CATEGORIA WHERE (NOMBRE = ?)
	bind => [Android]
[EL Fine]: sql: 2014-10-09 10:12:55.639--ServerSession(1989311583)--Connection(1905800551)--Thread(Thread[AWT-EventQueue-0,6,main])--SELECT t1.NROREFERENCIA, t1.DESCRIPCION, t1.NOMBRE, t1.PRECIO, t1.PROVEEDOR_ID, t0.ESP_NROREF FROM CATEGORIAESPECIFICACIONPROD t0, ESPECIFICACIONPRODUCTO t1 WHERE ((t0.CAT_NAME = ?) AND (t1.NROREFERENCIA = t0.ESP_NROREF))
	bind => [Android]
[EL Fine]: sql: 2014-10-09 10:12:55.639--ServerSession(1989311583)--Connection(1905800551)--Thread(Thread[AWT-EventQueue-0,6,main])--SELECT t1.NOMBRE, t1.PADRE FROM CATEGORIAESPECIFICACIONPROD t0, CATEGORIA t1 WHERE ((t0.ESP_NROREF = ?) AND (t1.NOMBRE = t0.CAT_NAME))
	bind => [NEX4]
[EL Fine]: sql: 2014-10-09 10:12:55.644--ServerSession(1989311583)--Connection(1905800551)--Thread(Thread[AWT-EventQueue-0,6,main])--SELECT ID, ENORDEN, ID_ESPECIFICO, ESPECIFICACION FROM PRODUCTO WHERE (ESPECIFICACION = ?)
	bind => [NEX4]
[EL Fine]: sql: 2014-10-09 10:12:55.645--ServerSession(1989311583)--Connection(1905800551)--Thread(Thread[AWT-EventQueue-0,6,main])--SELECT t1.NOMBRE, t1.PADRE FROM CATEGORIAESPECIFICACIONPROD t0, CATEGORIA t1 WHERE ((t0.ESP_NROREF = ?) AND (t1.NOMBRE = t0.CAT_NAME))
	bind => [GA3]
[EL Fine]: sql: 2014-10-09 10:12:55.645--ServerSession(1989311583)--Connection(1905800551)--Thread(Thread[AWT-EventQueue-0,6,main])--SELECT ID, ENORDEN, ID_ESPECIFICO, ESPECIFICACION FROM PRODUCTO WHERE (ESPECIFICACION = ?)
	bind => [GA3]
[EL Fine]: sql: 2014-10-09 10:12:55.646--ServerSession(1989311583)--Connection(1905800551)--Thread(Thread[AWT-EventQueue-0,6,main])--SELECT t1.NOMBRE, t1.PADRE FROM CATEGORIAESPECIFICACIONPROD t0, CATEGORIA t1 WHERE ((t0.ESP_NROREF = ?) AND (t1.NOMBRE = t0.CAT_NAME))
	bind => [GA4]
[EL Fine]: sql: 2014-10-09 10:12:55.646--ServerSession(1989311583)--Connection(1905800551)--Thread(Thread[AWT-EventQueue-0,6,main])--SELECT ID, ENORDEN, ID_ESPECIFICO, ESPECIFICACION FROM PRODUCTO WHERE (ESPECIFICACION = ?)
	bind => [GA4]
[EL Fine]: sql: 2014-10-09 10:12:55.648--ServerSession(1989311583)--Connection(1905800551)--Thread(Thread[AWT-EventQueue-0,6,main])--SELECT NOMBRE, PADRE FROM CATEGORIA WHERE (NOMBRE = ?)
	bind => [Windows Phone]
[EL Fine]: sql: 2014-10-09 10:12:55.648--ServerSession(1989311583)--Connection(1905800551)--Thread(Thread[AWT-EventQueue-0,6,main])--SELECT t1.NROREFERENCIA, t1.DESCRIPCION, t1.NOMBRE, t1.PRECIO, t1.PROVEEDOR_ID, t0.ESP_NROREF FROM CATEGORIAESPECIFICACIONPROD t0, ESPECIFICACIONPRODUCTO t1 WHERE ((t0.CAT_NAME = ?) AND (t1.NROREFERENCIA = t0.ESP_NROREF))
	bind => [Windows Phone]
[EL Fine]: sql: 2014-10-09 10:12:55.649--ServerSession(1989311583)--Connection(1905800551)--Thread(Thread[AWT-EventQueue-0,6,main])--SELECT NOMBRE, PADRE FROM CATEGORIA WHERE (NOMBRE = ?)
	bind => [Symbian]
[EL Fine]: sql: 2014-10-09 10:12:55.649--ServerSession(1989311583)--Connection(1905800551)--Thread(Thread[AWT-EventQueue-0,6,main])--SELECT t1.NROREFERENCIA, t1.DESCRIPCION, t1.NOMBRE, t1.PRECIO, t1.PROVEEDOR_ID, t0.ESP_NROREF FROM CATEGORIAESPECIFICACIONPROD t0, ESPECIFICACIONPRODUCTO t1 WHERE ((t0.CAT_NAME = ?) AND (t1.NROREFERENCIA = t0.ESP_NROREF))
	bind => [Symbian]
[EL Fine]: sql: 2014-10-09 10:12:55.649--ServerSession(1989311583)--Connection(1905800551)--Thread(Thread[AWT-EventQueue-0,6,main])--SELECT NOMBRE, PADRE FROM CATEGORIA WHERE (NOMBRE = ?)
	bind => [Blackberry OS]
[EL Fine]: sql: 2014-10-09 10:12:55.65--ServerSession(1989311583)--Connection(1905800551)--Thread(Thread[AWT-EventQueue-0,6,main])--SELECT t1.NROREFERENCIA, t1.DESCRIPCION, t1.NOMBRE, t1.PRECIO, t1.PROVEEDOR_ID, t0.ESP_NROREF FROM CATEGORIAESPECIFICACIONPROD t0, ESPECIFICACIONPRODUCTO t1 WHERE ((t0.CAT_NAME = ?) AND (t1.NROREFERENCIA = t0.ESP_NROREF))
	bind => [Blackberry OS]
[EL Fine]: sql: 2014-10-09 10:12:55.65--ServerSession(1989311583)--Connection(1905800551)--Thread(Thread[AWT-EventQueue-0,6,main])--SELECT NOMBRE, PADRE FROM CATEGORIA WHERE (NOMBRE = ?)
	bind => [Equipos]
[EL Fine]: sql: 2014-10-09 10:12:55.651--ServerSession(1989311583)--Connection(1905800551)--Thread(Thread[AWT-EventQueue-0,6,main])--SELECT t1.NROREFERENCIA, t1.DESCRIPCION, t1.NOMBRE, t1.PRECIO, t1.PROVEEDOR_ID, t0.ESP_NROREF FROM CATEGORIAESPECIFICACIONPROD t0, ESPECIFICACIONPRODUCTO t1 WHERE ((t0.CAT_NAME = ?) AND (t1.NROREFERENCIA = t0.ESP_NROREF))
	bind => [Equipos]
[EL Fine]: sql: 2014-10-09 10:12:55.651--ServerSession(1989311583)--Connection(1905800551)--Thread(Thread[AWT-EventQueue-0,6,main])--SELECT NOMBRE, PADRE FROM CATEGORIA WHERE (NOMBRE = ?)
	bind => [iPhone]
[EL Fine]: sql: 2014-10-09 10:12:55.651--ServerSession(1989311583)--Connection(1905800551)--Thread(Thread[AWT-EventQueue-0,6,main])--SELECT t1.NROREFERENCIA, t1.DESCRIPCION, t1.NOMBRE, t1.PRECIO, t1.PROVEEDOR_ID, t0.ESP_NROREF FROM CATEGORIAESPECIFICACIONPROD t0, ESPECIFICACIONPRODUCTO t1 WHERE ((t0.CAT_NAME = ?) AND (t1.NROREFERENCIA = t0.ESP_NROREF))
	bind => [iPhone]
[EL Fine]: sql: 2014-10-09 10:12:55.652--ServerSession(1989311583)--Connection(1905800551)--Thread(Thread[AWT-EventQueue-0,6,main])--SELECT t1.NOMBRE, t1.PADRE FROM CATEGORIAESPECIFICACIONPROD t0, CATEGORIA t1 WHERE ((t0.ESP_NROREF = ?) AND (t1.NOMBRE = t0.CAT_NAME))
	bind => [IPH5]
[EL Fine]: sql: 2014-10-09 10:12:55.652--ServerSession(1989311583)--Connection(1905800551)--Thread(Thread[AWT-EventQueue-0,6,main])--SELECT ID, ENORDEN, ID_ESPECIFICO, ESPECIFICACION FROM PRODUCTO WHERE (ESPECIFICACION = ?)
	bind => [IPH5]
[EL Fine]: sql: 2014-10-09 10:12:55.653--ServerSession(1989311583)--Connection(1905800551)--Thread(Thread[AWT-EventQueue-0,6,main])--SELECT t1.NOMBRE, t1.PADRE FROM CATEGORIAESPECIFICACIONPROD t0, CATEGORIA t1 WHERE ((t0.ESP_NROREF = ?) AND (t1.NOMBRE = t0.CAT_NAME))
	bind => [IPH4]
[EL Fine]: sql: 2014-10-09 10:12:55.653--ServerSession(1989311583)--Connection(1905800551)--Thread(Thread[AWT-EventQueue-0,6,main])--SELECT ID, ENORDEN, ID_ESPECIFICO, ESPECIFICACION FROM PRODUCTO WHERE (ESPECIFICACION = ?)
	bind => [IPH4]
[EL Fine]: sql: 2014-10-09 10:12:55.654--ServerSession(1989311583)--Connection(1905800551)--Thread(Thread[AWT-EventQueue-0,6,main])--SELECT NOMBRE, PADRE FROM CATEGORIA WHERE (NOMBRE = ?)
	bind => [Nexus]
[EL Fine]: sql: 2014-10-09 10:12:55.655--ServerSession(1989311583)--Connection(1905800551)--Thread(Thread[AWT-EventQueue-0,6,main])--SELECT t1.NROREFERENCIA, t1.DESCRIPCION, t1.NOMBRE, t1.PRECIO, t1.PROVEEDOR_ID, t0.ESP_NROREF FROM CATEGORIAESPECIFICACIONPROD t0, ESPECIFICACIONPRODUCTO t1 WHERE ((t0.CAT_NAME = ?) AND (t1.NROREFERENCIA = t0.ESP_NROREF))
	bind => [Nexus]
[EL Fine]: sql: 2014-10-09 10:12:55.655--ServerSession(1989311583)--Connection(1905800551)--Thread(Thread[AWT-EventQueue-0,6,main])--SELECT t1.NOMBRE, t1.PADRE FROM CATEGORIAESPECIFICACIONPROD t0, CATEGORIA t1 WHERE ((t0.ESP_NROREF = ?) AND (t1.NOMBRE = t0.CAT_NAME))
	bind => [NEX4]
[EL Fine]: sql: 2014-10-09 10:12:55.656--ServerSession(1989311583)--Connection(1905800551)--Thread(Thread[AWT-EventQueue-0,6,main])--SELECT ID, ENORDEN, ID_ESPECIFICO, ESPECIFICACION FROM PRODUCTO WHERE (ESPECIFICACION = ?)
	bind => [NEX4]
[EL Fine]: sql: 2014-10-09 10:12:55.657--ServerSession(1989311583)--Connection(1905800551)--Thread(Thread[AWT-EventQueue-0,6,main])--SELECT NOMBRE, PADRE FROM CATEGORIA WHERE (NOMBRE = ?)
	bind => [Samsung]
[EL Fine]: sql: 2014-10-09 10:12:55.657--ServerSession(1989311583)--Connection(1905800551)--Thread(Thread[AWT-EventQueue-0,6,main])--SELECT t1.NROREFERENCIA, t1.DESCRIPCION, t1.NOMBRE, t1.PRECIO, t1.PROVEEDOR_ID, t0.ESP_NROREF FROM CATEGORIAESPECIFICACIONPROD t0, ESPECIFICACIONPRODUCTO t1 WHERE ((t0.CAT_NAME = ?) AND (t1.NROREFERENCIA = t0.ESP_NROREF))
	bind => [Samsung]
[EL Fine]: sql: 2014-10-09 10:12:55.658--ServerSession(1989311583)--Connection(1905800551)--Thread(Thread[AWT-EventQueue-0,6,main])--SELECT NOMBRE, PADRE FROM CATEGORIA WHERE (NOMBRE = ?)
	bind => [Galaxy S3]
[EL Fine]: sql: 2014-10-09 10:12:55.658--ServerSession(1989311583)--Connection(1905800551)--Thread(Thread[AWT-EventQueue-0,6,main])--SELECT t1.NROREFERENCIA, t1.DESCRIPCION, t1.NOMBRE, t1.PRECIO, t1.PROVEEDOR_ID, t0.ESP_NROREF FROM CATEGORIAESPECIFICACIONPROD t0, ESPECIFICACIONPRODUCTO t1 WHERE ((t0.CAT_NAME = ?) AND (t1.NROREFERENCIA = t0.ESP_NROREF))
	bind => [Galaxy S3]
[EL Fine]: sql: 2014-10-09 10:12:55.658--ServerSession(1989311583)--Connection(1905800551)--Thread(Thread[AWT-EventQueue-0,6,main])--SELECT t1.NOMBRE, t1.PADRE FROM CATEGORIAESPECIFICACIONPROD t0, CATEGORIA t1 WHERE ((t0.ESP_NROREF = ?) AND (t1.NOMBRE = t0.CAT_NAME))
	bind => [GA3]
[EL Fine]: sql: 2014-10-09 10:12:55.659--ServerSession(1989311583)--Connection(1905800551)--Thread(Thread[AWT-EventQueue-0,6,main])--SELECT ID, ENORDEN, ID_ESPECIFICO, ESPECIFICACION FROM PRODUCTO WHERE (ESPECIFICACION = ?)
	bind => [GA3]
[EL Fine]: sql: 2014-10-09 10:12:55.661--ServerSession(1989311583)--Connection(1905800551)--Thread(Thread[AWT-EventQueue-0,6,main])--SELECT NOMBRE, PADRE FROM CATEGORIA WHERE (NOMBRE = ?)
	bind => [Galaxy S4]
[EL Fine]: sql: 2014-10-09 10:12:55.661--ServerSession(1989311583)--Connection(1905800551)--Thread(Thread[AWT-EventQueue-0,6,main])--SELECT t1.NROREFERENCIA, t1.DESCRIPCION, t1.NOMBRE, t1.PRECIO, t1.PROVEEDOR_ID, t0.ESP_NROREF FROM CATEGORIAESPECIFICACIONPROD t0, ESPECIFICACIONPRODUCTO t1 WHERE ((t0.CAT_NAME = ?) AND (t1.NROREFERENCIA = t0.ESP_NROREF))
	bind => [Galaxy S4]
[EL Fine]: sql: 2014-10-09 10:12:55.662--ServerSession(1989311583)--Connection(1905800551)--Thread(Thread[AWT-EventQueue-0,6,main])--SELECT t1.NOMBRE, t1.PADRE FROM CATEGORIAESPECIFICACIONPROD t0, CATEGORIA t1 WHERE ((t0.ESP_NROREF = ?) AND (t1.NOMBRE = t0.CAT_NAME))
	bind => [GA4]
[EL Fine]: sql: 2014-10-09 10:12:55.662--ServerSession(1989311583)--Connection(1905800551)--Thread(Thread[AWT-EventQueue-0,6,main])--SELECT ID, ENORDEN, ID_ESPECIFICO, ESPECIFICACION FROM PRODUCTO WHERE (ESPECIFICACION = ?)
	bind => [GA4]
[EL Fine]: sql: 2014-10-09 10:12:55.663--ServerSession(1989311583)--Connection(1905800551)--Thread(Thread[AWT-EventQueue-0,6,main])--SELECT NOMBRE, PADRE FROM CATEGORIA WHERE (NOMBRE = ?)
	bind => [Galaxy Ace]
[EL Fine]: sql: 2014-10-09 10:12:55.664--ServerSession(1989311583)--Connection(1905800551)--Thread(Thread[AWT-EventQueue-0,6,main])--SELECT t1.NROREFERENCIA, t1.DESCRIPCION, t1.NOMBRE, t1.PRECIO, t1.PROVEEDOR_ID, t0.ESP_NROREF FROM CATEGORIAESPECIFICACIONPROD t0, ESPECIFICACIONPRODUCTO t1 WHERE ((t0.CAT_NAME = ?) AND (t1.NROREFERENCIA = t0.ESP_NROREF))
	bind => [Galaxy Ace]
[EL Fine]: sql: 2014-10-09 10:12:55.664--ServerSession(1989311583)--Connection(1905800551)--Thread(Thread[AWT-EventQueue-0,6,main])--SELECT NOMBRE, PADRE FROM CATEGORIA WHERE (NOMBRE = ?)
	bind => [Blackberry]
[EL Fine]: sql: 2014-10-09 10:12:55.665--ServerSession(1989311583)--Connection(1905800551)--Thread(Thread[AWT-EventQueue-0,6,main])--SELECT t1.NROREFERENCIA, t1.DESCRIPCION, t1.NOMBRE, t1.PRECIO, t1.PROVEEDOR_ID, t0.ESP_NROREF FROM CATEGORIAESPECIFICACIONPROD t0, ESPECIFICACIONPRODUCTO t1 WHERE ((t0.CAT_NAME = ?) AND (t1.NROREFERENCIA = t0.ESP_NROREF))
	bind => [Blackberry]
[EL Fine]: sql: 2014-10-09 10:12:55.665--ServerSession(1989311583)--Connection(1905800551)--Thread(Thread[AWT-EventQueue-0,6,main])--SELECT NOMBRE, PADRE FROM CATEGORIA WHERE (NOMBRE = ?)
	bind => [Nokia]
[EL Fine]: sql: 2014-10-09 10:12:55.666--ServerSession(1989311583)--Connection(1905800551)--Thread(Thread[AWT-EventQueue-0,6,main])--SELECT t1.NROREFERENCIA, t1.DESCRIPCION, t1.NOMBRE, t1.PRECIO, t1.PROVEEDOR_ID, t0.ESP_NROREF FROM CATEGORIAESPECIFICACIONPROD t0, ESPECIFICACIONPRODUCTO t1 WHERE ((t0.CAT_NAME = ?) AND (t1.NROREFERENCIA = t0.ESP_NROREF))
	bind => [Nokia]
[EL Fine]: sql: 2014-10-09 10:12:55.666--ServerSession(1989311583)--Connection(1905800551)--Thread(Thread[AWT-EventQueue-0,6,main])--SELECT NOMBRE, PADRE FROM CATEGORIA WHERE (NOMBRE = ?)
	bind => [Accesorios]
[EL Fine]: sql: 2014-10-09 10:12:55.667--ServerSession(1989311583)--Connection(1905800551)--Thread(Thread[AWT-EventQueue-0,6,main])--SELECT t1.NROREFERENCIA, t1.DESCRIPCION, t1.NOMBRE, t1.PRECIO, t1.PROVEEDOR_ID, t0.ESP_NROREF FROM CATEGORIAESPECIFICACIONPROD t0, ESPECIFICACIONPRODUCTO t1 WHERE ((t0.CAT_NAME = ?) AND (t1.NROREFERENCIA = t0.ESP_NROREF))
	bind => [Accesorios]
[EL Fine]: sql: 2014-10-09 10:12:55.667--ServerSession(1989311583)--Connection(1905800551)--Thread(Thread[AWT-EventQueue-0,6,main])--SELECT NOMBRE, PADRE FROM CATEGORIA WHERE (NOMBRE = ?)
	bind => [Protectores]
[EL Fine]: sql: 2014-10-09 10:12:55.668--ServerSession(1989311583)--Connection(1905800551)--Thread(Thread[AWT-EventQueue-0,6,main])--SELECT t1.NROREFERENCIA, t1.DESCRIPCION, t1.NOMBRE, t1.PRECIO, t1.PROVEEDOR_ID, t0.ESP_NROREF FROM CATEGORIAESPECIFICACIONPROD t0, ESPECIFICACIONPRODUCTO t1 WHERE ((t0.CAT_NAME = ?) AND (t1.NROREFERENCIA = t0.ESP_NROREF))
	bind => [Protectores]
[EL Fine]: sql: 2014-10-09 10:12:55.668--ServerSession(1989311583)--Connection(1905800551)--Thread(Thread[AWT-EventQueue-0,6,main])--SELECT NOMBRE, PADRE FROM CATEGORIA WHERE (NOMBRE = ?)
	bind => [Baterías]
[EL Fine]: sql: 2014-10-09 10:12:55.669--ServerSession(1989311583)--Connection(1905800551)--Thread(Thread[AWT-EventQueue-0,6,main])--SELECT t1.NROREFERENCIA, t1.DESCRIPCION, t1.NOMBRE, t1.PRECIO, t1.PROVEEDOR_ID, t0.ESP_NROREF FROM CATEGORIAESPECIFICACIONPROD t0, ESPECIFICACIONPRODUCTO t1 WHERE ((t0.CAT_NAME = ?) AND (t1.NROREFERENCIA = t0.ESP_NROREF))
	bind => [Baterías]
[EL Fine]: sql: 2014-10-09 10:12:55.669--ServerSession(1989311583)--Connection(1905800551)--Thread(Thread[AWT-EventQueue-0,6,main])--SELECT NOMBRE, PADRE FROM CATEGORIA WHERE (NOMBRE = ?)
	bind => [Apple]
[EL Fine]: sql: 2014-10-09 10:12:55.669--ServerSession(1989311583)--Connection(1905800551)--Thread(Thread[AWT-EventQueue-0,6,main])--SELECT t1.NROREFERENCIA, t1.DESCRIPCION, t1.NOMBRE, t1.PRECIO, t1.PROVEEDOR_ID, t0.ESP_NROREF FROM CATEGORIAESPECIFICACIONPROD t0, ESPECIFICACIONPRODUCTO t1 WHERE ((t0.CAT_NAME = ?) AND (t1.NROREFERENCIA = t0.ESP_NROREF))
	bind => [Apple]
[EL Fine]: sql: 2014-10-09 10:12:55.67--ServerSession(1989311583)--Connection(1905800551)--Thread(Thread[AWT-EventQueue-0,6,main])--SELECT t1.NOMBRE, t1.PADRE FROM CATEGORIAESPECIFICACIONPROD t0, CATEGORIA t1 WHERE ((t0.ESP_NROREF = ?) AND (t1.NOMBRE = t0.CAT_NAME))
	bind => [IPH5]
[EL Fine]: sql: 2014-10-09 10:12:55.67--ServerSession(1989311583)--Connection(1905800551)--Thread(Thread[AWT-EventQueue-0,6,main])--SELECT ID, ENORDEN, ID_ESPECIFICO, ESPECIFICACION FROM PRODUCTO WHERE (ESPECIFICACION = ?)
	bind => [IPH5]
[EL Fine]: sql: 2014-10-09 10:12:55.671--ServerSession(1989311583)--Connection(1905800551)--Thread(Thread[AWT-EventQueue-0,6,main])--SELECT t1.NOMBRE, t1.PADRE FROM CATEGORIAESPECIFICACIONPROD t0, CATEGORIA t1 WHERE ((t0.ESP_NROREF = ?) AND (t1.NOMBRE = t0.CAT_NAME))
	bind => [IPH4]
[EL Fine]: sql: 2014-10-09 10:12:55.672--ServerSession(1989311583)--Connection(1905800551)--Thread(Thread[AWT-EventQueue-0,6,main])--SELECT ID, ENORDEN, ID_ESPECIFICO, ESPECIFICACION FROM PRODUCTO WHERE (ESPECIFICACION = ?)
	bind => [IPH4]
[EL Fine]: sql: 2014-10-09 10:12:55.673--ServerSession(1989311583)--Connection(1905800551)--Thread(Thread[AWT-EventQueue-0,6,main])--SELECT NOMBRE, PADRE FROM CATEGORIA WHERE (NOMBRE = ?)
	bind => [Videojuegos]
[EL Fine]: sql: 2014-10-09 10:12:55.673--ServerSession(1989311583)--Connection(1905800551)--Thread(Thread[AWT-EventQueue-0,6,main])--SELECT t1.NROREFERENCIA, t1.DESCRIPCION, t1.NOMBRE, t1.PRECIO, t1.PROVEEDOR_ID, t0.ESP_NROREF FROM CATEGORIAESPECIFICACIONPROD t0, ESPECIFICACIONPRODUCTO t1 WHERE ((t0.CAT_NAME = ?) AND (t1.NROREFERENCIA = t0.ESP_NROREF))
	bind => [Videojuegos]
[EL Fine]: sql: 2014-10-09 10:12:55.674--ServerSession(1989311583)--Connection(1905800551)--Thread(Thread[AWT-EventQueue-0,6,main])--SELECT NOMBRE, PADRE FROM CATEGORIA WHERE (NOMBRE = ?)
	bind => [Playstation]
[EL Fine]: sql: 2014-10-09 10:12:55.674--ServerSession(1989311583)--Connection(1905800551)--Thread(Thread[AWT-EventQueue-0,6,main])--SELECT t1.NROREFERENCIA, t1.DESCRIPCION, t1.NOMBRE, t1.PRECIO, t1.PROVEEDOR_ID, t0.ESP_NROREF FROM CATEGORIAESPECIFICACIONPROD t0, ESPECIFICACIONPRODUCTO t1 WHERE ((t0.CAT_NAME = ?) AND (t1.NROREFERENCIA = t0.ESP_NROREF))
	bind => [Playstation]
[EL Fine]: sql: 2014-10-09 10:12:55.674--ServerSession(1989311583)--Connection(1905800551)--Thread(Thread[AWT-EventQueue-0,6,main])--SELECT NOMBRE, PADRE FROM CATEGORIA WHERE (NOMBRE = ?)
	bind => [Xbox]
[EL Fine]: sql: 2014-10-09 10:12:55.674--ServerSession(1989311583)--Connection(1905800551)--Thread(Thread[AWT-EventQueue-0,6,main])--SELECT t1.NROREFERENCIA, t1.DESCRIPCION, t1.NOMBRE, t1.PRECIO, t1.PROVEEDOR_ID, t0.ESP_NROREF FROM CATEGORIAESPECIFICACIONPROD t0, ESPECIFICACIONPRODUCTO t1 WHERE ((t0.CAT_NAME = ?) AND (t1.NROREFERENCIA = t0.ESP_NROREF))
	bind => [Xbox]
[EL Fine]: sql: 2014-10-09 10:12:55.675--ServerSession(1989311583)--Connection(1905800551)--Thread(Thread[AWT-EventQueue-0,6,main])--SELECT NOMBRE, PADRE FROM CATEGORIA
[EL Fine]: sql: 2014-10-09 10:12:55.68--ClientSession(343425280)--Connection(1905800551)--Thread(Thread[AWT-EventQueue-0,6,main])--INSERT INTO ESPECIFICACIONPRODUCTO (NROREFERENCIA, DESCRIPCION, NOMBRE, PRECIO, PROVEEDOR_ID) VALUES (?, ?, ?, ?, ?)
	bind => [AS5, La versión Ace de la línea Samsung Galaxy, Galaxy Ace S5830, 237.0, Eddy]
[EL Fine]: sql: 2014-10-09 10:12:55.681--ClientSession(343425280)--Connection(1905800551)--Thread(Thread[AWT-EventQueue-0,6,main])--INSERT INTO PRODUCTO (ENORDEN, ID_ESPECIFICO, ESPECIFICACION) VALUES (?, ?, ?)
	bind => [false, null, AS5]
[EL Fine]: sql: 2014-10-09 10:12:55.682--ClientSession(343425280)--Connection(1905800551)--Thread(Thread[AWT-EventQueue-0,6,main])--CALL IDENTITY()
[EL Fine]: sql: 2014-10-09 10:12:55.682--ClientSession(343425280)--Connection(1905800551)--Thread(Thread[AWT-EventQueue-0,6,main])--INSERT INTO PRODUCTO (ENORDEN, ID_ESPECIFICO, ESPECIFICACION) VALUES (?, ?, ?)
	bind => [false, null, AS5]
[EL Fine]: sql: 2014-10-09 10:12:55.683--ClientSession(343425280)--Connection(1905800551)--Thread(Thread[AWT-EventQueue-0,6,main])--CALL IDENTITY()
[EL Fine]: sql: 2014-10-09 10:12:55.683--ClientSession(343425280)--Connection(1905800551)--Thread(Thread[AWT-EventQueue-0,6,main])--INSERT INTO PRODUCTO (ENORDEN, ID_ESPECIFICO, ESPECIFICACION) VALUES (?, ?, ?)
	bind => [false, null, AS5]
[EL Fine]: sql: 2014-10-09 10:12:55.683--ClientSession(343425280)--Connection(1905800551)--Thread(Thread[AWT-EventQueue-0,6,main])--CALL IDENTITY()
[EL Fine]: sql: 2014-10-09 10:12:55.684--ClientSession(343425280)--Connection(1905800551)--Thread(Thread[AWT-EventQueue-0,6,main])--INSERT INTO PRODUCTO (ENORDEN, ID_ESPECIFICO, ESPECIFICACION) VALUES (?, ?, ?)
	bind => [false, null, AS5]
[EL Fine]: sql: 2014-10-09 10:12:55.684--ClientSession(343425280)--Connection(1905800551)--Thread(Thread[AWT-EventQueue-0,6,main])--CALL IDENTITY()
[EL Fine]: sql: 2014-10-09 10:12:55.684--ClientSession(343425280)--Connection(1905800551)--Thread(Thread[AWT-EventQueue-0,6,main])--INSERT INTO PRODUCTO (ENORDEN, ID_ESPECIFICO, ESPECIFICACION) VALUES (?, ?, ?)
	bind => [false, null, AS5]
[EL Fine]: sql: 2014-10-09 10:12:55.685--ClientSession(343425280)--Connection(1905800551)--Thread(Thread[AWT-EventQueue-0,6,main])--CALL IDENTITY()
[EL Fine]: sql: 2014-10-09 10:12:55.685--ClientSession(343425280)--Connection(1905800551)--Thread(Thread[AWT-EventQueue-0,6,main])--INSERT INTO PRODUCTO (ENORDEN, ID_ESPECIFICO, ESPECIFICACION) VALUES (?, ?, ?)
	bind => [false, null, AS5]
[EL Fine]: sql: 2014-10-09 10:12:55.686--ClientSession(343425280)--Connection(1905800551)--Thread(Thread[AWT-EventQueue-0,6,main])--CALL IDENTITY()
[EL Fine]: sql: 2014-10-09 10:12:55.686--ClientSession(343425280)--Connection(1905800551)--Thread(Thread[AWT-EventQueue-0,6,main])--INSERT INTO PRODUCTO (ENORDEN, ID_ESPECIFICO, ESPECIFICACION) VALUES (?, ?, ?)
	bind => [false, null, AS5]
[EL Fine]: sql: 2014-10-09 10:12:55.687--ClientSession(343425280)--Connection(1905800551)--Thread(Thread[AWT-EventQueue-0,6,main])--CALL IDENTITY()
[EL Fine]: sql: 2014-10-09 10:12:55.687--ClientSession(343425280)--Connection(1905800551)--Thread(Thread[AWT-EventQueue-0,6,main])--INSERT INTO PRODUCTO (ENORDEN, ID_ESPECIFICO, ESPECIFICACION) VALUES (?, ?, ?)
	bind => [false, null, AS5]
[EL Fine]: sql: 2014-10-09 10:12:55.688--ClientSession(343425280)--Connection(1905800551)--Thread(Thread[AWT-EventQueue-0,6,main])--CALL IDENTITY()
[EL Fine]: sql: 2014-10-09 10:12:55.688--ClientSession(343425280)--Connection(1905800551)--Thread(Thread[AWT-EventQueue-0,6,main])--INSERT INTO PRODUCTO (ENORDEN, ID_ESPECIFICO, ESPECIFICACION) VALUES (?, ?, ?)
	bind => [false, null, AS5]
[EL Fine]: sql: 2014-10-09 10:12:55.689--ClientSession(343425280)--Connection(1905800551)--Thread(Thread[AWT-EventQueue-0,6,main])--CALL IDENTITY()
[EL Fine]: sql: 2014-10-09 10:12:55.689--ClientSession(343425280)--Connection(1905800551)--Thread(Thread[AWT-EventQueue-0,6,main])--INSERT INTO PRODUCTO (ENORDEN, ID_ESPECIFICO, ESPECIFICACION) VALUES (?, ?, ?)
	bind => [false, null, AS5]
[EL Fine]: sql: 2014-10-09 10:12:55.689--ClientSession(343425280)--Connection(1905800551)--Thread(Thread[AWT-EventQueue-0,6,main])--CALL IDENTITY()
[EL Fine]: sql: 2014-10-09 10:12:55.69--ClientSession(343425280)--Connection(1905800551)--Thread(Thread[AWT-EventQueue-0,6,main])--INSERT INTO ESPECIFICACIONES (ESPPRID, VALOR, NOMBRE) VALUES (?, ?, ?)
	bind => [AS5, 113 g, Peso]
[EL Fine]: sql: 2014-10-09 10:12:55.69--ClientSession(343425280)--Connection(1905800551)--Thread(Thread[AWT-EventQueue-0,6,main])--INSERT INTO ESPECIFICACIONES (ESPPRID, VALOR, NOMBRE) VALUES (?, ?, ?)
	bind => [AS5, : 3.5”, Pantalla]
[EL Fine]: sql: 2014-10-09 10:12:55.69--ClientSession(343425280)--Connection(1905800551)--Thread(Thread[AWT-EventQueue-0,6,main])--INSERT INTO ESPECIFICACIONES (ESPPRID, VALOR, NOMBRE) VALUES (?, ?, ?)
	bind => [AS5, 2.3, Versión de Android]
[EL Fine]: sql: 2014-10-09 10:12:55.69--ClientSession(343425280)--Connection(1905800551)--Thread(Thread[AWT-EventQueue-0,6,main])--INSERT INTO ESPECIFICACIONES (ESPPRID, VALOR, NOMBRE) VALUES (?, ?, ?)
	bind => [AS5, 112.4 x 59.9 x 11.5 mm, Dimensiones]
[EL Fine]: sql: 2014-10-09 10:12:55.697--ClientSession(343425280)--Connection(1905800551)--Thread(Thread[AWT-EventQueue-0,6,main])--INSERT INTO CATEGORIAESPECIFICACIONPROD (CAT_NAME, ESP_NROREF) VALUES (?, ?)
	bind => [Android, AS5]
[EL Fine]: sql: 2014-10-09 10:12:55.698--ClientSession(343425280)--Connection(1905800551)--Thread(Thread[AWT-EventQueue-0,6,main])--INSERT INTO CATEGORIAESPECIFICACIONPROD (CAT_NAME, ESP_NROREF) VALUES (?, ?)
	bind => [Galaxy Ace, AS5]
[EL Fine]: sql: 2014-10-09 10:12:55.702--ServerSession(1989311583)--Connection(1905800551)--Thread(Thread[AWT-EventQueue-0,6,main])--SELECT NROREFERENCIA, DESCRIPCION, NOMBRE, PRECIO, PROVEEDOR_ID FROM ESPECIFICACIONPRODUCTO
[EL Fine]: sql: 2014-10-09 10:12:55.702--ServerSession(1989311583)--Connection(1905800551)--Thread(Thread[AWT-EventQueue-0,6,main])--SELECT NOMBRE, PADRE FROM CATEGORIA
[EL Fine]: sql: 2014-10-09 10:12:55.704--ServerSession(1989311583)--Connection(1905800551)--Thread(Thread[AWT-EventQueue-0,6,main])--SELECT NOMBRE, PADRE FROM CATEGORIA WHERE (NOMBRE = ?)
	bind => [Celulares]
[EL Fine]: sql: 2014-10-09 10:12:55.705--ServerSession(1989311583)--Connection(1905800551)--Thread(Thread[AWT-EventQueue-0,6,main])--SELECT t1.NROREFERENCIA, t1.DESCRIPCION, t1.NOMBRE, t1.PRECIO, t1.PROVEEDOR_ID, t0.ESP_NROREF FROM CATEGORIAESPECIFICACIONPROD t0, ESPECIFICACIONPRODUCTO t1 WHERE ((t0.CAT_NAME = ?) AND (t1.NROREFERENCIA = t0.ESP_NROREF))
	bind => [Celulares]
[EL Fine]: sql: 2014-10-09 10:12:55.706--ServerSession(1989311583)--Connection(1905800551)--Thread(Thread[AWT-EventQueue-0,6,main])--SELECT NOMBRE, PADRE FROM CATEGORIA WHERE (NOMBRE = ?)
	bind => [Sistemas Operativos]
[EL Fine]: sql: 2014-10-09 10:12:55.706--ServerSession(1989311583)--Connection(1905800551)--Thread(Thread[AWT-EventQueue-0,6,main])--SELECT t1.NROREFERENCIA, t1.DESCRIPCION, t1.NOMBRE, t1.PRECIO, t1.PROVEEDOR_ID, t0.ESP_NROREF FROM CATEGORIAESPECIFICACIONPROD t0, ESPECIFICACIONPRODUCTO t1 WHERE ((t0.CAT_NAME = ?) AND (t1.NROREFERENCIA = t0.ESP_NROREF))
	bind => [Sistemas Operativos]
[EL Fine]: sql: 2014-10-09 10:12:55.707--ServerSession(1989311583)--Connection(1905800551)--Thread(Thread[AWT-EventQueue-0,6,main])--SELECT NOMBRE, PADRE FROM CATEGORIA WHERE (NOMBRE = ?)
	bind => [iOS]
[EL Fine]: sql: 2014-10-09 10:12:55.707--ServerSession(1989311583)--Connection(1905800551)--Thread(Thread[AWT-EventQueue-0,6,main])--SELECT t1.NROREFERENCIA, t1.DESCRIPCION, t1.NOMBRE, t1.PRECIO, t1.PROVEEDOR_ID, t0.ESP_NROREF FROM CATEGORIAESPECIFICACIONPROD t0, ESPECIFICACIONPRODUCTO t1 WHERE ((t0.CAT_NAME = ?) AND (t1.NROREFERENCIA = t0.ESP_NROREF))
	bind => [iOS]
[EL Fine]: sql: 2014-10-09 10:12:55.708--ServerSession(1989311583)--Connection(1905800551)--Thread(Thread[AWT-EventQueue-0,6,main])--SELECT t1.NOMBRE, t1.PADRE FROM CATEGORIAESPECIFICACIONPROD t0, CATEGORIA t1 WHERE ((t0.ESP_NROREF = ?) AND (t1.NOMBRE = t0.CAT_NAME))
	bind => [IPH5]
[EL Fine]: sql: 2014-10-09 10:12:55.708--ServerSession(1989311583)--Connection(1905800551)--Thread(Thread[AWT-EventQueue-0,6,main])--SELECT ID, ENORDEN, ID_ESPECIFICO, ESPECIFICACION FROM PRODUCTO WHERE (ESPECIFICACION = ?)
	bind => [IPH5]
[EL Fine]: sql: 2014-10-09 10:12:55.709--ServerSession(1989311583)--Connection(1905800551)--Thread(Thread[AWT-EventQueue-0,6,main])--SELECT t1.NOMBRE, t1.PADRE FROM CATEGORIAESPECIFICACIONPROD t0, CATEGORIA t1 WHERE ((t0.ESP_NROREF = ?) AND (t1.NOMBRE = t0.CAT_NAME))
	bind => [IPH4]
[EL Fine]: sql: 2014-10-09 10:12:55.71--ServerSession(1989311583)--Connection(1905800551)--Thread(Thread[AWT-EventQueue-0,6,main])--SELECT ID, ENORDEN, ID_ESPECIFICO, ESPECIFICACION FROM PRODUCTO WHERE (ESPECIFICACION = ?)
	bind => [IPH4]
[EL Fine]: sql: 2014-10-09 10:12:55.711--ServerSession(1989311583)--Connection(1905800551)--Thread(Thread[AWT-EventQueue-0,6,main])--SELECT NOMBRE, PADRE FROM CATEGORIA WHERE (NOMBRE = ?)
	bind => [Android]
[EL Fine]: sql: 2014-10-09 10:12:55.711--ServerSession(1989311583)--Connection(1905800551)--Thread(Thread[AWT-EventQueue-0,6,main])--SELECT t1.NROREFERENCIA, t1.DESCRIPCION, t1.NOMBRE, t1.PRECIO, t1.PROVEEDOR_ID, t0.ESP_NROREF FROM CATEGORIAESPECIFICACIONPROD t0, ESPECIFICACIONPRODUCTO t1 WHERE ((t0.CAT_NAME = ?) AND (t1.NROREFERENCIA = t0.ESP_NROREF))
	bind => [Android]
[EL Fine]: sql: 2014-10-09 10:12:55.712--ServerSession(1989311583)--Connection(1905800551)--Thread(Thread[AWT-EventQueue-0,6,main])--SELECT t1.NOMBRE, t1.PADRE FROM CATEGORIAESPECIFICACIONPROD t0, CATEGORIA t1 WHERE ((t0.ESP_NROREF = ?) AND (t1.NOMBRE = t0.CAT_NAME))
	bind => [NEX4]
[EL Fine]: sql: 2014-10-09 10:12:55.712--ServerSession(1989311583)--Connection(1905800551)--Thread(Thread[AWT-EventQueue-0,6,main])--SELECT ID, ENORDEN, ID_ESPECIFICO, ESPECIFICACION FROM PRODUCTO WHERE (ESPECIFICACION = ?)
	bind => [NEX4]
[EL Fine]: sql: 2014-10-09 10:12:55.713--ServerSession(1989311583)--Connection(1905800551)--Thread(Thread[AWT-EventQueue-0,6,main])--SELECT t1.NOMBRE, t1.PADRE FROM CATEGORIAESPECIFICACIONPROD t0, CATEGORIA t1 WHERE ((t0.ESP_NROREF = ?) AND (t1.NOMBRE = t0.CAT_NAME))
	bind => [GA3]
[EL Fine]: sql: 2014-10-09 10:12:55.713--ServerSession(1989311583)--Connection(1905800551)--Thread(Thread[AWT-EventQueue-0,6,main])--SELECT ID, ENORDEN, ID_ESPECIFICO, ESPECIFICACION FROM PRODUCTO WHERE (ESPECIFICACION = ?)
	bind => [GA3]
[EL Fine]: sql: 2014-10-09 10:12:55.714--ServerSession(1989311583)--Connection(1905800551)--Thread(Thread[AWT-EventQueue-0,6,main])--SELECT t1.NOMBRE, t1.PADRE FROM CATEGORIAESPECIFICACIONPROD t0, CATEGORIA t1 WHERE ((t0.ESP_NROREF = ?) AND (t1.NOMBRE = t0.CAT_NAME))
	bind => [GA4]
[EL Fine]: sql: 2014-10-09 10:12:55.714--ServerSession(1989311583)--Connection(1905800551)--Thread(Thread[AWT-EventQueue-0,6,main])--SELECT ID, ENORDEN, ID_ESPECIFICO, ESPECIFICACION FROM PRODUCTO WHERE (ESPECIFICACION = ?)
	bind => [GA4]
[EL Fine]: sql: 2014-10-09 10:12:55.714--ServerSession(1989311583)--Connection(1905800551)--Thread(Thread[AWT-EventQueue-0,6,main])--SELECT t1.NOMBRE, t1.PADRE FROM CATEGORIAESPECIFICACIONPROD t0, CATEGORIA t1 WHERE ((t0.ESP_NROREF = ?) AND (t1.NOMBRE = t0.CAT_NAME))
	bind => [AS5]
[EL Fine]: sql: 2014-10-09 10:12:55.715--ServerSession(1989311583)--Connection(1905800551)--Thread(Thread[AWT-EventQueue-0,6,main])--SELECT ID, ENORDEN, ID_ESPECIFICO, ESPECIFICACION FROM PRODUCTO WHERE (ESPECIFICACION = ?)
	bind => [AS5]
[EL Fine]: sql: 2014-10-09 10:12:55.716--ServerSession(1989311583)--Connection(1905800551)--Thread(Thread[AWT-EventQueue-0,6,main])--SELECT NOMBRE, PADRE FROM CATEGORIA WHERE (NOMBRE = ?)
	bind => [Windows Phone]
[EL Fine]: sql: 2014-10-09 10:12:55.718--ServerSession(1989311583)--Connection(1905800551)--Thread(Thread[AWT-EventQueue-0,6,main])--SELECT t1.NROREFERENCIA, t1.DESCRIPCION, t1.NOMBRE, t1.PRECIO, t1.PROVEEDOR_ID, t0.ESP_NROREF FROM CATEGORIAESPECIFICACIONPROD t0, ESPECIFICACIONPRODUCTO t1 WHERE ((t0.CAT_NAME = ?) AND (t1.NROREFERENCIA = t0.ESP_NROREF))
	bind => [Windows Phone]
[EL Fine]: sql: 2014-10-09 10:12:55.719--ServerSession(1989311583)--Connection(1905800551)--Thread(Thread[AWT-EventQueue-0,6,main])--SELECT NOMBRE, PADRE FROM CATEGORIA WHERE (NOMBRE = ?)
	bind => [Symbian]
[EL Fine]: sql: 2014-10-09 10:12:55.72--ServerSession(1989311583)--Connection(1905800551)--Thread(Thread[AWT-EventQueue-0,6,main])--SELECT t1.NROREFERENCIA, t1.DESCRIPCION, t1.NOMBRE, t1.PRECIO, t1.PROVEEDOR_ID, t0.ESP_NROREF FROM CATEGORIAESPECIFICACIONPROD t0, ESPECIFICACIONPRODUCTO t1 WHERE ((t0.CAT_NAME = ?) AND (t1.NROREFERENCIA = t0.ESP_NROREF))
	bind => [Symbian]
[EL Fine]: sql: 2014-10-09 10:12:55.721--ServerSession(1989311583)--Connection(1905800551)--Thread(Thread[AWT-EventQueue-0,6,main])--SELECT NOMBRE, PADRE FROM CATEGORIA WHERE (NOMBRE = ?)
	bind => [Blackberry OS]
[EL Fine]: sql: 2014-10-09 10:12:55.721--ServerSession(1989311583)--Connection(1905800551)--Thread(Thread[AWT-EventQueue-0,6,main])--SELECT t1.NROREFERENCIA, t1.DESCRIPCION, t1.NOMBRE, t1.PRECIO, t1.PROVEEDOR_ID, t0.ESP_NROREF FROM CATEGORIAESPECIFICACIONPROD t0, ESPECIFICACIONPRODUCTO t1 WHERE ((t0.CAT_NAME = ?) AND (t1.NROREFERENCIA = t0.ESP_NROREF))
	bind => [Blackberry OS]
[EL Fine]: sql: 2014-10-09 10:12:55.722--ServerSession(1989311583)--Connection(1905800551)--Thread(Thread[AWT-EventQueue-0,6,main])--SELECT NOMBRE, PADRE FROM CATEGORIA WHERE (NOMBRE = ?)
	bind => [Equipos]
[EL Fine]: sql: 2014-10-09 10:12:55.722--ServerSession(1989311583)--Connection(1905800551)--Thread(Thread[AWT-EventQueue-0,6,main])--SELECT t1.NROREFERENCIA, t1.DESCRIPCION, t1.NOMBRE, t1.PRECIO, t1.PROVEEDOR_ID, t0.ESP_NROREF FROM CATEGORIAESPECIFICACIONPROD t0, ESPECIFICACIONPRODUCTO t1 WHERE ((t0.CAT_NAME = ?) AND (t1.NROREFERENCIA = t0.ESP_NROREF))
	bind => [Equipos]
[EL Fine]: sql: 2014-10-09 10:12:55.723--ServerSession(1989311583)--Connection(1905800551)--Thread(Thread[AWT-EventQueue-0,6,main])--SELECT NOMBRE, PADRE FROM CATEGORIA WHERE (NOMBRE = ?)
	bind => [iPhone]
[EL Fine]: sql: 2014-10-09 10:12:55.724--ServerSession(1989311583)--Connection(1905800551)--Thread(Thread[AWT-EventQueue-0,6,main])--SELECT t1.NROREFERENCIA, t1.DESCRIPCION, t1.NOMBRE, t1.PRECIO, t1.PROVEEDOR_ID, t0.ESP_NROREF FROM CATEGORIAESPECIFICACIONPROD t0, ESPECIFICACIONPRODUCTO t1 WHERE ((t0.CAT_NAME = ?) AND (t1.NROREFERENCIA = t0.ESP_NROREF))
	bind => [iPhone]
[EL Fine]: sql: 2014-10-09 10:12:55.74--ServerSession(1989311583)--Connection(1905800551)--Thread(Thread[AWT-EventQueue-0,6,main])--SELECT t1.NOMBRE, t1.PADRE FROM CATEGORIAESPECIFICACIONPROD t0, CATEGORIA t1 WHERE ((t0.ESP_NROREF = ?) AND (t1.NOMBRE = t0.CAT_NAME))
	bind => [IPH5]
[EL Fine]: sql: 2014-10-09 10:12:55.748--ServerSession(1989311583)--Connection(1905800551)--Thread(Thread[AWT-EventQueue-0,6,main])--SELECT ID, ENORDEN, ID_ESPECIFICO, ESPECIFICACION FROM PRODUCTO WHERE (ESPECIFICACION = ?)
	bind => [IPH5]
[EL Fine]: sql: 2014-10-09 10:12:55.755--ServerSession(1989311583)--Connection(1905800551)--Thread(Thread[AWT-EventQueue-0,6,main])--SELECT t1.NOMBRE, t1.PADRE FROM CATEGORIAESPECIFICACIONPROD t0, CATEGORIA t1 WHERE ((t0.ESP_NROREF = ?) AND (t1.NOMBRE = t0.CAT_NAME))
	bind => [IPH4]
[EL Fine]: sql: 2014-10-09 10:12:55.756--ServerSession(1989311583)--Connection(1905800551)--Thread(Thread[AWT-EventQueue-0,6,main])--SELECT ID, ENORDEN, ID_ESPECIFICO, ESPECIFICACION FROM PRODUCTO WHERE (ESPECIFICACION = ?)
	bind => [IPH4]
[EL Fine]: sql: 2014-10-09 10:12:55.757--ServerSession(1989311583)--Connection(1905800551)--Thread(Thread[AWT-EventQueue-0,6,main])--SELECT NOMBRE, PADRE FROM CATEGORIA WHERE (NOMBRE = ?)
	bind => [Nexus]
[EL Fine]: sql: 2014-10-09 10:12:55.758--ServerSession(1989311583)--Connection(1905800551)--Thread(Thread[AWT-EventQueue-0,6,main])--SELECT t1.NROREFERENCIA, t1.DESCRIPCION, t1.NOMBRE, t1.PRECIO, t1.PROVEEDOR_ID, t0.ESP_NROREF FROM CATEGORIAESPECIFICACIONPROD t0, ESPECIFICACIONPRODUCTO t1 WHERE ((t0.CAT_NAME = ?) AND (t1.NROREFERENCIA = t0.ESP_NROREF))
	bind => [Nexus]
[EL Fine]: sql: 2014-10-09 10:12:55.758--ServerSession(1989311583)--Connection(1905800551)--Thread(Thread[AWT-EventQueue-0,6,main])--SELECT t1.NOMBRE, t1.PADRE FROM CATEGORIAESPECIFICACIONPROD t0, CATEGORIA t1 WHERE ((t0.ESP_NROREF = ?) AND (t1.NOMBRE = t0.CAT_NAME))
	bind => [NEX4]
[EL Fine]: sql: 2014-10-09 10:12:55.759--ServerSession(1989311583)--Connection(1905800551)--Thread(Thread[AWT-EventQueue-0,6,main])--SELECT ID, ENORDEN, ID_ESPECIFICO, ESPECIFICACION FROM PRODUCTO WHERE (ESPECIFICACION = ?)
	bind => [NEX4]
[EL Fine]: sql: 2014-10-09 10:12:55.76--ServerSession(1989311583)--Connection(1905800551)--Thread(Thread[AWT-EventQueue-0,6,main])--SELECT NOMBRE, PADRE FROM CATEGORIA WHERE (NOMBRE = ?)
	bind => [Samsung]
[EL Fine]: sql: 2014-10-09 10:12:55.76--ServerSession(1989311583)--Connection(1905800551)--Thread(Thread[AWT-EventQueue-0,6,main])--SELECT t1.NROREFERENCIA, t1.DESCRIPCION, t1.NOMBRE, t1.PRECIO, t1.PROVEEDOR_ID, t0.ESP_NROREF FROM CATEGORIAESPECIFICACIONPROD t0, ESPECIFICACIONPRODUCTO t1 WHERE ((t0.CAT_NAME = ?) AND (t1.NROREFERENCIA = t0.ESP_NROREF))
	bind => [Samsung]
[EL Fine]: sql: 2014-10-09 10:12:55.761--ServerSession(1989311583)--Connection(1905800551)--Thread(Thread[AWT-EventQueue-0,6,main])--SELECT NOMBRE, PADRE FROM CATEGORIA WHERE (NOMBRE = ?)
	bind => [Galaxy S3]
[EL Fine]: sql: 2014-10-09 10:12:55.762--ServerSession(1989311583)--Connection(1905800551)--Thread(Thread[AWT-EventQueue-0,6,main])--SELECT t1.NROREFERENCIA, t1.DESCRIPCION, t1.NOMBRE, t1.PRECIO, t1.PROVEEDOR_ID, t0.ESP_NROREF FROM CATEGORIAESPECIFICACIONPROD t0, ESPECIFICACIONPRODUCTO t1 WHERE ((t0.CAT_NAME = ?) AND (t1.NROREFERENCIA = t0.ESP_NROREF))
	bind => [Galaxy S3]
[EL Fine]: sql: 2014-10-09 10:12:55.762--ServerSession(1989311583)--Connection(1905800551)--Thread(Thread[AWT-EventQueue-0,6,main])--SELECT t1.NOMBRE, t1.PADRE FROM CATEGORIAESPECIFICACIONPROD t0, CATEGORIA t1 WHERE ((t0.ESP_NROREF = ?) AND (t1.NOMBRE = t0.CAT_NAME))
	bind => [GA3]
[EL Fine]: sql: 2014-10-09 10:12:55.763--ServerSession(1989311583)--Connection(1905800551)--Thread(Thread[AWT-EventQueue-0,6,main])--SELECT ID, ENORDEN, ID_ESPECIFICO, ESPECIFICACION FROM PRODUCTO WHERE (ESPECIFICACION = ?)
	bind => [GA3]
[EL Fine]: sql: 2014-10-09 10:12:55.763--ServerSession(1989311583)--Connection(1905800551)--Thread(Thread[AWT-EventQueue-0,6,main])--SELECT NOMBRE, PADRE FROM CATEGORIA WHERE (NOMBRE = ?)
	bind => [Galaxy S4]
[EL Fine]: sql: 2014-10-09 10:12:55.765--ServerSession(1989311583)--Connection(1905800551)--Thread(Thread[AWT-EventQueue-0,6,main])--SELECT t1.NROREFERENCIA, t1.DESCRIPCION, t1.NOMBRE, t1.PRECIO, t1.PROVEEDOR_ID, t0.ESP_NROREF FROM CATEGORIAESPECIFICACIONPROD t0, ESPECIFICACIONPRODUCTO t1 WHERE ((t0.CAT_NAME = ?) AND (t1.NROREFERENCIA = t0.ESP_NROREF))
	bind => [Galaxy S4]
[EL Fine]: sql: 2014-10-09 10:12:55.766--ServerSession(1989311583)--Connection(1905800551)--Thread(Thread[AWT-EventQueue-0,6,main])--SELECT t1.NOMBRE, t1.PADRE FROM CATEGORIAESPECIFICACIONPROD t0, CATEGORIA t1 WHERE ((t0.ESP_NROREF = ?) AND (t1.NOMBRE = t0.CAT_NAME))
	bind => [GA4]
[EL Fine]: sql: 2014-10-09 10:12:55.766--ServerSession(1989311583)--Connection(1905800551)--Thread(Thread[AWT-EventQueue-0,6,main])--SELECT ID, ENORDEN, ID_ESPECIFICO, ESPECIFICACION FROM PRODUCTO WHERE (ESPECIFICACION = ?)
	bind => [GA4]
[EL Fine]: sql: 2014-10-09 10:12:55.767--ServerSession(1989311583)--Connection(1905800551)--Thread(Thread[AWT-EventQueue-0,6,main])--SELECT NOMBRE, PADRE FROM CATEGORIA WHERE (NOMBRE = ?)
	bind => [Galaxy Ace]
[EL Fine]: sql: 2014-10-09 10:12:55.767--ServerSession(1989311583)--Connection(1905800551)--Thread(Thread[AWT-EventQueue-0,6,main])--SELECT t1.NROREFERENCIA, t1.DESCRIPCION, t1.NOMBRE, t1.PRECIO, t1.PROVEEDOR_ID, t0.ESP_NROREF FROM CATEGORIAESPECIFICACIONPROD t0, ESPECIFICACIONPRODUCTO t1 WHERE ((t0.CAT_NAME = ?) AND (t1.NROREFERENCIA = t0.ESP_NROREF))
	bind => [Galaxy Ace]
[EL Fine]: sql: 2014-10-09 10:12:55.768--ServerSession(1989311583)--Connection(1905800551)--Thread(Thread[AWT-EventQueue-0,6,main])--SELECT t1.NOMBRE, t1.PADRE FROM CATEGORIAESPECIFICACIONPROD t0, CATEGORIA t1 WHERE ((t0.ESP_NROREF = ?) AND (t1.NOMBRE = t0.CAT_NAME))
	bind => [AS5]
[EL Fine]: sql: 2014-10-09 10:12:55.768--ServerSession(1989311583)--Connection(1905800551)--Thread(Thread[AWT-EventQueue-0,6,main])--SELECT ID, ENORDEN, ID_ESPECIFICO, ESPECIFICACION FROM PRODUCTO WHERE (ESPECIFICACION = ?)
	bind => [AS5]
[EL Fine]: sql: 2014-10-09 10:12:55.769--ServerSession(1989311583)--Connection(1905800551)--Thread(Thread[AWT-EventQueue-0,6,main])--SELECT NOMBRE, PADRE FROM CATEGORIA WHERE (NOMBRE = ?)
	bind => [Blackberry]
[EL Fine]: sql: 2014-10-09 10:12:55.77--ServerSession(1989311583)--Connection(1905800551)--Thread(Thread[AWT-EventQueue-0,6,main])--SELECT t1.NROREFERENCIA, t1.DESCRIPCION, t1.NOMBRE, t1.PRECIO, t1.PROVEEDOR_ID, t0.ESP_NROREF FROM CATEGORIAESPECIFICACIONPROD t0, ESPECIFICACIONPRODUCTO t1 WHERE ((t0.CAT_NAME = ?) AND (t1.NROREFERENCIA = t0.ESP_NROREF))
	bind => [Blackberry]
[EL Fine]: sql: 2014-10-09 10:12:55.77--ServerSession(1989311583)--Connection(1905800551)--Thread(Thread[AWT-EventQueue-0,6,main])--SELECT NOMBRE, PADRE FROM CATEGORIA WHERE (NOMBRE = ?)
	bind => [Nokia]
[EL Fine]: sql: 2014-10-09 10:12:55.771--ServerSession(1989311583)--Connection(1905800551)--Thread(Thread[AWT-EventQueue-0,6,main])--SELECT t1.NROREFERENCIA, t1.DESCRIPCION, t1.NOMBRE, t1.PRECIO, t1.PROVEEDOR_ID, t0.ESP_NROREF FROM CATEGORIAESPECIFICACIONPROD t0, ESPECIFICACIONPRODUCTO t1 WHERE ((t0.CAT_NAME = ?) AND (t1.NROREFERENCIA = t0.ESP_NROREF))
	bind => [Nokia]
[EL Fine]: sql: 2014-10-09 10:12:55.771--ServerSession(1989311583)--Connection(1905800551)--Thread(Thread[AWT-EventQueue-0,6,main])--SELECT NOMBRE, PADRE FROM CATEGORIA WHERE (NOMBRE = ?)
	bind => [Accesorios]
[EL Fine]: sql: 2014-10-09 10:12:55.772--ServerSession(1989311583)--Connection(1905800551)--Thread(Thread[AWT-EventQueue-0,6,main])--SELECT t1.NROREFERENCIA, t1.DESCRIPCION, t1.NOMBRE, t1.PRECIO, t1.PROVEEDOR_ID, t0.ESP_NROREF FROM CATEGORIAESPECIFICACIONPROD t0, ESPECIFICACIONPRODUCTO t1 WHERE ((t0.CAT_NAME = ?) AND (t1.NROREFERENCIA = t0.ESP_NROREF))
	bind => [Accesorios]
[EL Fine]: sql: 2014-10-09 10:12:55.782--ServerSession(1989311583)--Connection(1905800551)--Thread(Thread[AWT-EventQueue-0,6,main])--SELECT NOMBRE, PADRE FROM CATEGORIA WHERE (NOMBRE = ?)
	bind => [Protectores]
[EL Fine]: sql: 2014-10-09 10:12:55.788--ServerSession(1989311583)--Connection(1905800551)--Thread(Thread[AWT-EventQueue-0,6,main])--SELECT t1.NROREFERENCIA, t1.DESCRIPCION, t1.NOMBRE, t1.PRECIO, t1.PROVEEDOR_ID, t0.ESP_NROREF FROM CATEGORIAESPECIFICACIONPROD t0, ESPECIFICACIONPRODUCTO t1 WHERE ((t0.CAT_NAME = ?) AND (t1.NROREFERENCIA = t0.ESP_NROREF))
	bind => [Protectores]
[EL Fine]: sql: 2014-10-09 10:12:55.796--ServerSession(1989311583)--Connection(1905800551)--Thread(Thread[AWT-EventQueue-0,6,main])--SELECT NOMBRE, PADRE FROM CATEGORIA WHERE (NOMBRE = ?)
	bind => [Baterías]
[EL Fine]: sql: 2014-10-09 10:12:55.804--ServerSession(1989311583)--Connection(1905800551)--Thread(Thread[AWT-EventQueue-0,6,main])--SELECT t1.NROREFERENCIA, t1.DESCRIPCION, t1.NOMBRE, t1.PRECIO, t1.PROVEEDOR_ID, t0.ESP_NROREF FROM CATEGORIAESPECIFICACIONPROD t0, ESPECIFICACIONPRODUCTO t1 WHERE ((t0.CAT_NAME = ?) AND (t1.NROREFERENCIA = t0.ESP_NROREF))
	bind => [Baterías]
[EL Fine]: sql: 2014-10-09 10:12:55.808--ServerSession(1989311583)--Connection(1905800551)--Thread(Thread[AWT-EventQueue-0,6,main])--SELECT NOMBRE, PADRE FROM CATEGORIA WHERE (NOMBRE = ?)
	bind => [Apple]
[EL Fine]: sql: 2014-10-09 10:12:55.81--ServerSession(1989311583)--Connection(1905800551)--Thread(Thread[AWT-EventQueue-0,6,main])--SELECT t1.NROREFERENCIA, t1.DESCRIPCION, t1.NOMBRE, t1.PRECIO, t1.PROVEEDOR_ID, t0.ESP_NROREF FROM CATEGORIAESPECIFICACIONPROD t0, ESPECIFICACIONPRODUCTO t1 WHERE ((t0.CAT_NAME = ?) AND (t1.NROREFERENCIA = t0.ESP_NROREF))
	bind => [Apple]
[EL Fine]: sql: 2014-10-09 10:12:55.811--ServerSession(1989311583)--Connection(1905800551)--Thread(Thread[AWT-EventQueue-0,6,main])--SELECT t1.NOMBRE, t1.PADRE FROM CATEGORIAESPECIFICACIONPROD t0, CATEGORIA t1 WHERE ((t0.ESP_NROREF = ?) AND (t1.NOMBRE = t0.CAT_NAME))
	bind => [IPH5]
[EL Fine]: sql: 2014-10-09 10:12:55.811--ServerSession(1989311583)--Connection(1905800551)--Thread(Thread[AWT-EventQueue-0,6,main])--SELECT ID, ENORDEN, ID_ESPECIFICO, ESPECIFICACION FROM PRODUCTO WHERE (ESPECIFICACION = ?)
	bind => [IPH5]
[EL Fine]: sql: 2014-10-09 10:12:55.812--ServerSession(1989311583)--Connection(1905800551)--Thread(Thread[AWT-EventQueue-0,6,main])--SELECT t1.NOMBRE, t1.PADRE FROM CATEGORIAESPECIFICACIONPROD t0, CATEGORIA t1 WHERE ((t0.ESP_NROREF = ?) AND (t1.NOMBRE = t0.CAT_NAME))
	bind => [IPH4]
[EL Fine]: sql: 2014-10-09 10:12:55.814--ServerSession(1989311583)--Connection(1905800551)--Thread(Thread[AWT-EventQueue-0,6,main])--SELECT ID, ENORDEN, ID_ESPECIFICO, ESPECIFICACION FROM PRODUCTO WHERE (ESPECIFICACION = ?)
	bind => [IPH4]
[EL Fine]: sql: 2014-10-09 10:12:55.815--ServerSession(1989311583)--Connection(1905800551)--Thread(Thread[AWT-EventQueue-0,6,main])--SELECT NOMBRE, PADRE FROM CATEGORIA WHERE (NOMBRE = ?)
	bind => [Videojuegos]
[EL Fine]: sql: 2014-10-09 10:12:55.815--ServerSession(1989311583)--Connection(1905800551)--Thread(Thread[AWT-EventQueue-0,6,main])--SELECT t1.NROREFERENCIA, t1.DESCRIPCION, t1.NOMBRE, t1.PRECIO, t1.PROVEEDOR_ID, t0.ESP_NROREF FROM CATEGORIAESPECIFICACIONPROD t0, ESPECIFICACIONPRODUCTO t1 WHERE ((t0.CAT_NAME = ?) AND (t1.NROREFERENCIA = t0.ESP_NROREF))
	bind => [Videojuegos]
[EL Fine]: sql: 2014-10-09 10:12:55.816--ServerSession(1989311583)--Connection(1905800551)--Thread(Thread[AWT-EventQueue-0,6,main])--SELECT NOMBRE, PADRE FROM CATEGORIA WHERE (NOMBRE = ?)
	bind => [Playstation]
[EL Fine]: sql: 2014-10-09 10:12:55.817--ServerSession(1989311583)--Connection(1905800551)--Thread(Thread[AWT-EventQueue-0,6,main])--SELECT t1.NROREFERENCIA, t1.DESCRIPCION, t1.NOMBRE, t1.PRECIO, t1.PROVEEDOR_ID, t0.ESP_NROREF FROM CATEGORIAESPECIFICACIONPROD t0, ESPECIFICACIONPRODUCTO t1 WHERE ((t0.CAT_NAME = ?) AND (t1.NROREFERENCIA = t0.ESP_NROREF))
	bind => [Playstation]
[EL Fine]: sql: 2014-10-09 10:12:55.817--ServerSession(1989311583)--Connection(1905800551)--Thread(Thread[AWT-EventQueue-0,6,main])--SELECT NOMBRE, PADRE FROM CATEGORIA WHERE (NOMBRE = ?)
	bind => [Xbox]
[EL Fine]: sql: 2014-10-09 10:12:55.817--ServerSession(1989311583)--Connection(1905800551)--Thread(Thread[AWT-EventQueue-0,6,main])--SELECT t1.NROREFERENCIA, t1.DESCRIPCION, t1.NOMBRE, t1.PRECIO, t1.PROVEEDOR_ID, t0.ESP_NROREF FROM CATEGORIAESPECIFICACIONPROD t0, ESPECIFICACIONPRODUCTO t1 WHERE ((t0.CAT_NAME = ?) AND (t1.NROREFERENCIA = t0.ESP_NROREF))
	bind => [Xbox]
[EL Fine]: sql: 2014-10-09 10:12:55.818--ServerSession(1989311583)--Connection(1905800551)--Thread(Thread[AWT-EventQueue-0,6,main])--SELECT NOMBRE, PADRE FROM CATEGORIA
[EL Fine]: sql: 2014-10-09 10:12:55.82--ClientSession(343425280)--Connection(1905800551)--Thread(Thread[AWT-EventQueue-0,6,main])--INSERT INTO ESPECIFICACIONPRODUCTO (NROREFERENCIA, DESCRIPCION, NOMBRE, PRECIO, PROVEEDOR_ID) VALUES (?, ?, ?, ?, ?)
	bind => [PCG, Asombroso protector de cuero para Samsung Galaxy I900, Protector de cuero para Galaxy, 3.5, Eddy]
[EL Fine]: sql: 2014-10-09 10:12:55.821--ClientSession(343425280)--Connection(1905800551)--Thread(Thread[AWT-EventQueue-0,6,main])--INSERT INTO PRODUCTO (ENORDEN, ID_ESPECIFICO, ESPECIFICACION) VALUES (?, ?, ?)
	bind => [false, null, PCG]
[EL Fine]: sql: 2014-10-09 10:12:55.822--ClientSession(343425280)--Connection(1905800551)--Thread(Thread[AWT-EventQueue-0,6,main])--CALL IDENTITY()
[EL Fine]: sql: 2014-10-09 10:12:55.822--ClientSession(343425280)--Connection(1905800551)--Thread(Thread[AWT-EventQueue-0,6,main])--INSERT INTO PRODUCTO (ENORDEN, ID_ESPECIFICO, ESPECIFICACION) VALUES (?, ?, ?)
	bind => [false, null, PCG]
[EL Fine]: sql: 2014-10-09 10:12:55.822--ClientSession(343425280)--Connection(1905800551)--Thread(Thread[AWT-EventQueue-0,6,main])--CALL IDENTITY()
[EL Fine]: sql: 2014-10-09 10:12:55.823--ClientSession(343425280)--Connection(1905800551)--Thread(Thread[AWT-EventQueue-0,6,main])--INSERT INTO PRODUCTO (ENORDEN, ID_ESPECIFICO, ESPECIFICACION) VALUES (?, ?, ?)
	bind => [false, null, PCG]
[EL Fine]: sql: 2014-10-09 10:12:55.823--ClientSession(343425280)--Connection(1905800551)--Thread(Thread[AWT-EventQueue-0,6,main])--CALL IDENTITY()
[EL Fine]: sql: 2014-10-09 10:12:55.823--ClientSession(343425280)--Connection(1905800551)--Thread(Thread[AWT-EventQueue-0,6,main])--INSERT INTO PRODUCTO (ENORDEN, ID_ESPECIFICO, ESPECIFICACION) VALUES (?, ?, ?)
	bind => [false, null, PCG]
[EL Fine]: sql: 2014-10-09 10:12:55.823--ClientSession(343425280)--Connection(1905800551)--Thread(Thread[AWT-EventQueue-0,6,main])--CALL IDENTITY()
[EL Fine]: sql: 2014-10-09 10:12:55.824--ClientSession(343425280)--Connection(1905800551)--Thread(Thread[AWT-EventQueue-0,6,main])--INSERT INTO PRODUCTO (ENORDEN, ID_ESPECIFICO, ESPECIFICACION) VALUES (?, ?, ?)
	bind => [false, null, PCG]
[EL Fine]: sql: 2014-10-09 10:12:55.831--ClientSession(343425280)--Connection(1905800551)--Thread(Thread[AWT-EventQueue-0,6,main])--CALL IDENTITY()
[EL Fine]: sql: 2014-10-09 10:12:55.831--ClientSession(343425280)--Connection(1905800551)--Thread(Thread[AWT-EventQueue-0,6,main])--INSERT INTO PRODUCTO (ENORDEN, ID_ESPECIFICO, ESPECIFICACION) VALUES (?, ?, ?)
	bind => [false, null, PCG]
[EL Fine]: sql: 2014-10-09 10:12:55.831--ClientSession(343425280)--Connection(1905800551)--Thread(Thread[AWT-EventQueue-0,6,main])--CALL IDENTITY()
[EL Fine]: sql: 2014-10-09 10:12:55.832--ClientSession(343425280)--Connection(1905800551)--Thread(Thread[AWT-EventQueue-0,6,main])--INSERT INTO PRODUCTO (ENORDEN, ID_ESPECIFICO, ESPECIFICACION) VALUES (?, ?, ?)
	bind => [false, null, PCG]
[EL Fine]: sql: 2014-10-09 10:12:55.84--ClientSession(343425280)--Connection(1905800551)--Thread(Thread[AWT-EventQueue-0,6,main])--CALL IDENTITY()
[EL Fine]: sql: 2014-10-09 10:12:55.84--ClientSession(343425280)--Connection(1905800551)--Thread(Thread[AWT-EventQueue-0,6,main])--INSERT INTO PRODUCTO (ENORDEN, ID_ESPECIFICO, ESPECIFICACION) VALUES (?, ?, ?)
	bind => [false, null, PCG]
[EL Fine]: sql: 2014-10-09 10:12:55.841--ClientSession(343425280)--Connection(1905800551)--Thread(Thread[AWT-EventQueue-0,6,main])--CALL IDENTITY()
[EL Fine]: sql: 2014-10-09 10:12:55.841--ClientSession(343425280)--Connection(1905800551)--Thread(Thread[AWT-EventQueue-0,6,main])--INSERT INTO PRODUCTO (ENORDEN, ID_ESPECIFICO, ESPECIFICACION) VALUES (?, ?, ?)
	bind => [false, null, PCG]
[EL Fine]: sql: 2014-10-09 10:12:55.841--ClientSession(343425280)--Connection(1905800551)--Thread(Thread[AWT-EventQueue-0,6,main])--CALL IDENTITY()
[EL Fine]: sql: 2014-10-09 10:12:55.841--ClientSession(343425280)--Connection(1905800551)--Thread(Thread[AWT-EventQueue-0,6,main])--INSERT INTO PRODUCTO (ENORDEN, ID_ESPECIFICO, ESPECIFICACION) VALUES (?, ?, ?)
	bind => [false, null, PCG]
[EL Fine]: sql: 2014-10-09 10:12:55.842--ClientSession(343425280)--Connection(1905800551)--Thread(Thread[AWT-EventQueue-0,6,main])--CALL IDENTITY()
[EL Fine]: sql: 2014-10-09 10:12:55.842--ClientSession(343425280)--Connection(1905800551)--Thread(Thread[AWT-EventQueue-0,6,main])--INSERT INTO ESPECIFICACIONES (ESPPRID, VALOR, NOMBRE) VALUES (?, ?, ?)
	bind => [PCG, 44 g, Peso]
[EL Fine]: sql: 2014-10-09 10:12:55.842--ClientSession(343425280)--Connection(1905800551)--Thread(Thread[AWT-EventQueue-0,6,main])--INSERT INTO ESPECIFICACIONES (ESPPRID, VALOR, NOMBRE) VALUES (?, ?, ?)
	bind => [PCG, 12.5 cm x 6.7 cm x 2.0 cm, Dimensiones]
[EL Fine]: sql: 2014-10-09 10:12:55.842--ClientSession(343425280)--Connection(1905800551)--Thread(Thread[AWT-EventQueue-0,6,main])--INSERT INTO CATEGORIAESPECIFICACIONPROD (CAT_NAME, ESP_NROREF) VALUES (?, ?)
	bind => [Protectores, PCG]
[EL Fine]: sql: 2014-10-09 10:12:55.844--ServerSession(1989311583)--Connection(1905800551)--Thread(Thread[AWT-EventQueue-0,6,main])--SELECT NROREFERENCIA, DESCRIPCION, NOMBRE, PRECIO, PROVEEDOR_ID FROM ESPECIFICACIONPRODUCTO
[EL Fine]: sql: 2014-10-09 10:12:55.844--ServerSession(1989311583)--Connection(1905800551)--Thread(Thread[AWT-EventQueue-0,6,main])--SELECT NOMBRE, PADRE FROM CATEGORIA
[EL Fine]: sql: 2014-10-09 10:12:55.845--ServerSession(1989311583)--Connection(1905800551)--Thread(Thread[AWT-EventQueue-0,6,main])--SELECT NOMBRE, PADRE FROM CATEGORIA WHERE (NOMBRE = ?)
	bind => [Celulares]
[EL Fine]: sql: 2014-10-09 10:12:55.845--ServerSession(1989311583)--Connection(1905800551)--Thread(Thread[AWT-EventQueue-0,6,main])--SELECT t1.NROREFERENCIA, t1.DESCRIPCION, t1.NOMBRE, t1.PRECIO, t1.PROVEEDOR_ID, t0.ESP_NROREF FROM CATEGORIAESPECIFICACIONPROD t0, ESPECIFICACIONPRODUCTO t1 WHERE ((t0.CAT_NAME = ?) AND (t1.NROREFERENCIA = t0.ESP_NROREF))
	bind => [Celulares]
[EL Fine]: sql: 2014-10-09 10:12:55.846--ServerSession(1989311583)--Connection(1905800551)--Thread(Thread[AWT-EventQueue-0,6,main])--SELECT NOMBRE, PADRE FROM CATEGORIA WHERE (NOMBRE = ?)
	bind => [Sistemas Operativos]
[EL Fine]: sql: 2014-10-09 10:12:55.847--ServerSession(1989311583)--Connection(1905800551)--Thread(Thread[AWT-EventQueue-0,6,main])--SELECT t1.NROREFERENCIA, t1.DESCRIPCION, t1.NOMBRE, t1.PRECIO, t1.PROVEEDOR_ID, t0.ESP_NROREF FROM CATEGORIAESPECIFICACIONPROD t0, ESPECIFICACIONPRODUCTO t1 WHERE ((t0.CAT_NAME = ?) AND (t1.NROREFERENCIA = t0.ESP_NROREF))
	bind => [Sistemas Operativos]
[EL Fine]: sql: 2014-10-09 10:12:55.847--ServerSession(1989311583)--Connection(1905800551)--Thread(Thread[AWT-EventQueue-0,6,main])--SELECT NOMBRE, PADRE FROM CATEGORIA WHERE (NOMBRE = ?)
	bind => [iOS]
[EL Fine]: sql: 2014-10-09 10:12:55.848--ServerSession(1989311583)--Connection(1905800551)--Thread(Thread[AWT-EventQueue-0,6,main])--SELECT t1.NROREFERENCIA, t1.DESCRIPCION, t1.NOMBRE, t1.PRECIO, t1.PROVEEDOR_ID, t0.ESP_NROREF FROM CATEGORIAESPECIFICACIONPROD t0, ESPECIFICACIONPRODUCTO t1 WHERE ((t0.CAT_NAME = ?) AND (t1.NROREFERENCIA = t0.ESP_NROREF))
	bind => [iOS]
[EL Fine]: sql: 2014-10-09 10:12:55.848--ServerSession(1989311583)--Connection(1905800551)--Thread(Thread[AWT-EventQueue-0,6,main])--SELECT t1.NOMBRE, t1.PADRE FROM CATEGORIAESPECIFICACIONPROD t0, CATEGORIA t1 WHERE ((t0.ESP_NROREF = ?) AND (t1.NOMBRE = t0.CAT_NAME))
	bind => [IPH5]
[EL Fine]: sql: 2014-10-09 10:12:55.849--ServerSession(1989311583)--Connection(1905800551)--Thread(Thread[AWT-EventQueue-0,6,main])--SELECT ID, ENORDEN, ID_ESPECIFICO, ESPECIFICACION FROM PRODUCTO WHERE (ESPECIFICACION = ?)
	bind => [IPH5]
[EL Fine]: sql: 2014-10-09 10:12:55.85--ServerSession(1989311583)--Connection(1905800551)--Thread(Thread[AWT-EventQueue-0,6,main])--SELECT t1.NOMBRE, t1.PADRE FROM CATEGORIAESPECIFICACIONPROD t0, CATEGORIA t1 WHERE ((t0.ESP_NROREF = ?) AND (t1.NOMBRE = t0.CAT_NAME))
	bind => [IPH4]
[EL Fine]: sql: 2014-10-09 10:12:55.85--ServerSession(1989311583)--Connection(1905800551)--Thread(Thread[AWT-EventQueue-0,6,main])--SELECT ID, ENORDEN, ID_ESPECIFICO, ESPECIFICACION FROM PRODUCTO WHERE (ESPECIFICACION = ?)
	bind => [IPH4]
[EL Fine]: sql: 2014-10-09 10:12:55.851--ServerSession(1989311583)--Connection(1905800551)--Thread(Thread[AWT-EventQueue-0,6,main])--SELECT NOMBRE, PADRE FROM CATEGORIA WHERE (NOMBRE = ?)
	bind => [Android]
[EL Fine]: sql: 2014-10-09 10:12:55.852--ServerSession(1989311583)--Connection(1905800551)--Thread(Thread[AWT-EventQueue-0,6,main])--SELECT t1.NROREFERENCIA, t1.DESCRIPCION, t1.NOMBRE, t1.PRECIO, t1.PROVEEDOR_ID, t0.ESP_NROREF FROM CATEGORIAESPECIFICACIONPROD t0, ESPECIFICACIONPRODUCTO t1 WHERE ((t0.CAT_NAME = ?) AND (t1.NROREFERENCIA = t0.ESP_NROREF))
	bind => [Android]
[EL Fine]: sql: 2014-10-09 10:12:55.853--ServerSession(1989311583)--Connection(1905800551)--Thread(Thread[AWT-EventQueue-0,6,main])--SELECT t1.NOMBRE, t1.PADRE FROM CATEGORIAESPECIFICACIONPROD t0, CATEGORIA t1 WHERE ((t0.ESP_NROREF = ?) AND (t1.NOMBRE = t0.CAT_NAME))
	bind => [NEX4]
[EL Fine]: sql: 2014-10-09 10:12:55.853--ServerSession(1989311583)--Connection(1905800551)--Thread(Thread[AWT-EventQueue-0,6,main])--SELECT ID, ENORDEN, ID_ESPECIFICO, ESPECIFICACION FROM PRODUCTO WHERE (ESPECIFICACION = ?)
	bind => [NEX4]
[EL Fine]: sql: 2014-10-09 10:12:55.854--ServerSession(1989311583)--Connection(1905800551)--Thread(Thread[AWT-EventQueue-0,6,main])--SELECT t1.NOMBRE, t1.PADRE FROM CATEGORIAESPECIFICACIONPROD t0, CATEGORIA t1 WHERE ((t0.ESP_NROREF = ?) AND (t1.NOMBRE = t0.CAT_NAME))
	bind => [GA3]
[EL Fine]: sql: 2014-10-09 10:12:55.854--ServerSession(1989311583)--Connection(1905800551)--Thread(Thread[AWT-EventQueue-0,6,main])--SELECT ID, ENORDEN, ID_ESPECIFICO, ESPECIFICACION FROM PRODUCTO WHERE (ESPECIFICACION = ?)
	bind => [GA3]
[EL Fine]: sql: 2014-10-09 10:12:55.855--ServerSession(1989311583)--Connection(1905800551)--Thread(Thread[AWT-EventQueue-0,6,main])--SELECT t1.NOMBRE, t1.PADRE FROM CATEGORIAESPECIFICACIONPROD t0, CATEGORIA t1 WHERE ((t0.ESP_NROREF = ?) AND (t1.NOMBRE = t0.CAT_NAME))
	bind => [GA4]
[EL Fine]: sql: 2014-10-09 10:12:55.855--ServerSession(1989311583)--Connection(1905800551)--Thread(Thread[AWT-EventQueue-0,6,main])--SELECT ID, ENORDEN, ID_ESPECIFICO, ESPECIFICACION FROM PRODUCTO WHERE (ESPECIFICACION = ?)
	bind => [GA4]
[EL Fine]: sql: 2014-10-09 10:12:55.856--ServerSession(1989311583)--Connection(1905800551)--Thread(Thread[AWT-EventQueue-0,6,main])--SELECT t1.NOMBRE, t1.PADRE FROM CATEGORIAESPECIFICACIONPROD t0, CATEGORIA t1 WHERE ((t0.ESP_NROREF = ?) AND (t1.NOMBRE = t0.CAT_NAME))
	bind => [AS5]
[EL Fine]: sql: 2014-10-09 10:12:55.856--ServerSession(1989311583)--Connection(1905800551)--Thread(Thread[AWT-EventQueue-0,6,main])--SELECT ID, ENORDEN, ID_ESPECIFICO, ESPECIFICACION FROM PRODUCTO WHERE (ESPECIFICACION = ?)
	bind => [AS5]
[EL Fine]: sql: 2014-10-09 10:12:55.857--ServerSession(1989311583)--Connection(1905800551)--Thread(Thread[AWT-EventQueue-0,6,main])--SELECT NOMBRE, PADRE FROM CATEGORIA WHERE (NOMBRE = ?)
	bind => [Windows Phone]
[EL Fine]: sql: 2014-10-09 10:12:55.857--ServerSession(1989311583)--Connection(1905800551)--Thread(Thread[AWT-EventQueue-0,6,main])--SELECT t1.NROREFERENCIA, t1.DESCRIPCION, t1.NOMBRE, t1.PRECIO, t1.PROVEEDOR_ID, t0.ESP_NROREF FROM CATEGORIAESPECIFICACIONPROD t0, ESPECIFICACIONPRODUCTO t1 WHERE ((t0.CAT_NAME = ?) AND (t1.NROREFERENCIA = t0.ESP_NROREF))
	bind => [Windows Phone]
[EL Fine]: sql: 2014-10-09 10:12:55.858--ServerSession(1989311583)--Connection(1905800551)--Thread(Thread[AWT-EventQueue-0,6,main])--SELECT NOMBRE, PADRE FROM CATEGORIA WHERE (NOMBRE = ?)
	bind => [Symbian]
[EL Fine]: sql: 2014-10-09 10:12:55.858--ServerSession(1989311583)--Connection(1905800551)--Thread(Thread[AWT-EventQueue-0,6,main])--SELECT t1.NROREFERENCIA, t1.DESCRIPCION, t1.NOMBRE, t1.PRECIO, t1.PROVEEDOR_ID, t0.ESP_NROREF FROM CATEGORIAESPECIFICACIONPROD t0, ESPECIFICACIONPRODUCTO t1 WHERE ((t0.CAT_NAME = ?) AND (t1.NROREFERENCIA = t0.ESP_NROREF))
	bind => [Symbian]
[EL Fine]: sql: 2014-10-09 10:12:55.858--ServerSession(1989311583)--Connection(1905800551)--Thread(Thread[AWT-EventQueue-0,6,main])--SELECT NOMBRE, PADRE FROM CATEGORIA WHERE (NOMBRE = ?)
	bind => [Blackberry OS]
[EL Fine]: sql: 2014-10-09 10:12:55.859--ServerSession(1989311583)--Connection(1905800551)--Thread(Thread[AWT-EventQueue-0,6,main])--SELECT t1.NROREFERENCIA, t1.DESCRIPCION, t1.NOMBRE, t1.PRECIO, t1.PROVEEDOR_ID, t0.ESP_NROREF FROM CATEGORIAESPECIFICACIONPROD t0, ESPECIFICACIONPRODUCTO t1 WHERE ((t0.CAT_NAME = ?) AND (t1.NROREFERENCIA = t0.ESP_NROREF))
	bind => [Blackberry OS]
[EL Fine]: sql: 2014-10-09 10:12:55.859--ServerSession(1989311583)--Connection(1905800551)--Thread(Thread[AWT-EventQueue-0,6,main])--SELECT NOMBRE, PADRE FROM CATEGORIA WHERE (NOMBRE = ?)
	bind => [Equipos]
[EL Fine]: sql: 2014-10-09 10:12:55.859--ServerSession(1989311583)--Connection(1905800551)--Thread(Thread[AWT-EventQueue-0,6,main])--SELECT t1.NROREFERENCIA, t1.DESCRIPCION, t1.NOMBRE, t1.PRECIO, t1.PROVEEDOR_ID, t0.ESP_NROREF FROM CATEGORIAESPECIFICACIONPROD t0, ESPECIFICACIONPRODUCTO t1 WHERE ((t0.CAT_NAME = ?) AND (t1.NROREFERENCIA = t0.ESP_NROREF))
	bind => [Equipos]
[EL Fine]: sql: 2014-10-09 10:12:55.86--ServerSession(1989311583)--Connection(1905800551)--Thread(Thread[AWT-EventQueue-0,6,main])--SELECT NOMBRE, PADRE FROM CATEGORIA WHERE (NOMBRE = ?)
	bind => [iPhone]
[EL Fine]: sql: 2014-10-09 10:12:55.86--ServerSession(1989311583)--Connection(1905800551)--Thread(Thread[AWT-EventQueue-0,6,main])--SELECT t1.NROREFERENCIA, t1.DESCRIPCION, t1.NOMBRE, t1.PRECIO, t1.PROVEEDOR_ID, t0.ESP_NROREF FROM CATEGORIAESPECIFICACIONPROD t0, ESPECIFICACIONPRODUCTO t1 WHERE ((t0.CAT_NAME = ?) AND (t1.NROREFERENCIA = t0.ESP_NROREF))
	bind => [iPhone]
[EL Fine]: sql: 2014-10-09 10:12:55.866--ServerSession(1989311583)--Connection(1905800551)--Thread(Thread[AWT-EventQueue-0,6,main])--SELECT t1.NOMBRE, t1.PADRE FROM CATEGORIAESPECIFICACIONPROD t0, CATEGORIA t1 WHERE ((t0.ESP_NROREF = ?) AND (t1.NOMBRE = t0.CAT_NAME))
	bind => [IPH5]
[EL Fine]: sql: 2014-10-09 10:12:55.866--ServerSession(1989311583)--Connection(1905800551)--Thread(Thread[AWT-EventQueue-0,6,main])--SELECT ID, ENORDEN, ID_ESPECIFICO, ESPECIFICACION FROM PRODUCTO WHERE (ESPECIFICACION = ?)
	bind => [IPH5]
[EL Fine]: sql: 2014-10-09 10:12:55.867--ServerSession(1989311583)--Connection(1905800551)--Thread(Thread[AWT-EventQueue-0,6,main])--SELECT t1.NOMBRE, t1.PADRE FROM CATEGORIAESPECIFICACIONPROD t0, CATEGORIA t1 WHERE ((t0.ESP_NROREF = ?) AND (t1.NOMBRE = t0.CAT_NAME))
	bind => [IPH4]
[EL Fine]: sql: 2014-10-09 10:12:55.868--ServerSession(1989311583)--Connection(1905800551)--Thread(Thread[AWT-EventQueue-0,6,main])--SELECT ID, ENORDEN, ID_ESPECIFICO, ESPECIFICACION FROM PRODUCTO WHERE (ESPECIFICACION = ?)
	bind => [IPH4]
[EL Fine]: sql: 2014-10-09 10:12:55.869--ServerSession(1989311583)--Connection(1905800551)--Thread(Thread[AWT-EventQueue-0,6,main])--SELECT NOMBRE, PADRE FROM CATEGORIA WHERE (NOMBRE = ?)
	bind => [Nexus]
[EL Fine]: sql: 2014-10-09 10:12:55.869--ServerSession(1989311583)--Connection(1905800551)--Thread(Thread[AWT-EventQueue-0,6,main])--SELECT t1.NROREFERENCIA, t1.DESCRIPCION, t1.NOMBRE, t1.PRECIO, t1.PROVEEDOR_ID, t0.ESP_NROREF FROM CATEGORIAESPECIFICACIONPROD t0, ESPECIFICACIONPRODUCTO t1 WHERE ((t0.CAT_NAME = ?) AND (t1.NROREFERENCIA = t0.ESP_NROREF))
	bind => [Nexus]
[EL Fine]: sql: 2014-10-09 10:12:55.87--ServerSession(1989311583)--Connection(1905800551)--Thread(Thread[AWT-EventQueue-0,6,main])--SELECT t1.NOMBRE, t1.PADRE FROM CATEGORIAESPECIFICACIONPROD t0, CATEGORIA t1 WHERE ((t0.ESP_NROREF = ?) AND (t1.NOMBRE = t0.CAT_NAME))
	bind => [NEX4]
[EL Fine]: sql: 2014-10-09 10:12:55.87--ServerSession(1989311583)--Connection(1905800551)--Thread(Thread[AWT-EventQueue-0,6,main])--SELECT ID, ENORDEN, ID_ESPECIFICO, ESPECIFICACION FROM PRODUCTO WHERE (ESPECIFICACION = ?)
	bind => [NEX4]
[EL Fine]: sql: 2014-10-09 10:12:55.871--ServerSession(1989311583)--Connection(1905800551)--Thread(Thread[AWT-EventQueue-0,6,main])--SELECT NOMBRE, PADRE FROM CATEGORIA WHERE (NOMBRE = ?)
	bind => [Samsung]
[EL Fine]: sql: 2014-10-09 10:12:55.872--ServerSession(1989311583)--Connection(1905800551)--Thread(Thread[AWT-EventQueue-0,6,main])--SELECT t1.NROREFERENCIA, t1.DESCRIPCION, t1.NOMBRE, t1.PRECIO, t1.PROVEEDOR_ID, t0.ESP_NROREF FROM CATEGORIAESPECIFICACIONPROD t0, ESPECIFICACIONPRODUCTO t1 WHERE ((t0.CAT_NAME = ?) AND (t1.NROREFERENCIA = t0.ESP_NROREF))
	bind => [Samsung]
[EL Fine]: sql: 2014-10-09 10:12:55.872--ServerSession(1989311583)--Connection(1905800551)--Thread(Thread[AWT-EventQueue-0,6,main])--SELECT NOMBRE, PADRE FROM CATEGORIA WHERE (NOMBRE = ?)
	bind => [Galaxy S3]
[EL Fine]: sql: 2014-10-09 10:12:55.873--ServerSession(1989311583)--Connection(1905800551)--Thread(Thread[AWT-EventQueue-0,6,main])--SELECT t1.NROREFERENCIA, t1.DESCRIPCION, t1.NOMBRE, t1.PRECIO, t1.PROVEEDOR_ID, t0.ESP_NROREF FROM CATEGORIAESPECIFICACIONPROD t0, ESPECIFICACIONPRODUCTO t1 WHERE ((t0.CAT_NAME = ?) AND (t1.NROREFERENCIA = t0.ESP_NROREF))
	bind => [Galaxy S3]
[EL Fine]: sql: 2014-10-09 10:12:55.873--ServerSession(1989311583)--Connection(1905800551)--Thread(Thread[AWT-EventQueue-0,6,main])--SELECT t1.NOMBRE, t1.PADRE FROM CATEGORIAESPECIFICACIONPROD t0, CATEGORIA t1 WHERE ((t0.ESP_NROREF = ?) AND (t1.NOMBRE = t0.CAT_NAME))
	bind => [GA3]
[EL Fine]: sql: 2014-10-09 10:12:55.873--ServerSession(1989311583)--Connection(1905800551)--Thread(Thread[AWT-EventQueue-0,6,main])--SELECT ID, ENORDEN, ID_ESPECIFICO, ESPECIFICACION FROM PRODUCTO WHERE (ESPECIFICACION = ?)
	bind => [GA3]
[EL Fine]: sql: 2014-10-09 10:12:55.875--ServerSession(1989311583)--Connection(1905800551)--Thread(Thread[AWT-EventQueue-0,6,main])--SELECT NOMBRE, PADRE FROM CATEGORIA WHERE (NOMBRE = ?)
	bind => [Galaxy S4]
[EL Fine]: sql: 2014-10-09 10:12:55.875--ServerSession(1989311583)--Connection(1905800551)--Thread(Thread[AWT-EventQueue-0,6,main])--SELECT t1.NROREFERENCIA, t1.DESCRIPCION, t1.NOMBRE, t1.PRECIO, t1.PROVEEDOR_ID, t0.ESP_NROREF FROM CATEGORIAESPECIFICACIONPROD t0, ESPECIFICACIONPRODUCTO t1 WHERE ((t0.CAT_NAME = ?) AND (t1.NROREFERENCIA = t0.ESP_NROREF))
	bind => [Galaxy S4]
[EL Fine]: sql: 2014-10-09 10:12:55.876--ServerSession(1989311583)--Connection(1905800551)--Thread(Thread[AWT-EventQueue-0,6,main])--SELECT t1.NOMBRE, t1.PADRE FROM CATEGORIAESPECIFICACIONPROD t0, CATEGORIA t1 WHERE ((t0.ESP_NROREF = ?) AND (t1.NOMBRE = t0.CAT_NAME))
	bind => [GA4]
[EL Fine]: sql: 2014-10-09 10:12:55.876--ServerSession(1989311583)--Connection(1905800551)--Thread(Thread[AWT-EventQueue-0,6,main])--SELECT ID, ENORDEN, ID_ESPECIFICO, ESPECIFICACION FROM PRODUCTO WHERE (ESPECIFICACION = ?)
	bind => [GA4]
[EL Fine]: sql: 2014-10-09 10:12:55.877--ServerSession(1989311583)--Connection(1905800551)--Thread(Thread[AWT-EventQueue-0,6,main])--SELECT NOMBRE, PADRE FROM CATEGORIA WHERE (NOMBRE = ?)
	bind => [Galaxy Ace]
[EL Fine]: sql: 2014-10-09 10:12:55.877--ServerSession(1989311583)--Connection(1905800551)--Thread(Thread[AWT-EventQueue-0,6,main])--SELECT t1.NROREFERENCIA, t1.DESCRIPCION, t1.NOMBRE, t1.PRECIO, t1.PROVEEDOR_ID, t0.ESP_NROREF FROM CATEGORIAESPECIFICACIONPROD t0, ESPECIFICACIONPRODUCTO t1 WHERE ((t0.CAT_NAME = ?) AND (t1.NROREFERENCIA = t0.ESP_NROREF))
	bind => [Galaxy Ace]
[EL Fine]: sql: 2014-10-09 10:12:55.878--ServerSession(1989311583)--Connection(1905800551)--Thread(Thread[AWT-EventQueue-0,6,main])--SELECT t1.NOMBRE, t1.PADRE FROM CATEGORIAESPECIFICACIONPROD t0, CATEGORIA t1 WHERE ((t0.ESP_NROREF = ?) AND (t1.NOMBRE = t0.CAT_NAME))
	bind => [AS5]
[EL Fine]: sql: 2014-10-09 10:12:55.878--ServerSession(1989311583)--Connection(1905800551)--Thread(Thread[AWT-EventQueue-0,6,main])--SELECT ID, ENORDEN, ID_ESPECIFICO, ESPECIFICACION FROM PRODUCTO WHERE (ESPECIFICACION = ?)
	bind => [AS5]
[EL Fine]: sql: 2014-10-09 10:12:55.879--ServerSession(1989311583)--Connection(1905800551)--Thread(Thread[AWT-EventQueue-0,6,main])--SELECT NOMBRE, PADRE FROM CATEGORIA WHERE (NOMBRE = ?)
	bind => [Blackberry]
[EL Fine]: sql: 2014-10-09 10:12:55.879--ServerSession(1989311583)--Connection(1905800551)--Thread(Thread[AWT-EventQueue-0,6,main])--SELECT t1.NROREFERENCIA, t1.DESCRIPCION, t1.NOMBRE, t1.PRECIO, t1.PROVEEDOR_ID, t0.ESP_NROREF FROM CATEGORIAESPECIFICACIONPROD t0, ESPECIFICACIONPRODUCTO t1 WHERE ((t0.CAT_NAME = ?) AND (t1.NROREFERENCIA = t0.ESP_NROREF))
	bind => [Blackberry]
[EL Fine]: sql: 2014-10-09 10:12:55.879--ServerSession(1989311583)--Connection(1905800551)--Thread(Thread[AWT-EventQueue-0,6,main])--SELECT NOMBRE, PADRE FROM CATEGORIA WHERE (NOMBRE = ?)
	bind => [Nokia]
[EL Fine]: sql: 2014-10-09 10:12:55.88--ServerSession(1989311583)--Connection(1905800551)--Thread(Thread[AWT-EventQueue-0,6,main])--SELECT t1.NROREFERENCIA, t1.DESCRIPCION, t1.NOMBRE, t1.PRECIO, t1.PROVEEDOR_ID, t0.ESP_NROREF FROM CATEGORIAESPECIFICACIONPROD t0, ESPECIFICACIONPRODUCTO t1 WHERE ((t0.CAT_NAME = ?) AND (t1.NROREFERENCIA = t0.ESP_NROREF))
	bind => [Nokia]
[EL Fine]: sql: 2014-10-09 10:12:55.88--ServerSession(1989311583)--Connection(1905800551)--Thread(Thread[AWT-EventQueue-0,6,main])--SELECT NOMBRE, PADRE FROM CATEGORIA WHERE (NOMBRE = ?)
	bind => [Accesorios]
[EL Fine]: sql: 2014-10-09 10:12:55.88--ServerSession(1989311583)--Connection(1905800551)--Thread(Thread[AWT-EventQueue-0,6,main])--SELECT t1.NROREFERENCIA, t1.DESCRIPCION, t1.NOMBRE, t1.PRECIO, t1.PROVEEDOR_ID, t0.ESP_NROREF FROM CATEGORIAESPECIFICACIONPROD t0, ESPECIFICACIONPRODUCTO t1 WHERE ((t0.CAT_NAME = ?) AND (t1.NROREFERENCIA = t0.ESP_NROREF))
	bind => [Accesorios]
[EL Fine]: sql: 2014-10-09 10:12:55.881--ServerSession(1989311583)--Connection(1905800551)--Thread(Thread[AWT-EventQueue-0,6,main])--SELECT NOMBRE, PADRE FROM CATEGORIA WHERE (NOMBRE = ?)
	bind => [Protectores]
[EL Fine]: sql: 2014-10-09 10:12:55.881--ServerSession(1989311583)--Connection(1905800551)--Thread(Thread[AWT-EventQueue-0,6,main])--SELECT t1.NROREFERENCIA, t1.DESCRIPCION, t1.NOMBRE, t1.PRECIO, t1.PROVEEDOR_ID, t0.ESP_NROREF FROM CATEGORIAESPECIFICACIONPROD t0, ESPECIFICACIONPRODUCTO t1 WHERE ((t0.CAT_NAME = ?) AND (t1.NROREFERENCIA = t0.ESP_NROREF))
	bind => [Protectores]
[EL Fine]: sql: 2014-10-09 10:12:55.881--ServerSession(1989311583)--Connection(1905800551)--Thread(Thread[AWT-EventQueue-0,6,main])--SELECT t1.NOMBRE, t1.PADRE FROM CATEGORIAESPECIFICACIONPROD t0, CATEGORIA t1 WHERE ((t0.ESP_NROREF = ?) AND (t1.NOMBRE = t0.CAT_NAME))
	bind => [PCG]
[EL Fine]: sql: 2014-10-09 10:12:55.881--ServerSession(1989311583)--Connection(1905800551)--Thread(Thread[AWT-EventQueue-0,6,main])--SELECT ID, ENORDEN, ID_ESPECIFICO, ESPECIFICACION FROM PRODUCTO WHERE (ESPECIFICACION = ?)
	bind => [PCG]
[EL Fine]: sql: 2014-10-09 10:12:55.883--ServerSession(1989311583)--Connection(1905800551)--Thread(Thread[AWT-EventQueue-0,6,main])--SELECT NOMBRE, PADRE FROM CATEGORIA WHERE (NOMBRE = ?)
	bind => [Baterías]
[EL Fine]: sql: 2014-10-09 10:12:55.883--ServerSession(1989311583)--Connection(1905800551)--Thread(Thread[AWT-EventQueue-0,6,main])--SELECT t1.NROREFERENCIA, t1.DESCRIPCION, t1.NOMBRE, t1.PRECIO, t1.PROVEEDOR_ID, t0.ESP_NROREF FROM CATEGORIAESPECIFICACIONPROD t0, ESPECIFICACIONPRODUCTO t1 WHERE ((t0.CAT_NAME = ?) AND (t1.NROREFERENCIA = t0.ESP_NROREF))
	bind => [Baterías]
[EL Fine]: sql: 2014-10-09 10:12:55.884--ServerSession(1989311583)--Connection(1905800551)--Thread(Thread[AWT-EventQueue-0,6,main])--SELECT NOMBRE, PADRE FROM CATEGORIA WHERE (NOMBRE = ?)
	bind => [Apple]
[EL Fine]: sql: 2014-10-09 10:12:55.884--ServerSession(1989311583)--Connection(1905800551)--Thread(Thread[AWT-EventQueue-0,6,main])--SELECT t1.NROREFERENCIA, t1.DESCRIPCION, t1.NOMBRE, t1.PRECIO, t1.PROVEEDOR_ID, t0.ESP_NROREF FROM CATEGORIAESPECIFICACIONPROD t0, ESPECIFICACIONPRODUCTO t1 WHERE ((t0.CAT_NAME = ?) AND (t1.NROREFERENCIA = t0.ESP_NROREF))
	bind => [Apple]
[EL Fine]: sql: 2014-10-09 10:12:55.885--ServerSession(1989311583)--Connection(1905800551)--Thread(Thread[AWT-EventQueue-0,6,main])--SELECT t1.NOMBRE, t1.PADRE FROM CATEGORIAESPECIFICACIONPROD t0, CATEGORIA t1 WHERE ((t0.ESP_NROREF = ?) AND (t1.NOMBRE = t0.CAT_NAME))
	bind => [IPH5]
[EL Fine]: sql: 2014-10-09 10:12:55.885--ServerSession(1989311583)--Connection(1905800551)--Thread(Thread[AWT-EventQueue-0,6,main])--SELECT ID, ENORDEN, ID_ESPECIFICO, ESPECIFICACION FROM PRODUCTO WHERE (ESPECIFICACION = ?)
	bind => [IPH5]
[EL Fine]: sql: 2014-10-09 10:12:55.886--ServerSession(1989311583)--Connection(1905800551)--Thread(Thread[AWT-EventQueue-0,6,main])--SELECT t1.NOMBRE, t1.PADRE FROM CATEGORIAESPECIFICACIONPROD t0, CATEGORIA t1 WHERE ((t0.ESP_NROREF = ?) AND (t1.NOMBRE = t0.CAT_NAME))
	bind => [IPH4]
[EL Fine]: sql: 2014-10-09 10:12:55.886--ServerSession(1989311583)--Connection(1905800551)--Thread(Thread[AWT-EventQueue-0,6,main])--SELECT ID, ENORDEN, ID_ESPECIFICO, ESPECIFICACION FROM PRODUCTO WHERE (ESPECIFICACION = ?)
	bind => [IPH4]
[EL Fine]: sql: 2014-10-09 10:12:55.887--ServerSession(1989311583)--Connection(1905800551)--Thread(Thread[AWT-EventQueue-0,6,main])--SELECT NOMBRE, PADRE FROM CATEGORIA WHERE (NOMBRE = ?)
	bind => [Videojuegos]
[EL Fine]: sql: 2014-10-09 10:12:55.887--ServerSession(1989311583)--Connection(1905800551)--Thread(Thread[AWT-EventQueue-0,6,main])--SELECT t1.NROREFERENCIA, t1.DESCRIPCION, t1.NOMBRE, t1.PRECIO, t1.PROVEEDOR_ID, t0.ESP_NROREF FROM CATEGORIAESPECIFICACIONPROD t0, ESPECIFICACIONPRODUCTO t1 WHERE ((t0.CAT_NAME = ?) AND (t1.NROREFERENCIA = t0.ESP_NROREF))
	bind => [Videojuegos]
[EL Fine]: sql: 2014-10-09 10:12:55.887--ServerSession(1989311583)--Connection(1905800551)--Thread(Thread[AWT-EventQueue-0,6,main])--SELECT NOMBRE, PADRE FROM CATEGORIA WHERE (NOMBRE = ?)
	bind => [Playstation]
[EL Fine]: sql: 2014-10-09 10:12:55.888--ServerSession(1989311583)--Connection(1905800551)--Thread(Thread[AWT-EventQueue-0,6,main])--SELECT t1.NROREFERENCIA, t1.DESCRIPCION, t1.NOMBRE, t1.PRECIO, t1.PROVEEDOR_ID, t0.ESP_NROREF FROM CATEGORIAESPECIFICACIONPROD t0, ESPECIFICACIONPRODUCTO t1 WHERE ((t0.CAT_NAME = ?) AND (t1.NROREFERENCIA = t0.ESP_NROREF))
	bind => [Playstation]
[EL Fine]: sql: 2014-10-09 10:12:55.888--ServerSession(1989311583)--Connection(1905800551)--Thread(Thread[AWT-EventQueue-0,6,main])--SELECT NOMBRE, PADRE FROM CATEGORIA WHERE (NOMBRE = ?)
	bind => [Xbox]
[EL Fine]: sql: 2014-10-09 10:12:55.888--ServerSession(1989311583)--Connection(1905800551)--Thread(Thread[AWT-EventQueue-0,6,main])--SELECT t1.NROREFERENCIA, t1.DESCRIPCION, t1.NOMBRE, t1.PRECIO, t1.PROVEEDOR_ID, t0.ESP_NROREF FROM CATEGORIAESPECIFICACIONPROD t0, ESPECIFICACIONPRODUCTO t1 WHERE ((t0.CAT_NAME = ?) AND (t1.NROREFERENCIA = t0.ESP_NROREF))
	bind => [Xbox]
[EL Fine]: sql: 2014-10-09 10:12:55.889--ServerSession(1989311583)--Connection(1905800551)--Thread(Thread[AWT-EventQueue-0,6,main])--SELECT NOMBRE, PADRE FROM CATEGORIA
[EL Fine]: sql: 2014-10-09 10:12:55.891--ClientSession(343425280)--Connection(1905800551)--Thread(Thread[AWT-EventQueue-0,6,main])--INSERT INTO ESPECIFICACIONPRODUCTO (NROREFERENCIA, DESCRIPCION, NOMBRE, PRECIO, PROVEEDOR_ID) VALUES (?, ?, ?, ?, ?)
	bind => [PMH, El mejor protector de aluminio para HTC Desire HD, Protector de aluminio para HTC, 3.4, OpenPeter]
[EL Fine]: sql: 2014-10-09 10:12:55.891--ClientSession(343425280)--Connection(1905800551)--Thread(Thread[AWT-EventQueue-0,6,main])--INSERT INTO PRODUCTO (ENORDEN, ID_ESPECIFICO, ESPECIFICACION) VALUES (?, ?, ?)
	bind => [false, null, PMH]
[EL Fine]: sql: 2014-10-09 10:12:55.892--ClientSession(343425280)--Connection(1905800551)--Thread(Thread[AWT-EventQueue-0,6,main])--CALL IDENTITY()
[EL Fine]: sql: 2014-10-09 10:12:55.894--ClientSession(343425280)--Connection(1905800551)--Thread(Thread[AWT-EventQueue-0,6,main])--INSERT INTO PRODUCTO (ENORDEN, ID_ESPECIFICO, ESPECIFICACION) VALUES (?, ?, ?)
	bind => [false, null, PMH]
[EL Fine]: sql: 2014-10-09 10:12:55.895--ClientSession(343425280)--Connection(1905800551)--Thread(Thread[AWT-EventQueue-0,6,main])--CALL IDENTITY()
[EL Fine]: sql: 2014-10-09 10:12:55.895--ClientSession(343425280)--Connection(1905800551)--Thread(Thread[AWT-EventQueue-0,6,main])--INSERT INTO PRODUCTO (ENORDEN, ID_ESPECIFICO, ESPECIFICACION) VALUES (?, ?, ?)
	bind => [false, null, PMH]
[EL Fine]: sql: 2014-10-09 10:12:55.895--ClientSession(343425280)--Connection(1905800551)--Thread(Thread[AWT-EventQueue-0,6,main])--CALL IDENTITY()
[EL Fine]: sql: 2014-10-09 10:12:55.896--ClientSession(343425280)--Connection(1905800551)--Thread(Thread[AWT-EventQueue-0,6,main])--INSERT INTO PRODUCTO (ENORDEN, ID_ESPECIFICO, ESPECIFICACION) VALUES (?, ?, ?)
	bind => [false, null, PMH]
[EL Fine]: sql: 2014-10-09 10:12:55.896--ClientSession(343425280)--Connection(1905800551)--Thread(Thread[AWT-EventQueue-0,6,main])--CALL IDENTITY()
[EL Fine]: sql: 2014-10-09 10:12:55.896--ClientSession(343425280)--Connection(1905800551)--Thread(Thread[AWT-EventQueue-0,6,main])--INSERT INTO PRODUCTO (ENORDEN, ID_ESPECIFICO, ESPECIFICACION) VALUES (?, ?, ?)
	bind => [false, null, PMH]
[EL Fine]: sql: 2014-10-09 10:12:55.896--ClientSession(343425280)--Connection(1905800551)--Thread(Thread[AWT-EventQueue-0,6,main])--CALL IDENTITY()
[EL Fine]: sql: 2014-10-09 10:12:55.897--ClientSession(343425280)--Connection(1905800551)--Thread(Thread[AWT-EventQueue-0,6,main])--INSERT INTO PRODUCTO (ENORDEN, ID_ESPECIFICO, ESPECIFICACION) VALUES (?, ?, ?)
	bind => [false, null, PMH]
[EL Fine]: sql: 2014-10-09 10:12:55.897--ClientSession(343425280)--Connection(1905800551)--Thread(Thread[AWT-EventQueue-0,6,main])--CALL IDENTITY()
[EL Fine]: sql: 2014-10-09 10:12:55.897--ClientSession(343425280)--Connection(1905800551)--Thread(Thread[AWT-EventQueue-0,6,main])--INSERT INTO PRODUCTO (ENORDEN, ID_ESPECIFICO, ESPECIFICACION) VALUES (?, ?, ?)
	bind => [false, null, PMH]
[EL Fine]: sql: 2014-10-09 10:12:55.897--ClientSession(343425280)--Connection(1905800551)--Thread(Thread[AWT-EventQueue-0,6,main])--CALL IDENTITY()
[EL Fine]: sql: 2014-10-09 10:12:55.898--ClientSession(343425280)--Connection(1905800551)--Thread(Thread[AWT-EventQueue-0,6,main])--INSERT INTO PRODUCTO (ENORDEN, ID_ESPECIFICO, ESPECIFICACION) VALUES (?, ?, ?)
	bind => [false, null, PMH]
[EL Fine]: sql: 2014-10-09 10:12:55.898--ClientSession(343425280)--Connection(1905800551)--Thread(Thread[AWT-EventQueue-0,6,main])--CALL IDENTITY()
[EL Fine]: sql: 2014-10-09 10:12:55.898--ClientSession(343425280)--Connection(1905800551)--Thread(Thread[AWT-EventQueue-0,6,main])--INSERT INTO PRODUCTO (ENORDEN, ID_ESPECIFICO, ESPECIFICACION) VALUES (?, ?, ?)
	bind => [false, null, PMH]
[EL Fine]: sql: 2014-10-09 10:12:55.899--ClientSession(343425280)--Connection(1905800551)--Thread(Thread[AWT-EventQueue-0,6,main])--CALL IDENTITY()
[EL Fine]: sql: 2014-10-09 10:12:55.899--ClientSession(343425280)--Connection(1905800551)--Thread(Thread[AWT-EventQueue-0,6,main])--INSERT INTO PRODUCTO (ENORDEN, ID_ESPECIFICO, ESPECIFICACION) VALUES (?, ?, ?)
	bind => [false, null, PMH]
[EL Fine]: sql: 2014-10-09 10:12:55.899--ClientSession(343425280)--Connection(1905800551)--Thread(Thread[AWT-EventQueue-0,6,main])--CALL IDENTITY()
[EL Fine]: sql: 2014-10-09 10:12:55.899--ClientSession(343425280)--Connection(1905800551)--Thread(Thread[AWT-EventQueue-0,6,main])--INSERT INTO ESPECIFICACIONES (ESPPRID, VALOR, NOMBRE) VALUES (?, ?, ?)
	bind => [PMH, 26 g, Peso]
[EL Fine]: sql: 2014-10-09 10:12:55.899--ClientSession(343425280)--Connection(1905800551)--Thread(Thread[AWT-EventQueue-0,6,main])--INSERT INTO ESPECIFICACIONES (ESPPRID, VALOR, NOMBRE) VALUES (?, ?, ?)
	bind => [PMH, 12.4 cm x 7.0 cm x 1.3 cm, Dimensiones]
[EL Fine]: sql: 2014-10-09 10:12:55.9--ClientSession(343425280)--Connection(1905800551)--Thread(Thread[AWT-EventQueue-0,6,main])--INSERT INTO CATEGORIAESPECIFICACIONPROD (CAT_NAME, ESP_NROREF) VALUES (?, ?)
	bind => [Protectores, PMH]
[EL Fine]: sql: 2014-10-09 10:12:55.901--ServerSession(1989311583)--Connection(1905800551)--Thread(Thread[AWT-EventQueue-0,6,main])--SELECT NROREFERENCIA, DESCRIPCION, NOMBRE, PRECIO, PROVEEDOR_ID FROM ESPECIFICACIONPRODUCTO
[EL Fine]: sql: 2014-10-09 10:12:55.902--ServerSession(1989311583)--Connection(1905800551)--Thread(Thread[AWT-EventQueue-0,6,main])--SELECT NOMBRE, PADRE FROM CATEGORIA
[EL Fine]: sql: 2014-10-09 10:12:55.902--ServerSession(1989311583)--Connection(1905800551)--Thread(Thread[AWT-EventQueue-0,6,main])--SELECT NOMBRE, PADRE FROM CATEGORIA WHERE (NOMBRE = ?)
	bind => [Celulares]
[EL Fine]: sql: 2014-10-09 10:12:55.903--ServerSession(1989311583)--Connection(1905800551)--Thread(Thread[AWT-EventQueue-0,6,main])--SELECT t1.NROREFERENCIA, t1.DESCRIPCION, t1.NOMBRE, t1.PRECIO, t1.PROVEEDOR_ID, t0.ESP_NROREF FROM CATEGORIAESPECIFICACIONPROD t0, ESPECIFICACIONPRODUCTO t1 WHERE ((t0.CAT_NAME = ?) AND (t1.NROREFERENCIA = t0.ESP_NROREF))
	bind => [Celulares]
[EL Fine]: sql: 2014-10-09 10:12:55.903--ServerSession(1989311583)--Connection(1905800551)--Thread(Thread[AWT-EventQueue-0,6,main])--SELECT NOMBRE, PADRE FROM CATEGORIA WHERE (NOMBRE = ?)
	bind => [Sistemas Operativos]
[EL Fine]: sql: 2014-10-09 10:12:55.904--ServerSession(1989311583)--Connection(1905800551)--Thread(Thread[AWT-EventQueue-0,6,main])--SELECT t1.NROREFERENCIA, t1.DESCRIPCION, t1.NOMBRE, t1.PRECIO, t1.PROVEEDOR_ID, t0.ESP_NROREF FROM CATEGORIAESPECIFICACIONPROD t0, ESPECIFICACIONPRODUCTO t1 WHERE ((t0.CAT_NAME = ?) AND (t1.NROREFERENCIA = t0.ESP_NROREF))
	bind => [Sistemas Operativos]
[EL Fine]: sql: 2014-10-09 10:12:55.904--ServerSession(1989311583)--Connection(1905800551)--Thread(Thread[AWT-EventQueue-0,6,main])--SELECT NOMBRE, PADRE FROM CATEGORIA WHERE (NOMBRE = ?)
	bind => [iOS]
[EL Fine]: sql: 2014-10-09 10:12:55.905--ServerSession(1989311583)--Connection(1905800551)--Thread(Thread[AWT-EventQueue-0,6,main])--SELECT t1.NROREFERENCIA, t1.DESCRIPCION, t1.NOMBRE, t1.PRECIO, t1.PROVEEDOR_ID, t0.ESP_NROREF FROM CATEGORIAESPECIFICACIONPROD t0, ESPECIFICACIONPRODUCTO t1 WHERE ((t0.CAT_NAME = ?) AND (t1.NROREFERENCIA = t0.ESP_NROREF))
	bind => [iOS]
[EL Fine]: sql: 2014-10-09 10:12:55.906--ServerSession(1989311583)--Connection(1905800551)--Thread(Thread[AWT-EventQueue-0,6,main])--SELECT t1.NOMBRE, t1.PADRE FROM CATEGORIAESPECIFICACIONPROD t0, CATEGORIA t1 WHERE ((t0.ESP_NROREF = ?) AND (t1.NOMBRE = t0.CAT_NAME))
	bind => [IPH5]
[EL Fine]: sql: 2014-10-09 10:12:55.907--ServerSession(1989311583)--Connection(1905800551)--Thread(Thread[AWT-EventQueue-0,6,main])--SELECT ID, ENORDEN, ID_ESPECIFICO, ESPECIFICACION FROM PRODUCTO WHERE (ESPECIFICACION = ?)
	bind => [IPH5]
[EL Fine]: sql: 2014-10-09 10:12:55.907--ServerSession(1989311583)--Connection(1905800551)--Thread(Thread[AWT-EventQueue-0,6,main])--SELECT t1.NOMBRE, t1.PADRE FROM CATEGORIAESPECIFICACIONPROD t0, CATEGORIA t1 WHERE ((t0.ESP_NROREF = ?) AND (t1.NOMBRE = t0.CAT_NAME))
	bind => [IPH4]
[EL Fine]: sql: 2014-10-09 10:12:55.908--ServerSession(1989311583)--Connection(1905800551)--Thread(Thread[AWT-EventQueue-0,6,main])--SELECT ID, ENORDEN, ID_ESPECIFICO, ESPECIFICACION FROM PRODUCTO WHERE (ESPECIFICACION = ?)
	bind => [IPH4]
[EL Fine]: sql: 2014-10-09 10:12:55.909--ServerSession(1989311583)--Connection(1905800551)--Thread(Thread[AWT-EventQueue-0,6,main])--SELECT NOMBRE, PADRE FROM CATEGORIA WHERE (NOMBRE = ?)
	bind => [Android]
[EL Fine]: sql: 2014-10-09 10:12:55.909--ServerSession(1989311583)--Connection(1905800551)--Thread(Thread[AWT-EventQueue-0,6,main])--SELECT t1.NROREFERENCIA, t1.DESCRIPCION, t1.NOMBRE, t1.PRECIO, t1.PROVEEDOR_ID, t0.ESP_NROREF FROM CATEGORIAESPECIFICACIONPROD t0, ESPECIFICACIONPRODUCTO t1 WHERE ((t0.CAT_NAME = ?) AND (t1.NROREFERENCIA = t0.ESP_NROREF))
	bind => [Android]
[EL Fine]: sql: 2014-10-09 10:12:55.91--ServerSession(1989311583)--Connection(1905800551)--Thread(Thread[AWT-EventQueue-0,6,main])--SELECT t1.NOMBRE, t1.PADRE FROM CATEGORIAESPECIFICACIONPROD t0, CATEGORIA t1 WHERE ((t0.ESP_NROREF = ?) AND (t1.NOMBRE = t0.CAT_NAME))
	bind => [NEX4]
[EL Fine]: sql: 2014-10-09 10:12:55.91--ServerSession(1989311583)--Connection(1905800551)--Thread(Thread[AWT-EventQueue-0,6,main])--SELECT ID, ENORDEN, ID_ESPECIFICO, ESPECIFICACION FROM PRODUCTO WHERE (ESPECIFICACION = ?)
	bind => [NEX4]
[EL Fine]: sql: 2014-10-09 10:12:55.911--ServerSession(1989311583)--Connection(1905800551)--Thread(Thread[AWT-EventQueue-0,6,main])--SELECT t1.NOMBRE, t1.PADRE FROM CATEGORIAESPECIFICACIONPROD t0, CATEGORIA t1 WHERE ((t0.ESP_NROREF = ?) AND (t1.NOMBRE = t0.CAT_NAME))
	bind => [GA3]
[EL Fine]: sql: 2014-10-09 10:12:55.911--ServerSession(1989311583)--Connection(1905800551)--Thread(Thread[AWT-EventQueue-0,6,main])--SELECT ID, ENORDEN, ID_ESPECIFICO, ESPECIFICACION FROM PRODUCTO WHERE (ESPECIFICACION = ?)
	bind => [GA3]
[EL Fine]: sql: 2014-10-09 10:12:55.912--ServerSession(1989311583)--Connection(1905800551)--Thread(Thread[AWT-EventQueue-0,6,main])--SELECT t1.NOMBRE, t1.PADRE FROM CATEGORIAESPECIFICACIONPROD t0, CATEGORIA t1 WHERE ((t0.ESP_NROREF = ?) AND (t1.NOMBRE = t0.CAT_NAME))
	bind => [GA4]
[EL Fine]: sql: 2014-10-09 10:12:55.912--ServerSession(1989311583)--Connection(1905800551)--Thread(Thread[AWT-EventQueue-0,6,main])--SELECT ID, ENORDEN, ID_ESPECIFICO, ESPECIFICACION FROM PRODUCTO WHERE (ESPECIFICACION = ?)
	bind => [GA4]
[EL Fine]: sql: 2014-10-09 10:12:55.913--ServerSession(1989311583)--Connection(1905800551)--Thread(Thread[AWT-EventQueue-0,6,main])--SELECT t1.NOMBRE, t1.PADRE FROM CATEGORIAESPECIFICACIONPROD t0, CATEGORIA t1 WHERE ((t0.ESP_NROREF = ?) AND (t1.NOMBRE = t0.CAT_NAME))
	bind => [AS5]
[EL Fine]: sql: 2014-10-09 10:12:55.913--ServerSession(1989311583)--Connection(1905800551)--Thread(Thread[AWT-EventQueue-0,6,main])--SELECT ID, ENORDEN, ID_ESPECIFICO, ESPECIFICACION FROM PRODUCTO WHERE (ESPECIFICACION = ?)
	bind => [AS5]
[EL Fine]: sql: 2014-10-09 10:12:55.915--ServerSession(1989311583)--Connection(1905800551)--Thread(Thread[AWT-EventQueue-0,6,main])--SELECT NOMBRE, PADRE FROM CATEGORIA WHERE (NOMBRE = ?)
	bind => [Windows Phone]
[EL Fine]: sql: 2014-10-09 10:12:55.916--ServerSession(1989311583)--Connection(1905800551)--Thread(Thread[AWT-EventQueue-0,6,main])--SELECT t1.NROREFERENCIA, t1.DESCRIPCION, t1.NOMBRE, t1.PRECIO, t1.PROVEEDOR_ID, t0.ESP_NROREF FROM CATEGORIAESPECIFICACIONPROD t0, ESPECIFICACIONPRODUCTO t1 WHERE ((t0.CAT_NAME = ?) AND (t1.NROREFERENCIA = t0.ESP_NROREF))
	bind => [Windows Phone]
[EL Fine]: sql: 2014-10-09 10:12:55.917--ServerSession(1989311583)--Connection(1905800551)--Thread(Thread[AWT-EventQueue-0,6,main])--SELECT NOMBRE, PADRE FROM CATEGORIA WHERE (NOMBRE = ?)
	bind => [Symbian]
[EL Fine]: sql: 2014-10-09 10:12:55.917--ServerSession(1989311583)--Connection(1905800551)--Thread(Thread[AWT-EventQueue-0,6,main])--SELECT t1.NROREFERENCIA, t1.DESCRIPCION, t1.NOMBRE, t1.PRECIO, t1.PROVEEDOR_ID, t0.ESP_NROREF FROM CATEGORIAESPECIFICACIONPROD t0, ESPECIFICACIONPRODUCTO t1 WHERE ((t0.CAT_NAME = ?) AND (t1.NROREFERENCIA = t0.ESP_NROREF))
	bind => [Symbian]
[EL Fine]: sql: 2014-10-09 10:12:55.918--ServerSession(1989311583)--Connection(1905800551)--Thread(Thread[AWT-EventQueue-0,6,main])--SELECT NOMBRE, PADRE FROM CATEGORIA WHERE (NOMBRE = ?)
	bind => [Blackberry OS]
[EL Fine]: sql: 2014-10-09 10:12:55.918--ServerSession(1989311583)--Connection(1905800551)--Thread(Thread[AWT-EventQueue-0,6,main])--SELECT t1.NROREFERENCIA, t1.DESCRIPCION, t1.NOMBRE, t1.PRECIO, t1.PROVEEDOR_ID, t0.ESP_NROREF FROM CATEGORIAESPECIFICACIONPROD t0, ESPECIFICACIONPRODUCTO t1 WHERE ((t0.CAT_NAME = ?) AND (t1.NROREFERENCIA = t0.ESP_NROREF))
	bind => [Blackberry OS]
[EL Fine]: sql: 2014-10-09 10:12:55.919--ServerSession(1989311583)--Connection(1905800551)--Thread(Thread[AWT-EventQueue-0,6,main])--SELECT NOMBRE, PADRE FROM CATEGORIA WHERE (NOMBRE = ?)
	bind => [Equipos]
[EL Fine]: sql: 2014-10-09 10:12:55.919--ServerSession(1989311583)--Connection(1905800551)--Thread(Thread[AWT-EventQueue-0,6,main])--SELECT t1.NROREFERENCIA, t1.DESCRIPCION, t1.NOMBRE, t1.PRECIO, t1.PROVEEDOR_ID, t0.ESP_NROREF FROM CATEGORIAESPECIFICACIONPROD t0, ESPECIFICACIONPRODUCTO t1 WHERE ((t0.CAT_NAME = ?) AND (t1.NROREFERENCIA = t0.ESP_NROREF))
	bind => [Equipos]
[EL Fine]: sql: 2014-10-09 10:12:55.92--ServerSession(1989311583)--Connection(1905800551)--Thread(Thread[AWT-EventQueue-0,6,main])--SELECT NOMBRE, PADRE FROM CATEGORIA WHERE (NOMBRE = ?)
	bind => [iPhone]
[EL Fine]: sql: 2014-10-09 10:12:55.92--ServerSession(1989311583)--Connection(1905800551)--Thread(Thread[AWT-EventQueue-0,6,main])--SELECT t1.NROREFERENCIA, t1.DESCRIPCION, t1.NOMBRE, t1.PRECIO, t1.PROVEEDOR_ID, t0.ESP_NROREF FROM CATEGORIAESPECIFICACIONPROD t0, ESPECIFICACIONPRODUCTO t1 WHERE ((t0.CAT_NAME = ?) AND (t1.NROREFERENCIA = t0.ESP_NROREF))
	bind => [iPhone]
[EL Fine]: sql: 2014-10-09 10:12:55.921--ServerSession(1989311583)--Connection(1905800551)--Thread(Thread[AWT-EventQueue-0,6,main])--SELECT t1.NOMBRE, t1.PADRE FROM CATEGORIAESPECIFICACIONPROD t0, CATEGORIA t1 WHERE ((t0.ESP_NROREF = ?) AND (t1.NOMBRE = t0.CAT_NAME))
	bind => [IPH5]
[EL Fine]: sql: 2014-10-09 10:12:55.921--ServerSession(1989311583)--Connection(1905800551)--Thread(Thread[AWT-EventQueue-0,6,main])--SELECT ID, ENORDEN, ID_ESPECIFICO, ESPECIFICACION FROM PRODUCTO WHERE (ESPECIFICACION = ?)
	bind => [IPH5]
[EL Fine]: sql: 2014-10-09 10:12:55.922--ServerSession(1989311583)--Connection(1905800551)--Thread(Thread[AWT-EventQueue-0,6,main])--SELECT t1.NOMBRE, t1.PADRE FROM CATEGORIAESPECIFICACIONPROD t0, CATEGORIA t1 WHERE ((t0.ESP_NROREF = ?) AND (t1.NOMBRE = t0.CAT_NAME))
	bind => [IPH4]
[EL Fine]: sql: 2014-10-09 10:12:55.922--ServerSession(1989311583)--Connection(1905800551)--Thread(Thread[AWT-EventQueue-0,6,main])--SELECT ID, ENORDEN, ID_ESPECIFICO, ESPECIFICACION FROM PRODUCTO WHERE (ESPECIFICACION = ?)
	bind => [IPH4]
[EL Fine]: sql: 2014-10-09 10:12:55.933--ServerSession(1989311583)--Connection(1905800551)--Thread(Thread[AWT-EventQueue-0,6,main])--SELECT NOMBRE, PADRE FROM CATEGORIA WHERE (NOMBRE = ?)
	bind => [Nexus]
[EL Fine]: sql: 2014-10-09 10:12:55.936--ServerSession(1989311583)--Connection(1905800551)--Thread(Thread[AWT-EventQueue-0,6,main])--SELECT t1.NROREFERENCIA, t1.DESCRIPCION, t1.NOMBRE, t1.PRECIO, t1.PROVEEDOR_ID, t0.ESP_NROREF FROM CATEGORIAESPECIFICACIONPROD t0, ESPECIFICACIONPRODUCTO t1 WHERE ((t0.CAT_NAME = ?) AND (t1.NROREFERENCIA = t0.ESP_NROREF))
	bind => [Nexus]
[EL Fine]: sql: 2014-10-09 10:12:55.937--ServerSession(1989311583)--Connection(1905800551)--Thread(Thread[AWT-EventQueue-0,6,main])--SELECT t1.NOMBRE, t1.PADRE FROM CATEGORIAESPECIFICACIONPROD t0, CATEGORIA t1 WHERE ((t0.ESP_NROREF = ?) AND (t1.NOMBRE = t0.CAT_NAME))
	bind => [NEX4]
[EL Fine]: sql: 2014-10-09 10:12:55.937--ServerSession(1989311583)--Connection(1905800551)--Thread(Thread[AWT-EventQueue-0,6,main])--SELECT ID, ENORDEN, ID_ESPECIFICO, ESPECIFICACION FROM PRODUCTO WHERE (ESPECIFICACION = ?)
	bind => [NEX4]
[EL Fine]: sql: 2014-10-09 10:12:55.938--ServerSession(1989311583)--Connection(1905800551)--Thread(Thread[AWT-EventQueue-0,6,main])--SELECT NOMBRE, PADRE FROM CATEGORIA WHERE (NOMBRE = ?)
	bind => [Samsung]
[EL Fine]: sql: 2014-10-09 10:12:55.938--ServerSession(1989311583)--Connection(1905800551)--Thread(Thread[AWT-EventQueue-0,6,main])--SELECT t1.NROREFERENCIA, t1.DESCRIPCION, t1.NOMBRE, t1.PRECIO, t1.PROVEEDOR_ID, t0.ESP_NROREF FROM CATEGORIAESPECIFICACIONPROD t0, ESPECIFICACIONPRODUCTO t1 WHERE ((t0.CAT_NAME = ?) AND (t1.NROREFERENCIA = t0.ESP_NROREF))
	bind => [Samsung]
[EL Fine]: sql: 2014-10-09 10:12:55.939--ServerSession(1989311583)--Connection(1905800551)--Thread(Thread[AWT-EventQueue-0,6,main])--SELECT NOMBRE, PADRE FROM CATEGORIA WHERE (NOMBRE = ?)
	bind => [Galaxy S3]
[EL Fine]: sql: 2014-10-09 10:12:55.939--ServerSession(1989311583)--Connection(1905800551)--Thread(Thread[AWT-EventQueue-0,6,main])--SELECT t1.NROREFERENCIA, t1.DESCRIPCION, t1.NOMBRE, t1.PRECIO, t1.PROVEEDOR_ID, t0.ESP_NROREF FROM CATEGORIAESPECIFICACIONPROD t0, ESPECIFICACIONPRODUCTO t1 WHERE ((t0.CAT_NAME = ?) AND (t1.NROREFERENCIA = t0.ESP_NROREF))
	bind => [Galaxy S3]
[EL Fine]: sql: 2014-10-09 10:12:55.94--ServerSession(1989311583)--Connection(1905800551)--Thread(Thread[AWT-EventQueue-0,6,main])--SELECT t1.NOMBRE, t1.PADRE FROM CATEGORIAESPECIFICACIONPROD t0, CATEGORIA t1 WHERE ((t0.ESP_NROREF = ?) AND (t1.NOMBRE = t0.CAT_NAME))
	bind => [GA3]
[EL Fine]: sql: 2014-10-09 10:12:55.94--ServerSession(1989311583)--Connection(1905800551)--Thread(Thread[AWT-EventQueue-0,6,main])--SELECT ID, ENORDEN, ID_ESPECIFICO, ESPECIFICACION FROM PRODUCTO WHERE (ESPECIFICACION = ?)
	bind => [GA3]
[EL Fine]: sql: 2014-10-09 10:12:55.941--ServerSession(1989311583)--Connection(1905800551)--Thread(Thread[AWT-EventQueue-0,6,main])--SELECT NOMBRE, PADRE FROM CATEGORIA WHERE (NOMBRE = ?)
	bind => [Galaxy S4]
[EL Fine]: sql: 2014-10-09 10:12:55.942--ServerSession(1989311583)--Connection(1905800551)--Thread(Thread[AWT-EventQueue-0,6,main])--SELECT t1.NROREFERENCIA, t1.DESCRIPCION, t1.NOMBRE, t1.PRECIO, t1.PROVEEDOR_ID, t0.ESP_NROREF FROM CATEGORIAESPECIFICACIONPROD t0, ESPECIFICACIONPRODUCTO t1 WHERE ((t0.CAT_NAME = ?) AND (t1.NROREFERENCIA = t0.ESP_NROREF))
	bind => [Galaxy S4]
[EL Fine]: sql: 2014-10-09 10:12:55.943--ServerSession(1989311583)--Connection(1905800551)--Thread(Thread[AWT-EventQueue-0,6,main])--SELECT t1.NOMBRE, t1.PADRE FROM CATEGORIAESPECIFICACIONPROD t0, CATEGORIA t1 WHERE ((t0.ESP_NROREF = ?) AND (t1.NOMBRE = t0.CAT_NAME))
	bind => [GA4]
[EL Fine]: sql: 2014-10-09 10:12:55.943--ServerSession(1989311583)--Connection(1905800551)--Thread(Thread[AWT-EventQueue-0,6,main])--SELECT ID, ENORDEN, ID_ESPECIFICO, ESPECIFICACION FROM PRODUCTO WHERE (ESPECIFICACION = ?)
	bind => [GA4]
[EL Fine]: sql: 2014-10-09 10:12:55.945--ServerSession(1989311583)--Connection(1905800551)--Thread(Thread[AWT-EventQueue-0,6,main])--SELECT NOMBRE, PADRE FROM CATEGORIA WHERE (NOMBRE = ?)
	bind => [Galaxy Ace]
[EL Fine]: sql: 2014-10-09 10:12:55.946--ServerSession(1989311583)--Connection(1905800551)--Thread(Thread[AWT-EventQueue-0,6,main])--SELECT t1.NROREFERENCIA, t1.DESCRIPCION, t1.NOMBRE, t1.PRECIO, t1.PROVEEDOR_ID, t0.ESP_NROREF FROM CATEGORIAESPECIFICACIONPROD t0, ESPECIFICACIONPRODUCTO t1 WHERE ((t0.CAT_NAME = ?) AND (t1.NROREFERENCIA = t0.ESP_NROREF))
	bind => [Galaxy Ace]
[EL Fine]: sql: 2014-10-09 10:12:55.946--ServerSession(1989311583)--Connection(1905800551)--Thread(Thread[AWT-EventQueue-0,6,main])--SELECT t1.NOMBRE, t1.PADRE FROM CATEGORIAESPECIFICACIONPROD t0, CATEGORIA t1 WHERE ((t0.ESP_NROREF = ?) AND (t1.NOMBRE = t0.CAT_NAME))
	bind => [AS5]
[EL Fine]: sql: 2014-10-09 10:12:55.947--ServerSession(1989311583)--Connection(1905800551)--Thread(Thread[AWT-EventQueue-0,6,main])--SELECT ID, ENORDEN, ID_ESPECIFICO, ESPECIFICACION FROM PRODUCTO WHERE (ESPECIFICACION = ?)
	bind => [AS5]
[EL Fine]: sql: 2014-10-09 10:12:55.948--ServerSession(1989311583)--Connection(1905800551)--Thread(Thread[AWT-EventQueue-0,6,main])--SELECT NOMBRE, PADRE FROM CATEGORIA WHERE (NOMBRE = ?)
	bind => [Blackberry]
[EL Fine]: sql: 2014-10-09 10:12:55.949--ServerSession(1989311583)--Connection(1905800551)--Thread(Thread[AWT-EventQueue-0,6,main])--SELECT t1.NROREFERENCIA, t1.DESCRIPCION, t1.NOMBRE, t1.PRECIO, t1.PROVEEDOR_ID, t0.ESP_NROREF FROM CATEGORIAESPECIFICACIONPROD t0, ESPECIFICACIONPRODUCTO t1 WHERE ((t0.CAT_NAME = ?) AND (t1.NROREFERENCIA = t0.ESP_NROREF))
	bind => [Blackberry]
[EL Fine]: sql: 2014-10-09 10:12:55.95--ServerSession(1989311583)--Connection(1905800551)--Thread(Thread[AWT-EventQueue-0,6,main])--SELECT NOMBRE, PADRE FROM CATEGORIA WHERE (NOMBRE = ?)
	bind => [Nokia]
[EL Fine]: sql: 2014-10-09 10:12:55.95--ServerSession(1989311583)--Connection(1905800551)--Thread(Thread[AWT-EventQueue-0,6,main])--SELECT t1.NROREFERENCIA, t1.DESCRIPCION, t1.NOMBRE, t1.PRECIO, t1.PROVEEDOR_ID, t0.ESP_NROREF FROM CATEGORIAESPECIFICACIONPROD t0, ESPECIFICACIONPRODUCTO t1 WHERE ((t0.CAT_NAME = ?) AND (t1.NROREFERENCIA = t0.ESP_NROREF))
	bind => [Nokia]
[EL Fine]: sql: 2014-10-09 10:12:55.951--ServerSession(1989311583)--Connection(1905800551)--Thread(Thread[AWT-EventQueue-0,6,main])--SELECT NOMBRE, PADRE FROM CATEGORIA WHERE (NOMBRE = ?)
	bind => [Accesorios]
[EL Fine]: sql: 2014-10-09 10:12:55.951--ServerSession(1989311583)--Connection(1905800551)--Thread(Thread[AWT-EventQueue-0,6,main])--SELECT t1.NROREFERENCIA, t1.DESCRIPCION, t1.NOMBRE, t1.PRECIO, t1.PROVEEDOR_ID, t0.ESP_NROREF FROM CATEGORIAESPECIFICACIONPROD t0, ESPECIFICACIONPRODUCTO t1 WHERE ((t0.CAT_NAME = ?) AND (t1.NROREFERENCIA = t0.ESP_NROREF))
	bind => [Accesorios]
[EL Fine]: sql: 2014-10-09 10:12:55.952--ServerSession(1989311583)--Connection(1905800551)--Thread(Thread[AWT-EventQueue-0,6,main])--SELECT NOMBRE, PADRE FROM CATEGORIA WHERE (NOMBRE = ?)
	bind => [Protectores]
[EL Fine]: sql: 2014-10-09 10:12:55.952--ServerSession(1989311583)--Connection(1905800551)--Thread(Thread[AWT-EventQueue-0,6,main])--SELECT t1.NROREFERENCIA, t1.DESCRIPCION, t1.NOMBRE, t1.PRECIO, t1.PROVEEDOR_ID, t0.ESP_NROREF FROM CATEGORIAESPECIFICACIONPROD t0, ESPECIFICACIONPRODUCTO t1 WHERE ((t0.CAT_NAME = ?) AND (t1.NROREFERENCIA = t0.ESP_NROREF))
	bind => [Protectores]
[EL Fine]: sql: 2014-10-09 10:12:55.953--ServerSession(1989311583)--Connection(1905800551)--Thread(Thread[AWT-EventQueue-0,6,main])--SELECT t1.NOMBRE, t1.PADRE FROM CATEGORIAESPECIFICACIONPROD t0, CATEGORIA t1 WHERE ((t0.ESP_NROREF = ?) AND (t1.NOMBRE = t0.CAT_NAME))
	bind => [PCG]
[EL Fine]: sql: 2014-10-09 10:12:55.953--ServerSession(1989311583)--Connection(1905800551)--Thread(Thread[AWT-EventQueue-0,6,main])--SELECT ID, ENORDEN, ID_ESPECIFICO, ESPECIFICACION FROM PRODUCTO WHERE (ESPECIFICACION = ?)
	bind => [PCG]
[EL Fine]: sql: 2014-10-09 10:12:55.954--ServerSession(1989311583)--Connection(1905800551)--Thread(Thread[AWT-EventQueue-0,6,main])--SELECT t1.NOMBRE, t1.PADRE FROM CATEGORIAESPECIFICACIONPROD t0, CATEGORIA t1 WHERE ((t0.ESP_NROREF = ?) AND (t1.NOMBRE = t0.CAT_NAME))
	bind => [PMH]
[EL Fine]: sql: 2014-10-09 10:12:55.954--ServerSession(1989311583)--Connection(1905800551)--Thread(Thread[AWT-EventQueue-0,6,main])--SELECT ID, ENORDEN, ID_ESPECIFICO, ESPECIFICACION FROM PRODUCTO WHERE (ESPECIFICACION = ?)
	bind => [PMH]
[EL Fine]: sql: 2014-10-09 10:12:55.956--ServerSession(1989311583)--Connection(1905800551)--Thread(Thread[AWT-EventQueue-0,6,main])--SELECT NOMBRE, PADRE FROM CATEGORIA WHERE (NOMBRE = ?)
	bind => [Baterías]
[EL Fine]: sql: 2014-10-09 10:12:55.956--ServerSession(1989311583)--Connection(1905800551)--Thread(Thread[AWT-EventQueue-0,6,main])--SELECT t1.NROREFERENCIA, t1.DESCRIPCION, t1.NOMBRE, t1.PRECIO, t1.PROVEEDOR_ID, t0.ESP_NROREF FROM CATEGORIAESPECIFICACIONPROD t0, ESPECIFICACIONPRODUCTO t1 WHERE ((t0.CAT_NAME = ?) AND (t1.NROREFERENCIA = t0.ESP_NROREF))
	bind => [Baterías]
[EL Fine]: sql: 2014-10-09 10:12:55.957--ServerSession(1989311583)--Connection(1905800551)--Thread(Thread[AWT-EventQueue-0,6,main])--SELECT NOMBRE, PADRE FROM CATEGORIA WHERE (NOMBRE = ?)
	bind => [Apple]
[EL Fine]: sql: 2014-10-09 10:12:55.957--ServerSession(1989311583)--Connection(1905800551)--Thread(Thread[AWT-EventQueue-0,6,main])--SELECT t1.NROREFERENCIA, t1.DESCRIPCION, t1.NOMBRE, t1.PRECIO, t1.PROVEEDOR_ID, t0.ESP_NROREF FROM CATEGORIAESPECIFICACIONPROD t0, ESPECIFICACIONPRODUCTO t1 WHERE ((t0.CAT_NAME = ?) AND (t1.NROREFERENCIA = t0.ESP_NROREF))
	bind => [Apple]
[EL Fine]: sql: 2014-10-09 10:12:55.957--ServerSession(1989311583)--Connection(1905800551)--Thread(Thread[AWT-EventQueue-0,6,main])--SELECT t1.NOMBRE, t1.PADRE FROM CATEGORIAESPECIFICACIONPROD t0, CATEGORIA t1 WHERE ((t0.ESP_NROREF = ?) AND (t1.NOMBRE = t0.CAT_NAME))
	bind => [IPH5]
[EL Fine]: sql: 2014-10-09 10:12:55.958--ServerSession(1989311583)--Connection(1905800551)--Thread(Thread[AWT-EventQueue-0,6,main])--SELECT ID, ENORDEN, ID_ESPECIFICO, ESPECIFICACION FROM PRODUCTO WHERE (ESPECIFICACION = ?)
	bind => [IPH5]
[EL Fine]: sql: 2014-10-09 10:12:55.958--ServerSession(1989311583)--Connection(1905800551)--Thread(Thread[AWT-EventQueue-0,6,main])--SELECT t1.NOMBRE, t1.PADRE FROM CATEGORIAESPECIFICACIONPROD t0, CATEGORIA t1 WHERE ((t0.ESP_NROREF = ?) AND (t1.NOMBRE = t0.CAT_NAME))
	bind => [IPH4]
[EL Fine]: sql: 2014-10-09 10:12:55.958--ServerSession(1989311583)--Connection(1905800551)--Thread(Thread[AWT-EventQueue-0,6,main])--SELECT ID, ENORDEN, ID_ESPECIFICO, ESPECIFICACION FROM PRODUCTO WHERE (ESPECIFICACION = ?)
	bind => [IPH4]
[EL Fine]: sql: 2014-10-09 10:12:55.959--ServerSession(1989311583)--Connection(1905800551)--Thread(Thread[AWT-EventQueue-0,6,main])--SELECT NOMBRE, PADRE FROM CATEGORIA WHERE (NOMBRE = ?)
	bind => [Videojuegos]
[EL Fine]: sql: 2014-10-09 10:12:55.959--ServerSession(1989311583)--Connection(1905800551)--Thread(Thread[AWT-EventQueue-0,6,main])--SELECT t1.NROREFERENCIA, t1.DESCRIPCION, t1.NOMBRE, t1.PRECIO, t1.PROVEEDOR_ID, t0.ESP_NROREF FROM CATEGORIAESPECIFICACIONPROD t0, ESPECIFICACIONPRODUCTO t1 WHERE ((t0.CAT_NAME = ?) AND (t1.NROREFERENCIA = t0.ESP_NROREF))
	bind => [Videojuegos]
[EL Fine]: sql: 2014-10-09 10:12:55.96--ServerSession(1989311583)--Connection(1905800551)--Thread(Thread[AWT-EventQueue-0,6,main])--SELECT NOMBRE, PADRE FROM CATEGORIA WHERE (NOMBRE = ?)
	bind => [Playstation]
[EL Fine]: sql: 2014-10-09 10:12:55.96--ServerSession(1989311583)--Connection(1905800551)--Thread(Thread[AWT-EventQueue-0,6,main])--SELECT t1.NROREFERENCIA, t1.DESCRIPCION, t1.NOMBRE, t1.PRECIO, t1.PROVEEDOR_ID, t0.ESP_NROREF FROM CATEGORIAESPECIFICACIONPROD t0, ESPECIFICACIONPRODUCTO t1 WHERE ((t0.CAT_NAME = ?) AND (t1.NROREFERENCIA = t0.ESP_NROREF))
	bind => [Playstation]
[EL Fine]: sql: 2014-10-09 10:12:55.961--ServerSession(1989311583)--Connection(1905800551)--Thread(Thread[AWT-EventQueue-0,6,main])--SELECT NOMBRE, PADRE FROM CATEGORIA WHERE (NOMBRE = ?)
	bind => [Xbox]
[EL Fine]: sql: 2014-10-09 10:12:55.961--ServerSession(1989311583)--Connection(1905800551)--Thread(Thread[AWT-EventQueue-0,6,main])--SELECT t1.NROREFERENCIA, t1.DESCRIPCION, t1.NOMBRE, t1.PRECIO, t1.PROVEEDOR_ID, t0.ESP_NROREF FROM CATEGORIAESPECIFICACIONPROD t0, ESPECIFICACIONPRODUCTO t1 WHERE ((t0.CAT_NAME = ?) AND (t1.NROREFERENCIA = t0.ESP_NROREF))
	bind => [Xbox]
[EL Fine]: sql: 2014-10-09 10:12:55.961--ServerSession(1989311583)--Connection(1905800551)--Thread(Thread[AWT-EventQueue-0,6,main])--SELECT NOMBRE, PADRE FROM CATEGORIA
[EL Fine]: sql: 2014-10-09 10:12:55.962--ServerSession(1989311583)--Connection(1905800551)--Thread(Thread[AWT-EventQueue-0,6,main])--SELECT NOMBRE, PADRE FROM CATEGORIA
[EL Fine]: sql: 2014-10-09 10:12:55.962--ServerSession(1989311583)--Connection(1905800551)--Thread(Thread[AWT-EventQueue-0,6,main])--SELECT NOMBRE, PADRE FROM CATEGORIA WHERE (NOMBRE = ?)
	bind => [Celulares]
[EL Fine]: sql: 2014-10-09 10:12:55.962--ServerSession(1989311583)--Connection(1905800551)--Thread(Thread[AWT-EventQueue-0,6,main])--SELECT t1.NROREFERENCIA, t1.DESCRIPCION, t1.NOMBRE, t1.PRECIO, t1.PROVEEDOR_ID, t0.ESP_NROREF FROM CATEGORIAESPECIFICACIONPROD t0, ESPECIFICACIONPRODUCTO t1 WHERE ((t0.CAT_NAME = ?) AND (t1.NROREFERENCIA = t0.ESP_NROREF))
	bind => [Celulares]
[EL Fine]: sql: 2014-10-09 10:12:55.963--ServerSession(1989311583)--Connection(1905800551)--Thread(Thread[AWT-EventQueue-0,6,main])--SELECT NOMBRE, PADRE FROM CATEGORIA WHERE (NOMBRE = ?)
	bind => [Sistemas Operativos]
[EL Fine]: sql: 2014-10-09 10:12:55.963--ServerSession(1989311583)--Connection(1905800551)--Thread(Thread[AWT-EventQueue-0,6,main])--SELECT t1.NROREFERENCIA, t1.DESCRIPCION, t1.NOMBRE, t1.PRECIO, t1.PROVEEDOR_ID, t0.ESP_NROREF FROM CATEGORIAESPECIFICACIONPROD t0, ESPECIFICACIONPRODUCTO t1 WHERE ((t0.CAT_NAME = ?) AND (t1.NROREFERENCIA = t0.ESP_NROREF))
	bind => [Sistemas Operativos]
[EL Fine]: sql: 2014-10-09 10:12:55.963--ServerSession(1989311583)--Connection(1905800551)--Thread(Thread[AWT-EventQueue-0,6,main])--SELECT NOMBRE, PADRE FROM CATEGORIA WHERE (NOMBRE = ?)
	bind => [iOS]
[EL Fine]: sql: 2014-10-09 10:12:55.963--ServerSession(1989311583)--Connection(1905800551)--Thread(Thread[AWT-EventQueue-0,6,main])--SELECT t1.NROREFERENCIA, t1.DESCRIPCION, t1.NOMBRE, t1.PRECIO, t1.PROVEEDOR_ID, t0.ESP_NROREF FROM CATEGORIAESPECIFICACIONPROD t0, ESPECIFICACIONPRODUCTO t1 WHERE ((t0.CAT_NAME = ?) AND (t1.NROREFERENCIA = t0.ESP_NROREF))
	bind => [iOS]
[EL Fine]: sql: 2014-10-09 10:12:55.964--ServerSession(1989311583)--Connection(1905800551)--Thread(Thread[AWT-EventQueue-0,6,main])--SELECT t1.NOMBRE, t1.PADRE FROM CATEGORIAESPECIFICACIONPROD t0, CATEGORIA t1 WHERE ((t0.ESP_NROREF = ?) AND (t1.NOMBRE = t0.CAT_NAME))
	bind => [IPH5]
[EL Fine]: sql: 2014-10-09 10:12:55.964--ServerSession(1989311583)--Connection(1905800551)--Thread(Thread[AWT-EventQueue-0,6,main])--SELECT ID, ENORDEN, ID_ESPECIFICO, ESPECIFICACION FROM PRODUCTO WHERE (ESPECIFICACION = ?)
	bind => [IPH5]
[EL Fine]: sql: 2014-10-09 10:12:55.965--ServerSession(1989311583)--Connection(1905800551)--Thread(Thread[AWT-EventQueue-0,6,main])--SELECT t1.NOMBRE, t1.PADRE FROM CATEGORIAESPECIFICACIONPROD t0, CATEGORIA t1 WHERE ((t0.ESP_NROREF = ?) AND (t1.NOMBRE = t0.CAT_NAME))
	bind => [IPH4]
[EL Fine]: sql: 2014-10-09 10:12:55.965--ServerSession(1989311583)--Connection(1905800551)--Thread(Thread[AWT-EventQueue-0,6,main])--SELECT ID, ENORDEN, ID_ESPECIFICO, ESPECIFICACION FROM PRODUCTO WHERE (ESPECIFICACION = ?)
	bind => [IPH4]
[EL Fine]: sql: 2014-10-09 10:12:55.966--ServerSession(1989311583)--Connection(1905800551)--Thread(Thread[AWT-EventQueue-0,6,main])--SELECT NOMBRE, PADRE FROM CATEGORIA WHERE (NOMBRE = ?)
	bind => [Android]
[EL Fine]: sql: 2014-10-09 10:12:55.967--ServerSession(1989311583)--Connection(1905800551)--Thread(Thread[AWT-EventQueue-0,6,main])--SELECT t1.NROREFERENCIA, t1.DESCRIPCION, t1.NOMBRE, t1.PRECIO, t1.PROVEEDOR_ID, t0.ESP_NROREF FROM CATEGORIAESPECIFICACIONPROD t0, ESPECIFICACIONPRODUCTO t1 WHERE ((t0.CAT_NAME = ?) AND (t1.NROREFERENCIA = t0.ESP_NROREF))
	bind => [Android]
[EL Fine]: sql: 2014-10-09 10:12:55.967--ServerSession(1989311583)--Connection(1905800551)--Thread(Thread[AWT-EventQueue-0,6,main])--SELECT t1.NOMBRE, t1.PADRE FROM CATEGORIAESPECIFICACIONPROD t0, CATEGORIA t1 WHERE ((t0.ESP_NROREF = ?) AND (t1.NOMBRE = t0.CAT_NAME))
	bind => [NEX4]
[EL Fine]: sql: 2014-10-09 10:12:55.967--ServerSession(1989311583)--Connection(1905800551)--Thread(Thread[AWT-EventQueue-0,6,main])--SELECT ID, ENORDEN, ID_ESPECIFICO, ESPECIFICACION FROM PRODUCTO WHERE (ESPECIFICACION = ?)
	bind => [NEX4]
[EL Fine]: sql: 2014-10-09 10:12:55.968--ServerSession(1989311583)--Connection(1905800551)--Thread(Thread[AWT-EventQueue-0,6,main])--SELECT t1.NOMBRE, t1.PADRE FROM CATEGORIAESPECIFICACIONPROD t0, CATEGORIA t1 WHERE ((t0.ESP_NROREF = ?) AND (t1.NOMBRE = t0.CAT_NAME))
	bind => [GA3]
[EL Fine]: sql: 2014-10-09 10:12:55.968--ServerSession(1989311583)--Connection(1905800551)--Thread(Thread[AWT-EventQueue-0,6,main])--SELECT ID, ENORDEN, ID_ESPECIFICO, ESPECIFICACION FROM PRODUCTO WHERE (ESPECIFICACION = ?)
	bind => [GA3]
[EL Fine]: sql: 2014-10-09 10:12:55.969--ServerSession(1989311583)--Connection(1905800551)--Thread(Thread[AWT-EventQueue-0,6,main])--SELECT t1.NOMBRE, t1.PADRE FROM CATEGORIAESPECIFICACIONPROD t0, CATEGORIA t1 WHERE ((t0.ESP_NROREF = ?) AND (t1.NOMBRE = t0.CAT_NAME))
	bind => [GA4]
[EL Fine]: sql: 2014-10-09 10:12:55.969--ServerSession(1989311583)--Connection(1905800551)--Thread(Thread[AWT-EventQueue-0,6,main])--SELECT ID, ENORDEN, ID_ESPECIFICO, ESPECIFICACION FROM PRODUCTO WHERE (ESPECIFICACION = ?)
	bind => [GA4]
[EL Fine]: sql: 2014-10-09 10:12:55.97--ServerSession(1989311583)--Connection(1905800551)--Thread(Thread[AWT-EventQueue-0,6,main])--SELECT t1.NOMBRE, t1.PADRE FROM CATEGORIAESPECIFICACIONPROD t0, CATEGORIA t1 WHERE ((t0.ESP_NROREF = ?) AND (t1.NOMBRE = t0.CAT_NAME))
	bind => [AS5]
[EL Fine]: sql: 2014-10-09 10:12:55.97--ServerSession(1989311583)--Connection(1905800551)--Thread(Thread[AWT-EventQueue-0,6,main])--SELECT ID, ENORDEN, ID_ESPECIFICO, ESPECIFICACION FROM PRODUCTO WHERE (ESPECIFICACION = ?)
	bind => [AS5]
[EL Fine]: sql: 2014-10-09 10:12:55.98--ServerSession(1989311583)--Connection(1905800551)--Thread(Thread[AWT-EventQueue-0,6,main])--SELECT NOMBRE, PADRE FROM CATEGORIA WHERE (NOMBRE = ?)
	bind => [Windows Phone]
[EL Fine]: sql: 2014-10-09 10:12:55.987--ServerSession(1989311583)--Connection(1905800551)--Thread(Thread[AWT-EventQueue-0,6,main])--SELECT t1.NROREFERENCIA, t1.DESCRIPCION, t1.NOMBRE, t1.PRECIO, t1.PROVEEDOR_ID, t0.ESP_NROREF FROM CATEGORIAESPECIFICACIONPROD t0, ESPECIFICACIONPRODUCTO t1 WHERE ((t0.CAT_NAME = ?) AND (t1.NROREFERENCIA = t0.ESP_NROREF))
	bind => [Windows Phone]
[EL Fine]: sql: 2014-10-09 10:12:55.988--ServerSession(1989311583)--Connection(1905800551)--Thread(Thread[AWT-EventQueue-0,6,main])--SELECT NOMBRE, PADRE FROM CATEGORIA WHERE (NOMBRE = ?)
	bind => [Symbian]
[EL Fine]: sql: 2014-10-09 10:12:55.988--ServerSession(1989311583)--Connection(1905800551)--Thread(Thread[AWT-EventQueue-0,6,main])--SELECT t1.NROREFERENCIA, t1.DESCRIPCION, t1.NOMBRE, t1.PRECIO, t1.PROVEEDOR_ID, t0.ESP_NROREF FROM CATEGORIAESPECIFICACIONPROD t0, ESPECIFICACIONPRODUCTO t1 WHERE ((t0.CAT_NAME = ?) AND (t1.NROREFERENCIA = t0.ESP_NROREF))
	bind => [Symbian]
[EL Fine]: sql: 2014-10-09 10:12:55.989--ServerSession(1989311583)--Connection(1905800551)--Thread(Thread[AWT-EventQueue-0,6,main])--SELECT NOMBRE, PADRE FROM CATEGORIA WHERE (NOMBRE = ?)
	bind => [Blackberry OS]
[EL Fine]: sql: 2014-10-09 10:12:55.989--ServerSession(1989311583)--Connection(1905800551)--Thread(Thread[AWT-EventQueue-0,6,main])--SELECT t1.NROREFERENCIA, t1.DESCRIPCION, t1.NOMBRE, t1.PRECIO, t1.PROVEEDOR_ID, t0.ESP_NROREF FROM CATEGORIAESPECIFICACIONPROD t0, ESPECIFICACIONPRODUCTO t1 WHERE ((t0.CAT_NAME = ?) AND (t1.NROREFERENCIA = t0.ESP_NROREF))
	bind => [Blackberry OS]
[EL Fine]: sql: 2014-10-09 10:12:55.989--ServerSession(1989311583)--Connection(1905800551)--Thread(Thread[AWT-EventQueue-0,6,main])--SELECT NOMBRE, PADRE FROM CATEGORIA WHERE (NOMBRE = ?)
	bind => [Equipos]
[EL Fine]: sql: 2014-10-09 10:12:55.99--ServerSession(1989311583)--Connection(1905800551)--Thread(Thread[AWT-EventQueue-0,6,main])--SELECT t1.NROREFERENCIA, t1.DESCRIPCION, t1.NOMBRE, t1.PRECIO, t1.PROVEEDOR_ID, t0.ESP_NROREF FROM CATEGORIAESPECIFICACIONPROD t0, ESPECIFICACIONPRODUCTO t1 WHERE ((t0.CAT_NAME = ?) AND (t1.NROREFERENCIA = t0.ESP_NROREF))
	bind => [Equipos]
[EL Fine]: sql: 2014-10-09 10:12:55.991--ServerSession(1989311583)--Connection(1905800551)--Thread(Thread[AWT-EventQueue-0,6,main])--SELECT NOMBRE, PADRE FROM CATEGORIA WHERE (NOMBRE = ?)
	bind => [iPhone]
[EL Fine]: sql: 2014-10-09 10:12:55.991--ServerSession(1989311583)--Connection(1905800551)--Thread(Thread[AWT-EventQueue-0,6,main])--SELECT t1.NROREFERENCIA, t1.DESCRIPCION, t1.NOMBRE, t1.PRECIO, t1.PROVEEDOR_ID, t0.ESP_NROREF FROM CATEGORIAESPECIFICACIONPROD t0, ESPECIFICACIONPRODUCTO t1 WHERE ((t0.CAT_NAME = ?) AND (t1.NROREFERENCIA = t0.ESP_NROREF))
	bind => [iPhone]
[EL Fine]: sql: 2014-10-09 10:12:55.992--ServerSession(1989311583)--Connection(1905800551)--Thread(Thread[AWT-EventQueue-0,6,main])--SELECT t1.NOMBRE, t1.PADRE FROM CATEGORIAESPECIFICACIONPROD t0, CATEGORIA t1 WHERE ((t0.ESP_NROREF = ?) AND (t1.NOMBRE = t0.CAT_NAME))
	bind => [IPH5]
[EL Fine]: sql: 2014-10-09 10:12:55.992--ServerSession(1989311583)--Connection(1905800551)--Thread(Thread[AWT-EventQueue-0,6,main])--SELECT ID, ENORDEN, ID_ESPECIFICO, ESPECIFICACION FROM PRODUCTO WHERE (ESPECIFICACION = ?)
	bind => [IPH5]
[EL Fine]: sql: 2014-10-09 10:12:55.993--ServerSession(1989311583)--Connection(1905800551)--Thread(Thread[AWT-EventQueue-0,6,main])--SELECT t1.NOMBRE, t1.PADRE FROM CATEGORIAESPECIFICACIONPROD t0, CATEGORIA t1 WHERE ((t0.ESP_NROREF = ?) AND (t1.NOMBRE = t0.CAT_NAME))
	bind => [IPH4]
[EL Fine]: sql: 2014-10-09 10:12:55.993--ServerSession(1989311583)--Connection(1905800551)--Thread(Thread[AWT-EventQueue-0,6,main])--SELECT ID, ENORDEN, ID_ESPECIFICO, ESPECIFICACION FROM PRODUCTO WHERE (ESPECIFICACION = ?)
	bind => [IPH4]
[EL Fine]: sql: 2014-10-09 10:12:55.994--ServerSession(1989311583)--Connection(1905800551)--Thread(Thread[AWT-EventQueue-0,6,main])--SELECT NOMBRE, PADRE FROM CATEGORIA WHERE (NOMBRE = ?)
	bind => [Nexus]
[EL Fine]: sql: 2014-10-09 10:12:55.995--ServerSession(1989311583)--Connection(1905800551)--Thread(Thread[AWT-EventQueue-0,6,main])--SELECT t1.NROREFERENCIA, t1.DESCRIPCION, t1.NOMBRE, t1.PRECIO, t1.PROVEEDOR_ID, t0.ESP_NROREF FROM CATEGORIAESPECIFICACIONPROD t0, ESPECIFICACIONPRODUCTO t1 WHERE ((t0.CAT_NAME = ?) AND (t1.NROREFERENCIA = t0.ESP_NROREF))
	bind => [Nexus]
[EL Fine]: sql: 2014-10-09 10:12:55.995--ServerSession(1989311583)--Connection(1905800551)--Thread(Thread[AWT-EventQueue-0,6,main])--SELECT t1.NOMBRE, t1.PADRE FROM CATEGORIAESPECIFICACIONPROD t0, CATEGORIA t1 WHERE ((t0.ESP_NROREF = ?) AND (t1.NOMBRE = t0.CAT_NAME))
	bind => [NEX4]
[EL Fine]: sql: 2014-10-09 10:12:55.996--ServerSession(1989311583)--Connection(1905800551)--Thread(Thread[AWT-EventQueue-0,6,main])--SELECT ID, ENORDEN, ID_ESPECIFICO, ESPECIFICACION FROM PRODUCTO WHERE (ESPECIFICACION = ?)
	bind => [NEX4]
[EL Fine]: sql: 2014-10-09 10:12:55.997--ServerSession(1989311583)--Connection(1905800551)--Thread(Thread[AWT-EventQueue-0,6,main])--SELECT NOMBRE, PADRE FROM CATEGORIA WHERE (NOMBRE = ?)
	bind => [Samsung]
[EL Fine]: sql: 2014-10-09 10:12:55.997--ServerSession(1989311583)--Connection(1905800551)--Thread(Thread[AWT-EventQueue-0,6,main])--SELECT t1.NROREFERENCIA, t1.DESCRIPCION, t1.NOMBRE, t1.PRECIO, t1.PROVEEDOR_ID, t0.ESP_NROREF FROM CATEGORIAESPECIFICACIONPROD t0, ESPECIFICACIONPRODUCTO t1 WHERE ((t0.CAT_NAME = ?) AND (t1.NROREFERENCIA = t0.ESP_NROREF))
	bind => [Samsung]
[EL Fine]: sql: 2014-10-09 10:12:55.998--ServerSession(1989311583)--Connection(1905800551)--Thread(Thread[AWT-EventQueue-0,6,main])--SELECT NOMBRE, PADRE FROM CATEGORIA WHERE (NOMBRE = ?)
	bind => [Galaxy S3]
[EL Fine]: sql: 2014-10-09 10:12:55.998--ServerSession(1989311583)--Connection(1905800551)--Thread(Thread[AWT-EventQueue-0,6,main])--SELECT t1.NROREFERENCIA, t1.DESCRIPCION, t1.NOMBRE, t1.PRECIO, t1.PROVEEDOR_ID, t0.ESP_NROREF FROM CATEGORIAESPECIFICACIONPROD t0, ESPECIFICACIONPRODUCTO t1 WHERE ((t0.CAT_NAME = ?) AND (t1.NROREFERENCIA = t0.ESP_NROREF))
	bind => [Galaxy S3]
[EL Fine]: sql: 2014-10-09 10:12:55.999--ServerSession(1989311583)--Connection(1905800551)--Thread(Thread[AWT-EventQueue-0,6,main])--SELECT t1.NOMBRE, t1.PADRE FROM CATEGORIAESPECIFICACIONPROD t0, CATEGORIA t1 WHERE ((t0.ESP_NROREF = ?) AND (t1.NOMBRE = t0.CAT_NAME))
	bind => [GA3]
[EL Fine]: sql: 2014-10-09 10:12:55.999--ServerSession(1989311583)--Connection(1905800551)--Thread(Thread[AWT-EventQueue-0,6,main])--SELECT ID, ENORDEN, ID_ESPECIFICO, ESPECIFICACION FROM PRODUCTO WHERE (ESPECIFICACION = ?)
	bind => [GA3]
[EL Fine]: sql: 2014-10-09 10:12:56.0--ServerSession(1989311583)--Connection(1905800551)--Thread(Thread[AWT-EventQueue-0,6,main])--SELECT NOMBRE, PADRE FROM CATEGORIA WHERE (NOMBRE = ?)
	bind => [Galaxy S4]
[EL Fine]: sql: 2014-10-09 10:12:56.001--ServerSession(1989311583)--Connection(1905800551)--Thread(Thread[AWT-EventQueue-0,6,main])--SELECT t1.NROREFERENCIA, t1.DESCRIPCION, t1.NOMBRE, t1.PRECIO, t1.PROVEEDOR_ID, t0.ESP_NROREF FROM CATEGORIAESPECIFICACIONPROD t0, ESPECIFICACIONPRODUCTO t1 WHERE ((t0.CAT_NAME = ?) AND (t1.NROREFERENCIA = t0.ESP_NROREF))
	bind => [Galaxy S4]
[EL Fine]: sql: 2014-10-09 10:12:56.001--ServerSession(1989311583)--Connection(1905800551)--Thread(Thread[AWT-EventQueue-0,6,main])--SELECT t1.NOMBRE, t1.PADRE FROM CATEGORIAESPECIFICACIONPROD t0, CATEGORIA t1 WHERE ((t0.ESP_NROREF = ?) AND (t1.NOMBRE = t0.CAT_NAME))
	bind => [GA4]
[EL Fine]: sql: 2014-10-09 10:12:56.002--ServerSession(1989311583)--Connection(1905800551)--Thread(Thread[AWT-EventQueue-0,6,main])--SELECT ID, ENORDEN, ID_ESPECIFICO, ESPECIFICACION FROM PRODUCTO WHERE (ESPECIFICACION = ?)
	bind => [GA4]
[EL Fine]: sql: 2014-10-09 10:12:56.003--ServerSession(1989311583)--Connection(1905800551)--Thread(Thread[AWT-EventQueue-0,6,main])--SELECT NOMBRE, PADRE FROM CATEGORIA WHERE (NOMBRE = ?)
	bind => [Galaxy Ace]
[EL Fine]: sql: 2014-10-09 10:12:56.003--ServerSession(1989311583)--Connection(1905800551)--Thread(Thread[AWT-EventQueue-0,6,main])--SELECT t1.NROREFERENCIA, t1.DESCRIPCION, t1.NOMBRE, t1.PRECIO, t1.PROVEEDOR_ID, t0.ESP_NROREF FROM CATEGORIAESPECIFICACIONPROD t0, ESPECIFICACIONPRODUCTO t1 WHERE ((t0.CAT_NAME = ?) AND (t1.NROREFERENCIA = t0.ESP_NROREF))
	bind => [Galaxy Ace]
[EL Fine]: sql: 2014-10-09 10:12:56.004--ServerSession(1989311583)--Connection(1905800551)--Thread(Thread[AWT-EventQueue-0,6,main])--SELECT t1.NOMBRE, t1.PADRE FROM CATEGORIAESPECIFICACIONPROD t0, CATEGORIA t1 WHERE ((t0.ESP_NROREF = ?) AND (t1.NOMBRE = t0.CAT_NAME))
	bind => [AS5]
[EL Fine]: sql: 2014-10-09 10:12:56.004--ServerSession(1989311583)--Connection(1905800551)--Thread(Thread[AWT-EventQueue-0,6,main])--SELECT ID, ENORDEN, ID_ESPECIFICO, ESPECIFICACION FROM PRODUCTO WHERE (ESPECIFICACION = ?)
	bind => [AS5]
[EL Fine]: sql: 2014-10-09 10:12:56.005--ServerSession(1989311583)--Connection(1905800551)--Thread(Thread[AWT-EventQueue-0,6,main])--SELECT NOMBRE, PADRE FROM CATEGORIA WHERE (NOMBRE = ?)
	bind => [Blackberry]
[EL Fine]: sql: 2014-10-09 10:12:56.005--ServerSession(1989311583)--Connection(1905800551)--Thread(Thread[AWT-EventQueue-0,6,main])--SELECT t1.NROREFERENCIA, t1.DESCRIPCION, t1.NOMBRE, t1.PRECIO, t1.PROVEEDOR_ID, t0.ESP_NROREF FROM CATEGORIAESPECIFICACIONPROD t0, ESPECIFICACIONPRODUCTO t1 WHERE ((t0.CAT_NAME = ?) AND (t1.NROREFERENCIA = t0.ESP_NROREF))
	bind => [Blackberry]
[EL Fine]: sql: 2014-10-09 10:12:56.006--ServerSession(1989311583)--Connection(1905800551)--Thread(Thread[AWT-EventQueue-0,6,main])--SELECT NOMBRE, PADRE FROM CATEGORIA WHERE (NOMBRE = ?)
	bind => [Nokia]
[EL Fine]: sql: 2014-10-09 10:12:56.006--ServerSession(1989311583)--Connection(1905800551)--Thread(Thread[AWT-EventQueue-0,6,main])--SELECT t1.NROREFERENCIA, t1.DESCRIPCION, t1.NOMBRE, t1.PRECIO, t1.PROVEEDOR_ID, t0.ESP_NROREF FROM CATEGORIAESPECIFICACIONPROD t0, ESPECIFICACIONPRODUCTO t1 WHERE ((t0.CAT_NAME = ?) AND (t1.NROREFERENCIA = t0.ESP_NROREF))
	bind => [Nokia]
[EL Fine]: sql: 2014-10-09 10:12:56.006--ServerSession(1989311583)--Connection(1905800551)--Thread(Thread[AWT-EventQueue-0,6,main])--SELECT NOMBRE, PADRE FROM CATEGORIA WHERE (NOMBRE = ?)
	bind => [Accesorios]
[EL Fine]: sql: 2014-10-09 10:12:56.007--ServerSession(1989311583)--Connection(1905800551)--Thread(Thread[AWT-EventQueue-0,6,main])--SELECT t1.NROREFERENCIA, t1.DESCRIPCION, t1.NOMBRE, t1.PRECIO, t1.PROVEEDOR_ID, t0.ESP_NROREF FROM CATEGORIAESPECIFICACIONPROD t0, ESPECIFICACIONPRODUCTO t1 WHERE ((t0.CAT_NAME = ?) AND (t1.NROREFERENCIA = t0.ESP_NROREF))
	bind => [Accesorios]
[EL Fine]: sql: 2014-10-09 10:12:56.007--ServerSession(1989311583)--Connection(1905800551)--Thread(Thread[AWT-EventQueue-0,6,main])--SELECT NOMBRE, PADRE FROM CATEGORIA WHERE (NOMBRE = ?)
	bind => [Protectores]
[EL Fine]: sql: 2014-10-09 10:12:56.008--ServerSession(1989311583)--Connection(1905800551)--Thread(Thread[AWT-EventQueue-0,6,main])--SELECT t1.NROREFERENCIA, t1.DESCRIPCION, t1.NOMBRE, t1.PRECIO, t1.PROVEEDOR_ID, t0.ESP_NROREF FROM CATEGORIAESPECIFICACIONPROD t0, ESPECIFICACIONPRODUCTO t1 WHERE ((t0.CAT_NAME = ?) AND (t1.NROREFERENCIA = t0.ESP_NROREF))
	bind => [Protectores]
[EL Fine]: sql: 2014-10-09 10:12:56.008--ServerSession(1989311583)--Connection(1905800551)--Thread(Thread[AWT-EventQueue-0,6,main])--SELECT t1.NOMBRE, t1.PADRE FROM CATEGORIAESPECIFICACIONPROD t0, CATEGORIA t1 WHERE ((t0.ESP_NROREF = ?) AND (t1.NOMBRE = t0.CAT_NAME))
	bind => [PCG]
[EL Fine]: sql: 2014-10-09 10:12:56.009--ServerSession(1989311583)--Connection(1905800551)--Thread(Thread[AWT-EventQueue-0,6,main])--SELECT ID, ENORDEN, ID_ESPECIFICO, ESPECIFICACION FROM PRODUCTO WHERE (ESPECIFICACION = ?)
	bind => [PCG]
[EL Fine]: sql: 2014-10-09 10:12:56.009--ServerSession(1989311583)--Connection(1905800551)--Thread(Thread[AWT-EventQueue-0,6,main])--SELECT t1.NOMBRE, t1.PADRE FROM CATEGORIAESPECIFICACIONPROD t0, CATEGORIA t1 WHERE ((t0.ESP_NROREF = ?) AND (t1.NOMBRE = t0.CAT_NAME))
	bind => [PMH]
[EL Fine]: sql: 2014-10-09 10:12:56.009--ServerSession(1989311583)--Connection(1905800551)--Thread(Thread[AWT-EventQueue-0,6,main])--SELECT ID, ENORDEN, ID_ESPECIFICO, ESPECIFICACION FROM PRODUCTO WHERE (ESPECIFICACION = ?)
	bind => [PMH]
[EL Fine]: sql: 2014-10-09 10:12:56.01--ServerSession(1989311583)--Connection(1905800551)--Thread(Thread[AWT-EventQueue-0,6,main])--SELECT NOMBRE, PADRE FROM CATEGORIA WHERE (NOMBRE = ?)
	bind => [Baterías]
[EL Fine]: sql: 2014-10-09 10:12:56.011--ServerSession(1989311583)--Connection(1905800551)--Thread(Thread[AWT-EventQueue-0,6,main])--SELECT t1.NROREFERENCIA, t1.DESCRIPCION, t1.NOMBRE, t1.PRECIO, t1.PROVEEDOR_ID, t0.ESP_NROREF FROM CATEGORIAESPECIFICACIONPROD t0, ESPECIFICACIONPRODUCTO t1 WHERE ((t0.CAT_NAME = ?) AND (t1.NROREFERENCIA = t0.ESP_NROREF))
	bind => [Baterías]
[EL Fine]: sql: 2014-10-09 10:12:56.011--ServerSession(1989311583)--Connection(1905800551)--Thread(Thread[AWT-EventQueue-0,6,main])--SELECT NOMBRE, PADRE FROM CATEGORIA WHERE (NOMBRE = ?)
	bind => [Apple]
[EL Fine]: sql: 2014-10-09 10:12:56.012--ServerSession(1989311583)--Connection(1905800551)--Thread(Thread[AWT-EventQueue-0,6,main])--SELECT t1.NROREFERENCIA, t1.DESCRIPCION, t1.NOMBRE, t1.PRECIO, t1.PROVEEDOR_ID, t0.ESP_NROREF FROM CATEGORIAESPECIFICACIONPROD t0, ESPECIFICACIONPRODUCTO t1 WHERE ((t0.CAT_NAME = ?) AND (t1.NROREFERENCIA = t0.ESP_NROREF))
	bind => [Apple]
[EL Fine]: sql: 2014-10-09 10:12:56.012--ServerSession(1989311583)--Connection(1905800551)--Thread(Thread[AWT-EventQueue-0,6,main])--SELECT t1.NOMBRE, t1.PADRE FROM CATEGORIAESPECIFICACIONPROD t0, CATEGORIA t1 WHERE ((t0.ESP_NROREF = ?) AND (t1.NOMBRE = t0.CAT_NAME))
	bind => [IPH5]
[EL Fine]: sql: 2014-10-09 10:12:56.012--ServerSession(1989311583)--Connection(1905800551)--Thread(Thread[AWT-EventQueue-0,6,main])--SELECT ID, ENORDEN, ID_ESPECIFICO, ESPECIFICACION FROM PRODUCTO WHERE (ESPECIFICACION = ?)
	bind => [IPH5]
[EL Fine]: sql: 2014-10-09 10:12:56.013--ServerSession(1989311583)--Connection(1905800551)--Thread(Thread[AWT-EventQueue-0,6,main])--SELECT t1.NOMBRE, t1.PADRE FROM CATEGORIAESPECIFICACIONPROD t0, CATEGORIA t1 WHERE ((t0.ESP_NROREF = ?) AND (t1.NOMBRE = t0.CAT_NAME))
	bind => [IPH4]
[EL Fine]: sql: 2014-10-09 10:12:56.013--ServerSession(1989311583)--Connection(1905800551)--Thread(Thread[AWT-EventQueue-0,6,main])--SELECT ID, ENORDEN, ID_ESPECIFICO, ESPECIFICACION FROM PRODUCTO WHERE (ESPECIFICACION = ?)
	bind => [IPH4]
[EL Fine]: sql: 2014-10-09 10:12:56.014--ServerSession(1989311583)--Connection(1905800551)--Thread(Thread[AWT-EventQueue-0,6,main])--SELECT NOMBRE, PADRE FROM CATEGORIA WHERE (NOMBRE = ?)
	bind => [Videojuegos]
[EL Fine]: sql: 2014-10-09 10:12:56.015--ServerSession(1989311583)--Connection(1905800551)--Thread(Thread[AWT-EventQueue-0,6,main])--SELECT t1.NROREFERENCIA, t1.DESCRIPCION, t1.NOMBRE, t1.PRECIO, t1.PROVEEDOR_ID, t0.ESP_NROREF FROM CATEGORIAESPECIFICACIONPROD t0, ESPECIFICACIONPRODUCTO t1 WHERE ((t0.CAT_NAME = ?) AND (t1.NROREFERENCIA = t0.ESP_NROREF))
	bind => [Videojuegos]
[EL Fine]: sql: 2014-10-09 10:12:56.015--ServerSession(1989311583)--Connection(1905800551)--Thread(Thread[AWT-EventQueue-0,6,main])--SELECT NOMBRE, PADRE FROM CATEGORIA WHERE (NOMBRE = ?)
	bind => [Playstation]
[EL Fine]: sql: 2014-10-09 10:12:56.016--ServerSession(1989311583)--Connection(1905800551)--Thread(Thread[AWT-EventQueue-0,6,main])--SELECT t1.NROREFERENCIA, t1.DESCRIPCION, t1.NOMBRE, t1.PRECIO, t1.PROVEEDOR_ID, t0.ESP_NROREF FROM CATEGORIAESPECIFICACIONPROD t0, ESPECIFICACIONPRODUCTO t1 WHERE ((t0.CAT_NAME = ?) AND (t1.NROREFERENCIA = t0.ESP_NROREF))
	bind => [Playstation]
[EL Fine]: sql: 2014-10-09 10:12:56.016--ServerSession(1989311583)--Connection(1905800551)--Thread(Thread[AWT-EventQueue-0,6,main])--SELECT NOMBRE, PADRE FROM CATEGORIA WHERE (NOMBRE = ?)
	bind => [Xbox]
[EL Fine]: sql: 2014-10-09 10:12:56.017--ServerSession(1989311583)--Connection(1905800551)--Thread(Thread[AWT-EventQueue-0,6,main])--SELECT t1.NROREFERENCIA, t1.DESCRIPCION, t1.NOMBRE, t1.PRECIO, t1.PROVEEDOR_ID, t0.ESP_NROREF FROM CATEGORIAESPECIFICACIONPROD t0, ESPECIFICACIONPRODUCTO t1 WHERE ((t0.CAT_NAME = ?) AND (t1.NROREFERENCIA = t0.ESP_NROREF))
	bind => [Xbox]
[EL Fine]: sql: 2014-10-09 10:12:56.017--ServerSession(1989311583)--Connection(1905800551)--Thread(Thread[AWT-EventQueue-0,6,main])--SELECT NOMBRE, PADRE FROM CATEGORIA
[EL Fine]: sql: 2014-10-09 10:12:56.019--ClientSession(343425280)--Connection(1905800551)--Thread(Thread[AWT-EventQueue-0,6,main])--INSERT INTO ESPECIFICACIONPRODUCTO (NROREFERENCIA, DESCRIPCION, NOMBRE, PRECIO, PROVEEDOR_ID) VALUES (?, ?, ?, ?, ?)
	bind => [IRD, La última tableta de Apple con pantalla Retina, iPad Retina Display, 499.0, Tim1]
[EL Fine]: sql: 2014-10-09 10:12:56.02--ClientSession(343425280)--Connection(1905800551)--Thread(Thread[AWT-EventQueue-0,6,main])--INSERT INTO PRODUCTO (ENORDEN, ID_ESPECIFICO, ESPECIFICACION) VALUES (?, ?, ?)
	bind => [false, null, IRD]
[EL Fine]: sql: 2014-10-09 10:12:56.02--ClientSession(343425280)--Connection(1905800551)--Thread(Thread[AWT-EventQueue-0,6,main])--CALL IDENTITY()
[EL Fine]: sql: 2014-10-09 10:12:56.021--ClientSession(343425280)--Connection(1905800551)--Thread(Thread[AWT-EventQueue-0,6,main])--INSERT INTO PRODUCTO (ENORDEN, ID_ESPECIFICO, ESPECIFICACION) VALUES (?, ?, ?)
	bind => [false, null, IRD]
[EL Fine]: sql: 2014-10-09 10:12:56.021--ClientSession(343425280)--Connection(1905800551)--Thread(Thread[AWT-EventQueue-0,6,main])--CALL IDENTITY()
[EL Fine]: sql: 2014-10-09 10:12:56.022--ClientSession(343425280)--Connection(1905800551)--Thread(Thread[AWT-EventQueue-0,6,main])--INSERT INTO PRODUCTO (ENORDEN, ID_ESPECIFICO, ESPECIFICACION) VALUES (?, ?, ?)
	bind => [false, null, IRD]
[EL Fine]: sql: 2014-10-09 10:12:56.022--ClientSession(343425280)--Connection(1905800551)--Thread(Thread[AWT-EventQueue-0,6,main])--CALL IDENTITY()
[EL Fine]: sql: 2014-10-09 10:12:56.022--ClientSession(343425280)--Connection(1905800551)--Thread(Thread[AWT-EventQueue-0,6,main])--INSERT INTO PRODUCTO (ENORDEN, ID_ESPECIFICO, ESPECIFICACION) VALUES (?, ?, ?)
	bind => [false, null, IRD]
[EL Fine]: sql: 2014-10-09 10:12:56.023--ClientSession(343425280)--Connection(1905800551)--Thread(Thread[AWT-EventQueue-0,6,main])--CALL IDENTITY()
[EL Fine]: sql: 2014-10-09 10:12:56.023--ClientSession(343425280)--Connection(1905800551)--Thread(Thread[AWT-EventQueue-0,6,main])--INSERT INTO PRODUCTO (ENORDEN, ID_ESPECIFICO, ESPECIFICACION) VALUES (?, ?, ?)
	bind => [false, null, IRD]
[EL Fine]: sql: 2014-10-09 10:12:56.023--ClientSession(343425280)--Connection(1905800551)--Thread(Thread[AWT-EventQueue-0,6,main])--CALL IDENTITY()
[EL Fine]: sql: 2014-10-09 10:12:56.024--ClientSession(343425280)--Connection(1905800551)--Thread(Thread[AWT-EventQueue-0,6,main])--INSERT INTO PRODUCTO (ENORDEN, ID_ESPECIFICO, ESPECIFICACION) VALUES (?, ?, ?)
	bind => [false, null, IRD]
[EL Fine]: sql: 2014-10-09 10:12:56.024--ClientSession(343425280)--Connection(1905800551)--Thread(Thread[AWT-EventQueue-0,6,main])--CALL IDENTITY()
[EL Fine]: sql: 2014-10-09 10:12:56.025--ClientSession(343425280)--Connection(1905800551)--Thread(Thread[AWT-EventQueue-0,6,main])--INSERT INTO PRODUCTO (ENORDEN, ID_ESPECIFICO, ESPECIFICACION) VALUES (?, ?, ?)
	bind => [false, null, IRD]
[EL Fine]: sql: 2014-10-09 10:12:56.025--ClientSession(343425280)--Connection(1905800551)--Thread(Thread[AWT-EventQueue-0,6,main])--CALL IDENTITY()
[EL Fine]: sql: 2014-10-09 10:12:56.026--ClientSession(343425280)--Connection(1905800551)--Thread(Thread[AWT-EventQueue-0,6,main])--INSERT INTO PRODUCTO (ENORDEN, ID_ESPECIFICO, ESPECIFICACION) VALUES (?, ?, ?)
	bind => [false, null, IRD]
[EL Fine]: sql: 2014-10-09 10:12:56.029--ClientSession(343425280)--Connection(1905800551)--Thread(Thread[AWT-EventQueue-0,6,main])--CALL IDENTITY()
[EL Fine]: sql: 2014-10-09 10:12:56.03--ClientSession(343425280)--Connection(1905800551)--Thread(Thread[AWT-EventQueue-0,6,main])--INSERT INTO PRODUCTO (ENORDEN, ID_ESPECIFICO, ESPECIFICACION) VALUES (?, ?, ?)
	bind => [false, null, IRD]
[EL Fine]: sql: 2014-10-09 10:12:56.031--ClientSession(343425280)--Connection(1905800551)--Thread(Thread[AWT-EventQueue-0,6,main])--CALL IDENTITY()
[EL Fine]: sql: 2014-10-09 10:12:56.031--ClientSession(343425280)--Connection(1905800551)--Thread(Thread[AWT-EventQueue-0,6,main])--INSERT INTO PRODUCTO (ENORDEN, ID_ESPECIFICO, ESPECIFICACION) VALUES (?, ?, ?)
	bind => [false, null, IRD]
[EL Fine]: sql: 2014-10-09 10:12:56.032--ClientSession(343425280)--Connection(1905800551)--Thread(Thread[AWT-EventQueue-0,6,main])--CALL IDENTITY()
[EL Fine]: sql: 2014-10-09 10:12:56.033--ClientSession(343425280)--Connection(1905800551)--Thread(Thread[AWT-EventQueue-0,6,main])--INSERT INTO ESPECIFICACIONES (ESPPRID, VALOR, NOMBRE) VALUES (?, ?, ?)
	bind => [IRD, 652 g, Peso]
[EL Fine]: sql: 2014-10-09 10:12:56.033--ClientSession(343425280)--Connection(1905800551)--Thread(Thread[AWT-EventQueue-0,6,main])--INSERT INTO ESPECIFICACIONES (ESPPRID, VALOR, NOMBRE) VALUES (?, ?, ?)
	bind => [IRD, 9.7”, Pantalla]
[EL Fine]: sql: 2014-10-09 10:12:56.033--ClientSession(343425280)--Connection(1905800551)--Thread(Thread[AWT-EventQueue-0,6,main])--INSERT INTO ESPECIFICACIONES (ESPPRID, VALOR, NOMBRE) VALUES (?, ?, ?)
	bind => [IRD, A6X, Procesador]
[EL Fine]: sql: 2014-10-09 10:12:56.034--ClientSession(343425280)--Connection(1905800551)--Thread(Thread[AWT-EventQueue-0,6,main])--INSERT INTO ESPECIFICACIONES (ESPPRID, VALOR, NOMBRE) VALUES (?, ?, ?)
	bind => [IRD, 16 GB, Capacidad]
[EL Fine]: sql: 2014-10-09 10:12:56.034--ClientSession(343425280)--Connection(1905800551)--Thread(Thread[AWT-EventQueue-0,6,main])--INSERT INTO CATEGORIAESPECIFICACIONPROD (CAT_NAME, ESP_NROREF) VALUES (?, ?)
	bind => [Apple, IRD]
[EL Fine]: sql: 2014-10-09 10:12:56.034--ClientSession(343425280)--Connection(1905800551)--Thread(Thread[AWT-EventQueue-0,6,main])--INSERT INTO CATEGORIAESPECIFICACIONPROD (CAT_NAME, ESP_NROREF) VALUES (?, ?)
	bind => [iOS, IRD]
[EL Fine]: sql: 2014-10-09 10:12:56.039--ServerSession(1989311583)--Connection(1905800551)--Thread(Thread[AWT-EventQueue-0,6,main])--SELECT NROREFERENCIA, DESCRIPCION, NOMBRE, PRECIO, PROVEEDOR_ID FROM ESPECIFICACIONPRODUCTO
[EL Fine]: sql: 2014-10-09 10:12:56.04--ServerSession(1989311583)--Connection(1905800551)--Thread(Thread[AWT-EventQueue-0,6,main])--SELECT NOMBRE, PADRE FROM CATEGORIA
[EL Fine]: sql: 2014-10-09 10:12:56.041--ServerSession(1989311583)--Connection(1905800551)--Thread(Thread[AWT-EventQueue-0,6,main])--SELECT NOMBRE, PADRE FROM CATEGORIA WHERE (NOMBRE = ?)
	bind => [Celulares]
[EL Fine]: sql: 2014-10-09 10:12:56.041--ServerSession(1989311583)--Connection(1905800551)--Thread(Thread[AWT-EventQueue-0,6,main])--SELECT t1.NROREFERENCIA, t1.DESCRIPCION, t1.NOMBRE, t1.PRECIO, t1.PROVEEDOR_ID, t0.ESP_NROREF FROM CATEGORIAESPECIFICACIONPROD t0, ESPECIFICACIONPRODUCTO t1 WHERE ((t0.CAT_NAME = ?) AND (t1.NROREFERENCIA = t0.ESP_NROREF))
	bind => [Celulares]
[EL Fine]: sql: 2014-10-09 10:12:56.042--ServerSession(1989311583)--Connection(1905800551)--Thread(Thread[AWT-EventQueue-0,6,main])--SELECT NOMBRE, PADRE FROM CATEGORIA WHERE (NOMBRE = ?)
	bind => [Sistemas Operativos]
[EL Fine]: sql: 2014-10-09 10:12:56.043--ServerSession(1989311583)--Connection(1905800551)--Thread(Thread[AWT-EventQueue-0,6,main])--SELECT t1.NROREFERENCIA, t1.DESCRIPCION, t1.NOMBRE, t1.PRECIO, t1.PROVEEDOR_ID, t0.ESP_NROREF FROM CATEGORIAESPECIFICACIONPROD t0, ESPECIFICACIONPRODUCTO t1 WHERE ((t0.CAT_NAME = ?) AND (t1.NROREFERENCIA = t0.ESP_NROREF))
	bind => [Sistemas Operativos]
[EL Fine]: sql: 2014-10-09 10:12:56.043--ServerSession(1989311583)--Connection(1905800551)--Thread(Thread[AWT-EventQueue-0,6,main])--SELECT NOMBRE, PADRE FROM CATEGORIA WHERE (NOMBRE = ?)
	bind => [iOS]
[EL Fine]: sql: 2014-10-09 10:12:56.043--ServerSession(1989311583)--Connection(1905800551)--Thread(Thread[AWT-EventQueue-0,6,main])--SELECT t1.NROREFERENCIA, t1.DESCRIPCION, t1.NOMBRE, t1.PRECIO, t1.PROVEEDOR_ID, t0.ESP_NROREF FROM CATEGORIAESPECIFICACIONPROD t0, ESPECIFICACIONPRODUCTO t1 WHERE ((t0.CAT_NAME = ?) AND (t1.NROREFERENCIA = t0.ESP_NROREF))
	bind => [iOS]
[EL Fine]: sql: 2014-10-09 10:12:56.044--ServerSession(1989311583)--Connection(1905800551)--Thread(Thread[AWT-EventQueue-0,6,main])--SELECT t1.NOMBRE, t1.PADRE FROM CATEGORIAESPECIFICACIONPROD t0, CATEGORIA t1 WHERE ((t0.ESP_NROREF = ?) AND (t1.NOMBRE = t0.CAT_NAME))
	bind => [IPH5]
[EL Fine]: sql: 2014-10-09 10:12:56.044--ServerSession(1989311583)--Connection(1905800551)--Thread(Thread[AWT-EventQueue-0,6,main])--SELECT ID, ENORDEN, ID_ESPECIFICO, ESPECIFICACION FROM PRODUCTO WHERE (ESPECIFICACION = ?)
	bind => [IPH5]
[EL Fine]: sql: 2014-10-09 10:12:56.045--ServerSession(1989311583)--Connection(1905800551)--Thread(Thread[AWT-EventQueue-0,6,main])--SELECT t1.NOMBRE, t1.PADRE FROM CATEGORIAESPECIFICACIONPROD t0, CATEGORIA t1 WHERE ((t0.ESP_NROREF = ?) AND (t1.NOMBRE = t0.CAT_NAME))
	bind => [IPH4]
[EL Fine]: sql: 2014-10-09 10:12:56.045--ServerSession(1989311583)--Connection(1905800551)--Thread(Thread[AWT-EventQueue-0,6,main])--SELECT ID, ENORDEN, ID_ESPECIFICO, ESPECIFICACION FROM PRODUCTO WHERE (ESPECIFICACION = ?)
	bind => [IPH4]
[EL Fine]: sql: 2014-10-09 10:12:56.046--ServerSession(1989311583)--Connection(1905800551)--Thread(Thread[AWT-EventQueue-0,6,main])--SELECT t1.NOMBRE, t1.PADRE FROM CATEGORIAESPECIFICACIONPROD t0, CATEGORIA t1 WHERE ((t0.ESP_NROREF = ?) AND (t1.NOMBRE = t0.CAT_NAME))
	bind => [IRD]
[EL Fine]: sql: 2014-10-09 10:12:56.046--ServerSession(1989311583)--Connection(1905800551)--Thread(Thread[AWT-EventQueue-0,6,main])--SELECT ID, ENORDEN, ID_ESPECIFICO, ESPECIFICACION FROM PRODUCTO WHERE (ESPECIFICACION = ?)
	bind => [IRD]
[EL Fine]: sql: 2014-10-09 10:12:56.049--ServerSession(1989311583)--Connection(1905800551)--Thread(Thread[AWT-EventQueue-0,6,main])--SELECT NOMBRE, PADRE FROM CATEGORIA WHERE (NOMBRE = ?)
	bind => [Android]
[EL Fine]: sql: 2014-10-09 10:12:56.05--ServerSession(1989311583)--Connection(1905800551)--Thread(Thread[AWT-EventQueue-0,6,main])--SELECT t1.NROREFERENCIA, t1.DESCRIPCION, t1.NOMBRE, t1.PRECIO, t1.PROVEEDOR_ID, t0.ESP_NROREF FROM CATEGORIAESPECIFICACIONPROD t0, ESPECIFICACIONPRODUCTO t1 WHERE ((t0.CAT_NAME = ?) AND (t1.NROREFERENCIA = t0.ESP_NROREF))
	bind => [Android]
[EL Fine]: sql: 2014-10-09 10:12:56.05--ServerSession(1989311583)--Connection(1905800551)--Thread(Thread[AWT-EventQueue-0,6,main])--SELECT t1.NOMBRE, t1.PADRE FROM CATEGORIAESPECIFICACIONPROD t0, CATEGORIA t1 WHERE ((t0.ESP_NROREF = ?) AND (t1.NOMBRE = t0.CAT_NAME))
	bind => [NEX4]
[EL Fine]: sql: 2014-10-09 10:12:56.05--ServerSession(1989311583)--Connection(1905800551)--Thread(Thread[AWT-EventQueue-0,6,main])--SELECT ID, ENORDEN, ID_ESPECIFICO, ESPECIFICACION FROM PRODUCTO WHERE (ESPECIFICACION = ?)
	bind => [NEX4]
[EL Fine]: sql: 2014-10-09 10:12:56.051--ServerSession(1989311583)--Connection(1905800551)--Thread(Thread[AWT-EventQueue-0,6,main])--SELECT t1.NOMBRE, t1.PADRE FROM CATEGORIAESPECIFICACIONPROD t0, CATEGORIA t1 WHERE ((t0.ESP_NROREF = ?) AND (t1.NOMBRE = t0.CAT_NAME))
	bind => [GA3]
[EL Fine]: sql: 2014-10-09 10:12:56.051--ServerSession(1989311583)--Connection(1905800551)--Thread(Thread[AWT-EventQueue-0,6,main])--SELECT ID, ENORDEN, ID_ESPECIFICO, ESPECIFICACION FROM PRODUCTO WHERE (ESPECIFICACION = ?)
	bind => [GA3]
[EL Fine]: sql: 2014-10-09 10:12:56.052--ServerSession(1989311583)--Connection(1905800551)--Thread(Thread[AWT-EventQueue-0,6,main])--SELECT t1.NOMBRE, t1.PADRE FROM CATEGORIAESPECIFICACIONPROD t0, CATEGORIA t1 WHERE ((t0.ESP_NROREF = ?) AND (t1.NOMBRE = t0.CAT_NAME))
	bind => [GA4]
[EL Fine]: sql: 2014-10-09 10:12:56.052--ServerSession(1989311583)--Connection(1905800551)--Thread(Thread[AWT-EventQueue-0,6,main])--SELECT ID, ENORDEN, ID_ESPECIFICO, ESPECIFICACION FROM PRODUCTO WHERE (ESPECIFICACION = ?)
	bind => [GA4]
[EL Fine]: sql: 2014-10-09 10:12:56.052--ServerSession(1989311583)--Connection(1905800551)--Thread(Thread[AWT-EventQueue-0,6,main])--SELECT t1.NOMBRE, t1.PADRE FROM CATEGORIAESPECIFICACIONPROD t0, CATEGORIA t1 WHERE ((t0.ESP_NROREF = ?) AND (t1.NOMBRE = t0.CAT_NAME))
	bind => [AS5]
[EL Fine]: sql: 2014-10-09 10:12:56.052--ServerSession(1989311583)--Connection(1905800551)--Thread(Thread[AWT-EventQueue-0,6,main])--SELECT ID, ENORDEN, ID_ESPECIFICO, ESPECIFICACION FROM PRODUCTO WHERE (ESPECIFICACION = ?)
	bind => [AS5]
[EL Fine]: sql: 2014-10-09 10:12:56.054--ServerSession(1989311583)--Connection(1905800551)--Thread(Thread[AWT-EventQueue-0,6,main])--SELECT NOMBRE, PADRE FROM CATEGORIA WHERE (NOMBRE = ?)
	bind => [Windows Phone]
[EL Fine]: sql: 2014-10-09 10:12:56.054--ServerSession(1989311583)--Connection(1905800551)--Thread(Thread[AWT-EventQueue-0,6,main])--SELECT t1.NROREFERENCIA, t1.DESCRIPCION, t1.NOMBRE, t1.PRECIO, t1.PROVEEDOR_ID, t0.ESP_NROREF FROM CATEGORIAESPECIFICACIONPROD t0, ESPECIFICACIONPRODUCTO t1 WHERE ((t0.CAT_NAME = ?) AND (t1.NROREFERENCIA = t0.ESP_NROREF))
	bind => [Windows Phone]
[EL Fine]: sql: 2014-10-09 10:12:56.054--ServerSession(1989311583)--Connection(1905800551)--Thread(Thread[AWT-EventQueue-0,6,main])--SELECT NOMBRE, PADRE FROM CATEGORIA WHERE (NOMBRE = ?)
	bind => [Symbian]
[EL Fine]: sql: 2014-10-09 10:12:56.055--ServerSession(1989311583)--Connection(1905800551)--Thread(Thread[AWT-EventQueue-0,6,main])--SELECT t1.NROREFERENCIA, t1.DESCRIPCION, t1.NOMBRE, t1.PRECIO, t1.PROVEEDOR_ID, t0.ESP_NROREF FROM CATEGORIAESPECIFICACIONPROD t0, ESPECIFICACIONPRODUCTO t1 WHERE ((t0.CAT_NAME = ?) AND (t1.NROREFERENCIA = t0.ESP_NROREF))
	bind => [Symbian]
[EL Fine]: sql: 2014-10-09 10:12:56.056--ServerSession(1989311583)--Connection(1905800551)--Thread(Thread[AWT-EventQueue-0,6,main])--SELECT NOMBRE, PADRE FROM CATEGORIA WHERE (NOMBRE = ?)
	bind => [Blackberry OS]
[EL Fine]: sql: 2014-10-09 10:12:56.057--ServerSession(1989311583)--Connection(1905800551)--Thread(Thread[AWT-EventQueue-0,6,main])--SELECT t1.NROREFERENCIA, t1.DESCRIPCION, t1.NOMBRE, t1.PRECIO, t1.PROVEEDOR_ID, t0.ESP_NROREF FROM CATEGORIAESPECIFICACIONPROD t0, ESPECIFICACIONPRODUCTO t1 WHERE ((t0.CAT_NAME = ?) AND (t1.NROREFERENCIA = t0.ESP_NROREF))
	bind => [Blackberry OS]
[EL Fine]: sql: 2014-10-09 10:12:56.057--ServerSession(1989311583)--Connection(1905800551)--Thread(Thread[AWT-EventQueue-0,6,main])--SELECT NOMBRE, PADRE FROM CATEGORIA WHERE (NOMBRE = ?)
	bind => [Equipos]
[EL Fine]: sql: 2014-10-09 10:12:56.057--ServerSession(1989311583)--Connection(1905800551)--Thread(Thread[AWT-EventQueue-0,6,main])--SELECT t1.NROREFERENCIA, t1.DESCRIPCION, t1.NOMBRE, t1.PRECIO, t1.PROVEEDOR_ID, t0.ESP_NROREF FROM CATEGORIAESPECIFICACIONPROD t0, ESPECIFICACIONPRODUCTO t1 WHERE ((t0.CAT_NAME = ?) AND (t1.NROREFERENCIA = t0.ESP_NROREF))
	bind => [Equipos]
[EL Fine]: sql: 2014-10-09 10:12:56.058--ServerSession(1989311583)--Connection(1905800551)--Thread(Thread[AWT-EventQueue-0,6,main])--SELECT NOMBRE, PADRE FROM CATEGORIA WHERE (NOMBRE = ?)
	bind => [iPhone]
[EL Fine]: sql: 2014-10-09 10:12:56.058--ServerSession(1989311583)--Connection(1905800551)--Thread(Thread[AWT-EventQueue-0,6,main])--SELECT t1.NROREFERENCIA, t1.DESCRIPCION, t1.NOMBRE, t1.PRECIO, t1.PROVEEDOR_ID, t0.ESP_NROREF FROM CATEGORIAESPECIFICACIONPROD t0, ESPECIFICACIONPRODUCTO t1 WHERE ((t0.CAT_NAME = ?) AND (t1.NROREFERENCIA = t0.ESP_NROREF))
	bind => [iPhone]
[EL Fine]: sql: 2014-10-09 10:12:56.059--ServerSession(1989311583)--Connection(1905800551)--Thread(Thread[AWT-EventQueue-0,6,main])--SELECT t1.NOMBRE, t1.PADRE FROM CATEGORIAESPECIFICACIONPROD t0, CATEGORIA t1 WHERE ((t0.ESP_NROREF = ?) AND (t1.NOMBRE = t0.CAT_NAME))
	bind => [IPH5]
[EL Fine]: sql: 2014-10-09 10:12:56.059--ServerSession(1989311583)--Connection(1905800551)--Thread(Thread[AWT-EventQueue-0,6,main])--SELECT ID, ENORDEN, ID_ESPECIFICO, ESPECIFICACION FROM PRODUCTO WHERE (ESPECIFICACION = ?)
	bind => [IPH5]
[EL Fine]: sql: 2014-10-09 10:12:56.059--ServerSession(1989311583)--Connection(1905800551)--Thread(Thread[AWT-EventQueue-0,6,main])--SELECT t1.NOMBRE, t1.PADRE FROM CATEGORIAESPECIFICACIONPROD t0, CATEGORIA t1 WHERE ((t0.ESP_NROREF = ?) AND (t1.NOMBRE = t0.CAT_NAME))
	bind => [IPH4]
[EL Fine]: sql: 2014-10-09 10:12:56.06--ServerSession(1989311583)--Connection(1905800551)--Thread(Thread[AWT-EventQueue-0,6,main])--SELECT ID, ENORDEN, ID_ESPECIFICO, ESPECIFICACION FROM PRODUCTO WHERE (ESPECIFICACION = ?)
	bind => [IPH4]
[EL Fine]: sql: 2014-10-09 10:12:56.061--ServerSession(1989311583)--Connection(1905800551)--Thread(Thread[AWT-EventQueue-0,6,main])--SELECT NOMBRE, PADRE FROM CATEGORIA WHERE (NOMBRE = ?)
	bind => [Nexus]
[EL Fine]: sql: 2014-10-09 10:12:56.061--ServerSession(1989311583)--Connection(1905800551)--Thread(Thread[AWT-EventQueue-0,6,main])--SELECT t1.NROREFERENCIA, t1.DESCRIPCION, t1.NOMBRE, t1.PRECIO, t1.PROVEEDOR_ID, t0.ESP_NROREF FROM CATEGORIAESPECIFICACIONPROD t0, ESPECIFICACIONPRODUCTO t1 WHERE ((t0.CAT_NAME = ?) AND (t1.NROREFERENCIA = t0.ESP_NROREF))
	bind => [Nexus]
[EL Fine]: sql: 2014-10-09 10:12:56.061--ServerSession(1989311583)--Connection(1905800551)--Thread(Thread[AWT-EventQueue-0,6,main])--SELECT t1.NOMBRE, t1.PADRE FROM CATEGORIAESPECIFICACIONPROD t0, CATEGORIA t1 WHERE ((t0.ESP_NROREF = ?) AND (t1.NOMBRE = t0.CAT_NAME))
	bind => [NEX4]
[EL Fine]: sql: 2014-10-09 10:12:56.062--ServerSession(1989311583)--Connection(1905800551)--Thread(Thread[AWT-EventQueue-0,6,main])--SELECT ID, ENORDEN, ID_ESPECIFICO, ESPECIFICACION FROM PRODUCTO WHERE (ESPECIFICACION = ?)
	bind => [NEX4]
[EL Fine]: sql: 2014-10-09 10:12:56.063--ServerSession(1989311583)--Connection(1905800551)--Thread(Thread[AWT-EventQueue-0,6,main])--SELECT NOMBRE, PADRE FROM CATEGORIA WHERE (NOMBRE = ?)
	bind => [Samsung]
[EL Fine]: sql: 2014-10-09 10:12:56.063--ServerSession(1989311583)--Connection(1905800551)--Thread(Thread[AWT-EventQueue-0,6,main])--SELECT t1.NROREFERENCIA, t1.DESCRIPCION, t1.NOMBRE, t1.PRECIO, t1.PROVEEDOR_ID, t0.ESP_NROREF FROM CATEGORIAESPECIFICACIONPROD t0, ESPECIFICACIONPRODUCTO t1 WHERE ((t0.CAT_NAME = ?) AND (t1.NROREFERENCIA = t0.ESP_NROREF))
	bind => [Samsung]
[EL Fine]: sql: 2014-10-09 10:12:56.063--ServerSession(1989311583)--Connection(1905800551)--Thread(Thread[AWT-EventQueue-0,6,main])--SELECT NOMBRE, PADRE FROM CATEGORIA WHERE (NOMBRE = ?)
	bind => [Galaxy S3]
[EL Fine]: sql: 2014-10-09 10:12:56.064--ServerSession(1989311583)--Connection(1905800551)--Thread(Thread[AWT-EventQueue-0,6,main])--SELECT t1.NROREFERENCIA, t1.DESCRIPCION, t1.NOMBRE, t1.PRECIO, t1.PROVEEDOR_ID, t0.ESP_NROREF FROM CATEGORIAESPECIFICACIONPROD t0, ESPECIFICACIONPRODUCTO t1 WHERE ((t0.CAT_NAME = ?) AND (t1.NROREFERENCIA = t0.ESP_NROREF))
	bind => [Galaxy S3]
[EL Fine]: sql: 2014-10-09 10:12:56.064--ServerSession(1989311583)--Connection(1905800551)--Thread(Thread[AWT-EventQueue-0,6,main])--SELECT t1.NOMBRE, t1.PADRE FROM CATEGORIAESPECIFICACIONPROD t0, CATEGORIA t1 WHERE ((t0.ESP_NROREF = ?) AND (t1.NOMBRE = t0.CAT_NAME))
	bind => [GA3]
[EL Fine]: sql: 2014-10-09 10:12:56.064--ServerSession(1989311583)--Connection(1905800551)--Thread(Thread[AWT-EventQueue-0,6,main])--SELECT ID, ENORDEN, ID_ESPECIFICO, ESPECIFICACION FROM PRODUCTO WHERE (ESPECIFICACION = ?)
	bind => [GA3]
[EL Fine]: sql: 2014-10-09 10:12:56.065--ServerSession(1989311583)--Connection(1905800551)--Thread(Thread[AWT-EventQueue-0,6,main])--SELECT NOMBRE, PADRE FROM CATEGORIA WHERE (NOMBRE = ?)
	bind => [Galaxy S4]
[EL Fine]: sql: 2014-10-09 10:12:56.066--ServerSession(1989311583)--Connection(1905800551)--Thread(Thread[AWT-EventQueue-0,6,main])--SELECT t1.NROREFERENCIA, t1.DESCRIPCION, t1.NOMBRE, t1.PRECIO, t1.PROVEEDOR_ID, t0.ESP_NROREF FROM CATEGORIAESPECIFICACIONPROD t0, ESPECIFICACIONPRODUCTO t1 WHERE ((t0.CAT_NAME = ?) AND (t1.NROREFERENCIA = t0.ESP_NROREF))
	bind => [Galaxy S4]
[EL Fine]: sql: 2014-10-09 10:12:56.066--ServerSession(1989311583)--Connection(1905800551)--Thread(Thread[AWT-EventQueue-0,6,main])--SELECT t1.NOMBRE, t1.PADRE FROM CATEGORIAESPECIFICACIONPROD t0, CATEGORIA t1 WHERE ((t0.ESP_NROREF = ?) AND (t1.NOMBRE = t0.CAT_NAME))
	bind => [GA4]
[EL Fine]: sql: 2014-10-09 10:12:56.066--ServerSession(1989311583)--Connection(1905800551)--Thread(Thread[AWT-EventQueue-0,6,main])--SELECT ID, ENORDEN, ID_ESPECIFICO, ESPECIFICACION FROM PRODUCTO WHERE (ESPECIFICACION = ?)
	bind => [GA4]
[EL Fine]: sql: 2014-10-09 10:12:56.067--ServerSession(1989311583)--Connection(1905800551)--Thread(Thread[AWT-EventQueue-0,6,main])--SELECT NOMBRE, PADRE FROM CATEGORIA WHERE (NOMBRE = ?)
	bind => [Galaxy Ace]
[EL Fine]: sql: 2014-10-09 10:12:56.067--ServerSession(1989311583)--Connection(1905800551)--Thread(Thread[AWT-EventQueue-0,6,main])--SELECT t1.NROREFERENCIA, t1.DESCRIPCION, t1.NOMBRE, t1.PRECIO, t1.PROVEEDOR_ID, t0.ESP_NROREF FROM CATEGORIAESPECIFICACIONPROD t0, ESPECIFICACIONPRODUCTO t1 WHERE ((t0.CAT_NAME = ?) AND (t1.NROREFERENCIA = t0.ESP_NROREF))
	bind => [Galaxy Ace]
[EL Fine]: sql: 2014-10-09 10:12:56.068--ServerSession(1989311583)--Connection(1905800551)--Thread(Thread[AWT-EventQueue-0,6,main])--SELECT t1.NOMBRE, t1.PADRE FROM CATEGORIAESPECIFICACIONPROD t0, CATEGORIA t1 WHERE ((t0.ESP_NROREF = ?) AND (t1.NOMBRE = t0.CAT_NAME))
	bind => [AS5]
[EL Fine]: sql: 2014-10-09 10:12:56.068--ServerSession(1989311583)--Connection(1905800551)--Thread(Thread[AWT-EventQueue-0,6,main])--SELECT ID, ENORDEN, ID_ESPECIFICO, ESPECIFICACION FROM PRODUCTO WHERE (ESPECIFICACION = ?)
	bind => [AS5]
[EL Fine]: sql: 2014-10-09 10:12:56.069--ServerSession(1989311583)--Connection(1905800551)--Thread(Thread[AWT-EventQueue-0,6,main])--SELECT NOMBRE, PADRE FROM CATEGORIA WHERE (NOMBRE = ?)
	bind => [Blackberry]
[EL Fine]: sql: 2014-10-09 10:12:56.069--ServerSession(1989311583)--Connection(1905800551)--Thread(Thread[AWT-EventQueue-0,6,main])--SELECT t1.NROREFERENCIA, t1.DESCRIPCION, t1.NOMBRE, t1.PRECIO, t1.PROVEEDOR_ID, t0.ESP_NROREF FROM CATEGORIAESPECIFICACIONPROD t0, ESPECIFICACIONPRODUCTO t1 WHERE ((t0.CAT_NAME = ?) AND (t1.NROREFERENCIA = t0.ESP_NROREF))
	bind => [Blackberry]
[EL Fine]: sql: 2014-10-09 10:12:56.07--ServerSession(1989311583)--Connection(1905800551)--Thread(Thread[AWT-EventQueue-0,6,main])--SELECT NOMBRE, PADRE FROM CATEGORIA WHERE (NOMBRE = ?)
	bind => [Nokia]
[EL Fine]: sql: 2014-10-09 10:12:56.07--ServerSession(1989311583)--Connection(1905800551)--Thread(Thread[AWT-EventQueue-0,6,main])--SELECT t1.NROREFERENCIA, t1.DESCRIPCION, t1.NOMBRE, t1.PRECIO, t1.PROVEEDOR_ID, t0.ESP_NROREF FROM CATEGORIAESPECIFICACIONPROD t0, ESPECIFICACIONPRODUCTO t1 WHERE ((t0.CAT_NAME = ?) AND (t1.NROREFERENCIA = t0.ESP_NROREF))
	bind => [Nokia]
[EL Fine]: sql: 2014-10-09 10:12:56.07--ServerSession(1989311583)--Connection(1905800551)--Thread(Thread[AWT-EventQueue-0,6,main])--SELECT NOMBRE, PADRE FROM CATEGORIA WHERE (NOMBRE = ?)
	bind => [Accesorios]
[EL Fine]: sql: 2014-10-09 10:12:56.071--ServerSession(1989311583)--Connection(1905800551)--Thread(Thread[AWT-EventQueue-0,6,main])--SELECT t1.NROREFERENCIA, t1.DESCRIPCION, t1.NOMBRE, t1.PRECIO, t1.PROVEEDOR_ID, t0.ESP_NROREF FROM CATEGORIAESPECIFICACIONPROD t0, ESPECIFICACIONPRODUCTO t1 WHERE ((t0.CAT_NAME = ?) AND (t1.NROREFERENCIA = t0.ESP_NROREF))
	bind => [Accesorios]
[EL Fine]: sql: 2014-10-09 10:12:56.071--ServerSession(1989311583)--Connection(1905800551)--Thread(Thread[AWT-EventQueue-0,6,main])--SELECT NOMBRE, PADRE FROM CATEGORIA WHERE (NOMBRE = ?)
	bind => [Protectores]
[EL Fine]: sql: 2014-10-09 10:12:56.072--ServerSession(1989311583)--Connection(1905800551)--Thread(Thread[AWT-EventQueue-0,6,main])--SELECT t1.NROREFERENCIA, t1.DESCRIPCION, t1.NOMBRE, t1.PRECIO, t1.PROVEEDOR_ID, t0.ESP_NROREF FROM CATEGORIAESPECIFICACIONPROD t0, ESPECIFICACIONPRODUCTO t1 WHERE ((t0.CAT_NAME = ?) AND (t1.NROREFERENCIA = t0.ESP_NROREF))
	bind => [Protectores]
[EL Fine]: sql: 2014-10-09 10:12:56.072--ServerSession(1989311583)--Connection(1905800551)--Thread(Thread[AWT-EventQueue-0,6,main])--SELECT t1.NOMBRE, t1.PADRE FROM CATEGORIAESPECIFICACIONPROD t0, CATEGORIA t1 WHERE ((t0.ESP_NROREF = ?) AND (t1.NOMBRE = t0.CAT_NAME))
	bind => [PCG]
[EL Fine]: sql: 2014-10-09 10:12:56.072--ServerSession(1989311583)--Connection(1905800551)--Thread(Thread[AWT-EventQueue-0,6,main])--SELECT ID, ENORDEN, ID_ESPECIFICO, ESPECIFICACION FROM PRODUCTO WHERE (ESPECIFICACION = ?)
	bind => [PCG]
[EL Fine]: sql: 2014-10-09 10:12:56.073--ServerSession(1989311583)--Connection(1905800551)--Thread(Thread[AWT-EventQueue-0,6,main])--SELECT t1.NOMBRE, t1.PADRE FROM CATEGORIAESPECIFICACIONPROD t0, CATEGORIA t1 WHERE ((t0.ESP_NROREF = ?) AND (t1.NOMBRE = t0.CAT_NAME))
	bind => [PMH]
[EL Fine]: sql: 2014-10-09 10:12:56.073--ServerSession(1989311583)--Connection(1905800551)--Thread(Thread[AWT-EventQueue-0,6,main])--SELECT ID, ENORDEN, ID_ESPECIFICO, ESPECIFICACION FROM PRODUCTO WHERE (ESPECIFICACION = ?)
	bind => [PMH]
[EL Fine]: sql: 2014-10-09 10:12:56.074--ServerSession(1989311583)--Connection(1905800551)--Thread(Thread[AWT-EventQueue-0,6,main])--SELECT NOMBRE, PADRE FROM CATEGORIA WHERE (NOMBRE = ?)
	bind => [Baterías]
[EL Fine]: sql: 2014-10-09 10:12:56.074--ServerSession(1989311583)--Connection(1905800551)--Thread(Thread[AWT-EventQueue-0,6,main])--SELECT t1.NROREFERENCIA, t1.DESCRIPCION, t1.NOMBRE, t1.PRECIO, t1.PROVEEDOR_ID, t0.ESP_NROREF FROM CATEGORIAESPECIFICACIONPROD t0, ESPECIFICACIONPRODUCTO t1 WHERE ((t0.CAT_NAME = ?) AND (t1.NROREFERENCIA = t0.ESP_NROREF))
	bind => [Baterías]
[EL Fine]: sql: 2014-10-09 10:12:56.075--ServerSession(1989311583)--Connection(1905800551)--Thread(Thread[AWT-EventQueue-0,6,main])--SELECT NOMBRE, PADRE FROM CATEGORIA WHERE (NOMBRE = ?)
	bind => [Apple]
[EL Fine]: sql: 2014-10-09 10:12:56.075--ServerSession(1989311583)--Connection(1905800551)--Thread(Thread[AWT-EventQueue-0,6,main])--SELECT t1.NROREFERENCIA, t1.DESCRIPCION, t1.NOMBRE, t1.PRECIO, t1.PROVEEDOR_ID, t0.ESP_NROREF FROM CATEGORIAESPECIFICACIONPROD t0, ESPECIFICACIONPRODUCTO t1 WHERE ((t0.CAT_NAME = ?) AND (t1.NROREFERENCIA = t0.ESP_NROREF))
	bind => [Apple]
[EL Fine]: sql: 2014-10-09 10:12:56.075--ServerSession(1989311583)--Connection(1905800551)--Thread(Thread[AWT-EventQueue-0,6,main])--SELECT t1.NOMBRE, t1.PADRE FROM CATEGORIAESPECIFICACIONPROD t0, CATEGORIA t1 WHERE ((t0.ESP_NROREF = ?) AND (t1.NOMBRE = t0.CAT_NAME))
	bind => [IPH5]
[EL Fine]: sql: 2014-10-09 10:12:56.075--ServerSession(1989311583)--Connection(1905800551)--Thread(Thread[AWT-EventQueue-0,6,main])--SELECT ID, ENORDEN, ID_ESPECIFICO, ESPECIFICACION FROM PRODUCTO WHERE (ESPECIFICACION = ?)
	bind => [IPH5]
[EL Fine]: sql: 2014-10-09 10:12:56.076--ServerSession(1989311583)--Connection(1905800551)--Thread(Thread[AWT-EventQueue-0,6,main])--SELECT t1.NOMBRE, t1.PADRE FROM CATEGORIAESPECIFICACIONPROD t0, CATEGORIA t1 WHERE ((t0.ESP_NROREF = ?) AND (t1.NOMBRE = t0.CAT_NAME))
	bind => [IPH4]
[EL Fine]: sql: 2014-10-09 10:12:56.076--ServerSession(1989311583)--Connection(1905800551)--Thread(Thread[AWT-EventQueue-0,6,main])--SELECT ID, ENORDEN, ID_ESPECIFICO, ESPECIFICACION FROM PRODUCTO WHERE (ESPECIFICACION = ?)
	bind => [IPH4]
[EL Fine]: sql: 2014-10-09 10:12:56.076--ServerSession(1989311583)--Connection(1905800551)--Thread(Thread[AWT-EventQueue-0,6,main])--SELECT t1.NOMBRE, t1.PADRE FROM CATEGORIAESPECIFICACIONPROD t0, CATEGORIA t1 WHERE ((t0.ESP_NROREF = ?) AND (t1.NOMBRE = t0.CAT_NAME))
	bind => [IRD]
[EL Fine]: sql: 2014-10-09 10:12:56.076--ServerSession(1989311583)--Connection(1905800551)--Thread(Thread[AWT-EventQueue-0,6,main])--SELECT ID, ENORDEN, ID_ESPECIFICO, ESPECIFICACION FROM PRODUCTO WHERE (ESPECIFICACION = ?)
	bind => [IRD]
[EL Fine]: sql: 2014-10-09 10:12:56.077--ServerSession(1989311583)--Connection(1905800551)--Thread(Thread[AWT-EventQueue-0,6,main])--SELECT NOMBRE, PADRE FROM CATEGORIA WHERE (NOMBRE = ?)
	bind => [Videojuegos]
[EL Fine]: sql: 2014-10-09 10:12:56.077--ServerSession(1989311583)--Connection(1905800551)--Thread(Thread[AWT-EventQueue-0,6,main])--SELECT t1.NROREFERENCIA, t1.DESCRIPCION, t1.NOMBRE, t1.PRECIO, t1.PROVEEDOR_ID, t0.ESP_NROREF FROM CATEGORIAESPECIFICACIONPROD t0, ESPECIFICACIONPRODUCTO t1 WHERE ((t0.CAT_NAME = ?) AND (t1.NROREFERENCIA = t0.ESP_NROREF))
	bind => [Videojuegos]
[EL Fine]: sql: 2014-10-09 10:12:56.077--ServerSession(1989311583)--Connection(1905800551)--Thread(Thread[AWT-EventQueue-0,6,main])--SELECT NOMBRE, PADRE FROM CATEGORIA WHERE (NOMBRE = ?)
	bind => [Playstation]
[EL Fine]: sql: 2014-10-09 10:12:56.078--ServerSession(1989311583)--Connection(1905800551)--Thread(Thread[AWT-EventQueue-0,6,main])--SELECT t1.NROREFERENCIA, t1.DESCRIPCION, t1.NOMBRE, t1.PRECIO, t1.PROVEEDOR_ID, t0.ESP_NROREF FROM CATEGORIAESPECIFICACIONPROD t0, ESPECIFICACIONPRODUCTO t1 WHERE ((t0.CAT_NAME = ?) AND (t1.NROREFERENCIA = t0.ESP_NROREF))
	bind => [Playstation]
[EL Fine]: sql: 2014-10-09 10:12:56.078--ServerSession(1989311583)--Connection(1905800551)--Thread(Thread[AWT-EventQueue-0,6,main])--SELECT NOMBRE, PADRE FROM CATEGORIA WHERE (NOMBRE = ?)
	bind => [Xbox]
[EL Fine]: sql: 2014-10-09 10:12:56.078--ServerSession(1989311583)--Connection(1905800551)--Thread(Thread[AWT-EventQueue-0,6,main])--SELECT t1.NROREFERENCIA, t1.DESCRIPCION, t1.NOMBRE, t1.PRECIO, t1.PROVEEDOR_ID, t0.ESP_NROREF FROM CATEGORIAESPECIFICACIONPROD t0, ESPECIFICACIONPRODUCTO t1 WHERE ((t0.CAT_NAME = ?) AND (t1.NROREFERENCIA = t0.ESP_NROREF))
	bind => [Xbox]
[EL Fine]: sql: 2014-10-09 10:12:56.078--ServerSession(1989311583)--Connection(1905800551)--Thread(Thread[AWT-EventQueue-0,6,main])--SELECT NOMBRE, PADRE FROM CATEGORIA
[EL Fine]: sql: 2014-10-09 10:12:56.079--ServerSession(1989311583)--Connection(1905800551)--Thread(Thread[AWT-EventQueue-0,6,main])--SELECT NOMBRE, PADRE FROM CATEGORIA
[EL Fine]: sql: 2014-10-09 10:12:56.079--ServerSession(1989311583)--Connection(1905800551)--Thread(Thread[AWT-EventQueue-0,6,main])--SELECT NOMBRE, PADRE FROM CATEGORIA WHERE (NOMBRE = ?)
	bind => [Celulares]
[EL Fine]: sql: 2014-10-09 10:12:56.079--ServerSession(1989311583)--Connection(1905800551)--Thread(Thread[AWT-EventQueue-0,6,main])--SELECT t1.NROREFERENCIA, t1.DESCRIPCION, t1.NOMBRE, t1.PRECIO, t1.PROVEEDOR_ID, t0.ESP_NROREF FROM CATEGORIAESPECIFICACIONPROD t0, ESPECIFICACIONPRODUCTO t1 WHERE ((t0.CAT_NAME = ?) AND (t1.NROREFERENCIA = t0.ESP_NROREF))
	bind => [Celulares]
[EL Fine]: sql: 2014-10-09 10:12:56.079--ServerSession(1989311583)--Connection(1905800551)--Thread(Thread[AWT-EventQueue-0,6,main])--SELECT NOMBRE, PADRE FROM CATEGORIA WHERE (NOMBRE = ?)
	bind => [Sistemas Operativos]
[EL Fine]: sql: 2014-10-09 10:12:56.08--ServerSession(1989311583)--Connection(1905800551)--Thread(Thread[AWT-EventQueue-0,6,main])--SELECT t1.NROREFERENCIA, t1.DESCRIPCION, t1.NOMBRE, t1.PRECIO, t1.PROVEEDOR_ID, t0.ESP_NROREF FROM CATEGORIAESPECIFICACIONPROD t0, ESPECIFICACIONPRODUCTO t1 WHERE ((t0.CAT_NAME = ?) AND (t1.NROREFERENCIA = t0.ESP_NROREF))
	bind => [Sistemas Operativos]
[EL Fine]: sql: 2014-10-09 10:12:56.08--ServerSession(1989311583)--Connection(1905800551)--Thread(Thread[AWT-EventQueue-0,6,main])--SELECT NOMBRE, PADRE FROM CATEGORIA WHERE (NOMBRE = ?)
	bind => [iOS]
[EL Fine]: sql: 2014-10-09 10:12:56.08--ServerSession(1989311583)--Connection(1905800551)--Thread(Thread[AWT-EventQueue-0,6,main])--SELECT t1.NROREFERENCIA, t1.DESCRIPCION, t1.NOMBRE, t1.PRECIO, t1.PROVEEDOR_ID, t0.ESP_NROREF FROM CATEGORIAESPECIFICACIONPROD t0, ESPECIFICACIONPRODUCTO t1 WHERE ((t0.CAT_NAME = ?) AND (t1.NROREFERENCIA = t0.ESP_NROREF))
	bind => [iOS]
[EL Fine]: sql: 2014-10-09 10:12:56.08--ServerSession(1989311583)--Connection(1905800551)--Thread(Thread[AWT-EventQueue-0,6,main])--SELECT t1.NOMBRE, t1.PADRE FROM CATEGORIAESPECIFICACIONPROD t0, CATEGORIA t1 WHERE ((t0.ESP_NROREF = ?) AND (t1.NOMBRE = t0.CAT_NAME))
	bind => [IPH5]
[EL Fine]: sql: 2014-10-09 10:12:56.081--ServerSession(1989311583)--Connection(1905800551)--Thread(Thread[AWT-EventQueue-0,6,main])--SELECT ID, ENORDEN, ID_ESPECIFICO, ESPECIFICACION FROM PRODUCTO WHERE (ESPECIFICACION = ?)
	bind => [IPH5]
[EL Fine]: sql: 2014-10-09 10:12:56.081--ServerSession(1989311583)--Connection(1905800551)--Thread(Thread[AWT-EventQueue-0,6,main])--SELECT t1.NOMBRE, t1.PADRE FROM CATEGORIAESPECIFICACIONPROD t0, CATEGORIA t1 WHERE ((t0.ESP_NROREF = ?) AND (t1.NOMBRE = t0.CAT_NAME))
	bind => [IPH4]
[EL Fine]: sql: 2014-10-09 10:12:56.081--ServerSession(1989311583)--Connection(1905800551)--Thread(Thread[AWT-EventQueue-0,6,main])--SELECT ID, ENORDEN, ID_ESPECIFICO, ESPECIFICACION FROM PRODUCTO WHERE (ESPECIFICACION = ?)
	bind => [IPH4]
[EL Fine]: sql: 2014-10-09 10:12:56.081--ServerSession(1989311583)--Connection(1905800551)--Thread(Thread[AWT-EventQueue-0,6,main])--SELECT t1.NOMBRE, t1.PADRE FROM CATEGORIAESPECIFICACIONPROD t0, CATEGORIA t1 WHERE ((t0.ESP_NROREF = ?) AND (t1.NOMBRE = t0.CAT_NAME))
	bind => [IRD]
[EL Fine]: sql: 2014-10-09 10:12:56.081--ServerSession(1989311583)--Connection(1905800551)--Thread(Thread[AWT-EventQueue-0,6,main])--SELECT ID, ENORDEN, ID_ESPECIFICO, ESPECIFICACION FROM PRODUCTO WHERE (ESPECIFICACION = ?)
	bind => [IRD]
[EL Fine]: sql: 2014-10-09 10:12:56.082--ServerSession(1989311583)--Connection(1905800551)--Thread(Thread[AWT-EventQueue-0,6,main])--SELECT NOMBRE, PADRE FROM CATEGORIA WHERE (NOMBRE = ?)
	bind => [Android]
[EL Fine]: sql: 2014-10-09 10:12:56.083--ServerSession(1989311583)--Connection(1905800551)--Thread(Thread[AWT-EventQueue-0,6,main])--SELECT t1.NROREFERENCIA, t1.DESCRIPCION, t1.NOMBRE, t1.PRECIO, t1.PROVEEDOR_ID, t0.ESP_NROREF FROM CATEGORIAESPECIFICACIONPROD t0, ESPECIFICACIONPRODUCTO t1 WHERE ((t0.CAT_NAME = ?) AND (t1.NROREFERENCIA = t0.ESP_NROREF))
	bind => [Android]
[EL Fine]: sql: 2014-10-09 10:12:56.083--ServerSession(1989311583)--Connection(1905800551)--Thread(Thread[AWT-EventQueue-0,6,main])--SELECT t1.NOMBRE, t1.PADRE FROM CATEGORIAESPECIFICACIONPROD t0, CATEGORIA t1 WHERE ((t0.ESP_NROREF = ?) AND (t1.NOMBRE = t0.CAT_NAME))
	bind => [NEX4]
[EL Fine]: sql: 2014-10-09 10:12:56.083--ServerSession(1989311583)--Connection(1905800551)--Thread(Thread[AWT-EventQueue-0,6,main])--SELECT ID, ENORDEN, ID_ESPECIFICO, ESPECIFICACION FROM PRODUCTO WHERE (ESPECIFICACION = ?)
	bind => [NEX4]
[EL Fine]: sql: 2014-10-09 10:12:56.084--ServerSession(1989311583)--Connection(1905800551)--Thread(Thread[AWT-EventQueue-0,6,main])--SELECT t1.NOMBRE, t1.PADRE FROM CATEGORIAESPECIFICACIONPROD t0, CATEGORIA t1 WHERE ((t0.ESP_NROREF = ?) AND (t1.NOMBRE = t0.CAT_NAME))
	bind => [GA3]
[EL Fine]: sql: 2014-10-09 10:12:56.084--ServerSession(1989311583)--Connection(1905800551)--Thread(Thread[AWT-EventQueue-0,6,main])--SELECT ID, ENORDEN, ID_ESPECIFICO, ESPECIFICACION FROM PRODUCTO WHERE (ESPECIFICACION = ?)
	bind => [GA3]
[EL Fine]: sql: 2014-10-09 10:12:56.084--ServerSession(1989311583)--Connection(1905800551)--Thread(Thread[AWT-EventQueue-0,6,main])--SELECT t1.NOMBRE, t1.PADRE FROM CATEGORIAESPECIFICACIONPROD t0, CATEGORIA t1 WHERE ((t0.ESP_NROREF = ?) AND (t1.NOMBRE = t0.CAT_NAME))
	bind => [GA4]
[EL Fine]: sql: 2014-10-09 10:12:56.085--ServerSession(1989311583)--Connection(1905800551)--Thread(Thread[AWT-EventQueue-0,6,main])--SELECT ID, ENORDEN, ID_ESPECIFICO, ESPECIFICACION FROM PRODUCTO WHERE (ESPECIFICACION = ?)
	bind => [GA4]
[EL Fine]: sql: 2014-10-09 10:12:56.085--ServerSession(1989311583)--Connection(1905800551)--Thread(Thread[AWT-EventQueue-0,6,main])--SELECT t1.NOMBRE, t1.PADRE FROM CATEGORIAESPECIFICACIONPROD t0, CATEGORIA t1 WHERE ((t0.ESP_NROREF = ?) AND (t1.NOMBRE = t0.CAT_NAME))
	bind => [AS5]
[EL Fine]: sql: 2014-10-09 10:12:56.085--ServerSession(1989311583)--Connection(1905800551)--Thread(Thread[AWT-EventQueue-0,6,main])--SELECT ID, ENORDEN, ID_ESPECIFICO, ESPECIFICACION FROM PRODUCTO WHERE (ESPECIFICACION = ?)
	bind => [AS5]
[EL Fine]: sql: 2014-10-09 10:12:56.086--ServerSession(1989311583)--Connection(1905800551)--Thread(Thread[AWT-EventQueue-0,6,main])--SELECT NOMBRE, PADRE FROM CATEGORIA WHERE (NOMBRE = ?)
	bind => [Windows Phone]
[EL Fine]: sql: 2014-10-09 10:12:56.086--ServerSession(1989311583)--Connection(1905800551)--Thread(Thread[AWT-EventQueue-0,6,main])--SELECT t1.NROREFERENCIA, t1.DESCRIPCION, t1.NOMBRE, t1.PRECIO, t1.PROVEEDOR_ID, t0.ESP_NROREF FROM CATEGORIAESPECIFICACIONPROD t0, ESPECIFICACIONPRODUCTO t1 WHERE ((t0.CAT_NAME = ?) AND (t1.NROREFERENCIA = t0.ESP_NROREF))
	bind => [Windows Phone]
[EL Fine]: sql: 2014-10-09 10:12:56.087--ServerSession(1989311583)--Connection(1905800551)--Thread(Thread[AWT-EventQueue-0,6,main])--SELECT NOMBRE, PADRE FROM CATEGORIA WHERE (NOMBRE = ?)
	bind => [Symbian]
[EL Fine]: sql: 2014-10-09 10:12:56.087--ServerSession(1989311583)--Connection(1905800551)--Thread(Thread[AWT-EventQueue-0,6,main])--SELECT t1.NROREFERENCIA, t1.DESCRIPCION, t1.NOMBRE, t1.PRECIO, t1.PROVEEDOR_ID, t0.ESP_NROREF FROM CATEGORIAESPECIFICACIONPROD t0, ESPECIFICACIONPRODUCTO t1 WHERE ((t0.CAT_NAME = ?) AND (t1.NROREFERENCIA = t0.ESP_NROREF))
	bind => [Symbian]
[EL Fine]: sql: 2014-10-09 10:12:56.087--ServerSession(1989311583)--Connection(1905800551)--Thread(Thread[AWT-EventQueue-0,6,main])--SELECT NOMBRE, PADRE FROM CATEGORIA WHERE (NOMBRE = ?)
	bind => [Blackberry OS]
[EL Fine]: sql: 2014-10-09 10:12:56.087--ServerSession(1989311583)--Connection(1905800551)--Thread(Thread[AWT-EventQueue-0,6,main])--SELECT t1.NROREFERENCIA, t1.DESCRIPCION, t1.NOMBRE, t1.PRECIO, t1.PROVEEDOR_ID, t0.ESP_NROREF FROM CATEGORIAESPECIFICACIONPROD t0, ESPECIFICACIONPRODUCTO t1 WHERE ((t0.CAT_NAME = ?) AND (t1.NROREFERENCIA = t0.ESP_NROREF))
	bind => [Blackberry OS]
[EL Fine]: sql: 2014-10-09 10:12:56.088--ServerSession(1989311583)--Connection(1905800551)--Thread(Thread[AWT-EventQueue-0,6,main])--SELECT NOMBRE, PADRE FROM CATEGORIA WHERE (NOMBRE = ?)
	bind => [Equipos]
[EL Fine]: sql: 2014-10-09 10:12:56.088--ServerSession(1989311583)--Connection(1905800551)--Thread(Thread[AWT-EventQueue-0,6,main])--SELECT t1.NROREFERENCIA, t1.DESCRIPCION, t1.NOMBRE, t1.PRECIO, t1.PROVEEDOR_ID, t0.ESP_NROREF FROM CATEGORIAESPECIFICACIONPROD t0, ESPECIFICACIONPRODUCTO t1 WHERE ((t0.CAT_NAME = ?) AND (t1.NROREFERENCIA = t0.ESP_NROREF))
	bind => [Equipos]
[EL Fine]: sql: 2014-10-09 10:12:56.088--ServerSession(1989311583)--Connection(1905800551)--Thread(Thread[AWT-EventQueue-0,6,main])--SELECT NOMBRE, PADRE FROM CATEGORIA WHERE (NOMBRE = ?)
	bind => [iPhone]
[EL Fine]: sql: 2014-10-09 10:12:56.089--ServerSession(1989311583)--Connection(1905800551)--Thread(Thread[AWT-EventQueue-0,6,main])--SELECT t1.NROREFERENCIA, t1.DESCRIPCION, t1.NOMBRE, t1.PRECIO, t1.PROVEEDOR_ID, t0.ESP_NROREF FROM CATEGORIAESPECIFICACIONPROD t0, ESPECIFICACIONPRODUCTO t1 WHERE ((t0.CAT_NAME = ?) AND (t1.NROREFERENCIA = t0.ESP_NROREF))
	bind => [iPhone]
[EL Fine]: sql: 2014-10-09 10:12:56.089--ServerSession(1989311583)--Connection(1905800551)--Thread(Thread[AWT-EventQueue-0,6,main])--SELECT t1.NOMBRE, t1.PADRE FROM CATEGORIAESPECIFICACIONPROD t0, CATEGORIA t1 WHERE ((t0.ESP_NROREF = ?) AND (t1.NOMBRE = t0.CAT_NAME))
	bind => [IPH5]
[EL Fine]: sql: 2014-10-09 10:12:56.089--ServerSession(1989311583)--Connection(1905800551)--Thread(Thread[AWT-EventQueue-0,6,main])--SELECT ID, ENORDEN, ID_ESPECIFICO, ESPECIFICACION FROM PRODUCTO WHERE (ESPECIFICACION = ?)
	bind => [IPH5]
[EL Fine]: sql: 2014-10-09 10:12:56.09--ServerSession(1989311583)--Connection(1905800551)--Thread(Thread[AWT-EventQueue-0,6,main])--SELECT t1.NOMBRE, t1.PADRE FROM CATEGORIAESPECIFICACIONPROD t0, CATEGORIA t1 WHERE ((t0.ESP_NROREF = ?) AND (t1.NOMBRE = t0.CAT_NAME))
	bind => [IPH4]
[EL Fine]: sql: 2014-10-09 10:12:56.09--ServerSession(1989311583)--Connection(1905800551)--Thread(Thread[AWT-EventQueue-0,6,main])--SELECT ID, ENORDEN, ID_ESPECIFICO, ESPECIFICACION FROM PRODUCTO WHERE (ESPECIFICACION = ?)
	bind => [IPH4]
[EL Fine]: sql: 2014-10-09 10:12:56.091--ServerSession(1989311583)--Connection(1905800551)--Thread(Thread[AWT-EventQueue-0,6,main])--SELECT NOMBRE, PADRE FROM CATEGORIA WHERE (NOMBRE = ?)
	bind => [Nexus]
[EL Fine]: sql: 2014-10-09 10:12:56.091--ServerSession(1989311583)--Connection(1905800551)--Thread(Thread[AWT-EventQueue-0,6,main])--SELECT t1.NROREFERENCIA, t1.DESCRIPCION, t1.NOMBRE, t1.PRECIO, t1.PROVEEDOR_ID, t0.ESP_NROREF FROM CATEGORIAESPECIFICACIONPROD t0, ESPECIFICACIONPRODUCTO t1 WHERE ((t0.CAT_NAME = ?) AND (t1.NROREFERENCIA = t0.ESP_NROREF))
	bind => [Nexus]
[EL Fine]: sql: 2014-10-09 10:12:56.091--ServerSession(1989311583)--Connection(1905800551)--Thread(Thread[AWT-EventQueue-0,6,main])--SELECT t1.NOMBRE, t1.PADRE FROM CATEGORIAESPECIFICACIONPROD t0, CATEGORIA t1 WHERE ((t0.ESP_NROREF = ?) AND (t1.NOMBRE = t0.CAT_NAME))
	bind => [NEX4]
[EL Fine]: sql: 2014-10-09 10:12:56.091--ServerSession(1989311583)--Connection(1905800551)--Thread(Thread[AWT-EventQueue-0,6,main])--SELECT ID, ENORDEN, ID_ESPECIFICO, ESPECIFICACION FROM PRODUCTO WHERE (ESPECIFICACION = ?)
	bind => [NEX4]
[EL Fine]: sql: 2014-10-09 10:12:56.092--ServerSession(1989311583)--Connection(1905800551)--Thread(Thread[AWT-EventQueue-0,6,main])--SELECT NOMBRE, PADRE FROM CATEGORIA WHERE (NOMBRE = ?)
	bind => [Samsung]
[EL Fine]: sql: 2014-10-09 10:12:56.092--ServerSession(1989311583)--Connection(1905800551)--Thread(Thread[AWT-EventQueue-0,6,main])--SELECT t1.NROREFERENCIA, t1.DESCRIPCION, t1.NOMBRE, t1.PRECIO, t1.PROVEEDOR_ID, t0.ESP_NROREF FROM CATEGORIAESPECIFICACIONPROD t0, ESPECIFICACIONPRODUCTO t1 WHERE ((t0.CAT_NAME = ?) AND (t1.NROREFERENCIA = t0.ESP_NROREF))
	bind => [Samsung]
[EL Fine]: sql: 2014-10-09 10:12:56.092--ServerSession(1989311583)--Connection(1905800551)--Thread(Thread[AWT-EventQueue-0,6,main])--SELECT NOMBRE, PADRE FROM CATEGORIA WHERE (NOMBRE = ?)
	bind => [Galaxy S3]
[EL Fine]: sql: 2014-10-09 10:12:56.093--ServerSession(1989311583)--Connection(1905800551)--Thread(Thread[AWT-EventQueue-0,6,main])--SELECT t1.NROREFERENCIA, t1.DESCRIPCION, t1.NOMBRE, t1.PRECIO, t1.PROVEEDOR_ID, t0.ESP_NROREF FROM CATEGORIAESPECIFICACIONPROD t0, ESPECIFICACIONPRODUCTO t1 WHERE ((t0.CAT_NAME = ?) AND (t1.NROREFERENCIA = t0.ESP_NROREF))
	bind => [Galaxy S3]
[EL Fine]: sql: 2014-10-09 10:12:56.093--ServerSession(1989311583)--Connection(1905800551)--Thread(Thread[AWT-EventQueue-0,6,main])--SELECT t1.NOMBRE, t1.PADRE FROM CATEGORIAESPECIFICACIONPROD t0, CATEGORIA t1 WHERE ((t0.ESP_NROREF = ?) AND (t1.NOMBRE = t0.CAT_NAME))
	bind => [GA3]
[EL Fine]: sql: 2014-10-09 10:12:56.093--ServerSession(1989311583)--Connection(1905800551)--Thread(Thread[AWT-EventQueue-0,6,main])--SELECT ID, ENORDEN, ID_ESPECIFICO, ESPECIFICACION FROM PRODUCTO WHERE (ESPECIFICACION = ?)
	bind => [GA3]
[EL Fine]: sql: 2014-10-09 10:12:56.094--ServerSession(1989311583)--Connection(1905800551)--Thread(Thread[AWT-EventQueue-0,6,main])--SELECT NOMBRE, PADRE FROM CATEGORIA WHERE (NOMBRE = ?)
	bind => [Galaxy S4]
[EL Fine]: sql: 2014-10-09 10:12:56.094--ServerSession(1989311583)--Connection(1905800551)--Thread(Thread[AWT-EventQueue-0,6,main])--SELECT t1.NROREFERENCIA, t1.DESCRIPCION, t1.NOMBRE, t1.PRECIO, t1.PROVEEDOR_ID, t0.ESP_NROREF FROM CATEGORIAESPECIFICACIONPROD t0, ESPECIFICACIONPRODUCTO t1 WHERE ((t0.CAT_NAME = ?) AND (t1.NROREFERENCIA = t0.ESP_NROREF))
	bind => [Galaxy S4]
[EL Fine]: sql: 2014-10-09 10:12:56.094--ServerSession(1989311583)--Connection(1905800551)--Thread(Thread[AWT-EventQueue-0,6,main])--SELECT t1.NOMBRE, t1.PADRE FROM CATEGORIAESPECIFICACIONPROD t0, CATEGORIA t1 WHERE ((t0.ESP_NROREF = ?) AND (t1.NOMBRE = t0.CAT_NAME))
	bind => [GA4]
[EL Fine]: sql: 2014-10-09 10:12:56.095--ServerSession(1989311583)--Connection(1905800551)--Thread(Thread[AWT-EventQueue-0,6,main])--SELECT ID, ENORDEN, ID_ESPECIFICO, ESPECIFICACION FROM PRODUCTO WHERE (ESPECIFICACION = ?)
	bind => [GA4]
[EL Fine]: sql: 2014-10-09 10:12:56.095--ServerSession(1989311583)--Connection(1905800551)--Thread(Thread[AWT-EventQueue-0,6,main])--SELECT NOMBRE, PADRE FROM CATEGORIA WHERE (NOMBRE = ?)
	bind => [Galaxy Ace]
[EL Fine]: sql: 2014-10-09 10:12:56.096--ServerSession(1989311583)--Connection(1905800551)--Thread(Thread[AWT-EventQueue-0,6,main])--SELECT t1.NROREFERENCIA, t1.DESCRIPCION, t1.NOMBRE, t1.PRECIO, t1.PROVEEDOR_ID, t0.ESP_NROREF FROM CATEGORIAESPECIFICACIONPROD t0, ESPECIFICACIONPRODUCTO t1 WHERE ((t0.CAT_NAME = ?) AND (t1.NROREFERENCIA = t0.ESP_NROREF))
	bind => [Galaxy Ace]
[EL Fine]: sql: 2014-10-09 10:12:56.096--ServerSession(1989311583)--Connection(1905800551)--Thread(Thread[AWT-EventQueue-0,6,main])--SELECT t1.NOMBRE, t1.PADRE FROM CATEGORIAESPECIFICACIONPROD t0, CATEGORIA t1 WHERE ((t0.ESP_NROREF = ?) AND (t1.NOMBRE = t0.CAT_NAME))
	bind => [AS5]
[EL Fine]: sql: 2014-10-09 10:12:56.096--ServerSession(1989311583)--Connection(1905800551)--Thread(Thread[AWT-EventQueue-0,6,main])--SELECT ID, ENORDEN, ID_ESPECIFICO, ESPECIFICACION FROM PRODUCTO WHERE (ESPECIFICACION = ?)
	bind => [AS5]
[EL Fine]: sql: 2014-10-09 10:12:56.097--ServerSession(1989311583)--Connection(1905800551)--Thread(Thread[AWT-EventQueue-0,6,main])--SELECT NOMBRE, PADRE FROM CATEGORIA WHERE (NOMBRE = ?)
	bind => [Blackberry]
[EL Fine]: sql: 2014-10-09 10:12:56.097--ServerSession(1989311583)--Connection(1905800551)--Thread(Thread[AWT-EventQueue-0,6,main])--SELECT t1.NROREFERENCIA, t1.DESCRIPCION, t1.NOMBRE, t1.PRECIO, t1.PROVEEDOR_ID, t0.ESP_NROREF FROM CATEGORIAESPECIFICACIONPROD t0, ESPECIFICACIONPRODUCTO t1 WHERE ((t0.CAT_NAME = ?) AND (t1.NROREFERENCIA = t0.ESP_NROREF))
	bind => [Blackberry]
[EL Fine]: sql: 2014-10-09 10:12:56.098--ServerSession(1989311583)--Connection(1905800551)--Thread(Thread[AWT-EventQueue-0,6,main])--SELECT NOMBRE, PADRE FROM CATEGORIA WHERE (NOMBRE = ?)
	bind => [Nokia]
[EL Fine]: sql: 2014-10-09 10:12:56.098--ServerSession(1989311583)--Connection(1905800551)--Thread(Thread[AWT-EventQueue-0,6,main])--SELECT t1.NROREFERENCIA, t1.DESCRIPCION, t1.NOMBRE, t1.PRECIO, t1.PROVEEDOR_ID, t0.ESP_NROREF FROM CATEGORIAESPECIFICACIONPROD t0, ESPECIFICACIONPRODUCTO t1 WHERE ((t0.CAT_NAME = ?) AND (t1.NROREFERENCIA = t0.ESP_NROREF))
	bind => [Nokia]
[EL Fine]: sql: 2014-10-09 10:12:56.098--ServerSession(1989311583)--Connection(1905800551)--Thread(Thread[AWT-EventQueue-0,6,main])--SELECT NOMBRE, PADRE FROM CATEGORIA WHERE (NOMBRE = ?)
	bind => [Accesorios]
[EL Fine]: sql: 2014-10-09 10:12:56.098--ServerSession(1989311583)--Connection(1905800551)--Thread(Thread[AWT-EventQueue-0,6,main])--SELECT t1.NROREFERENCIA, t1.DESCRIPCION, t1.NOMBRE, t1.PRECIO, t1.PROVEEDOR_ID, t0.ESP_NROREF FROM CATEGORIAESPECIFICACIONPROD t0, ESPECIFICACIONPRODUCTO t1 WHERE ((t0.CAT_NAME = ?) AND (t1.NROREFERENCIA = t0.ESP_NROREF))
	bind => [Accesorios]
[EL Fine]: sql: 2014-10-09 10:12:56.099--ServerSession(1989311583)--Connection(1905800551)--Thread(Thread[AWT-EventQueue-0,6,main])--SELECT NOMBRE, PADRE FROM CATEGORIA WHERE (NOMBRE = ?)
	bind => [Protectores]
[EL Fine]: sql: 2014-10-09 10:12:56.099--ServerSession(1989311583)--Connection(1905800551)--Thread(Thread[AWT-EventQueue-0,6,main])--SELECT t1.NROREFERENCIA, t1.DESCRIPCION, t1.NOMBRE, t1.PRECIO, t1.PROVEEDOR_ID, t0.ESP_NROREF FROM CATEGORIAESPECIFICACIONPROD t0, ESPECIFICACIONPRODUCTO t1 WHERE ((t0.CAT_NAME = ?) AND (t1.NROREFERENCIA = t0.ESP_NROREF))
	bind => [Protectores]
[EL Fine]: sql: 2014-10-09 10:12:56.099--ServerSession(1989311583)--Connection(1905800551)--Thread(Thread[AWT-EventQueue-0,6,main])--SELECT t1.NOMBRE, t1.PADRE FROM CATEGORIAESPECIFICACIONPROD t0, CATEGORIA t1 WHERE ((t0.ESP_NROREF = ?) AND (t1.NOMBRE = t0.CAT_NAME))
	bind => [PCG]
[EL Fine]: sql: 2014-10-09 10:12:56.1--ServerSession(1989311583)--Connection(1905800551)--Thread(Thread[AWT-EventQueue-0,6,main])--SELECT ID, ENORDEN, ID_ESPECIFICO, ESPECIFICACION FROM PRODUCTO WHERE (ESPECIFICACION = ?)
	bind => [PCG]
[EL Fine]: sql: 2014-10-09 10:12:56.1--ServerSession(1989311583)--Connection(1905800551)--Thread(Thread[AWT-EventQueue-0,6,main])--SELECT t1.NOMBRE, t1.PADRE FROM CATEGORIAESPECIFICACIONPROD t0, CATEGORIA t1 WHERE ((t0.ESP_NROREF = ?) AND (t1.NOMBRE = t0.CAT_NAME))
	bind => [PMH]
[EL Fine]: sql: 2014-10-09 10:12:56.1--ServerSession(1989311583)--Connection(1905800551)--Thread(Thread[AWT-EventQueue-0,6,main])--SELECT ID, ENORDEN, ID_ESPECIFICO, ESPECIFICACION FROM PRODUCTO WHERE (ESPECIFICACION = ?)
	bind => [PMH]
[EL Fine]: sql: 2014-10-09 10:12:56.101--ServerSession(1989311583)--Connection(1905800551)--Thread(Thread[AWT-EventQueue-0,6,main])--SELECT NOMBRE, PADRE FROM CATEGORIA WHERE (NOMBRE = ?)
	bind => [Baterías]
[EL Fine]: sql: 2014-10-09 10:12:56.101--ServerSession(1989311583)--Connection(1905800551)--Thread(Thread[AWT-EventQueue-0,6,main])--SELECT t1.NROREFERENCIA, t1.DESCRIPCION, t1.NOMBRE, t1.PRECIO, t1.PROVEEDOR_ID, t0.ESP_NROREF FROM CATEGORIAESPECIFICACIONPROD t0, ESPECIFICACIONPRODUCTO t1 WHERE ((t0.CAT_NAME = ?) AND (t1.NROREFERENCIA = t0.ESP_NROREF))
	bind => [Baterías]
[EL Fine]: sql: 2014-10-09 10:12:56.101--ServerSession(1989311583)--Connection(1905800551)--Thread(Thread[AWT-EventQueue-0,6,main])--SELECT NOMBRE, PADRE FROM CATEGORIA WHERE (NOMBRE = ?)
	bind => [Apple]
[EL Fine]: sql: 2014-10-09 10:12:56.102--ServerSession(1989311583)--Connection(1905800551)--Thread(Thread[AWT-EventQueue-0,6,main])--SELECT t1.NROREFERENCIA, t1.DESCRIPCION, t1.NOMBRE, t1.PRECIO, t1.PROVEEDOR_ID, t0.ESP_NROREF FROM CATEGORIAESPECIFICACIONPROD t0, ESPECIFICACIONPRODUCTO t1 WHERE ((t0.CAT_NAME = ?) AND (t1.NROREFERENCIA = t0.ESP_NROREF))
	bind => [Apple]
[EL Fine]: sql: 2014-10-09 10:12:56.102--ServerSession(1989311583)--Connection(1905800551)--Thread(Thread[AWT-EventQueue-0,6,main])--SELECT t1.NOMBRE, t1.PADRE FROM CATEGORIAESPECIFICACIONPROD t0, CATEGORIA t1 WHERE ((t0.ESP_NROREF = ?) AND (t1.NOMBRE = t0.CAT_NAME))
	bind => [IPH5]
[EL Fine]: sql: 2014-10-09 10:12:56.102--ServerSession(1989311583)--Connection(1905800551)--Thread(Thread[AWT-EventQueue-0,6,main])--SELECT ID, ENORDEN, ID_ESPECIFICO, ESPECIFICACION FROM PRODUCTO WHERE (ESPECIFICACION = ?)
	bind => [IPH5]
[EL Fine]: sql: 2014-10-09 10:12:56.102--ServerSession(1989311583)--Connection(1905800551)--Thread(Thread[AWT-EventQueue-0,6,main])--SELECT t1.NOMBRE, t1.PADRE FROM CATEGORIAESPECIFICACIONPROD t0, CATEGORIA t1 WHERE ((t0.ESP_NROREF = ?) AND (t1.NOMBRE = t0.CAT_NAME))
	bind => [IPH4]
[EL Fine]: sql: 2014-10-09 10:12:56.103--ServerSession(1989311583)--Connection(1905800551)--Thread(Thread[AWT-EventQueue-0,6,main])--SELECT ID, ENORDEN, ID_ESPECIFICO, ESPECIFICACION FROM PRODUCTO WHERE (ESPECIFICACION = ?)
	bind => [IPH4]
[EL Fine]: sql: 2014-10-09 10:12:56.103--ServerSession(1989311583)--Connection(1905800551)--Thread(Thread[AWT-EventQueue-0,6,main])--SELECT t1.NOMBRE, t1.PADRE FROM CATEGORIAESPECIFICACIONPROD t0, CATEGORIA t1 WHERE ((t0.ESP_NROREF = ?) AND (t1.NOMBRE = t0.CAT_NAME))
	bind => [IRD]
[EL Fine]: sql: 2014-10-09 10:12:56.103--ServerSession(1989311583)--Connection(1905800551)--Thread(Thread[AWT-EventQueue-0,6,main])--SELECT ID, ENORDEN, ID_ESPECIFICO, ESPECIFICACION FROM PRODUCTO WHERE (ESPECIFICACION = ?)
	bind => [IRD]
[EL Fine]: sql: 2014-10-09 10:12:56.104--ServerSession(1989311583)--Connection(1905800551)--Thread(Thread[AWT-EventQueue-0,6,main])--SELECT NOMBRE, PADRE FROM CATEGORIA WHERE (NOMBRE = ?)
	bind => [Videojuegos]
[EL Fine]: sql: 2014-10-09 10:12:56.105--ServerSession(1989311583)--Connection(1905800551)--Thread(Thread[AWT-EventQueue-0,6,main])--SELECT t1.NROREFERENCIA, t1.DESCRIPCION, t1.NOMBRE, t1.PRECIO, t1.PROVEEDOR_ID, t0.ESP_NROREF FROM CATEGORIAESPECIFICACIONPROD t0, ESPECIFICACIONPRODUCTO t1 WHERE ((t0.CAT_NAME = ?) AND (t1.NROREFERENCIA = t0.ESP_NROREF))
	bind => [Videojuegos]
[EL Fine]: sql: 2014-10-09 10:12:56.105--ServerSession(1989311583)--Connection(1905800551)--Thread(Thread[AWT-EventQueue-0,6,main])--SELECT NOMBRE, PADRE FROM CATEGORIA WHERE (NOMBRE = ?)
	bind => [Playstation]
[EL Fine]: sql: 2014-10-09 10:12:56.105--ServerSession(1989311583)--Connection(1905800551)--Thread(Thread[AWT-EventQueue-0,6,main])--SELECT t1.NROREFERENCIA, t1.DESCRIPCION, t1.NOMBRE, t1.PRECIO, t1.PROVEEDOR_ID, t0.ESP_NROREF FROM CATEGORIAESPECIFICACIONPROD t0, ESPECIFICACIONPRODUCTO t1 WHERE ((t0.CAT_NAME = ?) AND (t1.NROREFERENCIA = t0.ESP_NROREF))
	bind => [Playstation]
[EL Fine]: sql: 2014-10-09 10:12:56.106--ServerSession(1989311583)--Connection(1905800551)--Thread(Thread[AWT-EventQueue-0,6,main])--SELECT NOMBRE, PADRE FROM CATEGORIA WHERE (NOMBRE = ?)
	bind => [Xbox]
[EL Fine]: sql: 2014-10-09 10:12:56.106--ServerSession(1989311583)--Connection(1905800551)--Thread(Thread[AWT-EventQueue-0,6,main])--SELECT t1.NROREFERENCIA, t1.DESCRIPCION, t1.NOMBRE, t1.PRECIO, t1.PROVEEDOR_ID, t0.ESP_NROREF FROM CATEGORIAESPECIFICACIONPROD t0, ESPECIFICACIONPRODUCTO t1 WHERE ((t0.CAT_NAME = ?) AND (t1.NROREFERENCIA = t0.ESP_NROREF))
	bind => [Xbox]
[EL Fine]: sql: 2014-10-09 10:12:56.108--ServerSession(1989311583)--Connection(1905800551)--Thread(Thread[AWT-EventQueue-0,6,main])--SELECT NOMBRE, PADRE FROM CATEGORIA
[EL Fine]: sql: 2014-10-09 10:12:56.11--ClientSession(343425280)--Connection(1905800551)--Thread(Thread[AWT-EventQueue-0,6,main])--INSERT INTO ESPECIFICACIONPRODUCTO (NROREFERENCIA, DESCRIPCION, NOMBRE, PRECIO, PROVEEDOR_ID) VALUES (?, ?, ?, ?, ?)
	bind => [IM, La primera tableta chica de Apple, iPad Mini, 329.0, Tim1]
[EL Fine]: sql: 2014-10-09 10:12:56.111--ClientSession(343425280)--Connection(1905800551)--Thread(Thread[AWT-EventQueue-0,6,main])--INSERT INTO PRODUCTO (ENORDEN, ID_ESPECIFICO, ESPECIFICACION) VALUES (?, ?, ?)
	bind => [false, null, IM]
[EL Fine]: sql: 2014-10-09 10:12:56.111--ClientSession(343425280)--Connection(1905800551)--Thread(Thread[AWT-EventQueue-0,6,main])--CALL IDENTITY()
[EL Fine]: sql: 2014-10-09 10:12:56.112--ClientSession(343425280)--Connection(1905800551)--Thread(Thread[AWT-EventQueue-0,6,main])--INSERT INTO PRODUCTO (ENORDEN, ID_ESPECIFICO, ESPECIFICACION) VALUES (?, ?, ?)
	bind => [false, null, IM]
[EL Fine]: sql: 2014-10-09 10:12:56.112--ClientSession(343425280)--Connection(1905800551)--Thread(Thread[AWT-EventQueue-0,6,main])--CALL IDENTITY()
[EL Fine]: sql: 2014-10-09 10:12:56.112--ClientSession(343425280)--Connection(1905800551)--Thread(Thread[AWT-EventQueue-0,6,main])--INSERT INTO PRODUCTO (ENORDEN, ID_ESPECIFICO, ESPECIFICACION) VALUES (?, ?, ?)
	bind => [false, null, IM]
[EL Fine]: sql: 2014-10-09 10:12:56.112--ClientSession(343425280)--Connection(1905800551)--Thread(Thread[AWT-EventQueue-0,6,main])--CALL IDENTITY()
[EL Fine]: sql: 2014-10-09 10:12:56.113--ClientSession(343425280)--Connection(1905800551)--Thread(Thread[AWT-EventQueue-0,6,main])--INSERT INTO PRODUCTO (ENORDEN, ID_ESPECIFICO, ESPECIFICACION) VALUES (?, ?, ?)
	bind => [false, null, IM]
[EL Fine]: sql: 2014-10-09 10:12:56.113--ClientSession(343425280)--Connection(1905800551)--Thread(Thread[AWT-EventQueue-0,6,main])--CALL IDENTITY()
[EL Fine]: sql: 2014-10-09 10:12:56.113--ClientSession(343425280)--Connection(1905800551)--Thread(Thread[AWT-EventQueue-0,6,main])--INSERT INTO PRODUCTO (ENORDEN, ID_ESPECIFICO, ESPECIFICACION) VALUES (?, ?, ?)
	bind => [false, null, IM]
[EL Fine]: sql: 2014-10-09 10:12:56.113--ClientSession(343425280)--Connection(1905800551)--Thread(Thread[AWT-EventQueue-0,6,main])--CALL IDENTITY()
[EL Fine]: sql: 2014-10-09 10:12:56.114--ClientSession(343425280)--Connection(1905800551)--Thread(Thread[AWT-EventQueue-0,6,main])--INSERT INTO PRODUCTO (ENORDEN, ID_ESPECIFICO, ESPECIFICACION) VALUES (?, ?, ?)
	bind => [false, null, IM]
[EL Fine]: sql: 2014-10-09 10:12:56.114--ClientSession(343425280)--Connection(1905800551)--Thread(Thread[AWT-EventQueue-0,6,main])--CALL IDENTITY()
[EL Fine]: sql: 2014-10-09 10:12:56.114--ClientSession(343425280)--Connection(1905800551)--Thread(Thread[AWT-EventQueue-0,6,main])--INSERT INTO PRODUCTO (ENORDEN, ID_ESPECIFICO, ESPECIFICACION) VALUES (?, ?, ?)
	bind => [false, null, IM]
[EL Fine]: sql: 2014-10-09 10:12:56.114--ClientSession(343425280)--Connection(1905800551)--Thread(Thread[AWT-EventQueue-0,6,main])--CALL IDENTITY()
[EL Fine]: sql: 2014-10-09 10:12:56.115--ClientSession(343425280)--Connection(1905800551)--Thread(Thread[AWT-EventQueue-0,6,main])--INSERT INTO PRODUCTO (ENORDEN, ID_ESPECIFICO, ESPECIFICACION) VALUES (?, ?, ?)
	bind => [false, null, IM]
[EL Fine]: sql: 2014-10-09 10:12:56.115--ClientSession(343425280)--Connection(1905800551)--Thread(Thread[AWT-EventQueue-0,6,main])--CALL IDENTITY()
[EL Fine]: sql: 2014-10-09 10:12:56.115--ClientSession(343425280)--Connection(1905800551)--Thread(Thread[AWT-EventQueue-0,6,main])--INSERT INTO PRODUCTO (ENORDEN, ID_ESPECIFICO, ESPECIFICACION) VALUES (?, ?, ?)
	bind => [false, null, IM]
[EL Fine]: sql: 2014-10-09 10:12:56.115--ClientSession(343425280)--Connection(1905800551)--Thread(Thread[AWT-EventQueue-0,6,main])--CALL IDENTITY()
[EL Fine]: sql: 2014-10-09 10:12:56.116--ClientSession(343425280)--Connection(1905800551)--Thread(Thread[AWT-EventQueue-0,6,main])--INSERT INTO PRODUCTO (ENORDEN, ID_ESPECIFICO, ESPECIFICACION) VALUES (?, ?, ?)
	bind => [false, null, IM]
[EL Fine]: sql: 2014-10-09 10:12:56.116--ClientSession(343425280)--Connection(1905800551)--Thread(Thread[AWT-EventQueue-0,6,main])--CALL IDENTITY()
[EL Fine]: sql: 2014-10-09 10:12:56.116--ClientSession(343425280)--Connection(1905800551)--Thread(Thread[AWT-EventQueue-0,6,main])--INSERT INTO ESPECIFICACIONES (ESPPRID, VALOR, NOMBRE) VALUES (?, ?, ?)
	bind => [IM, 308 g, Peso]
[EL Fine]: sql: 2014-10-09 10:12:56.116--ClientSession(343425280)--Connection(1905800551)--Thread(Thread[AWT-EventQueue-0,6,main])--INSERT INTO ESPECIFICACIONES (ESPPRID, VALOR, NOMBRE) VALUES (?, ?, ?)
	bind => [IM, 7.9”, Pantalla]
[EL Fine]: sql: 2014-10-09 10:12:56.116--ClientSession(343425280)--Connection(1905800551)--Thread(Thread[AWT-EventQueue-0,6,main])--INSERT INTO ESPECIFICACIONES (ESPPRID, VALOR, NOMBRE) VALUES (?, ?, ?)
	bind => [IM, A5, Procesador]
[EL Fine]: sql: 2014-10-09 10:12:56.117--ClientSession(343425280)--Connection(1905800551)--Thread(Thread[AWT-EventQueue-0,6,main])--INSERT INTO ESPECIFICACIONES (ESPPRID, VALOR, NOMBRE) VALUES (?, ?, ?)
	bind => [IM, 16 GB, Capacidad]
[EL Fine]: sql: 2014-10-09 10:12:56.117--ClientSession(343425280)--Connection(1905800551)--Thread(Thread[AWT-EventQueue-0,6,main])--INSERT INTO CATEGORIAESPECIFICACIONPROD (CAT_NAME, ESP_NROREF) VALUES (?, ?)
	bind => [Apple, IM]
[EL Fine]: sql: 2014-10-09 10:12:56.118--ClientSession(343425280)--Connection(1905800551)--Thread(Thread[AWT-EventQueue-0,6,main])--INSERT INTO CATEGORIAESPECIFICACIONPROD (CAT_NAME, ESP_NROREF) VALUES (?, ?)
	bind => [iOS, IM]
[EL Fine]: sql: 2014-10-09 10:12:56.119--ServerSession(1989311583)--Connection(1905800551)--Thread(Thread[AWT-EventQueue-0,6,main])--SELECT NROREFERENCIA, DESCRIPCION, NOMBRE, PRECIO, PROVEEDOR_ID FROM ESPECIFICACIONPRODUCTO
[EL Fine]: sql: 2014-10-09 10:12:56.12--ServerSession(1989311583)--Connection(1905800551)--Thread(Thread[AWT-EventQueue-0,6,main])--SELECT NOMBRE, PADRE FROM CATEGORIA
[EL Fine]: sql: 2014-10-09 10:12:56.12--ServerSession(1989311583)--Connection(1905800551)--Thread(Thread[AWT-EventQueue-0,6,main])--SELECT NOMBRE, PADRE FROM CATEGORIA WHERE (NOMBRE = ?)
	bind => [Celulares]
[EL Fine]: sql: 2014-10-09 10:12:56.12--ServerSession(1989311583)--Connection(1905800551)--Thread(Thread[AWT-EventQueue-0,6,main])--SELECT t1.NROREFERENCIA, t1.DESCRIPCION, t1.NOMBRE, t1.PRECIO, t1.PROVEEDOR_ID, t0.ESP_NROREF FROM CATEGORIAESPECIFICACIONPROD t0, ESPECIFICACIONPRODUCTO t1 WHERE ((t0.CAT_NAME = ?) AND (t1.NROREFERENCIA = t0.ESP_NROREF))
	bind => [Celulares]
[EL Fine]: sql: 2014-10-09 10:12:56.121--ServerSession(1989311583)--Connection(1905800551)--Thread(Thread[AWT-EventQueue-0,6,main])--SELECT NOMBRE, PADRE FROM CATEGORIA WHERE (NOMBRE = ?)
	bind => [Sistemas Operativos]
[EL Fine]: sql: 2014-10-09 10:12:56.121--ServerSession(1989311583)--Connection(1905800551)--Thread(Thread[AWT-EventQueue-0,6,main])--SELECT t1.NROREFERENCIA, t1.DESCRIPCION, t1.NOMBRE, t1.PRECIO, t1.PROVEEDOR_ID, t0.ESP_NROREF FROM CATEGORIAESPECIFICACIONPROD t0, ESPECIFICACIONPRODUCTO t1 WHERE ((t0.CAT_NAME = ?) AND (t1.NROREFERENCIA = t0.ESP_NROREF))
	bind => [Sistemas Operativos]
[EL Fine]: sql: 2014-10-09 10:12:56.121--ServerSession(1989311583)--Connection(1905800551)--Thread(Thread[AWT-EventQueue-0,6,main])--SELECT NOMBRE, PADRE FROM CATEGORIA WHERE (NOMBRE = ?)
	bind => [iOS]
[EL Fine]: sql: 2014-10-09 10:12:56.122--ServerSession(1989311583)--Connection(1905800551)--Thread(Thread[AWT-EventQueue-0,6,main])--SELECT t1.NROREFERENCIA, t1.DESCRIPCION, t1.NOMBRE, t1.PRECIO, t1.PROVEEDOR_ID, t0.ESP_NROREF FROM CATEGORIAESPECIFICACIONPROD t0, ESPECIFICACIONPRODUCTO t1 WHERE ((t0.CAT_NAME = ?) AND (t1.NROREFERENCIA = t0.ESP_NROREF))
	bind => [iOS]
[EL Fine]: sql: 2014-10-09 10:12:56.122--ServerSession(1989311583)--Connection(1905800551)--Thread(Thread[AWT-EventQueue-0,6,main])--SELECT t1.NOMBRE, t1.PADRE FROM CATEGORIAESPECIFICACIONPROD t0, CATEGORIA t1 WHERE ((t0.ESP_NROREF = ?) AND (t1.NOMBRE = t0.CAT_NAME))
	bind => [IPH5]
[EL Fine]: sql: 2014-10-09 10:12:56.122--ServerSession(1989311583)--Connection(1905800551)--Thread(Thread[AWT-EventQueue-0,6,main])--SELECT ID, ENORDEN, ID_ESPECIFICO, ESPECIFICACION FROM PRODUCTO WHERE (ESPECIFICACION = ?)
	bind => [IPH5]
[EL Fine]: sql: 2014-10-09 10:12:56.123--ServerSession(1989311583)--Connection(1905800551)--Thread(Thread[AWT-EventQueue-0,6,main])--SELECT t1.NOMBRE, t1.PADRE FROM CATEGORIAESPECIFICACIONPROD t0, CATEGORIA t1 WHERE ((t0.ESP_NROREF = ?) AND (t1.NOMBRE = t0.CAT_NAME))
	bind => [IPH4]
[EL Fine]: sql: 2014-10-09 10:12:56.123--ServerSession(1989311583)--Connection(1905800551)--Thread(Thread[AWT-EventQueue-0,6,main])--SELECT ID, ENORDEN, ID_ESPECIFICO, ESPECIFICACION FROM PRODUCTO WHERE (ESPECIFICACION = ?)
	bind => [IPH4]
[EL Fine]: sql: 2014-10-09 10:12:56.123--ServerSession(1989311583)--Connection(1905800551)--Thread(Thread[AWT-EventQueue-0,6,main])--SELECT t1.NOMBRE, t1.PADRE FROM CATEGORIAESPECIFICACIONPROD t0, CATEGORIA t1 WHERE ((t0.ESP_NROREF = ?) AND (t1.NOMBRE = t0.CAT_NAME))
	bind => [IRD]
[EL Fine]: sql: 2014-10-09 10:12:56.124--ServerSession(1989311583)--Connection(1905800551)--Thread(Thread[AWT-EventQueue-0,6,main])--SELECT ID, ENORDEN, ID_ESPECIFICO, ESPECIFICACION FROM PRODUCTO WHERE (ESPECIFICACION = ?)
	bind => [IRD]
[EL Fine]: sql: 2014-10-09 10:12:56.124--ServerSession(1989311583)--Connection(1905800551)--Thread(Thread[AWT-EventQueue-0,6,main])--SELECT t1.NOMBRE, t1.PADRE FROM CATEGORIAESPECIFICACIONPROD t0, CATEGORIA t1 WHERE ((t0.ESP_NROREF = ?) AND (t1.NOMBRE = t0.CAT_NAME))
	bind => [IM]
[EL Fine]: sql: 2014-10-09 10:12:56.124--ServerSession(1989311583)--Connection(1905800551)--Thread(Thread[AWT-EventQueue-0,6,main])--SELECT ID, ENORDEN, ID_ESPECIFICO, ESPECIFICACION FROM PRODUCTO WHERE (ESPECIFICACION = ?)
	bind => [IM]
[EL Fine]: sql: 2014-10-09 10:12:56.126--ServerSession(1989311583)--Connection(1905800551)--Thread(Thread[AWT-EventQueue-0,6,main])--SELECT NOMBRE, PADRE FROM CATEGORIA WHERE (NOMBRE = ?)
	bind => [Android]
[EL Fine]: sql: 2014-10-09 10:12:56.126--ServerSession(1989311583)--Connection(1905800551)--Thread(Thread[AWT-EventQueue-0,6,main])--SELECT t1.NROREFERENCIA, t1.DESCRIPCION, t1.NOMBRE, t1.PRECIO, t1.PROVEEDOR_ID, t0.ESP_NROREF FROM CATEGORIAESPECIFICACIONPROD t0, ESPECIFICACIONPRODUCTO t1 WHERE ((t0.CAT_NAME = ?) AND (t1.NROREFERENCIA = t0.ESP_NROREF))
	bind => [Android]
[EL Fine]: sql: 2014-10-09 10:12:56.126--ServerSession(1989311583)--Connection(1905800551)--Thread(Thread[AWT-EventQueue-0,6,main])--SELECT t1.NOMBRE, t1.PADRE FROM CATEGORIAESPECIFICACIONPROD t0, CATEGORIA t1 WHERE ((t0.ESP_NROREF = ?) AND (t1.NOMBRE = t0.CAT_NAME))
	bind => [NEX4]
[EL Fine]: sql: 2014-10-09 10:12:56.127--ServerSession(1989311583)--Connection(1905800551)--Thread(Thread[AWT-EventQueue-0,6,main])--SELECT ID, ENORDEN, ID_ESPECIFICO, ESPECIFICACION FROM PRODUCTO WHERE (ESPECIFICACION = ?)
	bind => [NEX4]
[EL Fine]: sql: 2014-10-09 10:12:56.127--ServerSession(1989311583)--Connection(1905800551)--Thread(Thread[AWT-EventQueue-0,6,main])--SELECT t1.NOMBRE, t1.PADRE FROM CATEGORIAESPECIFICACIONPROD t0, CATEGORIA t1 WHERE ((t0.ESP_NROREF = ?) AND (t1.NOMBRE = t0.CAT_NAME))
	bind => [GA3]
[EL Fine]: sql: 2014-10-09 10:12:56.127--ServerSession(1989311583)--Connection(1905800551)--Thread(Thread[AWT-EventQueue-0,6,main])--SELECT ID, ENORDEN, ID_ESPECIFICO, ESPECIFICACION FROM PRODUCTO WHERE (ESPECIFICACION = ?)
	bind => [GA3]
[EL Fine]: sql: 2014-10-09 10:12:56.127--ServerSession(1989311583)--Connection(1905800551)--Thread(Thread[AWT-EventQueue-0,6,main])--SELECT t1.NOMBRE, t1.PADRE FROM CATEGORIAESPECIFICACIONPROD t0, CATEGORIA t1 WHERE ((t0.ESP_NROREF = ?) AND (t1.NOMBRE = t0.CAT_NAME))
	bind => [GA4]
[EL Fine]: sql: 2014-10-09 10:12:56.128--ServerSession(1989311583)--Connection(1905800551)--Thread(Thread[AWT-EventQueue-0,6,main])--SELECT ID, ENORDEN, ID_ESPECIFICO, ESPECIFICACION FROM PRODUCTO WHERE (ESPECIFICACION = ?)
	bind => [GA4]
[EL Fine]: sql: 2014-10-09 10:12:56.128--ServerSession(1989311583)--Connection(1905800551)--Thread(Thread[AWT-EventQueue-0,6,main])--SELECT t1.NOMBRE, t1.PADRE FROM CATEGORIAESPECIFICACIONPROD t0, CATEGORIA t1 WHERE ((t0.ESP_NROREF = ?) AND (t1.NOMBRE = t0.CAT_NAME))
	bind => [AS5]
[EL Fine]: sql: 2014-10-09 10:12:56.128--ServerSession(1989311583)--Connection(1905800551)--Thread(Thread[AWT-EventQueue-0,6,main])--SELECT ID, ENORDEN, ID_ESPECIFICO, ESPECIFICACION FROM PRODUCTO WHERE (ESPECIFICACION = ?)
	bind => [AS5]
[EL Fine]: sql: 2014-10-09 10:12:56.129--ServerSession(1989311583)--Connection(1905800551)--Thread(Thread[AWT-EventQueue-0,6,main])--SELECT NOMBRE, PADRE FROM CATEGORIA WHERE (NOMBRE = ?)
	bind => [Windows Phone]
[EL Fine]: sql: 2014-10-09 10:12:56.129--ServerSession(1989311583)--Connection(1905800551)--Thread(Thread[AWT-EventQueue-0,6,main])--SELECT t1.NROREFERENCIA, t1.DESCRIPCION, t1.NOMBRE, t1.PRECIO, t1.PROVEEDOR_ID, t0.ESP_NROREF FROM CATEGORIAESPECIFICACIONPROD t0, ESPECIFICACIONPRODUCTO t1 WHERE ((t0.CAT_NAME = ?) AND (t1.NROREFERENCIA = t0.ESP_NROREF))
	bind => [Windows Phone]
[EL Fine]: sql: 2014-10-09 10:12:56.129--ServerSession(1989311583)--Connection(1905800551)--Thread(Thread[AWT-EventQueue-0,6,main])--SELECT NOMBRE, PADRE FROM CATEGORIA WHERE (NOMBRE = ?)
	bind => [Symbian]
[EL Fine]: sql: 2014-10-09 10:12:56.13--ServerSession(1989311583)--Connection(1905800551)--Thread(Thread[AWT-EventQueue-0,6,main])--SELECT t1.NROREFERENCIA, t1.DESCRIPCION, t1.NOMBRE, t1.PRECIO, t1.PROVEEDOR_ID, t0.ESP_NROREF FROM CATEGORIAESPECIFICACIONPROD t0, ESPECIFICACIONPRODUCTO t1 WHERE ((t0.CAT_NAME = ?) AND (t1.NROREFERENCIA = t0.ESP_NROREF))
	bind => [Symbian]
[EL Fine]: sql: 2014-10-09 10:12:56.13--ServerSession(1989311583)--Connection(1905800551)--Thread(Thread[AWT-EventQueue-0,6,main])--SELECT NOMBRE, PADRE FROM CATEGORIA WHERE (NOMBRE = ?)
	bind => [Blackberry OS]
[EL Fine]: sql: 2014-10-09 10:12:56.13--ServerSession(1989311583)--Connection(1905800551)--Thread(Thread[AWT-EventQueue-0,6,main])--SELECT t1.NROREFERENCIA, t1.DESCRIPCION, t1.NOMBRE, t1.PRECIO, t1.PROVEEDOR_ID, t0.ESP_NROREF FROM CATEGORIAESPECIFICACIONPROD t0, ESPECIFICACIONPRODUCTO t1 WHERE ((t0.CAT_NAME = ?) AND (t1.NROREFERENCIA = t0.ESP_NROREF))
	bind => [Blackberry OS]
[EL Fine]: sql: 2014-10-09 10:12:56.13--ServerSession(1989311583)--Connection(1905800551)--Thread(Thread[AWT-EventQueue-0,6,main])--SELECT NOMBRE, PADRE FROM CATEGORIA WHERE (NOMBRE = ?)
	bind => [Equipos]
[EL Fine]: sql: 2014-10-09 10:12:56.13--ServerSession(1989311583)--Connection(1905800551)--Thread(Thread[AWT-EventQueue-0,6,main])--SELECT t1.NROREFERENCIA, t1.DESCRIPCION, t1.NOMBRE, t1.PRECIO, t1.PROVEEDOR_ID, t0.ESP_NROREF FROM CATEGORIAESPECIFICACIONPROD t0, ESPECIFICACIONPRODUCTO t1 WHERE ((t0.CAT_NAME = ?) AND (t1.NROREFERENCIA = t0.ESP_NROREF))
	bind => [Equipos]
[EL Fine]: sql: 2014-10-09 10:12:56.131--ServerSession(1989311583)--Connection(1905800551)--Thread(Thread[AWT-EventQueue-0,6,main])--SELECT NOMBRE, PADRE FROM CATEGORIA WHERE (NOMBRE = ?)
	bind => [iPhone]
[EL Fine]: sql: 2014-10-09 10:12:56.131--ServerSession(1989311583)--Connection(1905800551)--Thread(Thread[AWT-EventQueue-0,6,main])--SELECT t1.NROREFERENCIA, t1.DESCRIPCION, t1.NOMBRE, t1.PRECIO, t1.PROVEEDOR_ID, t0.ESP_NROREF FROM CATEGORIAESPECIFICACIONPROD t0, ESPECIFICACIONPRODUCTO t1 WHERE ((t0.CAT_NAME = ?) AND (t1.NROREFERENCIA = t0.ESP_NROREF))
	bind => [iPhone]
[EL Fine]: sql: 2014-10-09 10:12:56.131--ServerSession(1989311583)--Connection(1905800551)--Thread(Thread[AWT-EventQueue-0,6,main])--SELECT t1.NOMBRE, t1.PADRE FROM CATEGORIAESPECIFICACIONPROD t0, CATEGORIA t1 WHERE ((t0.ESP_NROREF = ?) AND (t1.NOMBRE = t0.CAT_NAME))
	bind => [IPH5]
[EL Fine]: sql: 2014-10-09 10:12:56.131--ServerSession(1989311583)--Connection(1905800551)--Thread(Thread[AWT-EventQueue-0,6,main])--SELECT ID, ENORDEN, ID_ESPECIFICO, ESPECIFICACION FROM PRODUCTO WHERE (ESPECIFICACION = ?)
	bind => [IPH5]
[EL Fine]: sql: 2014-10-09 10:12:56.132--ServerSession(1989311583)--Connection(1905800551)--Thread(Thread[AWT-EventQueue-0,6,main])--SELECT t1.NOMBRE, t1.PADRE FROM CATEGORIAESPECIFICACIONPROD t0, CATEGORIA t1 WHERE ((t0.ESP_NROREF = ?) AND (t1.NOMBRE = t0.CAT_NAME))
	bind => [IPH4]
[EL Fine]: sql: 2014-10-09 10:12:56.132--ServerSession(1989311583)--Connection(1905800551)--Thread(Thread[AWT-EventQueue-0,6,main])--SELECT ID, ENORDEN, ID_ESPECIFICO, ESPECIFICACION FROM PRODUCTO WHERE (ESPECIFICACION = ?)
	bind => [IPH4]
[EL Fine]: sql: 2014-10-09 10:12:56.132--ServerSession(1989311583)--Connection(1905800551)--Thread(Thread[AWT-EventQueue-0,6,main])--SELECT NOMBRE, PADRE FROM CATEGORIA WHERE (NOMBRE = ?)
	bind => [Nexus]
[EL Fine]: sql: 2014-10-09 10:12:56.133--ServerSession(1989311583)--Connection(1905800551)--Thread(Thread[AWT-EventQueue-0,6,main])--SELECT t1.NROREFERENCIA, t1.DESCRIPCION, t1.NOMBRE, t1.PRECIO, t1.PROVEEDOR_ID, t0.ESP_NROREF FROM CATEGORIAESPECIFICACIONPROD t0, ESPECIFICACIONPRODUCTO t1 WHERE ((t0.CAT_NAME = ?) AND (t1.NROREFERENCIA = t0.ESP_NROREF))
	bind => [Nexus]
[EL Fine]: sql: 2014-10-09 10:12:56.133--ServerSession(1989311583)--Connection(1905800551)--Thread(Thread[AWT-EventQueue-0,6,main])--SELECT t1.NOMBRE, t1.PADRE FROM CATEGORIAESPECIFICACIONPROD t0, CATEGORIA t1 WHERE ((t0.ESP_NROREF = ?) AND (t1.NOMBRE = t0.CAT_NAME))
	bind => [NEX4]
[EL Fine]: sql: 2014-10-09 10:12:56.133--ServerSession(1989311583)--Connection(1905800551)--Thread(Thread[AWT-EventQueue-0,6,main])--SELECT ID, ENORDEN, ID_ESPECIFICO, ESPECIFICACION FROM PRODUCTO WHERE (ESPECIFICACION = ?)
	bind => [NEX4]
[EL Fine]: sql: 2014-10-09 10:12:56.134--ServerSession(1989311583)--Connection(1905800551)--Thread(Thread[AWT-EventQueue-0,6,main])--SELECT NOMBRE, PADRE FROM CATEGORIA WHERE (NOMBRE = ?)
	bind => [Samsung]
[EL Fine]: sql: 2014-10-09 10:12:56.134--ServerSession(1989311583)--Connection(1905800551)--Thread(Thread[AWT-EventQueue-0,6,main])--SELECT t1.NROREFERENCIA, t1.DESCRIPCION, t1.NOMBRE, t1.PRECIO, t1.PROVEEDOR_ID, t0.ESP_NROREF FROM CATEGORIAESPECIFICACIONPROD t0, ESPECIFICACIONPRODUCTO t1 WHERE ((t0.CAT_NAME = ?) AND (t1.NROREFERENCIA = t0.ESP_NROREF))
	bind => [Samsung]
[EL Fine]: sql: 2014-10-09 10:12:56.134--ServerSession(1989311583)--Connection(1905800551)--Thread(Thread[AWT-EventQueue-0,6,main])--SELECT NOMBRE, PADRE FROM CATEGORIA WHERE (NOMBRE = ?)
	bind => [Galaxy S3]
[EL Fine]: sql: 2014-10-09 10:12:56.134--ServerSession(1989311583)--Connection(1905800551)--Thread(Thread[AWT-EventQueue-0,6,main])--SELECT t1.NROREFERENCIA, t1.DESCRIPCION, t1.NOMBRE, t1.PRECIO, t1.PROVEEDOR_ID, t0.ESP_NROREF FROM CATEGORIAESPECIFICACIONPROD t0, ESPECIFICACIONPRODUCTO t1 WHERE ((t0.CAT_NAME = ?) AND (t1.NROREFERENCIA = t0.ESP_NROREF))
	bind => [Galaxy S3]
[EL Fine]: sql: 2014-10-09 10:12:56.135--ServerSession(1989311583)--Connection(1905800551)--Thread(Thread[AWT-EventQueue-0,6,main])--SELECT t1.NOMBRE, t1.PADRE FROM CATEGORIAESPECIFICACIONPROD t0, CATEGORIA t1 WHERE ((t0.ESP_NROREF = ?) AND (t1.NOMBRE = t0.CAT_NAME))
	bind => [GA3]
[EL Fine]: sql: 2014-10-09 10:12:56.135--ServerSession(1989311583)--Connection(1905800551)--Thread(Thread[AWT-EventQueue-0,6,main])--SELECT ID, ENORDEN, ID_ESPECIFICO, ESPECIFICACION FROM PRODUCTO WHERE (ESPECIFICACION = ?)
	bind => [GA3]
[EL Fine]: sql: 2014-10-09 10:12:56.135--ServerSession(1989311583)--Connection(1905800551)--Thread(Thread[AWT-EventQueue-0,6,main])--SELECT NOMBRE, PADRE FROM CATEGORIA WHERE (NOMBRE = ?)
	bind => [Galaxy S4]
[EL Fine]: sql: 2014-10-09 10:12:56.136--ServerSession(1989311583)--Connection(1905800551)--Thread(Thread[AWT-EventQueue-0,6,main])--SELECT t1.NROREFERENCIA, t1.DESCRIPCION, t1.NOMBRE, t1.PRECIO, t1.PROVEEDOR_ID, t0.ESP_NROREF FROM CATEGORIAESPECIFICACIONPROD t0, ESPECIFICACIONPRODUCTO t1 WHERE ((t0.CAT_NAME = ?) AND (t1.NROREFERENCIA = t0.ESP_NROREF))
	bind => [Galaxy S4]
[EL Fine]: sql: 2014-10-09 10:12:56.136--ServerSession(1989311583)--Connection(1905800551)--Thread(Thread[AWT-EventQueue-0,6,main])--SELECT t1.NOMBRE, t1.PADRE FROM CATEGORIAESPECIFICACIONPROD t0, CATEGORIA t1 WHERE ((t0.ESP_NROREF = ?) AND (t1.NOMBRE = t0.CAT_NAME))
	bind => [GA4]
[EL Fine]: sql: 2014-10-09 10:12:56.136--ServerSession(1989311583)--Connection(1905800551)--Thread(Thread[AWT-EventQueue-0,6,main])--SELECT ID, ENORDEN, ID_ESPECIFICO, ESPECIFICACION FROM PRODUCTO WHERE (ESPECIFICACION = ?)
	bind => [GA4]
[EL Fine]: sql: 2014-10-09 10:12:56.137--ServerSession(1989311583)--Connection(1905800551)--Thread(Thread[AWT-EventQueue-0,6,main])--SELECT NOMBRE, PADRE FROM CATEGORIA WHERE (NOMBRE = ?)
	bind => [Galaxy Ace]
[EL Fine]: sql: 2014-10-09 10:12:56.137--ServerSession(1989311583)--Connection(1905800551)--Thread(Thread[AWT-EventQueue-0,6,main])--SELECT t1.NROREFERENCIA, t1.DESCRIPCION, t1.NOMBRE, t1.PRECIO, t1.PROVEEDOR_ID, t0.ESP_NROREF FROM CATEGORIAESPECIFICACIONPROD t0, ESPECIFICACIONPRODUCTO t1 WHERE ((t0.CAT_NAME = ?) AND (t1.NROREFERENCIA = t0.ESP_NROREF))
	bind => [Galaxy Ace]
[EL Fine]: sql: 2014-10-09 10:12:56.137--ServerSession(1989311583)--Connection(1905800551)--Thread(Thread[AWT-EventQueue-0,6,main])--SELECT t1.NOMBRE, t1.PADRE FROM CATEGORIAESPECIFICACIONPROD t0, CATEGORIA t1 WHERE ((t0.ESP_NROREF = ?) AND (t1.NOMBRE = t0.CAT_NAME))
	bind => [AS5]
[EL Fine]: sql: 2014-10-09 10:12:56.137--ServerSession(1989311583)--Connection(1905800551)--Thread(Thread[AWT-EventQueue-0,6,main])--SELECT ID, ENORDEN, ID_ESPECIFICO, ESPECIFICACION FROM PRODUCTO WHERE (ESPECIFICACION = ?)
	bind => [AS5]
[EL Fine]: sql: 2014-10-09 10:12:56.138--ServerSession(1989311583)--Connection(1905800551)--Thread(Thread[AWT-EventQueue-0,6,main])--SELECT NOMBRE, PADRE FROM CATEGORIA WHERE (NOMBRE = ?)
	bind => [Blackberry]
[EL Fine]: sql: 2014-10-09 10:12:56.138--ServerSession(1989311583)--Connection(1905800551)--Thread(Thread[AWT-EventQueue-0,6,main])--SELECT t1.NROREFERENCIA, t1.DESCRIPCION, t1.NOMBRE, t1.PRECIO, t1.PROVEEDOR_ID, t0.ESP_NROREF FROM CATEGORIAESPECIFICACIONPROD t0, ESPECIFICACIONPRODUCTO t1 WHERE ((t0.CAT_NAME = ?) AND (t1.NROREFERENCIA = t0.ESP_NROREF))
	bind => [Blackberry]
[EL Fine]: sql: 2014-10-09 10:12:56.138--ServerSession(1989311583)--Connection(1905800551)--Thread(Thread[AWT-EventQueue-0,6,main])--SELECT NOMBRE, PADRE FROM CATEGORIA WHERE (NOMBRE = ?)
	bind => [Nokia]
[EL Fine]: sql: 2014-10-09 10:12:56.139--ServerSession(1989311583)--Connection(1905800551)--Thread(Thread[AWT-EventQueue-0,6,main])--SELECT t1.NROREFERENCIA, t1.DESCRIPCION, t1.NOMBRE, t1.PRECIO, t1.PROVEEDOR_ID, t0.ESP_NROREF FROM CATEGORIAESPECIFICACIONPROD t0, ESPECIFICACIONPRODUCTO t1 WHERE ((t0.CAT_NAME = ?) AND (t1.NROREFERENCIA = t0.ESP_NROREF))
	bind => [Nokia]
[EL Fine]: sql: 2014-10-09 10:12:56.139--ServerSession(1989311583)--Connection(1905800551)--Thread(Thread[AWT-EventQueue-0,6,main])--SELECT NOMBRE, PADRE FROM CATEGORIA WHERE (NOMBRE = ?)
	bind => [Accesorios]
[EL Fine]: sql: 2014-10-09 10:12:56.139--ServerSession(1989311583)--Connection(1905800551)--Thread(Thread[AWT-EventQueue-0,6,main])--SELECT t1.NROREFERENCIA, t1.DESCRIPCION, t1.NOMBRE, t1.PRECIO, t1.PROVEEDOR_ID, t0.ESP_NROREF FROM CATEGORIAESPECIFICACIONPROD t0, ESPECIFICACIONPRODUCTO t1 WHERE ((t0.CAT_NAME = ?) AND (t1.NROREFERENCIA = t0.ESP_NROREF))
	bind => [Accesorios]
[EL Fine]: sql: 2014-10-09 10:12:56.139--ServerSession(1989311583)--Connection(1905800551)--Thread(Thread[AWT-EventQueue-0,6,main])--SELECT NOMBRE, PADRE FROM CATEGORIA WHERE (NOMBRE = ?)
	bind => [Protectores]
[EL Fine]: sql: 2014-10-09 10:12:56.14--ServerSession(1989311583)--Connection(1905800551)--Thread(Thread[AWT-EventQueue-0,6,main])--SELECT t1.NROREFERENCIA, t1.DESCRIPCION, t1.NOMBRE, t1.PRECIO, t1.PROVEEDOR_ID, t0.ESP_NROREF FROM CATEGORIAESPECIFICACIONPROD t0, ESPECIFICACIONPRODUCTO t1 WHERE ((t0.CAT_NAME = ?) AND (t1.NROREFERENCIA = t0.ESP_NROREF))
	bind => [Protectores]
[EL Fine]: sql: 2014-10-09 10:12:56.14--ServerSession(1989311583)--Connection(1905800551)--Thread(Thread[AWT-EventQueue-0,6,main])--SELECT t1.NOMBRE, t1.PADRE FROM CATEGORIAESPECIFICACIONPROD t0, CATEGORIA t1 WHERE ((t0.ESP_NROREF = ?) AND (t1.NOMBRE = t0.CAT_NAME))
	bind => [PCG]
[EL Fine]: sql: 2014-10-09 10:12:56.14--ServerSession(1989311583)--Connection(1905800551)--Thread(Thread[AWT-EventQueue-0,6,main])--SELECT ID, ENORDEN, ID_ESPECIFICO, ESPECIFICACION FROM PRODUCTO WHERE (ESPECIFICACION = ?)
	bind => [PCG]
[EL Fine]: sql: 2014-10-09 10:12:56.14--ServerSession(1989311583)--Connection(1905800551)--Thread(Thread[AWT-EventQueue-0,6,main])--SELECT t1.NOMBRE, t1.PADRE FROM CATEGORIAESPECIFICACIONPROD t0, CATEGORIA t1 WHERE ((t0.ESP_NROREF = ?) AND (t1.NOMBRE = t0.CAT_NAME))
	bind => [PMH]
[EL Fine]: sql: 2014-10-09 10:12:56.141--ServerSession(1989311583)--Connection(1905800551)--Thread(Thread[AWT-EventQueue-0,6,main])--SELECT ID, ENORDEN, ID_ESPECIFICO, ESPECIFICACION FROM PRODUCTO WHERE (ESPECIFICACION = ?)
	bind => [PMH]
[EL Fine]: sql: 2014-10-09 10:12:56.141--ServerSession(1989311583)--Connection(1905800551)--Thread(Thread[AWT-EventQueue-0,6,main])--SELECT NOMBRE, PADRE FROM CATEGORIA WHERE (NOMBRE = ?)
	bind => [Baterías]
[EL Fine]: sql: 2014-10-09 10:12:56.141--ServerSession(1989311583)--Connection(1905800551)--Thread(Thread[AWT-EventQueue-0,6,main])--SELECT t1.NROREFERENCIA, t1.DESCRIPCION, t1.NOMBRE, t1.PRECIO, t1.PROVEEDOR_ID, t0.ESP_NROREF FROM CATEGORIAESPECIFICACIONPROD t0, ESPECIFICACIONPRODUCTO t1 WHERE ((t0.CAT_NAME = ?) AND (t1.NROREFERENCIA = t0.ESP_NROREF))
	bind => [Baterías]
[EL Fine]: sql: 2014-10-09 10:12:56.142--ServerSession(1989311583)--Connection(1905800551)--Thread(Thread[AWT-EventQueue-0,6,main])--SELECT NOMBRE, PADRE FROM CATEGORIA WHERE (NOMBRE = ?)
	bind => [Apple]
[EL Fine]: sql: 2014-10-09 10:12:56.142--ServerSession(1989311583)--Connection(1905800551)--Thread(Thread[AWT-EventQueue-0,6,main])--SELECT t1.NROREFERENCIA, t1.DESCRIPCION, t1.NOMBRE, t1.PRECIO, t1.PROVEEDOR_ID, t0.ESP_NROREF FROM CATEGORIAESPECIFICACIONPROD t0, ESPECIFICACIONPRODUCTO t1 WHERE ((t0.CAT_NAME = ?) AND (t1.NROREFERENCIA = t0.ESP_NROREF))
	bind => [Apple]
[EL Fine]: sql: 2014-10-09 10:12:56.142--ServerSession(1989311583)--Connection(1905800551)--Thread(Thread[AWT-EventQueue-0,6,main])--SELECT t1.NOMBRE, t1.PADRE FROM CATEGORIAESPECIFICACIONPROD t0, CATEGORIA t1 WHERE ((t0.ESP_NROREF = ?) AND (t1.NOMBRE = t0.CAT_NAME))
	bind => [IPH5]
[EL Fine]: sql: 2014-10-09 10:12:56.143--ServerSession(1989311583)--Connection(1905800551)--Thread(Thread[AWT-EventQueue-0,6,main])--SELECT ID, ENORDEN, ID_ESPECIFICO, ESPECIFICACION FROM PRODUCTO WHERE (ESPECIFICACION = ?)
	bind => [IPH5]
[EL Fine]: sql: 2014-10-09 10:12:56.143--ServerSession(1989311583)--Connection(1905800551)--Thread(Thread[AWT-EventQueue-0,6,main])--SELECT t1.NOMBRE, t1.PADRE FROM CATEGORIAESPECIFICACIONPROD t0, CATEGORIA t1 WHERE ((t0.ESP_NROREF = ?) AND (t1.NOMBRE = t0.CAT_NAME))
	bind => [IPH4]
[EL Fine]: sql: 2014-10-09 10:12:56.143--ServerSession(1989311583)--Connection(1905800551)--Thread(Thread[AWT-EventQueue-0,6,main])--SELECT ID, ENORDEN, ID_ESPECIFICO, ESPECIFICACION FROM PRODUCTO WHERE (ESPECIFICACION = ?)
	bind => [IPH4]
[EL Fine]: sql: 2014-10-09 10:12:56.143--ServerSession(1989311583)--Connection(1905800551)--Thread(Thread[AWT-EventQueue-0,6,main])--SELECT t1.NOMBRE, t1.PADRE FROM CATEGORIAESPECIFICACIONPROD t0, CATEGORIA t1 WHERE ((t0.ESP_NROREF = ?) AND (t1.NOMBRE = t0.CAT_NAME))
	bind => [IRD]
[EL Fine]: sql: 2014-10-09 10:12:56.144--ServerSession(1989311583)--Connection(1905800551)--Thread(Thread[AWT-EventQueue-0,6,main])--SELECT ID, ENORDEN, ID_ESPECIFICO, ESPECIFICACION FROM PRODUCTO WHERE (ESPECIFICACION = ?)
	bind => [IRD]
[EL Fine]: sql: 2014-10-09 10:12:56.144--ServerSession(1989311583)--Connection(1905800551)--Thread(Thread[AWT-EventQueue-0,6,main])--SELECT t1.NOMBRE, t1.PADRE FROM CATEGORIAESPECIFICACIONPROD t0, CATEGORIA t1 WHERE ((t0.ESP_NROREF = ?) AND (t1.NOMBRE = t0.CAT_NAME))
	bind => [IM]
[EL Fine]: sql: 2014-10-09 10:12:56.144--ServerSession(1989311583)--Connection(1905800551)--Thread(Thread[AWT-EventQueue-0,6,main])--SELECT ID, ENORDEN, ID_ESPECIFICO, ESPECIFICACION FROM PRODUCTO WHERE (ESPECIFICACION = ?)
	bind => [IM]
[EL Fine]: sql: 2014-10-09 10:12:56.145--ServerSession(1989311583)--Connection(1905800551)--Thread(Thread[AWT-EventQueue-0,6,main])--SELECT NOMBRE, PADRE FROM CATEGORIA WHERE (NOMBRE = ?)
	bind => [Videojuegos]
[EL Fine]: sql: 2014-10-09 10:12:56.145--ServerSession(1989311583)--Connection(1905800551)--Thread(Thread[AWT-EventQueue-0,6,main])--SELECT t1.NROREFERENCIA, t1.DESCRIPCION, t1.NOMBRE, t1.PRECIO, t1.PROVEEDOR_ID, t0.ESP_NROREF FROM CATEGORIAESPECIFICACIONPROD t0, ESPECIFICACIONPRODUCTO t1 WHERE ((t0.CAT_NAME = ?) AND (t1.NROREFERENCIA = t0.ESP_NROREF))
	bind => [Videojuegos]
[EL Fine]: sql: 2014-10-09 10:12:56.146--ServerSession(1989311583)--Connection(1905800551)--Thread(Thread[AWT-EventQueue-0,6,main])--SELECT NOMBRE, PADRE FROM CATEGORIA WHERE (NOMBRE = ?)
	bind => [Playstation]
[EL Fine]: sql: 2014-10-09 10:12:56.146--ServerSession(1989311583)--Connection(1905800551)--Thread(Thread[AWT-EventQueue-0,6,main])--SELECT t1.NROREFERENCIA, t1.DESCRIPCION, t1.NOMBRE, t1.PRECIO, t1.PROVEEDOR_ID, t0.ESP_NROREF FROM CATEGORIAESPECIFICACIONPROD t0, ESPECIFICACIONPRODUCTO t1 WHERE ((t0.CAT_NAME = ?) AND (t1.NROREFERENCIA = t0.ESP_NROREF))
	bind => [Playstation]
[EL Fine]: sql: 2014-10-09 10:12:56.146--ServerSession(1989311583)--Connection(1905800551)--Thread(Thread[AWT-EventQueue-0,6,main])--SELECT NOMBRE, PADRE FROM CATEGORIA WHERE (NOMBRE = ?)
	bind => [Xbox]
[EL Fine]: sql: 2014-10-09 10:12:56.146--ServerSession(1989311583)--Connection(1905800551)--Thread(Thread[AWT-EventQueue-0,6,main])--SELECT t1.NROREFERENCIA, t1.DESCRIPCION, t1.NOMBRE, t1.PRECIO, t1.PROVEEDOR_ID, t0.ESP_NROREF FROM CATEGORIAESPECIFICACIONPROD t0, ESPECIFICACIONPRODUCTO t1 WHERE ((t0.CAT_NAME = ?) AND (t1.NROREFERENCIA = t0.ESP_NROREF))
	bind => [Xbox]
[EL Fine]: sql: 2014-10-09 10:12:56.147--ServerSession(1989311583)--Connection(1905800551)--Thread(Thread[AWT-EventQueue-0,6,main])--SELECT NOMBRE, PADRE FROM CATEGORIA
[EL Fine]: sql: 2014-10-09 10:12:56.148--ClientSession(343425280)--Connection(1905800551)--Thread(Thread[AWT-EventQueue-0,6,main])--INSERT INTO ESPECIFICACIONPRODUCTO (NROREFERENCIA, DESCRIPCION, NOMBRE, PRECIO, PROVEEDOR_ID) VALUES (?, ?, ?, ?, ?)
	bind => [RIX, Receptor inalámbrico de color negro para controles de Xbox 360, Receptor inalámbrico para Xbox, 10.99, Johnny]
[EL Fine]: sql: 2014-10-09 10:12:56.149--ClientSession(343425280)--Connection(1905800551)--Thread(Thread[AWT-EventQueue-0,6,main])--INSERT INTO PRODUCTO (ENORDEN, ID_ESPECIFICO, ESPECIFICACION) VALUES (?, ?, ?)
	bind => [false, null, RIX]
[EL Fine]: sql: 2014-10-09 10:12:56.151--ClientSession(343425280)--Connection(1905800551)--Thread(Thread[AWT-EventQueue-0,6,main])--CALL IDENTITY()
[EL Fine]: sql: 2014-10-09 10:12:56.151--ClientSession(343425280)--Connection(1905800551)--Thread(Thread[AWT-EventQueue-0,6,main])--INSERT INTO PRODUCTO (ENORDEN, ID_ESPECIFICO, ESPECIFICACION) VALUES (?, ?, ?)
	bind => [false, null, RIX]
[EL Fine]: sql: 2014-10-09 10:12:56.151--ClientSession(343425280)--Connection(1905800551)--Thread(Thread[AWT-EventQueue-0,6,main])--CALL IDENTITY()
[EL Fine]: sql: 2014-10-09 10:12:56.152--ClientSession(343425280)--Connection(1905800551)--Thread(Thread[AWT-EventQueue-0,6,main])--INSERT INTO PRODUCTO (ENORDEN, ID_ESPECIFICO, ESPECIFICACION) VALUES (?, ?, ?)
	bind => [false, null, RIX]
[EL Fine]: sql: 2014-10-09 10:12:56.152--ClientSession(343425280)--Connection(1905800551)--Thread(Thread[AWT-EventQueue-0,6,main])--CALL IDENTITY()
[EL Fine]: sql: 2014-10-09 10:12:56.153--ClientSession(343425280)--Connection(1905800551)--Thread(Thread[AWT-EventQueue-0,6,main])--INSERT INTO PRODUCTO (ENORDEN, ID_ESPECIFICO, ESPECIFICACION) VALUES (?, ?, ?)
	bind => [false, null, RIX]
[EL Fine]: sql: 2014-10-09 10:12:56.153--ClientSession(343425280)--Connection(1905800551)--Thread(Thread[AWT-EventQueue-0,6,main])--CALL IDENTITY()
[EL Fine]: sql: 2014-10-09 10:12:56.154--ClientSession(343425280)--Connection(1905800551)--Thread(Thread[AWT-EventQueue-0,6,main])--INSERT INTO PRODUCTO (ENORDEN, ID_ESPECIFICO, ESPECIFICACION) VALUES (?, ?, ?)
	bind => [false, null, RIX]
[EL Fine]: sql: 2014-10-09 10:12:56.154--ClientSession(343425280)--Connection(1905800551)--Thread(Thread[AWT-EventQueue-0,6,main])--CALL IDENTITY()
[EL Fine]: sql: 2014-10-09 10:12:56.154--ClientSession(343425280)--Connection(1905800551)--Thread(Thread[AWT-EventQueue-0,6,main])--INSERT INTO PRODUCTO (ENORDEN, ID_ESPECIFICO, ESPECIFICACION) VALUES (?, ?, ?)
	bind => [false, null, RIX]
[EL Fine]: sql: 2014-10-09 10:12:56.155--ClientSession(343425280)--Connection(1905800551)--Thread(Thread[AWT-EventQueue-0,6,main])--CALL IDENTITY()
[EL Fine]: sql: 2014-10-09 10:12:56.155--ClientSession(343425280)--Connection(1905800551)--Thread(Thread[AWT-EventQueue-0,6,main])--INSERT INTO PRODUCTO (ENORDEN, ID_ESPECIFICO, ESPECIFICACION) VALUES (?, ?, ?)
	bind => [false, null, RIX]
[EL Fine]: sql: 2014-10-09 10:12:56.155--ClientSession(343425280)--Connection(1905800551)--Thread(Thread[AWT-EventQueue-0,6,main])--CALL IDENTITY()
[EL Fine]: sql: 2014-10-09 10:12:56.155--ClientSession(343425280)--Connection(1905800551)--Thread(Thread[AWT-EventQueue-0,6,main])--INSERT INTO PRODUCTO (ENORDEN, ID_ESPECIFICO, ESPECIFICACION) VALUES (?, ?, ?)
	bind => [false, null, RIX]
[EL Fine]: sql: 2014-10-09 10:12:56.156--ClientSession(343425280)--Connection(1905800551)--Thread(Thread[AWT-EventQueue-0,6,main])--CALL IDENTITY()
[EL Fine]: sql: 2014-10-09 10:12:56.156--ClientSession(343425280)--Connection(1905800551)--Thread(Thread[AWT-EventQueue-0,6,main])--INSERT INTO PRODUCTO (ENORDEN, ID_ESPECIFICO, ESPECIFICACION) VALUES (?, ?, ?)
	bind => [false, null, RIX]
[EL Fine]: sql: 2014-10-09 10:12:56.156--ClientSession(343425280)--Connection(1905800551)--Thread(Thread[AWT-EventQueue-0,6,main])--CALL IDENTITY()
[EL Fine]: sql: 2014-10-09 10:12:56.156--ClientSession(343425280)--Connection(1905800551)--Thread(Thread[AWT-EventQueue-0,6,main])--INSERT INTO PRODUCTO (ENORDEN, ID_ESPECIFICO, ESPECIFICACION) VALUES (?, ?, ?)
	bind => [false, null, RIX]
[EL Fine]: sql: 2014-10-09 10:12:56.157--ClientSession(343425280)--Connection(1905800551)--Thread(Thread[AWT-EventQueue-0,6,main])--CALL IDENTITY()
[EL Fine]: sql: 2014-10-09 10:12:56.157--ClientSession(343425280)--Connection(1905800551)--Thread(Thread[AWT-EventQueue-0,6,main])--INSERT INTO ESPECIFICACIONES (ESPPRID, VALOR, NOMBRE) VALUES (?, ?, ?)
	bind => [RIX, 111 g, Peso]
[EL Fine]: sql: 2014-10-09 10:12:56.157--ClientSession(343425280)--Connection(1905800551)--Thread(Thread[AWT-EventQueue-0,6,main])--INSERT INTO ESPECIFICACIONES (ESPPRID, VALOR, NOMBRE) VALUES (?, ?, ?)
	bind => [RIX, 7.5 cm x 4.2 cm x 1.8 cm, Dimensiones]
[EL Fine]: sql: 2014-10-09 10:12:56.157--ClientSession(343425280)--Connection(1905800551)--Thread(Thread[AWT-EventQueue-0,6,main])--INSERT INTO CATEGORIAESPECIFICACIONPROD (CAT_NAME, ESP_NROREF) VALUES (?, ?)
	bind => [Xbox, RIX]
[EL Fine]: sql: 2014-10-09 10:12:56.159--ServerSession(1989311583)--Connection(1905800551)--Thread(Thread[AWT-EventQueue-0,6,main])--SELECT NROREFERENCIA, DESCRIPCION, NOMBRE, PRECIO, PROVEEDOR_ID FROM ESPECIFICACIONPRODUCTO
[EL Fine]: sql: 2014-10-09 10:12:56.16--ServerSession(1989311583)--Connection(1905800551)--Thread(Thread[AWT-EventQueue-0,6,main])--SELECT NOMBRE, PADRE FROM CATEGORIA
[EL Fine]: sql: 2014-10-09 10:12:56.16--ServerSession(1989311583)--Connection(1905800551)--Thread(Thread[AWT-EventQueue-0,6,main])--SELECT NOMBRE, PADRE FROM CATEGORIA WHERE (NOMBRE = ?)
	bind => [Celulares]
[EL Fine]: sql: 2014-10-09 10:12:56.161--ServerSession(1989311583)--Connection(1905800551)--Thread(Thread[AWT-EventQueue-0,6,main])--SELECT t1.NROREFERENCIA, t1.DESCRIPCION, t1.NOMBRE, t1.PRECIO, t1.PROVEEDOR_ID, t0.ESP_NROREF FROM CATEGORIAESPECIFICACIONPROD t0, ESPECIFICACIONPRODUCTO t1 WHERE ((t0.CAT_NAME = ?) AND (t1.NROREFERENCIA = t0.ESP_NROREF))
	bind => [Celulares]
[EL Fine]: sql: 2014-10-09 10:12:56.161--ServerSession(1989311583)--Connection(1905800551)--Thread(Thread[AWT-EventQueue-0,6,main])--SELECT NOMBRE, PADRE FROM CATEGORIA WHERE (NOMBRE = ?)
	bind => [Sistemas Operativos]
[EL Fine]: sql: 2014-10-09 10:12:56.162--ServerSession(1989311583)--Connection(1905800551)--Thread(Thread[AWT-EventQueue-0,6,main])--SELECT t1.NROREFERENCIA, t1.DESCRIPCION, t1.NOMBRE, t1.PRECIO, t1.PROVEEDOR_ID, t0.ESP_NROREF FROM CATEGORIAESPECIFICACIONPROD t0, ESPECIFICACIONPRODUCTO t1 WHERE ((t0.CAT_NAME = ?) AND (t1.NROREFERENCIA = t0.ESP_NROREF))
	bind => [Sistemas Operativos]
[EL Fine]: sql: 2014-10-09 10:12:56.162--ServerSession(1989311583)--Connection(1905800551)--Thread(Thread[AWT-EventQueue-0,6,main])--SELECT NOMBRE, PADRE FROM CATEGORIA WHERE (NOMBRE = ?)
	bind => [iOS]
[EL Fine]: sql: 2014-10-09 10:12:56.162--ServerSession(1989311583)--Connection(1905800551)--Thread(Thread[AWT-EventQueue-0,6,main])--SELECT t1.NROREFERENCIA, t1.DESCRIPCION, t1.NOMBRE, t1.PRECIO, t1.PROVEEDOR_ID, t0.ESP_NROREF FROM CATEGORIAESPECIFICACIONPROD t0, ESPECIFICACIONPRODUCTO t1 WHERE ((t0.CAT_NAME = ?) AND (t1.NROREFERENCIA = t0.ESP_NROREF))
	bind => [iOS]
[EL Fine]: sql: 2014-10-09 10:12:56.163--ServerSession(1989311583)--Connection(1905800551)--Thread(Thread[AWT-EventQueue-0,6,main])--SELECT t1.NOMBRE, t1.PADRE FROM CATEGORIAESPECIFICACIONPROD t0, CATEGORIA t1 WHERE ((t0.ESP_NROREF = ?) AND (t1.NOMBRE = t0.CAT_NAME))
	bind => [IPH5]
[EL Fine]: sql: 2014-10-09 10:12:56.163--ServerSession(1989311583)--Connection(1905800551)--Thread(Thread[AWT-EventQueue-0,6,main])--SELECT ID, ENORDEN, ID_ESPECIFICO, ESPECIFICACION FROM PRODUCTO WHERE (ESPECIFICACION = ?)
	bind => [IPH5]
[EL Fine]: sql: 2014-10-09 10:12:56.164--ServerSession(1989311583)--Connection(1905800551)--Thread(Thread[AWT-EventQueue-0,6,main])--SELECT t1.NOMBRE, t1.PADRE FROM CATEGORIAESPECIFICACIONPROD t0, CATEGORIA t1 WHERE ((t0.ESP_NROREF = ?) AND (t1.NOMBRE = t0.CAT_NAME))
	bind => [IPH4]
[EL Fine]: sql: 2014-10-09 10:12:56.164--ServerSession(1989311583)--Connection(1905800551)--Thread(Thread[AWT-EventQueue-0,6,main])--SELECT ID, ENORDEN, ID_ESPECIFICO, ESPECIFICACION FROM PRODUCTO WHERE (ESPECIFICACION = ?)
	bind => [IPH4]
[EL Fine]: sql: 2014-10-09 10:12:56.164--ServerSession(1989311583)--Connection(1905800551)--Thread(Thread[AWT-EventQueue-0,6,main])--SELECT t1.NOMBRE, t1.PADRE FROM CATEGORIAESPECIFICACIONPROD t0, CATEGORIA t1 WHERE ((t0.ESP_NROREF = ?) AND (t1.NOMBRE = t0.CAT_NAME))
	bind => [IRD]
[EL Fine]: sql: 2014-10-09 10:12:56.164--ServerSession(1989311583)--Connection(1905800551)--Thread(Thread[AWT-EventQueue-0,6,main])--SELECT ID, ENORDEN, ID_ESPECIFICO, ESPECIFICACION FROM PRODUCTO WHERE (ESPECIFICACION = ?)
	bind => [IRD]
[EL Fine]: sql: 2014-10-09 10:12:56.165--ServerSession(1989311583)--Connection(1905800551)--Thread(Thread[AWT-EventQueue-0,6,main])--SELECT t1.NOMBRE, t1.PADRE FROM CATEGORIAESPECIFICACIONPROD t0, CATEGORIA t1 WHERE ((t0.ESP_NROREF = ?) AND (t1.NOMBRE = t0.CAT_NAME))
	bind => [IM]
[EL Fine]: sql: 2014-10-09 10:12:56.165--ServerSession(1989311583)--Connection(1905800551)--Thread(Thread[AWT-EventQueue-0,6,main])--SELECT ID, ENORDEN, ID_ESPECIFICO, ESPECIFICACION FROM PRODUCTO WHERE (ESPECIFICACION = ?)
	bind => [IM]
[EL Fine]: sql: 2014-10-09 10:12:56.166--ServerSession(1989311583)--Connection(1905800551)--Thread(Thread[AWT-EventQueue-0,6,main])--SELECT NOMBRE, PADRE FROM CATEGORIA WHERE (NOMBRE = ?)
	bind => [Android]
[EL Fine]: sql: 2014-10-09 10:12:56.166--ServerSession(1989311583)--Connection(1905800551)--Thread(Thread[AWT-EventQueue-0,6,main])--SELECT t1.NROREFERENCIA, t1.DESCRIPCION, t1.NOMBRE, t1.PRECIO, t1.PROVEEDOR_ID, t0.ESP_NROREF FROM CATEGORIAESPECIFICACIONPROD t0, ESPECIFICACIONPRODUCTO t1 WHERE ((t0.CAT_NAME = ?) AND (t1.NROREFERENCIA = t0.ESP_NROREF))
	bind => [Android]
[EL Fine]: sql: 2014-10-09 10:12:56.166--ServerSession(1989311583)--Connection(1905800551)--Thread(Thread[AWT-EventQueue-0,6,main])--SELECT t1.NOMBRE, t1.PADRE FROM CATEGORIAESPECIFICACIONPROD t0, CATEGORIA t1 WHERE ((t0.ESP_NROREF = ?) AND (t1.NOMBRE = t0.CAT_NAME))
	bind => [NEX4]
[EL Fine]: sql: 2014-10-09 10:12:56.167--ServerSession(1989311583)--Connection(1905800551)--Thread(Thread[AWT-EventQueue-0,6,main])--SELECT ID, ENORDEN, ID_ESPECIFICO, ESPECIFICACION FROM PRODUCTO WHERE (ESPECIFICACION = ?)
	bind => [NEX4]
[EL Fine]: sql: 2014-10-09 10:12:56.167--ServerSession(1989311583)--Connection(1905800551)--Thread(Thread[AWT-EventQueue-0,6,main])--SELECT t1.NOMBRE, t1.PADRE FROM CATEGORIAESPECIFICACIONPROD t0, CATEGORIA t1 WHERE ((t0.ESP_NROREF = ?) AND (t1.NOMBRE = t0.CAT_NAME))
	bind => [GA3]
[EL Fine]: sql: 2014-10-09 10:12:56.167--ServerSession(1989311583)--Connection(1905800551)--Thread(Thread[AWT-EventQueue-0,6,main])--SELECT ID, ENORDEN, ID_ESPECIFICO, ESPECIFICACION FROM PRODUCTO WHERE (ESPECIFICACION = ?)
	bind => [GA3]
[EL Fine]: sql: 2014-10-09 10:12:56.167--ServerSession(1989311583)--Connection(1905800551)--Thread(Thread[AWT-EventQueue-0,6,main])--SELECT t1.NOMBRE, t1.PADRE FROM CATEGORIAESPECIFICACIONPROD t0, CATEGORIA t1 WHERE ((t0.ESP_NROREF = ?) AND (t1.NOMBRE = t0.CAT_NAME))
	bind => [GA4]
[EL Fine]: sql: 2014-10-09 10:12:56.168--ServerSession(1989311583)--Connection(1905800551)--Thread(Thread[AWT-EventQueue-0,6,main])--SELECT ID, ENORDEN, ID_ESPECIFICO, ESPECIFICACION FROM PRODUCTO WHERE (ESPECIFICACION = ?)
	bind => [GA4]
[EL Fine]: sql: 2014-10-09 10:12:56.168--ServerSession(1989311583)--Connection(1905800551)--Thread(Thread[AWT-EventQueue-0,6,main])--SELECT t1.NOMBRE, t1.PADRE FROM CATEGORIAESPECIFICACIONPROD t0, CATEGORIA t1 WHERE ((t0.ESP_NROREF = ?) AND (t1.NOMBRE = t0.CAT_NAME))
	bind => [AS5]
[EL Fine]: sql: 2014-10-09 10:12:56.168--ServerSession(1989311583)--Connection(1905800551)--Thread(Thread[AWT-EventQueue-0,6,main])--SELECT ID, ENORDEN, ID_ESPECIFICO, ESPECIFICACION FROM PRODUCTO WHERE (ESPECIFICACION = ?)
	bind => [AS5]
[EL Fine]: sql: 2014-10-09 10:12:56.169--ServerSession(1989311583)--Connection(1905800551)--Thread(Thread[AWT-EventQueue-0,6,main])--SELECT NOMBRE, PADRE FROM CATEGORIA WHERE (NOMBRE = ?)
	bind => [Windows Phone]
[EL Fine]: sql: 2014-10-09 10:12:56.169--ServerSession(1989311583)--Connection(1905800551)--Thread(Thread[AWT-EventQueue-0,6,main])--SELECT t1.NROREFERENCIA, t1.DESCRIPCION, t1.NOMBRE, t1.PRECIO, t1.PROVEEDOR_ID, t0.ESP_NROREF FROM CATEGORIAESPECIFICACIONPROD t0, ESPECIFICACIONPRODUCTO t1 WHERE ((t0.CAT_NAME = ?) AND (t1.NROREFERENCIA = t0.ESP_NROREF))
	bind => [Windows Phone]
[EL Fine]: sql: 2014-10-09 10:12:56.17--ServerSession(1989311583)--Connection(1905800551)--Thread(Thread[AWT-EventQueue-0,6,main])--SELECT NOMBRE, PADRE FROM CATEGORIA WHERE (NOMBRE = ?)
	bind => [Symbian]
[EL Fine]: sql: 2014-10-09 10:12:56.17--ServerSession(1989311583)--Connection(1905800551)--Thread(Thread[AWT-EventQueue-0,6,main])--SELECT t1.NROREFERENCIA, t1.DESCRIPCION, t1.NOMBRE, t1.PRECIO, t1.PROVEEDOR_ID, t0.ESP_NROREF FROM CATEGORIAESPECIFICACIONPROD t0, ESPECIFICACIONPRODUCTO t1 WHERE ((t0.CAT_NAME = ?) AND (t1.NROREFERENCIA = t0.ESP_NROREF))
	bind => [Symbian]
[EL Fine]: sql: 2014-10-09 10:12:56.17--ServerSession(1989311583)--Connection(1905800551)--Thread(Thread[AWT-EventQueue-0,6,main])--SELECT NOMBRE, PADRE FROM CATEGORIA WHERE (NOMBRE = ?)
	bind => [Blackberry OS]
[EL Fine]: sql: 2014-10-09 10:12:56.17--ServerSession(1989311583)--Connection(1905800551)--Thread(Thread[AWT-EventQueue-0,6,main])--SELECT t1.NROREFERENCIA, t1.DESCRIPCION, t1.NOMBRE, t1.PRECIO, t1.PROVEEDOR_ID, t0.ESP_NROREF FROM CATEGORIAESPECIFICACIONPROD t0, ESPECIFICACIONPRODUCTO t1 WHERE ((t0.CAT_NAME = ?) AND (t1.NROREFERENCIA = t0.ESP_NROREF))
	bind => [Blackberry OS]
[EL Fine]: sql: 2014-10-09 10:12:56.171--ServerSession(1989311583)--Connection(1905800551)--Thread(Thread[AWT-EventQueue-0,6,main])--SELECT NOMBRE, PADRE FROM CATEGORIA WHERE (NOMBRE = ?)
	bind => [Equipos]
[EL Fine]: sql: 2014-10-09 10:12:56.171--ServerSession(1989311583)--Connection(1905800551)--Thread(Thread[AWT-EventQueue-0,6,main])--SELECT t1.NROREFERENCIA, t1.DESCRIPCION, t1.NOMBRE, t1.PRECIO, t1.PROVEEDOR_ID, t0.ESP_NROREF FROM CATEGORIAESPECIFICACIONPROD t0, ESPECIFICACIONPRODUCTO t1 WHERE ((t0.CAT_NAME = ?) AND (t1.NROREFERENCIA = t0.ESP_NROREF))
	bind => [Equipos]
[EL Fine]: sql: 2014-10-09 10:12:56.171--ServerSession(1989311583)--Connection(1905800551)--Thread(Thread[AWT-EventQueue-0,6,main])--SELECT NOMBRE, PADRE FROM CATEGORIA WHERE (NOMBRE = ?)
	bind => [iPhone]
[EL Fine]: sql: 2014-10-09 10:12:56.171--ServerSession(1989311583)--Connection(1905800551)--Thread(Thread[AWT-EventQueue-0,6,main])--SELECT t1.NROREFERENCIA, t1.DESCRIPCION, t1.NOMBRE, t1.PRECIO, t1.PROVEEDOR_ID, t0.ESP_NROREF FROM CATEGORIAESPECIFICACIONPROD t0, ESPECIFICACIONPRODUCTO t1 WHERE ((t0.CAT_NAME = ?) AND (t1.NROREFERENCIA = t0.ESP_NROREF))
	bind => [iPhone]
[EL Fine]: sql: 2014-10-09 10:12:56.172--ServerSession(1989311583)--Connection(1905800551)--Thread(Thread[AWT-EventQueue-0,6,main])--SELECT t1.NOMBRE, t1.PADRE FROM CATEGORIAESPECIFICACIONPROD t0, CATEGORIA t1 WHERE ((t0.ESP_NROREF = ?) AND (t1.NOMBRE = t0.CAT_NAME))
	bind => [IPH5]
[EL Fine]: sql: 2014-10-09 10:12:56.172--ServerSession(1989311583)--Connection(1905800551)--Thread(Thread[AWT-EventQueue-0,6,main])--SELECT ID, ENORDEN, ID_ESPECIFICO, ESPECIFICACION FROM PRODUCTO WHERE (ESPECIFICACION = ?)
	bind => [IPH5]
[EL Fine]: sql: 2014-10-09 10:12:56.173--ServerSession(1989311583)--Connection(1905800551)--Thread(Thread[AWT-EventQueue-0,6,main])--SELECT t1.NOMBRE, t1.PADRE FROM CATEGORIAESPECIFICACIONPROD t0, CATEGORIA t1 WHERE ((t0.ESP_NROREF = ?) AND (t1.NOMBRE = t0.CAT_NAME))
	bind => [IPH4]
[EL Fine]: sql: 2014-10-09 10:12:56.173--ServerSession(1989311583)--Connection(1905800551)--Thread(Thread[AWT-EventQueue-0,6,main])--SELECT ID, ENORDEN, ID_ESPECIFICO, ESPECIFICACION FROM PRODUCTO WHERE (ESPECIFICACION = ?)
	bind => [IPH4]
[EL Fine]: sql: 2014-10-09 10:12:56.174--ServerSession(1989311583)--Connection(1905800551)--Thread(Thread[AWT-EventQueue-0,6,main])--SELECT NOMBRE, PADRE FROM CATEGORIA WHERE (NOMBRE = ?)
	bind => [Nexus]
[EL Fine]: sql: 2014-10-09 10:12:56.175--ServerSession(1989311583)--Connection(1905800551)--Thread(Thread[AWT-EventQueue-0,6,main])--SELECT t1.NROREFERENCIA, t1.DESCRIPCION, t1.NOMBRE, t1.PRECIO, t1.PROVEEDOR_ID, t0.ESP_NROREF FROM CATEGORIAESPECIFICACIONPROD t0, ESPECIFICACIONPRODUCTO t1 WHERE ((t0.CAT_NAME = ?) AND (t1.NROREFERENCIA = t0.ESP_NROREF))
	bind => [Nexus]
[EL Fine]: sql: 2014-10-09 10:12:56.175--ServerSession(1989311583)--Connection(1905800551)--Thread(Thread[AWT-EventQueue-0,6,main])--SELECT t1.NOMBRE, t1.PADRE FROM CATEGORIAESPECIFICACIONPROD t0, CATEGORIA t1 WHERE ((t0.ESP_NROREF = ?) AND (t1.NOMBRE = t0.CAT_NAME))
	bind => [NEX4]
[EL Fine]: sql: 2014-10-09 10:12:56.175--ServerSession(1989311583)--Connection(1905800551)--Thread(Thread[AWT-EventQueue-0,6,main])--SELECT ID, ENORDEN, ID_ESPECIFICO, ESPECIFICACION FROM PRODUCTO WHERE (ESPECIFICACION = ?)
	bind => [NEX4]
[EL Fine]: sql: 2014-10-09 10:12:56.176--ServerSession(1989311583)--Connection(1905800551)--Thread(Thread[AWT-EventQueue-0,6,main])--SELECT NOMBRE, PADRE FROM CATEGORIA WHERE (NOMBRE = ?)
	bind => [Samsung]
[EL Fine]: sql: 2014-10-09 10:12:56.177--ServerSession(1989311583)--Connection(1905800551)--Thread(Thread[AWT-EventQueue-0,6,main])--SELECT t1.NROREFERENCIA, t1.DESCRIPCION, t1.NOMBRE, t1.PRECIO, t1.PROVEEDOR_ID, t0.ESP_NROREF FROM CATEGORIAESPECIFICACIONPROD t0, ESPECIFICACIONPRODUCTO t1 WHERE ((t0.CAT_NAME = ?) AND (t1.NROREFERENCIA = t0.ESP_NROREF))
	bind => [Samsung]
[EL Fine]: sql: 2014-10-09 10:12:56.177--ServerSession(1989311583)--Connection(1905800551)--Thread(Thread[AWT-EventQueue-0,6,main])--SELECT NOMBRE, PADRE FROM CATEGORIA WHERE (NOMBRE = ?)
	bind => [Galaxy S3]
[EL Fine]: sql: 2014-10-09 10:12:56.178--ServerSession(1989311583)--Connection(1905800551)--Thread(Thread[AWT-EventQueue-0,6,main])--SELECT t1.NROREFERENCIA, t1.DESCRIPCION, t1.NOMBRE, t1.PRECIO, t1.PROVEEDOR_ID, t0.ESP_NROREF FROM CATEGORIAESPECIFICACIONPROD t0, ESPECIFICACIONPRODUCTO t1 WHERE ((t0.CAT_NAME = ?) AND (t1.NROREFERENCIA = t0.ESP_NROREF))
	bind => [Galaxy S3]
[EL Fine]: sql: 2014-10-09 10:12:56.178--ServerSession(1989311583)--Connection(1905800551)--Thread(Thread[AWT-EventQueue-0,6,main])--SELECT t1.NOMBRE, t1.PADRE FROM CATEGORIAESPECIFICACIONPROD t0, CATEGORIA t1 WHERE ((t0.ESP_NROREF = ?) AND (t1.NOMBRE = t0.CAT_NAME))
	bind => [GA3]
[EL Fine]: sql: 2014-10-09 10:12:56.179--ServerSession(1989311583)--Connection(1905800551)--Thread(Thread[AWT-EventQueue-0,6,main])--SELECT ID, ENORDEN, ID_ESPECIFICO, ESPECIFICACION FROM PRODUCTO WHERE (ESPECIFICACION = ?)
	bind => [GA3]
[EL Fine]: sql: 2014-10-09 10:12:56.179--ServerSession(1989311583)--Connection(1905800551)--Thread(Thread[AWT-EventQueue-0,6,main])--SELECT NOMBRE, PADRE FROM CATEGORIA WHERE (NOMBRE = ?)
	bind => [Galaxy S4]
[EL Fine]: sql: 2014-10-09 10:12:56.18--ServerSession(1989311583)--Connection(1905800551)--Thread(Thread[AWT-EventQueue-0,6,main])--SELECT t1.NROREFERENCIA, t1.DESCRIPCION, t1.NOMBRE, t1.PRECIO, t1.PROVEEDOR_ID, t0.ESP_NROREF FROM CATEGORIAESPECIFICACIONPROD t0, ESPECIFICACIONPRODUCTO t1 WHERE ((t0.CAT_NAME = ?) AND (t1.NROREFERENCIA = t0.ESP_NROREF))
	bind => [Galaxy S4]
[EL Fine]: sql: 2014-10-09 10:12:56.18--ServerSession(1989311583)--Connection(1905800551)--Thread(Thread[AWT-EventQueue-0,6,main])--SELECT t1.NOMBRE, t1.PADRE FROM CATEGORIAESPECIFICACIONPROD t0, CATEGORIA t1 WHERE ((t0.ESP_NROREF = ?) AND (t1.NOMBRE = t0.CAT_NAME))
	bind => [GA4]
[EL Fine]: sql: 2014-10-09 10:12:56.181--ServerSession(1989311583)--Connection(1905800551)--Thread(Thread[AWT-EventQueue-0,6,main])--SELECT ID, ENORDEN, ID_ESPECIFICO, ESPECIFICACION FROM PRODUCTO WHERE (ESPECIFICACION = ?)
	bind => [GA4]
[EL Fine]: sql: 2014-10-09 10:12:56.182--ServerSession(1989311583)--Connection(1905800551)--Thread(Thread[AWT-EventQueue-0,6,main])--SELECT NOMBRE, PADRE FROM CATEGORIA WHERE (NOMBRE = ?)
	bind => [Galaxy Ace]
[EL Fine]: sql: 2014-10-09 10:12:56.182--ServerSession(1989311583)--Connection(1905800551)--Thread(Thread[AWT-EventQueue-0,6,main])--SELECT t1.NROREFERENCIA, t1.DESCRIPCION, t1.NOMBRE, t1.PRECIO, t1.PROVEEDOR_ID, t0.ESP_NROREF FROM CATEGORIAESPECIFICACIONPROD t0, ESPECIFICACIONPRODUCTO t1 WHERE ((t0.CAT_NAME = ?) AND (t1.NROREFERENCIA = t0.ESP_NROREF))
	bind => [Galaxy Ace]
[EL Fine]: sql: 2014-10-09 10:12:56.183--ServerSession(1989311583)--Connection(1905800551)--Thread(Thread[AWT-EventQueue-0,6,main])--SELECT t1.NOMBRE, t1.PADRE FROM CATEGORIAESPECIFICACIONPROD t0, CATEGORIA t1 WHERE ((t0.ESP_NROREF = ?) AND (t1.NOMBRE = t0.CAT_NAME))
	bind => [AS5]
[EL Fine]: sql: 2014-10-09 10:12:56.183--ServerSession(1989311583)--Connection(1905800551)--Thread(Thread[AWT-EventQueue-0,6,main])--SELECT ID, ENORDEN, ID_ESPECIFICO, ESPECIFICACION FROM PRODUCTO WHERE (ESPECIFICACION = ?)
	bind => [AS5]
[EL Fine]: sql: 2014-10-09 10:12:56.184--ServerSession(1989311583)--Connection(1905800551)--Thread(Thread[AWT-EventQueue-0,6,main])--SELECT NOMBRE, PADRE FROM CATEGORIA WHERE (NOMBRE = ?)
	bind => [Blackberry]
[EL Fine]: sql: 2014-10-09 10:12:56.184--ServerSession(1989311583)--Connection(1905800551)--Thread(Thread[AWT-EventQueue-0,6,main])--SELECT t1.NROREFERENCIA, t1.DESCRIPCION, t1.NOMBRE, t1.PRECIO, t1.PROVEEDOR_ID, t0.ESP_NROREF FROM CATEGORIAESPECIFICACIONPROD t0, ESPECIFICACIONPRODUCTO t1 WHERE ((t0.CAT_NAME = ?) AND (t1.NROREFERENCIA = t0.ESP_NROREF))
	bind => [Blackberry]
[EL Fine]: sql: 2014-10-09 10:12:56.185--ServerSession(1989311583)--Connection(1905800551)--Thread(Thread[AWT-EventQueue-0,6,main])--SELECT NOMBRE, PADRE FROM CATEGORIA WHERE (NOMBRE = ?)
	bind => [Nokia]
[EL Fine]: sql: 2014-10-09 10:12:56.185--ServerSession(1989311583)--Connection(1905800551)--Thread(Thread[AWT-EventQueue-0,6,main])--SELECT t1.NROREFERENCIA, t1.DESCRIPCION, t1.NOMBRE, t1.PRECIO, t1.PROVEEDOR_ID, t0.ESP_NROREF FROM CATEGORIAESPECIFICACIONPROD t0, ESPECIFICACIONPRODUCTO t1 WHERE ((t0.CAT_NAME = ?) AND (t1.NROREFERENCIA = t0.ESP_NROREF))
	bind => [Nokia]
[EL Fine]: sql: 2014-10-09 10:12:56.186--ServerSession(1989311583)--Connection(1905800551)--Thread(Thread[AWT-EventQueue-0,6,main])--SELECT NOMBRE, PADRE FROM CATEGORIA WHERE (NOMBRE = ?)
	bind => [Accesorios]
[EL Fine]: sql: 2014-10-09 10:12:56.186--ServerSession(1989311583)--Connection(1905800551)--Thread(Thread[AWT-EventQueue-0,6,main])--SELECT t1.NROREFERENCIA, t1.DESCRIPCION, t1.NOMBRE, t1.PRECIO, t1.PROVEEDOR_ID, t0.ESP_NROREF FROM CATEGORIAESPECIFICACIONPROD t0, ESPECIFICACIONPRODUCTO t1 WHERE ((t0.CAT_NAME = ?) AND (t1.NROREFERENCIA = t0.ESP_NROREF))
	bind => [Accesorios]
[EL Fine]: sql: 2014-10-09 10:12:56.187--ServerSession(1989311583)--Connection(1905800551)--Thread(Thread[AWT-EventQueue-0,6,main])--SELECT NOMBRE, PADRE FROM CATEGORIA WHERE (NOMBRE = ?)
	bind => [Protectores]
[EL Fine]: sql: 2014-10-09 10:12:56.187--ServerSession(1989311583)--Connection(1905800551)--Thread(Thread[AWT-EventQueue-0,6,main])--SELECT t1.NROREFERENCIA, t1.DESCRIPCION, t1.NOMBRE, t1.PRECIO, t1.PROVEEDOR_ID, t0.ESP_NROREF FROM CATEGORIAESPECIFICACIONPROD t0, ESPECIFICACIONPRODUCTO t1 WHERE ((t0.CAT_NAME = ?) AND (t1.NROREFERENCIA = t0.ESP_NROREF))
	bind => [Protectores]
[EL Fine]: sql: 2014-10-09 10:12:56.188--ServerSession(1989311583)--Connection(1905800551)--Thread(Thread[AWT-EventQueue-0,6,main])--SELECT t1.NOMBRE, t1.PADRE FROM CATEGORIAESPECIFICACIONPROD t0, CATEGORIA t1 WHERE ((t0.ESP_NROREF = ?) AND (t1.NOMBRE = t0.CAT_NAME))
	bind => [PCG]
[EL Fine]: sql: 2014-10-09 10:12:56.188--ServerSession(1989311583)--Connection(1905800551)--Thread(Thread[AWT-EventQueue-0,6,main])--SELECT ID, ENORDEN, ID_ESPECIFICO, ESPECIFICACION FROM PRODUCTO WHERE (ESPECIFICACION = ?)
	bind => [PCG]
[EL Fine]: sql: 2014-10-09 10:12:56.188--ServerSession(1989311583)--Connection(1905800551)--Thread(Thread[AWT-EventQueue-0,6,main])--SELECT t1.NOMBRE, t1.PADRE FROM CATEGORIAESPECIFICACIONPROD t0, CATEGORIA t1 WHERE ((t0.ESP_NROREF = ?) AND (t1.NOMBRE = t0.CAT_NAME))
	bind => [PMH]
[EL Fine]: sql: 2014-10-09 10:12:56.189--ServerSession(1989311583)--Connection(1905800551)--Thread(Thread[AWT-EventQueue-0,6,main])--SELECT ID, ENORDEN, ID_ESPECIFICO, ESPECIFICACION FROM PRODUCTO WHERE (ESPECIFICACION = ?)
	bind => [PMH]
[EL Fine]: sql: 2014-10-09 10:12:56.19--ServerSession(1989311583)--Connection(1905800551)--Thread(Thread[AWT-EventQueue-0,6,main])--SELECT NOMBRE, PADRE FROM CATEGORIA WHERE (NOMBRE = ?)
	bind => [Baterías]
[EL Fine]: sql: 2014-10-09 10:12:56.19--ServerSession(1989311583)--Connection(1905800551)--Thread(Thread[AWT-EventQueue-0,6,main])--SELECT t1.NROREFERENCIA, t1.DESCRIPCION, t1.NOMBRE, t1.PRECIO, t1.PROVEEDOR_ID, t0.ESP_NROREF FROM CATEGORIAESPECIFICACIONPROD t0, ESPECIFICACIONPRODUCTO t1 WHERE ((t0.CAT_NAME = ?) AND (t1.NROREFERENCIA = t0.ESP_NROREF))
	bind => [Baterías]
[EL Fine]: sql: 2014-10-09 10:12:56.191--ServerSession(1989311583)--Connection(1905800551)--Thread(Thread[AWT-EventQueue-0,6,main])--SELECT NOMBRE, PADRE FROM CATEGORIA WHERE (NOMBRE = ?)
	bind => [Apple]
[EL Fine]: sql: 2014-10-09 10:12:56.192--ServerSession(1989311583)--Connection(1905800551)--Thread(Thread[AWT-EventQueue-0,6,main])--SELECT t1.NROREFERENCIA, t1.DESCRIPCION, t1.NOMBRE, t1.PRECIO, t1.PROVEEDOR_ID, t0.ESP_NROREF FROM CATEGORIAESPECIFICACIONPROD t0, ESPECIFICACIONPRODUCTO t1 WHERE ((t0.CAT_NAME = ?) AND (t1.NROREFERENCIA = t0.ESP_NROREF))
	bind => [Apple]
[EL Fine]: sql: 2014-10-09 10:12:56.193--ServerSession(1989311583)--Connection(1905800551)--Thread(Thread[AWT-EventQueue-0,6,main])--SELECT t1.NOMBRE, t1.PADRE FROM CATEGORIAESPECIFICACIONPROD t0, CATEGORIA t1 WHERE ((t0.ESP_NROREF = ?) AND (t1.NOMBRE = t0.CAT_NAME))
	bind => [IPH5]
[EL Fine]: sql: 2014-10-09 10:12:56.193--ServerSession(1989311583)--Connection(1905800551)--Thread(Thread[AWT-EventQueue-0,6,main])--SELECT ID, ENORDEN, ID_ESPECIFICO, ESPECIFICACION FROM PRODUCTO WHERE (ESPECIFICACION = ?)
	bind => [IPH5]
[EL Fine]: sql: 2014-10-09 10:12:56.194--ServerSession(1989311583)--Connection(1905800551)--Thread(Thread[AWT-EventQueue-0,6,main])--SELECT t1.NOMBRE, t1.PADRE FROM CATEGORIAESPECIFICACIONPROD t0, CATEGORIA t1 WHERE ((t0.ESP_NROREF = ?) AND (t1.NOMBRE = t0.CAT_NAME))
	bind => [IPH4]
[EL Fine]: sql: 2014-10-09 10:12:56.194--ServerSession(1989311583)--Connection(1905800551)--Thread(Thread[AWT-EventQueue-0,6,main])--SELECT ID, ENORDEN, ID_ESPECIFICO, ESPECIFICACION FROM PRODUCTO WHERE (ESPECIFICACION = ?)
	bind => [IPH4]
[EL Fine]: sql: 2014-10-09 10:12:56.195--ServerSession(1989311583)--Connection(1905800551)--Thread(Thread[AWT-EventQueue-0,6,main])--SELECT t1.NOMBRE, t1.PADRE FROM CATEGORIAESPECIFICACIONPROD t0, CATEGORIA t1 WHERE ((t0.ESP_NROREF = ?) AND (t1.NOMBRE = t0.CAT_NAME))
	bind => [IRD]
[EL Fine]: sql: 2014-10-09 10:12:56.195--ServerSession(1989311583)--Connection(1905800551)--Thread(Thread[AWT-EventQueue-0,6,main])--SELECT ID, ENORDEN, ID_ESPECIFICO, ESPECIFICACION FROM PRODUCTO WHERE (ESPECIFICACION = ?)
	bind => [IRD]
[EL Fine]: sql: 2014-10-09 10:12:56.195--ServerSession(1989311583)--Connection(1905800551)--Thread(Thread[AWT-EventQueue-0,6,main])--SELECT t1.NOMBRE, t1.PADRE FROM CATEGORIAESPECIFICACIONPROD t0, CATEGORIA t1 WHERE ((t0.ESP_NROREF = ?) AND (t1.NOMBRE = t0.CAT_NAME))
	bind => [IM]
[EL Fine]: sql: 2014-10-09 10:12:56.195--ServerSession(1989311583)--Connection(1905800551)--Thread(Thread[AWT-EventQueue-0,6,main])--SELECT ID, ENORDEN, ID_ESPECIFICO, ESPECIFICACION FROM PRODUCTO WHERE (ESPECIFICACION = ?)
	bind => [IM]
[EL Fine]: sql: 2014-10-09 10:12:56.196--ServerSession(1989311583)--Connection(1905800551)--Thread(Thread[AWT-EventQueue-0,6,main])--SELECT NOMBRE, PADRE FROM CATEGORIA WHERE (NOMBRE = ?)
	bind => [Videojuegos]
[EL Fine]: sql: 2014-10-09 10:12:56.197--ServerSession(1989311583)--Connection(1905800551)--Thread(Thread[AWT-EventQueue-0,6,main])--SELECT t1.NROREFERENCIA, t1.DESCRIPCION, t1.NOMBRE, t1.PRECIO, t1.PROVEEDOR_ID, t0.ESP_NROREF FROM CATEGORIAESPECIFICACIONPROD t0, ESPECIFICACIONPRODUCTO t1 WHERE ((t0.CAT_NAME = ?) AND (t1.NROREFERENCIA = t0.ESP_NROREF))
	bind => [Videojuegos]
[EL Fine]: sql: 2014-10-09 10:12:56.197--ServerSession(1989311583)--Connection(1905800551)--Thread(Thread[AWT-EventQueue-0,6,main])--SELECT NOMBRE, PADRE FROM CATEGORIA WHERE (NOMBRE = ?)
	bind => [Playstation]
[EL Fine]: sql: 2014-10-09 10:12:56.197--ServerSession(1989311583)--Connection(1905800551)--Thread(Thread[AWT-EventQueue-0,6,main])--SELECT t1.NROREFERENCIA, t1.DESCRIPCION, t1.NOMBRE, t1.PRECIO, t1.PROVEEDOR_ID, t0.ESP_NROREF FROM CATEGORIAESPECIFICACIONPROD t0, ESPECIFICACIONPRODUCTO t1 WHERE ((t0.CAT_NAME = ?) AND (t1.NROREFERENCIA = t0.ESP_NROREF))
	bind => [Playstation]
[EL Fine]: sql: 2014-10-09 10:12:56.197--ServerSession(1989311583)--Connection(1905800551)--Thread(Thread[AWT-EventQueue-0,6,main])--SELECT NOMBRE, PADRE FROM CATEGORIA WHERE (NOMBRE = ?)
	bind => [Xbox]
[EL Fine]: sql: 2014-10-09 10:12:56.198--ServerSession(1989311583)--Connection(1905800551)--Thread(Thread[AWT-EventQueue-0,6,main])--SELECT t1.NROREFERENCIA, t1.DESCRIPCION, t1.NOMBRE, t1.PRECIO, t1.PROVEEDOR_ID, t0.ESP_NROREF FROM CATEGORIAESPECIFICACIONPROD t0, ESPECIFICACIONPRODUCTO t1 WHERE ((t0.CAT_NAME = ?) AND (t1.NROREFERENCIA = t0.ESP_NROREF))
	bind => [Xbox]
[EL Fine]: sql: 2014-10-09 10:12:56.198--ServerSession(1989311583)--Connection(1905800551)--Thread(Thread[AWT-EventQueue-0,6,main])--SELECT t1.NOMBRE, t1.PADRE FROM CATEGORIAESPECIFICACIONPROD t0, CATEGORIA t1 WHERE ((t0.ESP_NROREF = ?) AND (t1.NOMBRE = t0.CAT_NAME))
	bind => [RIX]
[EL Fine]: sql: 2014-10-09 10:12:56.198--ServerSession(1989311583)--Connection(1905800551)--Thread(Thread[AWT-EventQueue-0,6,main])--SELECT ID, ENORDEN, ID_ESPECIFICO, ESPECIFICACION FROM PRODUCTO WHERE (ESPECIFICACION = ?)
	bind => [RIX]
[EL Fine]: sql: 2014-10-09 10:12:56.199--ServerSession(1989311583)--Connection(1905800551)--Thread(Thread[AWT-EventQueue-0,6,main])--SELECT NOMBRE, PADRE FROM CATEGORIA
[EL Fine]: sql: 2014-10-09 10:12:56.204--ClientSession(343425280)--Connection(1905800551)--Thread(Thread[AWT-EventQueue-0,6,main])--INSERT INTO ESPECIFICACIONPRODUCTO (NROREFERENCIA, DESCRIPCION, NOMBRE, PRECIO, PROVEEDOR_ID) VALUES (?, ?, ?, ?, ?)
	bind => [CIX, Control inalámbrico de 2.4 GHz para Xbox 360 , Control inalámbrico para Xbox, 27.27, Johnny]
[EL Fine]: sql: 2014-10-09 10:12:56.204--ClientSession(343425280)--Connection(1905800551)--Thread(Thread[AWT-EventQueue-0,6,main])--INSERT INTO PRODUCTO (ENORDEN, ID_ESPECIFICO, ESPECIFICACION) VALUES (?, ?, ?)
	bind => [false, null, CIX]
[EL Fine]: sql: 2014-10-09 10:12:56.205--ClientSession(343425280)--Connection(1905800551)--Thread(Thread[AWT-EventQueue-0,6,main])--CALL IDENTITY()
[EL Fine]: sql: 2014-10-09 10:12:56.206--ClientSession(343425280)--Connection(1905800551)--Thread(Thread[AWT-EventQueue-0,6,main])--INSERT INTO PRODUCTO (ENORDEN, ID_ESPECIFICO, ESPECIFICACION) VALUES (?, ?, ?)
	bind => [false, null, CIX]
[EL Fine]: sql: 2014-10-09 10:12:56.207--ClientSession(343425280)--Connection(1905800551)--Thread(Thread[AWT-EventQueue-0,6,main])--CALL IDENTITY()
[EL Fine]: sql: 2014-10-09 10:12:56.208--ClientSession(343425280)--Connection(1905800551)--Thread(Thread[AWT-EventQueue-0,6,main])--INSERT INTO PRODUCTO (ENORDEN, ID_ESPECIFICO, ESPECIFICACION) VALUES (?, ?, ?)
	bind => [false, null, CIX]
[EL Fine]: sql: 2014-10-09 10:12:56.208--ClientSession(343425280)--Connection(1905800551)--Thread(Thread[AWT-EventQueue-0,6,main])--CALL IDENTITY()
[EL Fine]: sql: 2014-10-09 10:12:56.208--ClientSession(343425280)--Connection(1905800551)--Thread(Thread[AWT-EventQueue-0,6,main])--INSERT INTO PRODUCTO (ENORDEN, ID_ESPECIFICO, ESPECIFICACION) VALUES (?, ?, ?)
	bind => [false, null, CIX]
[EL Fine]: sql: 2014-10-09 10:12:56.209--ClientSession(343425280)--Connection(1905800551)--Thread(Thread[AWT-EventQueue-0,6,main])--CALL IDENTITY()
[EL Fine]: sql: 2014-10-09 10:12:56.209--ClientSession(343425280)--Connection(1905800551)--Thread(Thread[AWT-EventQueue-0,6,main])--INSERT INTO PRODUCTO (ENORDEN, ID_ESPECIFICO, ESPECIFICACION) VALUES (?, ?, ?)
	bind => [false, null, CIX]
[EL Fine]: sql: 2014-10-09 10:12:56.209--ClientSession(343425280)--Connection(1905800551)--Thread(Thread[AWT-EventQueue-0,6,main])--CALL IDENTITY()
[EL Fine]: sql: 2014-10-09 10:12:56.21--ClientSession(343425280)--Connection(1905800551)--Thread(Thread[AWT-EventQueue-0,6,main])--INSERT INTO PRODUCTO (ENORDEN, ID_ESPECIFICO, ESPECIFICACION) VALUES (?, ?, ?)
	bind => [false, null, CIX]
[EL Fine]: sql: 2014-10-09 10:12:56.21--ClientSession(343425280)--Connection(1905800551)--Thread(Thread[AWT-EventQueue-0,6,main])--CALL IDENTITY()
[EL Fine]: sql: 2014-10-09 10:12:56.21--ClientSession(343425280)--Connection(1905800551)--Thread(Thread[AWT-EventQueue-0,6,main])--INSERT INTO PRODUCTO (ENORDEN, ID_ESPECIFICO, ESPECIFICACION) VALUES (?, ?, ?)
	bind => [false, null, CIX]
[EL Fine]: sql: 2014-10-09 10:12:56.21--ClientSession(343425280)--Connection(1905800551)--Thread(Thread[AWT-EventQueue-0,6,main])--CALL IDENTITY()
[EL Fine]: sql: 2014-10-09 10:12:56.211--ClientSession(343425280)--Connection(1905800551)--Thread(Thread[AWT-EventQueue-0,6,main])--INSERT INTO PRODUCTO (ENORDEN, ID_ESPECIFICO, ESPECIFICACION) VALUES (?, ?, ?)
	bind => [false, null, CIX]
[EL Fine]: sql: 2014-10-09 10:12:56.211--ClientSession(343425280)--Connection(1905800551)--Thread(Thread[AWT-EventQueue-0,6,main])--CALL IDENTITY()
[EL Fine]: sql: 2014-10-09 10:12:56.211--ClientSession(343425280)--Connection(1905800551)--Thread(Thread[AWT-EventQueue-0,6,main])--INSERT INTO PRODUCTO (ENORDEN, ID_ESPECIFICO, ESPECIFICACION) VALUES (?, ?, ?)
	bind => [false, null, CIX]
[EL Fine]: sql: 2014-10-09 10:12:56.212--ClientSession(343425280)--Connection(1905800551)--Thread(Thread[AWT-EventQueue-0,6,main])--CALL IDENTITY()
[EL Fine]: sql: 2014-10-09 10:12:56.212--ClientSession(343425280)--Connection(1905800551)--Thread(Thread[AWT-EventQueue-0,6,main])--INSERT INTO PRODUCTO (ENORDEN, ID_ESPECIFICO, ESPECIFICACION) VALUES (?, ?, ?)
	bind => [false, null, CIX]
[EL Fine]: sql: 2014-10-09 10:12:56.213--ClientSession(343425280)--Connection(1905800551)--Thread(Thread[AWT-EventQueue-0,6,main])--CALL IDENTITY()
[EL Fine]: sql: 2014-10-09 10:12:56.213--ClientSession(343425280)--Connection(1905800551)--Thread(Thread[AWT-EventQueue-0,6,main])--INSERT INTO ESPECIFICACIONES (ESPPRID, VALOR, NOMBRE) VALUES (?, ?, ?)
	bind => [CIX, 3 meses, Garantía]
[EL Fine]: sql: 2014-10-09 10:12:56.214--ClientSession(343425280)--Connection(1905800551)--Thread(Thread[AWT-EventQueue-0,6,main])--INSERT INTO ESPECIFICACIONES (ESPPRID, VALOR, NOMBRE) VALUES (?, ?, ?)
	bind => [CIX, 7.83 oz, Peso]
[EL Fine]: sql: 2014-10-09 10:12:56.214--ClientSession(343425280)--Connection(1905800551)--Thread(Thread[AWT-EventQueue-0,6,main])--INSERT INTO ESPECIFICACIONES (ESPPRID, VALOR, NOMBRE) VALUES (?, ?, ?)
	bind => [CIX, 5.91 in x 4.33 in x 1.77 in, Dimensiones]
[EL Fine]: sql: 2014-10-09 10:12:56.214--ClientSession(343425280)--Connection(1905800551)--Thread(Thread[AWT-EventQueue-0,6,main])--INSERT INTO CATEGORIAESPECIFICACIONPROD (CAT_NAME, ESP_NROREF) VALUES (?, ?)
	bind => [Xbox, CIX]
[EL Fine]: sql: 2014-10-09 10:12:56.216--ServerSession(1989311583)--Connection(1905800551)--Thread(Thread[AWT-EventQueue-0,6,main])--SELECT NROREFERENCIA, DESCRIPCION, NOMBRE, PRECIO, PROVEEDOR_ID FROM ESPECIFICACIONPRODUCTO
[EL Fine]: sql: 2014-10-09 10:12:56.217--ServerSession(1989311583)--Connection(1905800551)--Thread(Thread[AWT-EventQueue-0,6,main])--SELECT NOMBRE, PADRE FROM CATEGORIA
[EL Fine]: sql: 2014-10-09 10:12:56.217--ServerSession(1989311583)--Connection(1905800551)--Thread(Thread[AWT-EventQueue-0,6,main])--SELECT NOMBRE, PADRE FROM CATEGORIA WHERE (NOMBRE = ?)
	bind => [Celulares]
[EL Fine]: sql: 2014-10-09 10:12:56.218--ServerSession(1989311583)--Connection(1905800551)--Thread(Thread[AWT-EventQueue-0,6,main])--SELECT t1.NROREFERENCIA, t1.DESCRIPCION, t1.NOMBRE, t1.PRECIO, t1.PROVEEDOR_ID, t0.ESP_NROREF FROM CATEGORIAESPECIFICACIONPROD t0, ESPECIFICACIONPRODUCTO t1 WHERE ((t0.CAT_NAME = ?) AND (t1.NROREFERENCIA = t0.ESP_NROREF))
	bind => [Celulares]
[EL Fine]: sql: 2014-10-09 10:12:56.218--ServerSession(1989311583)--Connection(1905800551)--Thread(Thread[AWT-EventQueue-0,6,main])--SELECT NOMBRE, PADRE FROM CATEGORIA WHERE (NOMBRE = ?)
	bind => [Sistemas Operativos]
[EL Fine]: sql: 2014-10-09 10:12:56.219--ServerSession(1989311583)--Connection(1905800551)--Thread(Thread[AWT-EventQueue-0,6,main])--SELECT t1.NROREFERENCIA, t1.DESCRIPCION, t1.NOMBRE, t1.PRECIO, t1.PROVEEDOR_ID, t0.ESP_NROREF FROM CATEGORIAESPECIFICACIONPROD t0, ESPECIFICACIONPRODUCTO t1 WHERE ((t0.CAT_NAME = ?) AND (t1.NROREFERENCIA = t0.ESP_NROREF))
	bind => [Sistemas Operativos]
[EL Fine]: sql: 2014-10-09 10:12:56.219--ServerSession(1989311583)--Connection(1905800551)--Thread(Thread[AWT-EventQueue-0,6,main])--SELECT NOMBRE, PADRE FROM CATEGORIA WHERE (NOMBRE = ?)
	bind => [iOS]
[EL Fine]: sql: 2014-10-09 10:12:56.219--ServerSession(1989311583)--Connection(1905800551)--Thread(Thread[AWT-EventQueue-0,6,main])--SELECT t1.NROREFERENCIA, t1.DESCRIPCION, t1.NOMBRE, t1.PRECIO, t1.PROVEEDOR_ID, t0.ESP_NROREF FROM CATEGORIAESPECIFICACIONPROD t0, ESPECIFICACIONPRODUCTO t1 WHERE ((t0.CAT_NAME = ?) AND (t1.NROREFERENCIA = t0.ESP_NROREF))
	bind => [iOS]
[EL Fine]: sql: 2014-10-09 10:12:56.22--ServerSession(1989311583)--Connection(1905800551)--Thread(Thread[AWT-EventQueue-0,6,main])--SELECT t1.NOMBRE, t1.PADRE FROM CATEGORIAESPECIFICACIONPROD t0, CATEGORIA t1 WHERE ((t0.ESP_NROREF = ?) AND (t1.NOMBRE = t0.CAT_NAME))
	bind => [IPH5]
[EL Fine]: sql: 2014-10-09 10:12:56.22--ServerSession(1989311583)--Connection(1905800551)--Thread(Thread[AWT-EventQueue-0,6,main])--SELECT ID, ENORDEN, ID_ESPECIFICO, ESPECIFICACION FROM PRODUCTO WHERE (ESPECIFICACION = ?)
	bind => [IPH5]
[EL Fine]: sql: 2014-10-09 10:12:56.221--ServerSession(1989311583)--Connection(1905800551)--Thread(Thread[AWT-EventQueue-0,6,main])--SELECT t1.NOMBRE, t1.PADRE FROM CATEGORIAESPECIFICACIONPROD t0, CATEGORIA t1 WHERE ((t0.ESP_NROREF = ?) AND (t1.NOMBRE = t0.CAT_NAME))
	bind => [IPH4]
[EL Fine]: sql: 2014-10-09 10:12:56.222--ServerSession(1989311583)--Connection(1905800551)--Thread(Thread[AWT-EventQueue-0,6,main])--SELECT ID, ENORDEN, ID_ESPECIFICO, ESPECIFICACION FROM PRODUCTO WHERE (ESPECIFICACION = ?)
	bind => [IPH4]
[EL Fine]: sql: 2014-10-09 10:12:56.222--ServerSession(1989311583)--Connection(1905800551)--Thread(Thread[AWT-EventQueue-0,6,main])--SELECT t1.NOMBRE, t1.PADRE FROM CATEGORIAESPECIFICACIONPROD t0, CATEGORIA t1 WHERE ((t0.ESP_NROREF = ?) AND (t1.NOMBRE = t0.CAT_NAME))
	bind => [IRD]
[EL Fine]: sql: 2014-10-09 10:12:56.223--ServerSession(1989311583)--Connection(1905800551)--Thread(Thread[AWT-EventQueue-0,6,main])--SELECT ID, ENORDEN, ID_ESPECIFICO, ESPECIFICACION FROM PRODUCTO WHERE (ESPECIFICACION = ?)
	bind => [IRD]
[EL Fine]: sql: 2014-10-09 10:12:56.223--ServerSession(1989311583)--Connection(1905800551)--Thread(Thread[AWT-EventQueue-0,6,main])--SELECT t1.NOMBRE, t1.PADRE FROM CATEGORIAESPECIFICACIONPROD t0, CATEGORIA t1 WHERE ((t0.ESP_NROREF = ?) AND (t1.NOMBRE = t0.CAT_NAME))
	bind => [IM]
[EL Fine]: sql: 2014-10-09 10:12:56.224--ServerSession(1989311583)--Connection(1905800551)--Thread(Thread[AWT-EventQueue-0,6,main])--SELECT ID, ENORDEN, ID_ESPECIFICO, ESPECIFICACION FROM PRODUCTO WHERE (ESPECIFICACION = ?)
	bind => [IM]
[EL Fine]: sql: 2014-10-09 10:12:56.225--ServerSession(1989311583)--Connection(1905800551)--Thread(Thread[AWT-EventQueue-0,6,main])--SELECT NOMBRE, PADRE FROM CATEGORIA WHERE (NOMBRE = ?)
	bind => [Android]
[EL Fine]: sql: 2014-10-09 10:12:56.225--ServerSession(1989311583)--Connection(1905800551)--Thread(Thread[AWT-EventQueue-0,6,main])--SELECT t1.NROREFERENCIA, t1.DESCRIPCION, t1.NOMBRE, t1.PRECIO, t1.PROVEEDOR_ID, t0.ESP_NROREF FROM CATEGORIAESPECIFICACIONPROD t0, ESPECIFICACIONPRODUCTO t1 WHERE ((t0.CAT_NAME = ?) AND (t1.NROREFERENCIA = t0.ESP_NROREF))
	bind => [Android]
[EL Fine]: sql: 2014-10-09 10:12:56.226--ServerSession(1989311583)--Connection(1905800551)--Thread(Thread[AWT-EventQueue-0,6,main])--SELECT t1.NOMBRE, t1.PADRE FROM CATEGORIAESPECIFICACIONPROD t0, CATEGORIA t1 WHERE ((t0.ESP_NROREF = ?) AND (t1.NOMBRE = t0.CAT_NAME))
	bind => [NEX4]
[EL Fine]: sql: 2014-10-09 10:12:56.226--ServerSession(1989311583)--Connection(1905800551)--Thread(Thread[AWT-EventQueue-0,6,main])--SELECT ID, ENORDEN, ID_ESPECIFICO, ESPECIFICACION FROM PRODUCTO WHERE (ESPECIFICACION = ?)
	bind => [NEX4]
[EL Fine]: sql: 2014-10-09 10:12:56.227--ServerSession(1989311583)--Connection(1905800551)--Thread(Thread[AWT-EventQueue-0,6,main])--SELECT t1.NOMBRE, t1.PADRE FROM CATEGORIAESPECIFICACIONPROD t0, CATEGORIA t1 WHERE ((t0.ESP_NROREF = ?) AND (t1.NOMBRE = t0.CAT_NAME))
	bind => [GA3]
[EL Fine]: sql: 2014-10-09 10:12:56.227--ServerSession(1989311583)--Connection(1905800551)--Thread(Thread[AWT-EventQueue-0,6,main])--SELECT ID, ENORDEN, ID_ESPECIFICO, ESPECIFICACION FROM PRODUCTO WHERE (ESPECIFICACION = ?)
	bind => [GA3]
[EL Fine]: sql: 2014-10-09 10:12:56.228--ServerSession(1989311583)--Connection(1905800551)--Thread(Thread[AWT-EventQueue-0,6,main])--SELECT t1.NOMBRE, t1.PADRE FROM CATEGORIAESPECIFICACIONPROD t0, CATEGORIA t1 WHERE ((t0.ESP_NROREF = ?) AND (t1.NOMBRE = t0.CAT_NAME))
	bind => [GA4]
[EL Fine]: sql: 2014-10-09 10:12:56.228--ServerSession(1989311583)--Connection(1905800551)--Thread(Thread[AWT-EventQueue-0,6,main])--SELECT ID, ENORDEN, ID_ESPECIFICO, ESPECIFICACION FROM PRODUCTO WHERE (ESPECIFICACION = ?)
	bind => [GA4]
[EL Fine]: sql: 2014-10-09 10:12:56.229--ServerSession(1989311583)--Connection(1905800551)--Thread(Thread[AWT-EventQueue-0,6,main])--SELECT t1.NOMBRE, t1.PADRE FROM CATEGORIAESPECIFICACIONPROD t0, CATEGORIA t1 WHERE ((t0.ESP_NROREF = ?) AND (t1.NOMBRE = t0.CAT_NAME))
	bind => [AS5]
[EL Fine]: sql: 2014-10-09 10:12:56.229--ServerSession(1989311583)--Connection(1905800551)--Thread(Thread[AWT-EventQueue-0,6,main])--SELECT ID, ENORDEN, ID_ESPECIFICO, ESPECIFICACION FROM PRODUCTO WHERE (ESPECIFICACION = ?)
	bind => [AS5]
[EL Fine]: sql: 2014-10-09 10:12:56.23--ServerSession(1989311583)--Connection(1905800551)--Thread(Thread[AWT-EventQueue-0,6,main])--SELECT NOMBRE, PADRE FROM CATEGORIA WHERE (NOMBRE = ?)
	bind => [Windows Phone]
[EL Fine]: sql: 2014-10-09 10:12:56.231--ServerSession(1989311583)--Connection(1905800551)--Thread(Thread[AWT-EventQueue-0,6,main])--SELECT t1.NROREFERENCIA, t1.DESCRIPCION, t1.NOMBRE, t1.PRECIO, t1.PROVEEDOR_ID, t0.ESP_NROREF FROM CATEGORIAESPECIFICACIONPROD t0, ESPECIFICACIONPRODUCTO t1 WHERE ((t0.CAT_NAME = ?) AND (t1.NROREFERENCIA = t0.ESP_NROREF))
	bind => [Windows Phone]
[EL Fine]: sql: 2014-10-09 10:12:56.231--ServerSession(1989311583)--Connection(1905800551)--Thread(Thread[AWT-EventQueue-0,6,main])--SELECT NOMBRE, PADRE FROM CATEGORIA WHERE (NOMBRE = ?)
	bind => [Symbian]
[EL Fine]: sql: 2014-10-09 10:12:56.232--ServerSession(1989311583)--Connection(1905800551)--Thread(Thread[AWT-EventQueue-0,6,main])--SELECT t1.NROREFERENCIA, t1.DESCRIPCION, t1.NOMBRE, t1.PRECIO, t1.PROVEEDOR_ID, t0.ESP_NROREF FROM CATEGORIAESPECIFICACIONPROD t0, ESPECIFICACIONPRODUCTO t1 WHERE ((t0.CAT_NAME = ?) AND (t1.NROREFERENCIA = t0.ESP_NROREF))
	bind => [Symbian]
[EL Fine]: sql: 2014-10-09 10:12:56.232--ServerSession(1989311583)--Connection(1905800551)--Thread(Thread[AWT-EventQueue-0,6,main])--SELECT NOMBRE, PADRE FROM CATEGORIA WHERE (NOMBRE = ?)
	bind => [Blackberry OS]
[EL Fine]: sql: 2014-10-09 10:12:56.233--ServerSession(1989311583)--Connection(1905800551)--Thread(Thread[AWT-EventQueue-0,6,main])--SELECT t1.NROREFERENCIA, t1.DESCRIPCION, t1.NOMBRE, t1.PRECIO, t1.PROVEEDOR_ID, t0.ESP_NROREF FROM CATEGORIAESPECIFICACIONPROD t0, ESPECIFICACIONPRODUCTO t1 WHERE ((t0.CAT_NAME = ?) AND (t1.NROREFERENCIA = t0.ESP_NROREF))
	bind => [Blackberry OS]
[EL Fine]: sql: 2014-10-09 10:12:56.233--ServerSession(1989311583)--Connection(1905800551)--Thread(Thread[AWT-EventQueue-0,6,main])--SELECT NOMBRE, PADRE FROM CATEGORIA WHERE (NOMBRE = ?)
	bind => [Equipos]
[EL Fine]: sql: 2014-10-09 10:12:56.233--ServerSession(1989311583)--Connection(1905800551)--Thread(Thread[AWT-EventQueue-0,6,main])--SELECT t1.NROREFERENCIA, t1.DESCRIPCION, t1.NOMBRE, t1.PRECIO, t1.PROVEEDOR_ID, t0.ESP_NROREF FROM CATEGORIAESPECIFICACIONPROD t0, ESPECIFICACIONPRODUCTO t1 WHERE ((t0.CAT_NAME = ?) AND (t1.NROREFERENCIA = t0.ESP_NROREF))
	bind => [Equipos]
[EL Fine]: sql: 2014-10-09 10:12:56.234--ServerSession(1989311583)--Connection(1905800551)--Thread(Thread[AWT-EventQueue-0,6,main])--SELECT NOMBRE, PADRE FROM CATEGORIA WHERE (NOMBRE = ?)
	bind => [iPhone]
[EL Fine]: sql: 2014-10-09 10:12:56.235--ServerSession(1989311583)--Connection(1905800551)--Thread(Thread[AWT-EventQueue-0,6,main])--SELECT t1.NROREFERENCIA, t1.DESCRIPCION, t1.NOMBRE, t1.PRECIO, t1.PROVEEDOR_ID, t0.ESP_NROREF FROM CATEGORIAESPECIFICACIONPROD t0, ESPECIFICACIONPRODUCTO t1 WHERE ((t0.CAT_NAME = ?) AND (t1.NROREFERENCIA = t0.ESP_NROREF))
	bind => [iPhone]
[EL Fine]: sql: 2014-10-09 10:12:56.235--ServerSession(1989311583)--Connection(1905800551)--Thread(Thread[AWT-EventQueue-0,6,main])--SELECT t1.NOMBRE, t1.PADRE FROM CATEGORIAESPECIFICACIONPROD t0, CATEGORIA t1 WHERE ((t0.ESP_NROREF = ?) AND (t1.NOMBRE = t0.CAT_NAME))
	bind => [IPH5]
[EL Fine]: sql: 2014-10-09 10:12:56.235--ServerSession(1989311583)--Connection(1905800551)--Thread(Thread[AWT-EventQueue-0,6,main])--SELECT ID, ENORDEN, ID_ESPECIFICO, ESPECIFICACION FROM PRODUCTO WHERE (ESPECIFICACION = ?)
	bind => [IPH5]
[EL Fine]: sql: 2014-10-09 10:12:56.236--ServerSession(1989311583)--Connection(1905800551)--Thread(Thread[AWT-EventQueue-0,6,main])--SELECT t1.NOMBRE, t1.PADRE FROM CATEGORIAESPECIFICACIONPROD t0, CATEGORIA t1 WHERE ((t0.ESP_NROREF = ?) AND (t1.NOMBRE = t0.CAT_NAME))
	bind => [IPH4]
[EL Fine]: sql: 2014-10-09 10:12:56.236--ServerSession(1989311583)--Connection(1905800551)--Thread(Thread[AWT-EventQueue-0,6,main])--SELECT ID, ENORDEN, ID_ESPECIFICO, ESPECIFICACION FROM PRODUCTO WHERE (ESPECIFICACION = ?)
	bind => [IPH4]
[EL Fine]: sql: 2014-10-09 10:12:56.237--ServerSession(1989311583)--Connection(1905800551)--Thread(Thread[AWT-EventQueue-0,6,main])--SELECT NOMBRE, PADRE FROM CATEGORIA WHERE (NOMBRE = ?)
	bind => [Nexus]
[EL Fine]: sql: 2014-10-09 10:12:56.238--ServerSession(1989311583)--Connection(1905800551)--Thread(Thread[AWT-EventQueue-0,6,main])--SELECT t1.NROREFERENCIA, t1.DESCRIPCION, t1.NOMBRE, t1.PRECIO, t1.PROVEEDOR_ID, t0.ESP_NROREF FROM CATEGORIAESPECIFICACIONPROD t0, ESPECIFICACIONPRODUCTO t1 WHERE ((t0.CAT_NAME = ?) AND (t1.NROREFERENCIA = t0.ESP_NROREF))
	bind => [Nexus]
[EL Fine]: sql: 2014-10-09 10:12:56.238--ServerSession(1989311583)--Connection(1905800551)--Thread(Thread[AWT-EventQueue-0,6,main])--SELECT t1.NOMBRE, t1.PADRE FROM CATEGORIAESPECIFICACIONPROD t0, CATEGORIA t1 WHERE ((t0.ESP_NROREF = ?) AND (t1.NOMBRE = t0.CAT_NAME))
	bind => [NEX4]
[EL Fine]: sql: 2014-10-09 10:12:56.239--ServerSession(1989311583)--Connection(1905800551)--Thread(Thread[AWT-EventQueue-0,6,main])--SELECT ID, ENORDEN, ID_ESPECIFICO, ESPECIFICACION FROM PRODUCTO WHERE (ESPECIFICACION = ?)
	bind => [NEX4]
[EL Fine]: sql: 2014-10-09 10:12:56.24--ServerSession(1989311583)--Connection(1905800551)--Thread(Thread[AWT-EventQueue-0,6,main])--SELECT NOMBRE, PADRE FROM CATEGORIA WHERE (NOMBRE = ?)
	bind => [Samsung]
[EL Fine]: sql: 2014-10-09 10:12:56.24--ServerSession(1989311583)--Connection(1905800551)--Thread(Thread[AWT-EventQueue-0,6,main])--SELECT t1.NROREFERENCIA, t1.DESCRIPCION, t1.NOMBRE, t1.PRECIO, t1.PROVEEDOR_ID, t0.ESP_NROREF FROM CATEGORIAESPECIFICACIONPROD t0, ESPECIFICACIONPRODUCTO t1 WHERE ((t0.CAT_NAME = ?) AND (t1.NROREFERENCIA = t0.ESP_NROREF))
	bind => [Samsung]
[EL Fine]: sql: 2014-10-09 10:12:56.241--ServerSession(1989311583)--Connection(1905800551)--Thread(Thread[AWT-EventQueue-0,6,main])--SELECT NOMBRE, PADRE FROM CATEGORIA WHERE (NOMBRE = ?)
	bind => [Galaxy S3]
[EL Fine]: sql: 2014-10-09 10:12:56.241--ServerSession(1989311583)--Connection(1905800551)--Thread(Thread[AWT-EventQueue-0,6,main])--SELECT t1.NROREFERENCIA, t1.DESCRIPCION, t1.NOMBRE, t1.PRECIO, t1.PROVEEDOR_ID, t0.ESP_NROREF FROM CATEGORIAESPECIFICACIONPROD t0, ESPECIFICACIONPRODUCTO t1 WHERE ((t0.CAT_NAME = ?) AND (t1.NROREFERENCIA = t0.ESP_NROREF))
	bind => [Galaxy S3]
[EL Fine]: sql: 2014-10-09 10:12:56.241--ServerSession(1989311583)--Connection(1905800551)--Thread(Thread[AWT-EventQueue-0,6,main])--SELECT t1.NOMBRE, t1.PADRE FROM CATEGORIAESPECIFICACIONPROD t0, CATEGORIA t1 WHERE ((t0.ESP_NROREF = ?) AND (t1.NOMBRE = t0.CAT_NAME))
	bind => [GA3]
[EL Fine]: sql: 2014-10-09 10:12:56.242--ServerSession(1989311583)--Connection(1905800551)--Thread(Thread[AWT-EventQueue-0,6,main])--SELECT ID, ENORDEN, ID_ESPECIFICO, ESPECIFICACION FROM PRODUCTO WHERE (ESPECIFICACION = ?)
	bind => [GA3]
[EL Fine]: sql: 2014-10-09 10:12:56.243--ServerSession(1989311583)--Connection(1905800551)--Thread(Thread[AWT-EventQueue-0,6,main])--SELECT NOMBRE, PADRE FROM CATEGORIA WHERE (NOMBRE = ?)
	bind => [Galaxy S4]
[EL Fine]: sql: 2014-10-09 10:12:56.243--ServerSession(1989311583)--Connection(1905800551)--Thread(Thread[AWT-EventQueue-0,6,main])--SELECT t1.NROREFERENCIA, t1.DESCRIPCION, t1.NOMBRE, t1.PRECIO, t1.PROVEEDOR_ID, t0.ESP_NROREF FROM CATEGORIAESPECIFICACIONPROD t0, ESPECIFICACIONPRODUCTO t1 WHERE ((t0.CAT_NAME = ?) AND (t1.NROREFERENCIA = t0.ESP_NROREF))
	bind => [Galaxy S4]
[EL Fine]: sql: 2014-10-09 10:12:56.244--ServerSession(1989311583)--Connection(1905800551)--Thread(Thread[AWT-EventQueue-0,6,main])--SELECT t1.NOMBRE, t1.PADRE FROM CATEGORIAESPECIFICACIONPROD t0, CATEGORIA t1 WHERE ((t0.ESP_NROREF = ?) AND (t1.NOMBRE = t0.CAT_NAME))
	bind => [GA4]
[EL Fine]: sql: 2014-10-09 10:12:56.244--ServerSession(1989311583)--Connection(1905800551)--Thread(Thread[AWT-EventQueue-0,6,main])--SELECT ID, ENORDEN, ID_ESPECIFICO, ESPECIFICACION FROM PRODUCTO WHERE (ESPECIFICACION = ?)
	bind => [GA4]
[EL Fine]: sql: 2014-10-09 10:12:56.245--ServerSession(1989311583)--Connection(1905800551)--Thread(Thread[AWT-EventQueue-0,6,main])--SELECT NOMBRE, PADRE FROM CATEGORIA WHERE (NOMBRE = ?)
	bind => [Galaxy Ace]
[EL Fine]: sql: 2014-10-09 10:12:56.245--ServerSession(1989311583)--Connection(1905800551)--Thread(Thread[AWT-EventQueue-0,6,main])--SELECT t1.NROREFERENCIA, t1.DESCRIPCION, t1.NOMBRE, t1.PRECIO, t1.PROVEEDOR_ID, t0.ESP_NROREF FROM CATEGORIAESPECIFICACIONPROD t0, ESPECIFICACIONPRODUCTO t1 WHERE ((t0.CAT_NAME = ?) AND (t1.NROREFERENCIA = t0.ESP_NROREF))
	bind => [Galaxy Ace]
[EL Fine]: sql: 2014-10-09 10:12:56.246--ServerSession(1989311583)--Connection(1905800551)--Thread(Thread[AWT-EventQueue-0,6,main])--SELECT t1.NOMBRE, t1.PADRE FROM CATEGORIAESPECIFICACIONPROD t0, CATEGORIA t1 WHERE ((t0.ESP_NROREF = ?) AND (t1.NOMBRE = t0.CAT_NAME))
	bind => [AS5]
[EL Fine]: sql: 2014-10-09 10:12:56.247--ServerSession(1989311583)--Connection(1905800551)--Thread(Thread[AWT-EventQueue-0,6,main])--SELECT ID, ENORDEN, ID_ESPECIFICO, ESPECIFICACION FROM PRODUCTO WHERE (ESPECIFICACION = ?)
	bind => [AS5]
[EL Fine]: sql: 2014-10-09 10:12:56.248--ServerSession(1989311583)--Connection(1905800551)--Thread(Thread[AWT-EventQueue-0,6,main])--SELECT NOMBRE, PADRE FROM CATEGORIA WHERE (NOMBRE = ?)
	bind => [Blackberry]
[EL Fine]: sql: 2014-10-09 10:12:56.248--ServerSession(1989311583)--Connection(1905800551)--Thread(Thread[AWT-EventQueue-0,6,main])--SELECT t1.NROREFERENCIA, t1.DESCRIPCION, t1.NOMBRE, t1.PRECIO, t1.PROVEEDOR_ID, t0.ESP_NROREF FROM CATEGORIAESPECIFICACIONPROD t0, ESPECIFICACIONPRODUCTO t1 WHERE ((t0.CAT_NAME = ?) AND (t1.NROREFERENCIA = t0.ESP_NROREF))
	bind => [Blackberry]
[EL Fine]: sql: 2014-10-09 10:12:56.249--ServerSession(1989311583)--Connection(1905800551)--Thread(Thread[AWT-EventQueue-0,6,main])--SELECT NOMBRE, PADRE FROM CATEGORIA WHERE (NOMBRE = ?)
	bind => [Nokia]
[EL Fine]: sql: 2014-10-09 10:12:56.249--ServerSession(1989311583)--Connection(1905800551)--Thread(Thread[AWT-EventQueue-0,6,main])--SELECT t1.NROREFERENCIA, t1.DESCRIPCION, t1.NOMBRE, t1.PRECIO, t1.PROVEEDOR_ID, t0.ESP_NROREF FROM CATEGORIAESPECIFICACIONPROD t0, ESPECIFICACIONPRODUCTO t1 WHERE ((t0.CAT_NAME = ?) AND (t1.NROREFERENCIA = t0.ESP_NROREF))
	bind => [Nokia]
[EL Fine]: sql: 2014-10-09 10:12:56.25--ServerSession(1989311583)--Connection(1905800551)--Thread(Thread[AWT-EventQueue-0,6,main])--SELECT NOMBRE, PADRE FROM CATEGORIA WHERE (NOMBRE = ?)
	bind => [Accesorios]
[EL Fine]: sql: 2014-10-09 10:12:56.25--ServerSession(1989311583)--Connection(1905800551)--Thread(Thread[AWT-EventQueue-0,6,main])--SELECT t1.NROREFERENCIA, t1.DESCRIPCION, t1.NOMBRE, t1.PRECIO, t1.PROVEEDOR_ID, t0.ESP_NROREF FROM CATEGORIAESPECIFICACIONPROD t0, ESPECIFICACIONPRODUCTO t1 WHERE ((t0.CAT_NAME = ?) AND (t1.NROREFERENCIA = t0.ESP_NROREF))
	bind => [Accesorios]
[EL Fine]: sql: 2014-10-09 10:12:56.251--ServerSession(1989311583)--Connection(1905800551)--Thread(Thread[AWT-EventQueue-0,6,main])--SELECT NOMBRE, PADRE FROM CATEGORIA WHERE (NOMBRE = ?)
	bind => [Protectores]
[EL Fine]: sql: 2014-10-09 10:12:56.251--ServerSession(1989311583)--Connection(1905800551)--Thread(Thread[AWT-EventQueue-0,6,main])--SELECT t1.NROREFERENCIA, t1.DESCRIPCION, t1.NOMBRE, t1.PRECIO, t1.PROVEEDOR_ID, t0.ESP_NROREF FROM CATEGORIAESPECIFICACIONPROD t0, ESPECIFICACIONPRODUCTO t1 WHERE ((t0.CAT_NAME = ?) AND (t1.NROREFERENCIA = t0.ESP_NROREF))
	bind => [Protectores]
[EL Fine]: sql: 2014-10-09 10:12:56.251--ServerSession(1989311583)--Connection(1905800551)--Thread(Thread[AWT-EventQueue-0,6,main])--SELECT t1.NOMBRE, t1.PADRE FROM CATEGORIAESPECIFICACIONPROD t0, CATEGORIA t1 WHERE ((t0.ESP_NROREF = ?) AND (t1.NOMBRE = t0.CAT_NAME))
	bind => [PCG]
[EL Fine]: sql: 2014-10-09 10:12:56.252--ServerSession(1989311583)--Connection(1905800551)--Thread(Thread[AWT-EventQueue-0,6,main])--SELECT ID, ENORDEN, ID_ESPECIFICO, ESPECIFICACION FROM PRODUCTO WHERE (ESPECIFICACION = ?)
	bind => [PCG]
[EL Fine]: sql: 2014-10-09 10:12:56.252--ServerSession(1989311583)--Connection(1905800551)--Thread(Thread[AWT-EventQueue-0,6,main])--SELECT t1.NOMBRE, t1.PADRE FROM CATEGORIAESPECIFICACIONPROD t0, CATEGORIA t1 WHERE ((t0.ESP_NROREF = ?) AND (t1.NOMBRE = t0.CAT_NAME))
	bind => [PMH]
[EL Fine]: sql: 2014-10-09 10:12:56.253--ServerSession(1989311583)--Connection(1905800551)--Thread(Thread[AWT-EventQueue-0,6,main])--SELECT ID, ENORDEN, ID_ESPECIFICO, ESPECIFICACION FROM PRODUCTO WHERE (ESPECIFICACION = ?)
	bind => [PMH]
[EL Fine]: sql: 2014-10-09 10:12:56.253--ServerSession(1989311583)--Connection(1905800551)--Thread(Thread[AWT-EventQueue-0,6,main])--SELECT NOMBRE, PADRE FROM CATEGORIA WHERE (NOMBRE = ?)
	bind => [Baterías]
[EL Fine]: sql: 2014-10-09 10:12:56.254--ServerSession(1989311583)--Connection(1905800551)--Thread(Thread[AWT-EventQueue-0,6,main])--SELECT t1.NROREFERENCIA, t1.DESCRIPCION, t1.NOMBRE, t1.PRECIO, t1.PROVEEDOR_ID, t0.ESP_NROREF FROM CATEGORIAESPECIFICACIONPROD t0, ESPECIFICACIONPRODUCTO t1 WHERE ((t0.CAT_NAME = ?) AND (t1.NROREFERENCIA = t0.ESP_NROREF))
	bind => [Baterías]
[EL Fine]: sql: 2014-10-09 10:12:56.255--ServerSession(1989311583)--Connection(1905800551)--Thread(Thread[AWT-EventQueue-0,6,main])--SELECT NOMBRE, PADRE FROM CATEGORIA WHERE (NOMBRE = ?)
	bind => [Apple]
[EL Fine]: sql: 2014-10-09 10:12:56.255--ServerSession(1989311583)--Connection(1905800551)--Thread(Thread[AWT-EventQueue-0,6,main])--SELECT t1.NROREFERENCIA, t1.DESCRIPCION, t1.NOMBRE, t1.PRECIO, t1.PROVEEDOR_ID, t0.ESP_NROREF FROM CATEGORIAESPECIFICACIONPROD t0, ESPECIFICACIONPRODUCTO t1 WHERE ((t0.CAT_NAME = ?) AND (t1.NROREFERENCIA = t0.ESP_NROREF))
	bind => [Apple]
[EL Fine]: sql: 2014-10-09 10:12:56.255--ServerSession(1989311583)--Connection(1905800551)--Thread(Thread[AWT-EventQueue-0,6,main])--SELECT t1.NOMBRE, t1.PADRE FROM CATEGORIAESPECIFICACIONPROD t0, CATEGORIA t1 WHERE ((t0.ESP_NROREF = ?) AND (t1.NOMBRE = t0.CAT_NAME))
	bind => [IPH5]
[EL Fine]: sql: 2014-10-09 10:12:56.256--ServerSession(1989311583)--Connection(1905800551)--Thread(Thread[AWT-EventQueue-0,6,main])--SELECT ID, ENORDEN, ID_ESPECIFICO, ESPECIFICACION FROM PRODUCTO WHERE (ESPECIFICACION = ?)
	bind => [IPH5]
[EL Fine]: sql: 2014-10-09 10:12:56.256--ServerSession(1989311583)--Connection(1905800551)--Thread(Thread[AWT-EventQueue-0,6,main])--SELECT t1.NOMBRE, t1.PADRE FROM CATEGORIAESPECIFICACIONPROD t0, CATEGORIA t1 WHERE ((t0.ESP_NROREF = ?) AND (t1.NOMBRE = t0.CAT_NAME))
	bind => [IPH4]
[EL Fine]: sql: 2014-10-09 10:12:56.257--ServerSession(1989311583)--Connection(1905800551)--Thread(Thread[AWT-EventQueue-0,6,main])--SELECT ID, ENORDEN, ID_ESPECIFICO, ESPECIFICACION FROM PRODUCTO WHERE (ESPECIFICACION = ?)
	bind => [IPH4]
[EL Fine]: sql: 2014-10-09 10:12:56.257--ServerSession(1989311583)--Connection(1905800551)--Thread(Thread[AWT-EventQueue-0,6,main])--SELECT t1.NOMBRE, t1.PADRE FROM CATEGORIAESPECIFICACIONPROD t0, CATEGORIA t1 WHERE ((t0.ESP_NROREF = ?) AND (t1.NOMBRE = t0.CAT_NAME))
	bind => [IRD]
[EL Fine]: sql: 2014-10-09 10:12:56.257--ServerSession(1989311583)--Connection(1905800551)--Thread(Thread[AWT-EventQueue-0,6,main])--SELECT ID, ENORDEN, ID_ESPECIFICO, ESPECIFICACION FROM PRODUCTO WHERE (ESPECIFICACION = ?)
	bind => [IRD]
[EL Fine]: sql: 2014-10-09 10:12:56.258--ServerSession(1989311583)--Connection(1905800551)--Thread(Thread[AWT-EventQueue-0,6,main])--SELECT t1.NOMBRE, t1.PADRE FROM CATEGORIAESPECIFICACIONPROD t0, CATEGORIA t1 WHERE ((t0.ESP_NROREF = ?) AND (t1.NOMBRE = t0.CAT_NAME))
	bind => [IM]
[EL Fine]: sql: 2014-10-09 10:12:56.258--ServerSession(1989311583)--Connection(1905800551)--Thread(Thread[AWT-EventQueue-0,6,main])--SELECT ID, ENORDEN, ID_ESPECIFICO, ESPECIFICACION FROM PRODUCTO WHERE (ESPECIFICACION = ?)
	bind => [IM]
[EL Fine]: sql: 2014-10-09 10:12:56.259--ServerSession(1989311583)--Connection(1905800551)--Thread(Thread[AWT-EventQueue-0,6,main])--SELECT NOMBRE, PADRE FROM CATEGORIA WHERE (NOMBRE = ?)
	bind => [Videojuegos]
[EL Fine]: sql: 2014-10-09 10:12:56.26--ServerSession(1989311583)--Connection(1905800551)--Thread(Thread[AWT-EventQueue-0,6,main])--SELECT t1.NROREFERENCIA, t1.DESCRIPCION, t1.NOMBRE, t1.PRECIO, t1.PROVEEDOR_ID, t0.ESP_NROREF FROM CATEGORIAESPECIFICACIONPROD t0, ESPECIFICACIONPRODUCTO t1 WHERE ((t0.CAT_NAME = ?) AND (t1.NROREFERENCIA = t0.ESP_NROREF))
	bind => [Videojuegos]
[EL Fine]: sql: 2014-10-09 10:12:56.26--ServerSession(1989311583)--Connection(1905800551)--Thread(Thread[AWT-EventQueue-0,6,main])--SELECT NOMBRE, PADRE FROM CATEGORIA WHERE (NOMBRE = ?)
	bind => [Playstation]
[EL Fine]: sql: 2014-10-09 10:12:56.261--ServerSession(1989311583)--Connection(1905800551)--Thread(Thread[AWT-EventQueue-0,6,main])--SELECT t1.NROREFERENCIA, t1.DESCRIPCION, t1.NOMBRE, t1.PRECIO, t1.PROVEEDOR_ID, t0.ESP_NROREF FROM CATEGORIAESPECIFICACIONPROD t0, ESPECIFICACIONPRODUCTO t1 WHERE ((t0.CAT_NAME = ?) AND (t1.NROREFERENCIA = t0.ESP_NROREF))
	bind => [Playstation]
[EL Fine]: sql: 2014-10-09 10:12:56.261--ServerSession(1989311583)--Connection(1905800551)--Thread(Thread[AWT-EventQueue-0,6,main])--SELECT NOMBRE, PADRE FROM CATEGORIA WHERE (NOMBRE = ?)
	bind => [Xbox]
[EL Fine]: sql: 2014-10-09 10:12:56.262--ServerSession(1989311583)--Connection(1905800551)--Thread(Thread[AWT-EventQueue-0,6,main])--SELECT t1.NROREFERENCIA, t1.DESCRIPCION, t1.NOMBRE, t1.PRECIO, t1.PROVEEDOR_ID, t0.ESP_NROREF FROM CATEGORIAESPECIFICACIONPROD t0, ESPECIFICACIONPRODUCTO t1 WHERE ((t0.CAT_NAME = ?) AND (t1.NROREFERENCIA = t0.ESP_NROREF))
	bind => [Xbox]
[EL Fine]: sql: 2014-10-09 10:12:56.262--ServerSession(1989311583)--Connection(1905800551)--Thread(Thread[AWT-EventQueue-0,6,main])--SELECT t1.NOMBRE, t1.PADRE FROM CATEGORIAESPECIFICACIONPROD t0, CATEGORIA t1 WHERE ((t0.ESP_NROREF = ?) AND (t1.NOMBRE = t0.CAT_NAME))
	bind => [RIX]
[EL Fine]: sql: 2014-10-09 10:12:56.262--ServerSession(1989311583)--Connection(1905800551)--Thread(Thread[AWT-EventQueue-0,6,main])--SELECT ID, ENORDEN, ID_ESPECIFICO, ESPECIFICACION FROM PRODUCTO WHERE (ESPECIFICACION = ?)
	bind => [RIX]
[EL Fine]: sql: 2014-10-09 10:12:56.263--ServerSession(1989311583)--Connection(1905800551)--Thread(Thread[AWT-EventQueue-0,6,main])--SELECT t1.NOMBRE, t1.PADRE FROM CATEGORIAESPECIFICACIONPROD t0, CATEGORIA t1 WHERE ((t0.ESP_NROREF = ?) AND (t1.NOMBRE = t0.CAT_NAME))
	bind => [CIX]
[EL Fine]: sql: 2014-10-09 10:12:56.263--ServerSession(1989311583)--Connection(1905800551)--Thread(Thread[AWT-EventQueue-0,6,main])--SELECT ID, ENORDEN, ID_ESPECIFICO, ESPECIFICACION FROM PRODUCTO WHERE (ESPECIFICACION = ?)
	bind => [CIX]
[EL Fine]: sql: 2014-10-09 10:12:56.265--ServerSession(1989311583)--Connection(1905800551)--Thread(Thread[AWT-EventQueue-0,6,main])--SELECT NOMBRE, PADRE FROM CATEGORIA
[EL Fine]: sql: 2014-10-09 10:12:56.267--ClientSession(343425280)--Connection(1905800551)--Thread(Thread[AWT-EventQueue-0,6,main])--INSERT INTO ESPECIFICACIONPRODUCTO (NROREFERENCIA, DESCRIPCION, NOMBRE, PRECIO, PROVEEDOR_ID) VALUES (?, ?, ?, ?, ?)
	bind => [CHP, Es un cable HDMI para PS3, Cable HDMI para PS3, 7.99, CraigX]
[EL Fine]: sql: 2014-10-09 10:12:56.268--ClientSession(343425280)--Connection(1905800551)--Thread(Thread[AWT-EventQueue-0,6,main])--INSERT INTO PRODUCTO (ENORDEN, ID_ESPECIFICO, ESPECIFICACION) VALUES (?, ?, ?)
	bind => [false, null, CHP]
[EL Fine]: sql: 2014-10-09 10:12:56.269--ClientSession(343425280)--Connection(1905800551)--Thread(Thread[AWT-EventQueue-0,6,main])--CALL IDENTITY()
[EL Fine]: sql: 2014-10-09 10:12:56.269--ClientSession(343425280)--Connection(1905800551)--Thread(Thread[AWT-EventQueue-0,6,main])--INSERT INTO PRODUCTO (ENORDEN, ID_ESPECIFICO, ESPECIFICACION) VALUES (?, ?, ?)
	bind => [false, null, CHP]
[EL Fine]: sql: 2014-10-09 10:12:56.269--ClientSession(343425280)--Connection(1905800551)--Thread(Thread[AWT-EventQueue-0,6,main])--CALL IDENTITY()
[EL Fine]: sql: 2014-10-09 10:12:56.27--ClientSession(343425280)--Connection(1905800551)--Thread(Thread[AWT-EventQueue-0,6,main])--INSERT INTO PRODUCTO (ENORDEN, ID_ESPECIFICO, ESPECIFICACION) VALUES (?, ?, ?)
	bind => [false, null, CHP]
[EL Fine]: sql: 2014-10-09 10:12:56.27--ClientSession(343425280)--Connection(1905800551)--Thread(Thread[AWT-EventQueue-0,6,main])--CALL IDENTITY()
[EL Fine]: sql: 2014-10-09 10:12:56.271--ClientSession(343425280)--Connection(1905800551)--Thread(Thread[AWT-EventQueue-0,6,main])--INSERT INTO PRODUCTO (ENORDEN, ID_ESPECIFICO, ESPECIFICACION) VALUES (?, ?, ?)
	bind => [false, null, CHP]
[EL Fine]: sql: 2014-10-09 10:12:56.271--ClientSession(343425280)--Connection(1905800551)--Thread(Thread[AWT-EventQueue-0,6,main])--CALL IDENTITY()
[EL Fine]: sql: 2014-10-09 10:12:56.272--ClientSession(343425280)--Connection(1905800551)--Thread(Thread[AWT-EventQueue-0,6,main])--INSERT INTO PRODUCTO (ENORDEN, ID_ESPECIFICO, ESPECIFICACION) VALUES (?, ?, ?)
	bind => [false, null, CHP]
[EL Fine]: sql: 2014-10-09 10:12:56.272--ClientSession(343425280)--Connection(1905800551)--Thread(Thread[AWT-EventQueue-0,6,main])--CALL IDENTITY()
[EL Fine]: sql: 2014-10-09 10:12:56.272--ClientSession(343425280)--Connection(1905800551)--Thread(Thread[AWT-EventQueue-0,6,main])--INSERT INTO PRODUCTO (ENORDEN, ID_ESPECIFICO, ESPECIFICACION) VALUES (?, ?, ?)
	bind => [false, null, CHP]
[EL Fine]: sql: 2014-10-09 10:12:56.273--ClientSession(343425280)--Connection(1905800551)--Thread(Thread[AWT-EventQueue-0,6,main])--CALL IDENTITY()
[EL Fine]: sql: 2014-10-09 10:12:56.273--ClientSession(343425280)--Connection(1905800551)--Thread(Thread[AWT-EventQueue-0,6,main])--INSERT INTO PRODUCTO (ENORDEN, ID_ESPECIFICO, ESPECIFICACION) VALUES (?, ?, ?)
	bind => [false, null, CHP]
[EL Fine]: sql: 2014-10-09 10:12:56.273--ClientSession(343425280)--Connection(1905800551)--Thread(Thread[AWT-EventQueue-0,6,main])--CALL IDENTITY()
[EL Fine]: sql: 2014-10-09 10:12:56.274--ClientSession(343425280)--Connection(1905800551)--Thread(Thread[AWT-EventQueue-0,6,main])--INSERT INTO PRODUCTO (ENORDEN, ID_ESPECIFICO, ESPECIFICACION) VALUES (?, ?, ?)
	bind => [false, null, CHP]
[EL Fine]: sql: 2014-10-09 10:12:56.274--ClientSession(343425280)--Connection(1905800551)--Thread(Thread[AWT-EventQueue-0,6,main])--CALL IDENTITY()
[EL Fine]: sql: 2014-10-09 10:12:56.275--ClientSession(343425280)--Connection(1905800551)--Thread(Thread[AWT-EventQueue-0,6,main])--INSERT INTO PRODUCTO (ENORDEN, ID_ESPECIFICO, ESPECIFICACION) VALUES (?, ?, ?)
	bind => [false, null, CHP]
[EL Fine]: sql: 2014-10-09 10:12:56.275--ClientSession(343425280)--Connection(1905800551)--Thread(Thread[AWT-EventQueue-0,6,main])--CALL IDENTITY()
[EL Fine]: sql: 2014-10-09 10:12:56.277--ClientSession(343425280)--Connection(1905800551)--Thread(Thread[AWT-EventQueue-0,6,main])--INSERT INTO PRODUCTO (ENORDEN, ID_ESPECIFICO, ESPECIFICACION) VALUES (?, ?, ?)
	bind => [false, null, CHP]
[EL Fine]: sql: 2014-10-09 10:12:56.277--ClientSession(343425280)--Connection(1905800551)--Thread(Thread[AWT-EventQueue-0,6,main])--CALL IDENTITY()
[EL Fine]: sql: 2014-10-09 10:12:56.277--ClientSession(343425280)--Connection(1905800551)--Thread(Thread[AWT-EventQueue-0,6,main])--INSERT INTO ESPECIFICACIONES (ESPPRID, VALOR, NOMBRE) VALUES (?, ?, ?)
	bind => [CHP, 7.83 oz, Peso]
[EL Fine]: sql: 2014-10-09 10:12:56.278--ClientSession(343425280)--Connection(1905800551)--Thread(Thread[AWT-EventQueue-0,6,main])--INSERT INTO ESPECIFICACIONES (ESPPRID, VALOR, NOMBRE) VALUES (?, ?, ?)
	bind => [CHP, 0 in x 0 in x 0 in, Dimensiones]
[EL Fine]: sql: 2014-10-09 10:12:56.278--ClientSession(343425280)--Connection(1905800551)--Thread(Thread[AWT-EventQueue-0,6,main])--INSERT INTO CATEGORIAESPECIFICACIONPROD (CAT_NAME, ESP_NROREF) VALUES (?, ?)
	bind => [Playstation, CHP]
[EL Fine]: sql: 2014-10-09 10:12:56.28--ServerSession(1989311583)--Connection(1905800551)--Thread(Thread[AWT-EventQueue-0,6,main])--SELECT NROREFERENCIA, DESCRIPCION, NOMBRE, PRECIO, PROVEEDOR_ID FROM ESPECIFICACIONPRODUCTO
[EL Fine]: sql: 2014-10-09 10:12:56.28--ServerSession(1989311583)--Connection(1905800551)--Thread(Thread[AWT-EventQueue-0,6,main])--SELECT NOMBRE, PADRE FROM CATEGORIA
[EL Fine]: sql: 2014-10-09 10:12:56.281--ServerSession(1989311583)--Connection(1905800551)--Thread(Thread[AWT-EventQueue-0,6,main])--SELECT NOMBRE, PADRE FROM CATEGORIA WHERE (NOMBRE = ?)
	bind => [Celulares]
[EL Fine]: sql: 2014-10-09 10:12:56.281--ServerSession(1989311583)--Connection(1905800551)--Thread(Thread[AWT-EventQueue-0,6,main])--SELECT t1.NROREFERENCIA, t1.DESCRIPCION, t1.NOMBRE, t1.PRECIO, t1.PROVEEDOR_ID, t0.ESP_NROREF FROM CATEGORIAESPECIFICACIONPROD t0, ESPECIFICACIONPRODUCTO t1 WHERE ((t0.CAT_NAME = ?) AND (t1.NROREFERENCIA = t0.ESP_NROREF))
	bind => [Celulares]
[EL Fine]: sql: 2014-10-09 10:12:56.282--ServerSession(1989311583)--Connection(1905800551)--Thread(Thread[AWT-EventQueue-0,6,main])--SELECT NOMBRE, PADRE FROM CATEGORIA WHERE (NOMBRE = ?)
	bind => [Sistemas Operativos]
[EL Fine]: sql: 2014-10-09 10:12:56.282--ServerSession(1989311583)--Connection(1905800551)--Thread(Thread[AWT-EventQueue-0,6,main])--SELECT t1.NROREFERENCIA, t1.DESCRIPCION, t1.NOMBRE, t1.PRECIO, t1.PROVEEDOR_ID, t0.ESP_NROREF FROM CATEGORIAESPECIFICACIONPROD t0, ESPECIFICACIONPRODUCTO t1 WHERE ((t0.CAT_NAME = ?) AND (t1.NROREFERENCIA = t0.ESP_NROREF))
	bind => [Sistemas Operativos]
[EL Fine]: sql: 2014-10-09 10:12:56.283--ServerSession(1989311583)--Connection(1905800551)--Thread(Thread[AWT-EventQueue-0,6,main])--SELECT NOMBRE, PADRE FROM CATEGORIA WHERE (NOMBRE = ?)
	bind => [iOS]
[EL Fine]: sql: 2014-10-09 10:12:56.283--ServerSession(1989311583)--Connection(1905800551)--Thread(Thread[AWT-EventQueue-0,6,main])--SELECT t1.NROREFERENCIA, t1.DESCRIPCION, t1.NOMBRE, t1.PRECIO, t1.PROVEEDOR_ID, t0.ESP_NROREF FROM CATEGORIAESPECIFICACIONPROD t0, ESPECIFICACIONPRODUCTO t1 WHERE ((t0.CAT_NAME = ?) AND (t1.NROREFERENCIA = t0.ESP_NROREF))
	bind => [iOS]
[EL Fine]: sql: 2014-10-09 10:12:56.284--ServerSession(1989311583)--Connection(1905800551)--Thread(Thread[AWT-EventQueue-0,6,main])--SELECT t1.NOMBRE, t1.PADRE FROM CATEGORIAESPECIFICACIONPROD t0, CATEGORIA t1 WHERE ((t0.ESP_NROREF = ?) AND (t1.NOMBRE = t0.CAT_NAME))
	bind => [IPH5]
[EL Fine]: sql: 2014-10-09 10:12:56.284--ServerSession(1989311583)--Connection(1905800551)--Thread(Thread[AWT-EventQueue-0,6,main])--SELECT ID, ENORDEN, ID_ESPECIFICO, ESPECIFICACION FROM PRODUCTO WHERE (ESPECIFICACION = ?)
	bind => [IPH5]
[EL Fine]: sql: 2014-10-09 10:12:56.285--ServerSession(1989311583)--Connection(1905800551)--Thread(Thread[AWT-EventQueue-0,6,main])--SELECT t1.NOMBRE, t1.PADRE FROM CATEGORIAESPECIFICACIONPROD t0, CATEGORIA t1 WHERE ((t0.ESP_NROREF = ?) AND (t1.NOMBRE = t0.CAT_NAME))
	bind => [IPH4]
[EL Fine]: sql: 2014-10-09 10:12:56.285--ServerSession(1989311583)--Connection(1905800551)--Thread(Thread[AWT-EventQueue-0,6,main])--SELECT ID, ENORDEN, ID_ESPECIFICO, ESPECIFICACION FROM PRODUCTO WHERE (ESPECIFICACION = ?)
	bind => [IPH4]
[EL Fine]: sql: 2014-10-09 10:12:56.286--ServerSession(1989311583)--Connection(1905800551)--Thread(Thread[AWT-EventQueue-0,6,main])--SELECT t1.NOMBRE, t1.PADRE FROM CATEGORIAESPECIFICACIONPROD t0, CATEGORIA t1 WHERE ((t0.ESP_NROREF = ?) AND (t1.NOMBRE = t0.CAT_NAME))
	bind => [IRD]
[EL Fine]: sql: 2014-10-09 10:12:56.286--ServerSession(1989311583)--Connection(1905800551)--Thread(Thread[AWT-EventQueue-0,6,main])--SELECT ID, ENORDEN, ID_ESPECIFICO, ESPECIFICACION FROM PRODUCTO WHERE (ESPECIFICACION = ?)
	bind => [IRD]
[EL Fine]: sql: 2014-10-09 10:12:56.286--ServerSession(1989311583)--Connection(1905800551)--Thread(Thread[AWT-EventQueue-0,6,main])--SELECT t1.NOMBRE, t1.PADRE FROM CATEGORIAESPECIFICACIONPROD t0, CATEGORIA t1 WHERE ((t0.ESP_NROREF = ?) AND (t1.NOMBRE = t0.CAT_NAME))
	bind => [IM]
[EL Fine]: sql: 2014-10-09 10:12:56.287--ServerSession(1989311583)--Connection(1905800551)--Thread(Thread[AWT-EventQueue-0,6,main])--SELECT ID, ENORDEN, ID_ESPECIFICO, ESPECIFICACION FROM PRODUCTO WHERE (ESPECIFICACION = ?)
	bind => [IM]
[EL Fine]: sql: 2014-10-09 10:12:56.288--ServerSession(1989311583)--Connection(1905800551)--Thread(Thread[AWT-EventQueue-0,6,main])--SELECT NOMBRE, PADRE FROM CATEGORIA WHERE (NOMBRE = ?)
	bind => [Android]
[EL Fine]: sql: 2014-10-09 10:12:56.288--ServerSession(1989311583)--Connection(1905800551)--Thread(Thread[AWT-EventQueue-0,6,main])--SELECT t1.NROREFERENCIA, t1.DESCRIPCION, t1.NOMBRE, t1.PRECIO, t1.PROVEEDOR_ID, t0.ESP_NROREF FROM CATEGORIAESPECIFICACIONPROD t0, ESPECIFICACIONPRODUCTO t1 WHERE ((t0.CAT_NAME = ?) AND (t1.NROREFERENCIA = t0.ESP_NROREF))
	bind => [Android]
[EL Fine]: sql: 2014-10-09 10:12:56.289--ServerSession(1989311583)--Connection(1905800551)--Thread(Thread[AWT-EventQueue-0,6,main])--SELECT t1.NOMBRE, t1.PADRE FROM CATEGORIAESPECIFICACIONPROD t0, CATEGORIA t1 WHERE ((t0.ESP_NROREF = ?) AND (t1.NOMBRE = t0.CAT_NAME))
	bind => [NEX4]
[EL Fine]: sql: 2014-10-09 10:12:56.289--ServerSession(1989311583)--Connection(1905800551)--Thread(Thread[AWT-EventQueue-0,6,main])--SELECT ID, ENORDEN, ID_ESPECIFICO, ESPECIFICACION FROM PRODUCTO WHERE (ESPECIFICACION = ?)
	bind => [NEX4]
[EL Fine]: sql: 2014-10-09 10:12:56.29--ServerSession(1989311583)--Connection(1905800551)--Thread(Thread[AWT-EventQueue-0,6,main])--SELECT t1.NOMBRE, t1.PADRE FROM CATEGORIAESPECIFICACIONPROD t0, CATEGORIA t1 WHERE ((t0.ESP_NROREF = ?) AND (t1.NOMBRE = t0.CAT_NAME))
	bind => [GA3]
[EL Fine]: sql: 2014-10-09 10:12:56.29--ServerSession(1989311583)--Connection(1905800551)--Thread(Thread[AWT-EventQueue-0,6,main])--SELECT ID, ENORDEN, ID_ESPECIFICO, ESPECIFICACION FROM PRODUCTO WHERE (ESPECIFICACION = ?)
	bind => [GA3]
[EL Fine]: sql: 2014-10-09 10:12:56.29--ServerSession(1989311583)--Connection(1905800551)--Thread(Thread[AWT-EventQueue-0,6,main])--SELECT t1.NOMBRE, t1.PADRE FROM CATEGORIAESPECIFICACIONPROD t0, CATEGORIA t1 WHERE ((t0.ESP_NROREF = ?) AND (t1.NOMBRE = t0.CAT_NAME))
	bind => [GA4]
[EL Fine]: sql: 2014-10-09 10:12:56.291--ServerSession(1989311583)--Connection(1905800551)--Thread(Thread[AWT-EventQueue-0,6,main])--SELECT ID, ENORDEN, ID_ESPECIFICO, ESPECIFICACION FROM PRODUCTO WHERE (ESPECIFICACION = ?)
	bind => [GA4]
[EL Fine]: sql: 2014-10-09 10:12:56.291--ServerSession(1989311583)--Connection(1905800551)--Thread(Thread[AWT-EventQueue-0,6,main])--SELECT t1.NOMBRE, t1.PADRE FROM CATEGORIAESPECIFICACIONPROD t0, CATEGORIA t1 WHERE ((t0.ESP_NROREF = ?) AND (t1.NOMBRE = t0.CAT_NAME))
	bind => [AS5]
[EL Fine]: sql: 2014-10-09 10:12:56.291--ServerSession(1989311583)--Connection(1905800551)--Thread(Thread[AWT-EventQueue-0,6,main])--SELECT ID, ENORDEN, ID_ESPECIFICO, ESPECIFICACION FROM PRODUCTO WHERE (ESPECIFICACION = ?)
	bind => [AS5]
[EL Fine]: sql: 2014-10-09 10:12:56.292--ServerSession(1989311583)--Connection(1905800551)--Thread(Thread[AWT-EventQueue-0,6,main])--SELECT NOMBRE, PADRE FROM CATEGORIA WHERE (NOMBRE = ?)
	bind => [Windows Phone]
[EL Fine]: sql: 2014-10-09 10:12:56.293--ServerSession(1989311583)--Connection(1905800551)--Thread(Thread[AWT-EventQueue-0,6,main])--SELECT t1.NROREFERENCIA, t1.DESCRIPCION, t1.NOMBRE, t1.PRECIO, t1.PROVEEDOR_ID, t0.ESP_NROREF FROM CATEGORIAESPECIFICACIONPROD t0, ESPECIFICACIONPRODUCTO t1 WHERE ((t0.CAT_NAME = ?) AND (t1.NROREFERENCIA = t0.ESP_NROREF))
	bind => [Windows Phone]
[EL Fine]: sql: 2014-10-09 10:12:56.293--ServerSession(1989311583)--Connection(1905800551)--Thread(Thread[AWT-EventQueue-0,6,main])--SELECT NOMBRE, PADRE FROM CATEGORIA WHERE (NOMBRE = ?)
	bind => [Symbian]
[EL Fine]: sql: 2014-10-09 10:12:56.294--ServerSession(1989311583)--Connection(1905800551)--Thread(Thread[AWT-EventQueue-0,6,main])--SELECT t1.NROREFERENCIA, t1.DESCRIPCION, t1.NOMBRE, t1.PRECIO, t1.PROVEEDOR_ID, t0.ESP_NROREF FROM CATEGORIAESPECIFICACIONPROD t0, ESPECIFICACIONPRODUCTO t1 WHERE ((t0.CAT_NAME = ?) AND (t1.NROREFERENCIA = t0.ESP_NROREF))
	bind => [Symbian]
[EL Fine]: sql: 2014-10-09 10:12:56.294--ServerSession(1989311583)--Connection(1905800551)--Thread(Thread[AWT-EventQueue-0,6,main])--SELECT NOMBRE, PADRE FROM CATEGORIA WHERE (NOMBRE = ?)
	bind => [Blackberry OS]
[EL Fine]: sql: 2014-10-09 10:12:56.294--ServerSession(1989311583)--Connection(1905800551)--Thread(Thread[AWT-EventQueue-0,6,main])--SELECT t1.NROREFERENCIA, t1.DESCRIPCION, t1.NOMBRE, t1.PRECIO, t1.PROVEEDOR_ID, t0.ESP_NROREF FROM CATEGORIAESPECIFICACIONPROD t0, ESPECIFICACIONPRODUCTO t1 WHERE ((t0.CAT_NAME = ?) AND (t1.NROREFERENCIA = t0.ESP_NROREF))
	bind => [Blackberry OS]
[EL Fine]: sql: 2014-10-09 10:12:56.295--ServerSession(1989311583)--Connection(1905800551)--Thread(Thread[AWT-EventQueue-0,6,main])--SELECT NOMBRE, PADRE FROM CATEGORIA WHERE (NOMBRE = ?)
	bind => [Equipos]
[EL Fine]: sql: 2014-10-09 10:12:56.295--ServerSession(1989311583)--Connection(1905800551)--Thread(Thread[AWT-EventQueue-0,6,main])--SELECT t1.NROREFERENCIA, t1.DESCRIPCION, t1.NOMBRE, t1.PRECIO, t1.PROVEEDOR_ID, t0.ESP_NROREF FROM CATEGORIAESPECIFICACIONPROD t0, ESPECIFICACIONPRODUCTO t1 WHERE ((t0.CAT_NAME = ?) AND (t1.NROREFERENCIA = t0.ESP_NROREF))
	bind => [Equipos]
[EL Fine]: sql: 2014-10-09 10:12:56.295--ServerSession(1989311583)--Connection(1905800551)--Thread(Thread[AWT-EventQueue-0,6,main])--SELECT NOMBRE, PADRE FROM CATEGORIA WHERE (NOMBRE = ?)
	bind => [iPhone]
[EL Fine]: sql: 2014-10-09 10:12:56.296--ServerSession(1989311583)--Connection(1905800551)--Thread(Thread[AWT-EventQueue-0,6,main])--SELECT t1.NROREFERENCIA, t1.DESCRIPCION, t1.NOMBRE, t1.PRECIO, t1.PROVEEDOR_ID, t0.ESP_NROREF FROM CATEGORIAESPECIFICACIONPROD t0, ESPECIFICACIONPRODUCTO t1 WHERE ((t0.CAT_NAME = ?) AND (t1.NROREFERENCIA = t0.ESP_NROREF))
	bind => [iPhone]
[EL Fine]: sql: 2014-10-09 10:12:56.296--ServerSession(1989311583)--Connection(1905800551)--Thread(Thread[AWT-EventQueue-0,6,main])--SELECT t1.NOMBRE, t1.PADRE FROM CATEGORIAESPECIFICACIONPROD t0, CATEGORIA t1 WHERE ((t0.ESP_NROREF = ?) AND (t1.NOMBRE = t0.CAT_NAME))
	bind => [IPH5]
[EL Fine]: sql: 2014-10-09 10:12:56.296--ServerSession(1989311583)--Connection(1905800551)--Thread(Thread[AWT-EventQueue-0,6,main])--SELECT ID, ENORDEN, ID_ESPECIFICO, ESPECIFICACION FROM PRODUCTO WHERE (ESPECIFICACION = ?)
	bind => [IPH5]
[EL Fine]: sql: 2014-10-09 10:12:56.297--ServerSession(1989311583)--Connection(1905800551)--Thread(Thread[AWT-EventQueue-0,6,main])--SELECT t1.NOMBRE, t1.PADRE FROM CATEGORIAESPECIFICACIONPROD t0, CATEGORIA t1 WHERE ((t0.ESP_NROREF = ?) AND (t1.NOMBRE = t0.CAT_NAME))
	bind => [IPH4]
[EL Fine]: sql: 2014-10-09 10:12:56.297--ServerSession(1989311583)--Connection(1905800551)--Thread(Thread[AWT-EventQueue-0,6,main])--SELECT ID, ENORDEN, ID_ESPECIFICO, ESPECIFICACION FROM PRODUCTO WHERE (ESPECIFICACION = ?)
	bind => [IPH4]
[EL Fine]: sql: 2014-10-09 10:12:56.298--ServerSession(1989311583)--Connection(1905800551)--Thread(Thread[AWT-EventQueue-0,6,main])--SELECT NOMBRE, PADRE FROM CATEGORIA WHERE (NOMBRE = ?)
	bind => [Nexus]
[EL Fine]: sql: 2014-10-09 10:12:56.298--ServerSession(1989311583)--Connection(1905800551)--Thread(Thread[AWT-EventQueue-0,6,main])--SELECT t1.NROREFERENCIA, t1.DESCRIPCION, t1.NOMBRE, t1.PRECIO, t1.PROVEEDOR_ID, t0.ESP_NROREF FROM CATEGORIAESPECIFICACIONPROD t0, ESPECIFICACIONPRODUCTO t1 WHERE ((t0.CAT_NAME = ?) AND (t1.NROREFERENCIA = t0.ESP_NROREF))
	bind => [Nexus]
[EL Fine]: sql: 2014-10-09 10:12:56.299--ServerSession(1989311583)--Connection(1905800551)--Thread(Thread[AWT-EventQueue-0,6,main])--SELECT t1.NOMBRE, t1.PADRE FROM CATEGORIAESPECIFICACIONPROD t0, CATEGORIA t1 WHERE ((t0.ESP_NROREF = ?) AND (t1.NOMBRE = t0.CAT_NAME))
	bind => [NEX4]
[EL Fine]: sql: 2014-10-09 10:12:56.299--ServerSession(1989311583)--Connection(1905800551)--Thread(Thread[AWT-EventQueue-0,6,main])--SELECT ID, ENORDEN, ID_ESPECIFICO, ESPECIFICACION FROM PRODUCTO WHERE (ESPECIFICACION = ?)
	bind => [NEX4]
[EL Fine]: sql: 2014-10-09 10:12:56.3--ServerSession(1989311583)--Connection(1905800551)--Thread(Thread[AWT-EventQueue-0,6,main])--SELECT NOMBRE, PADRE FROM CATEGORIA WHERE (NOMBRE = ?)
	bind => [Samsung]
[EL Fine]: sql: 2014-10-09 10:12:56.3--ServerSession(1989311583)--Connection(1905800551)--Thread(Thread[AWT-EventQueue-0,6,main])--SELECT t1.NROREFERENCIA, t1.DESCRIPCION, t1.NOMBRE, t1.PRECIO, t1.PROVEEDOR_ID, t0.ESP_NROREF FROM CATEGORIAESPECIFICACIONPROD t0, ESPECIFICACIONPRODUCTO t1 WHERE ((t0.CAT_NAME = ?) AND (t1.NROREFERENCIA = t0.ESP_NROREF))
	bind => [Samsung]
[EL Fine]: sql: 2014-10-09 10:12:56.3--ServerSession(1989311583)--Connection(1905800551)--Thread(Thread[AWT-EventQueue-0,6,main])--SELECT NOMBRE, PADRE FROM CATEGORIA WHERE (NOMBRE = ?)
	bind => [Galaxy S3]
[EL Fine]: sql: 2014-10-09 10:12:56.301--ServerSession(1989311583)--Connection(1905800551)--Thread(Thread[AWT-EventQueue-0,6,main])--SELECT t1.NROREFERENCIA, t1.DESCRIPCION, t1.NOMBRE, t1.PRECIO, t1.PROVEEDOR_ID, t0.ESP_NROREF FROM CATEGORIAESPECIFICACIONPROD t0, ESPECIFICACIONPRODUCTO t1 WHERE ((t0.CAT_NAME = ?) AND (t1.NROREFERENCIA = t0.ESP_NROREF))
	bind => [Galaxy S3]
[EL Fine]: sql: 2014-10-09 10:12:56.301--ServerSession(1989311583)--Connection(1905800551)--Thread(Thread[AWT-EventQueue-0,6,main])--SELECT t1.NOMBRE, t1.PADRE FROM CATEGORIAESPECIFICACIONPROD t0, CATEGORIA t1 WHERE ((t0.ESP_NROREF = ?) AND (t1.NOMBRE = t0.CAT_NAME))
	bind => [GA3]
[EL Fine]: sql: 2014-10-09 10:12:56.301--ServerSession(1989311583)--Connection(1905800551)--Thread(Thread[AWT-EventQueue-0,6,main])--SELECT ID, ENORDEN, ID_ESPECIFICO, ESPECIFICACION FROM PRODUCTO WHERE (ESPECIFICACION = ?)
	bind => [GA3]
[EL Fine]: sql: 2014-10-09 10:12:56.302--ServerSession(1989311583)--Connection(1905800551)--Thread(Thread[AWT-EventQueue-0,6,main])--SELECT NOMBRE, PADRE FROM CATEGORIA WHERE (NOMBRE = ?)
	bind => [Galaxy S4]
[EL Fine]: sql: 2014-10-09 10:12:56.302--ServerSession(1989311583)--Connection(1905800551)--Thread(Thread[AWT-EventQueue-0,6,main])--SELECT t1.NROREFERENCIA, t1.DESCRIPCION, t1.NOMBRE, t1.PRECIO, t1.PROVEEDOR_ID, t0.ESP_NROREF FROM CATEGORIAESPECIFICACIONPROD t0, ESPECIFICACIONPRODUCTO t1 WHERE ((t0.CAT_NAME = ?) AND (t1.NROREFERENCIA = t0.ESP_NROREF))
	bind => [Galaxy S4]
[EL Fine]: sql: 2014-10-09 10:12:56.303--ServerSession(1989311583)--Connection(1905800551)--Thread(Thread[AWT-EventQueue-0,6,main])--SELECT t1.NOMBRE, t1.PADRE FROM CATEGORIAESPECIFICACIONPROD t0, CATEGORIA t1 WHERE ((t0.ESP_NROREF = ?) AND (t1.NOMBRE = t0.CAT_NAME))
	bind => [GA4]
[EL Fine]: sql: 2014-10-09 10:12:56.303--ServerSession(1989311583)--Connection(1905800551)--Thread(Thread[AWT-EventQueue-0,6,main])--SELECT ID, ENORDEN, ID_ESPECIFICO, ESPECIFICACION FROM PRODUCTO WHERE (ESPECIFICACION = ?)
	bind => [GA4]
[EL Fine]: sql: 2014-10-09 10:12:56.303--ServerSession(1989311583)--Connection(1905800551)--Thread(Thread[AWT-EventQueue-0,6,main])--SELECT NOMBRE, PADRE FROM CATEGORIA WHERE (NOMBRE = ?)
	bind => [Galaxy Ace]
[EL Fine]: sql: 2014-10-09 10:12:56.304--ServerSession(1989311583)--Connection(1905800551)--Thread(Thread[AWT-EventQueue-0,6,main])--SELECT t1.NROREFERENCIA, t1.DESCRIPCION, t1.NOMBRE, t1.PRECIO, t1.PROVEEDOR_ID, t0.ESP_NROREF FROM CATEGORIAESPECIFICACIONPROD t0, ESPECIFICACIONPRODUCTO t1 WHERE ((t0.CAT_NAME = ?) AND (t1.NROREFERENCIA = t0.ESP_NROREF))
	bind => [Galaxy Ace]
[EL Fine]: sql: 2014-10-09 10:12:56.304--ServerSession(1989311583)--Connection(1905800551)--Thread(Thread[AWT-EventQueue-0,6,main])--SELECT t1.NOMBRE, t1.PADRE FROM CATEGORIAESPECIFICACIONPROD t0, CATEGORIA t1 WHERE ((t0.ESP_NROREF = ?) AND (t1.NOMBRE = t0.CAT_NAME))
	bind => [AS5]
[EL Fine]: sql: 2014-10-09 10:12:56.305--ServerSession(1989311583)--Connection(1905800551)--Thread(Thread[AWT-EventQueue-0,6,main])--SELECT ID, ENORDEN, ID_ESPECIFICO, ESPECIFICACION FROM PRODUCTO WHERE (ESPECIFICACION = ?)
	bind => [AS5]
[EL Fine]: sql: 2014-10-09 10:12:56.305--ServerSession(1989311583)--Connection(1905800551)--Thread(Thread[AWT-EventQueue-0,6,main])--SELECT NOMBRE, PADRE FROM CATEGORIA WHERE (NOMBRE = ?)
	bind => [Blackberry]
[EL Fine]: sql: 2014-10-09 10:12:56.306--ServerSession(1989311583)--Connection(1905800551)--Thread(Thread[AWT-EventQueue-0,6,main])--SELECT t1.NROREFERENCIA, t1.DESCRIPCION, t1.NOMBRE, t1.PRECIO, t1.PROVEEDOR_ID, t0.ESP_NROREF FROM CATEGORIAESPECIFICACIONPROD t0, ESPECIFICACIONPRODUCTO t1 WHERE ((t0.CAT_NAME = ?) AND (t1.NROREFERENCIA = t0.ESP_NROREF))
	bind => [Blackberry]
[EL Fine]: sql: 2014-10-09 10:12:56.306--ServerSession(1989311583)--Connection(1905800551)--Thread(Thread[AWT-EventQueue-0,6,main])--SELECT NOMBRE, PADRE FROM CATEGORIA WHERE (NOMBRE = ?)
	bind => [Nokia]
[EL Fine]: sql: 2014-10-09 10:12:56.307--ServerSession(1989311583)--Connection(1905800551)--Thread(Thread[AWT-EventQueue-0,6,main])--SELECT t1.NROREFERENCIA, t1.DESCRIPCION, t1.NOMBRE, t1.PRECIO, t1.PROVEEDOR_ID, t0.ESP_NROREF FROM CATEGORIAESPECIFICACIONPROD t0, ESPECIFICACIONPRODUCTO t1 WHERE ((t0.CAT_NAME = ?) AND (t1.NROREFERENCIA = t0.ESP_NROREF))
	bind => [Nokia]
[EL Fine]: sql: 2014-10-09 10:12:56.307--ServerSession(1989311583)--Connection(1905800551)--Thread(Thread[AWT-EventQueue-0,6,main])--SELECT NOMBRE, PADRE FROM CATEGORIA WHERE (NOMBRE = ?)
	bind => [Accesorios]
[EL Fine]: sql: 2014-10-09 10:12:56.308--ServerSession(1989311583)--Connection(1905800551)--Thread(Thread[AWT-EventQueue-0,6,main])--SELECT t1.NROREFERENCIA, t1.DESCRIPCION, t1.NOMBRE, t1.PRECIO, t1.PROVEEDOR_ID, t0.ESP_NROREF FROM CATEGORIAESPECIFICACIONPROD t0, ESPECIFICACIONPRODUCTO t1 WHERE ((t0.CAT_NAME = ?) AND (t1.NROREFERENCIA = t0.ESP_NROREF))
	bind => [Accesorios]
[EL Fine]: sql: 2014-10-09 10:12:56.308--ServerSession(1989311583)--Connection(1905800551)--Thread(Thread[AWT-EventQueue-0,6,main])--SELECT NOMBRE, PADRE FROM CATEGORIA WHERE (NOMBRE = ?)
	bind => [Protectores]
[EL Fine]: sql: 2014-10-09 10:12:56.309--ServerSession(1989311583)--Connection(1905800551)--Thread(Thread[AWT-EventQueue-0,6,main])--SELECT t1.NROREFERENCIA, t1.DESCRIPCION, t1.NOMBRE, t1.PRECIO, t1.PROVEEDOR_ID, t0.ESP_NROREF FROM CATEGORIAESPECIFICACIONPROD t0, ESPECIFICACIONPRODUCTO t1 WHERE ((t0.CAT_NAME = ?) AND (t1.NROREFERENCIA = t0.ESP_NROREF))
	bind => [Protectores]
[EL Fine]: sql: 2014-10-09 10:12:56.309--ServerSession(1989311583)--Connection(1905800551)--Thread(Thread[AWT-EventQueue-0,6,main])--SELECT t1.NOMBRE, t1.PADRE FROM CATEGORIAESPECIFICACIONPROD t0, CATEGORIA t1 WHERE ((t0.ESP_NROREF = ?) AND (t1.NOMBRE = t0.CAT_NAME))
	bind => [PCG]
[EL Fine]: sql: 2014-10-09 10:12:56.309--ServerSession(1989311583)--Connection(1905800551)--Thread(Thread[AWT-EventQueue-0,6,main])--SELECT ID, ENORDEN, ID_ESPECIFICO, ESPECIFICACION FROM PRODUCTO WHERE (ESPECIFICACION = ?)
	bind => [PCG]
[EL Fine]: sql: 2014-10-09 10:12:56.316--ServerSession(1989311583)--Connection(1905800551)--Thread(Thread[AWT-EventQueue-0,6,main])--SELECT t1.NOMBRE, t1.PADRE FROM CATEGORIAESPECIFICACIONPROD t0, CATEGORIA t1 WHERE ((t0.ESP_NROREF = ?) AND (t1.NOMBRE = t0.CAT_NAME))
	bind => [PMH]
[EL Fine]: sql: 2014-10-09 10:12:56.316--ServerSession(1989311583)--Connection(1905800551)--Thread(Thread[AWT-EventQueue-0,6,main])--SELECT ID, ENORDEN, ID_ESPECIFICO, ESPECIFICACION FROM PRODUCTO WHERE (ESPECIFICACION = ?)
	bind => [PMH]
[EL Fine]: sql: 2014-10-09 10:12:56.317--ServerSession(1989311583)--Connection(1905800551)--Thread(Thread[AWT-EventQueue-0,6,main])--SELECT NOMBRE, PADRE FROM CATEGORIA WHERE (NOMBRE = ?)
	bind => [Baterías]
[EL Fine]: sql: 2014-10-09 10:12:56.32--ServerSession(1989311583)--Connection(1905800551)--Thread(Thread[AWT-EventQueue-0,6,main])--SELECT t1.NROREFERENCIA, t1.DESCRIPCION, t1.NOMBRE, t1.PRECIO, t1.PROVEEDOR_ID, t0.ESP_NROREF FROM CATEGORIAESPECIFICACIONPROD t0, ESPECIFICACIONPRODUCTO t1 WHERE ((t0.CAT_NAME = ?) AND (t1.NROREFERENCIA = t0.ESP_NROREF))
	bind => [Baterías]
[EL Fine]: sql: 2014-10-09 10:12:56.321--ServerSession(1989311583)--Connection(1905800551)--Thread(Thread[AWT-EventQueue-0,6,main])--SELECT NOMBRE, PADRE FROM CATEGORIA WHERE (NOMBRE = ?)
	bind => [Apple]
[EL Fine]: sql: 2014-10-09 10:12:56.324--ServerSession(1989311583)--Connection(1905800551)--Thread(Thread[AWT-EventQueue-0,6,main])--SELECT t1.NROREFERENCIA, t1.DESCRIPCION, t1.NOMBRE, t1.PRECIO, t1.PROVEEDOR_ID, t0.ESP_NROREF FROM CATEGORIAESPECIFICACIONPROD t0, ESPECIFICACIONPRODUCTO t1 WHERE ((t0.CAT_NAME = ?) AND (t1.NROREFERENCIA = t0.ESP_NROREF))
	bind => [Apple]
[EL Fine]: sql: 2014-10-09 10:12:56.324--ServerSession(1989311583)--Connection(1905800551)--Thread(Thread[AWT-EventQueue-0,6,main])--SELECT t1.NOMBRE, t1.PADRE FROM CATEGORIAESPECIFICACIONPROD t0, CATEGORIA t1 WHERE ((t0.ESP_NROREF = ?) AND (t1.NOMBRE = t0.CAT_NAME))
	bind => [IPH5]
[EL Fine]: sql: 2014-10-09 10:12:56.325--ServerSession(1989311583)--Connection(1905800551)--Thread(Thread[AWT-EventQueue-0,6,main])--SELECT ID, ENORDEN, ID_ESPECIFICO, ESPECIFICACION FROM PRODUCTO WHERE (ESPECIFICACION = ?)
	bind => [IPH5]
[EL Fine]: sql: 2014-10-09 10:12:56.325--ServerSession(1989311583)--Connection(1905800551)--Thread(Thread[AWT-EventQueue-0,6,main])--SELECT t1.NOMBRE, t1.PADRE FROM CATEGORIAESPECIFICACIONPROD t0, CATEGORIA t1 WHERE ((t0.ESP_NROREF = ?) AND (t1.NOMBRE = t0.CAT_NAME))
	bind => [IPH4]
[EL Fine]: sql: 2014-10-09 10:12:56.325--ServerSession(1989311583)--Connection(1905800551)--Thread(Thread[AWT-EventQueue-0,6,main])--SELECT ID, ENORDEN, ID_ESPECIFICO, ESPECIFICACION FROM PRODUCTO WHERE (ESPECIFICACION = ?)
	bind => [IPH4]
[EL Fine]: sql: 2014-10-09 10:12:56.326--ServerSession(1989311583)--Connection(1905800551)--Thread(Thread[AWT-EventQueue-0,6,main])--SELECT t1.NOMBRE, t1.PADRE FROM CATEGORIAESPECIFICACIONPROD t0, CATEGORIA t1 WHERE ((t0.ESP_NROREF = ?) AND (t1.NOMBRE = t0.CAT_NAME))
	bind => [IRD]
[EL Fine]: sql: 2014-10-09 10:12:56.326--ServerSession(1989311583)--Connection(1905800551)--Thread(Thread[AWT-EventQueue-0,6,main])--SELECT ID, ENORDEN, ID_ESPECIFICO, ESPECIFICACION FROM PRODUCTO WHERE (ESPECIFICACION = ?)
	bind => [IRD]
[EL Fine]: sql: 2014-10-09 10:12:56.326--ServerSession(1989311583)--Connection(1905800551)--Thread(Thread[AWT-EventQueue-0,6,main])--SELECT t1.NOMBRE, t1.PADRE FROM CATEGORIAESPECIFICACIONPROD t0, CATEGORIA t1 WHERE ((t0.ESP_NROREF = ?) AND (t1.NOMBRE = t0.CAT_NAME))
	bind => [IM]
[EL Fine]: sql: 2014-10-09 10:12:56.326--ServerSession(1989311583)--Connection(1905800551)--Thread(Thread[AWT-EventQueue-0,6,main])--SELECT ID, ENORDEN, ID_ESPECIFICO, ESPECIFICACION FROM PRODUCTO WHERE (ESPECIFICACION = ?)
	bind => [IM]
[EL Fine]: sql: 2014-10-09 10:12:56.327--ServerSession(1989311583)--Connection(1905800551)--Thread(Thread[AWT-EventQueue-0,6,main])--SELECT NOMBRE, PADRE FROM CATEGORIA WHERE (NOMBRE = ?)
	bind => [Videojuegos]
[EL Fine]: sql: 2014-10-09 10:12:56.328--ServerSession(1989311583)--Connection(1905800551)--Thread(Thread[AWT-EventQueue-0,6,main])--SELECT t1.NROREFERENCIA, t1.DESCRIPCION, t1.NOMBRE, t1.PRECIO, t1.PROVEEDOR_ID, t0.ESP_NROREF FROM CATEGORIAESPECIFICACIONPROD t0, ESPECIFICACIONPRODUCTO t1 WHERE ((t0.CAT_NAME = ?) AND (t1.NROREFERENCIA = t0.ESP_NROREF))
	bind => [Videojuegos]
[EL Fine]: sql: 2014-10-09 10:12:56.328--ServerSession(1989311583)--Connection(1905800551)--Thread(Thread[AWT-EventQueue-0,6,main])--SELECT NOMBRE, PADRE FROM CATEGORIA WHERE (NOMBRE = ?)
	bind => [Playstation]
[EL Fine]: sql: 2014-10-09 10:12:56.328--ServerSession(1989311583)--Connection(1905800551)--Thread(Thread[AWT-EventQueue-0,6,main])--SELECT t1.NROREFERENCIA, t1.DESCRIPCION, t1.NOMBRE, t1.PRECIO, t1.PROVEEDOR_ID, t0.ESP_NROREF FROM CATEGORIAESPECIFICACIONPROD t0, ESPECIFICACIONPRODUCTO t1 WHERE ((t0.CAT_NAME = ?) AND (t1.NROREFERENCIA = t0.ESP_NROREF))
	bind => [Playstation]
[EL Fine]: sql: 2014-10-09 10:12:56.329--ServerSession(1989311583)--Connection(1905800551)--Thread(Thread[AWT-EventQueue-0,6,main])--SELECT t1.NOMBRE, t1.PADRE FROM CATEGORIAESPECIFICACIONPROD t0, CATEGORIA t1 WHERE ((t0.ESP_NROREF = ?) AND (t1.NOMBRE = t0.CAT_NAME))
	bind => [CHP]
[EL Fine]: sql: 2014-10-09 10:12:56.329--ServerSession(1989311583)--Connection(1905800551)--Thread(Thread[AWT-EventQueue-0,6,main])--SELECT ID, ENORDEN, ID_ESPECIFICO, ESPECIFICACION FROM PRODUCTO WHERE (ESPECIFICACION = ?)
	bind => [CHP]
[EL Fine]: sql: 2014-10-09 10:12:56.332--ServerSession(1989311583)--Connection(1905800551)--Thread(Thread[AWT-EventQueue-0,6,main])--SELECT NOMBRE, PADRE FROM CATEGORIA WHERE (NOMBRE = ?)
	bind => [Xbox]
[EL Fine]: sql: 2014-10-09 10:12:56.332--ServerSession(1989311583)--Connection(1905800551)--Thread(Thread[AWT-EventQueue-0,6,main])--SELECT t1.NROREFERENCIA, t1.DESCRIPCION, t1.NOMBRE, t1.PRECIO, t1.PROVEEDOR_ID, t0.ESP_NROREF FROM CATEGORIAESPECIFICACIONPROD t0, ESPECIFICACIONPRODUCTO t1 WHERE ((t0.CAT_NAME = ?) AND (t1.NROREFERENCIA = t0.ESP_NROREF))
	bind => [Xbox]
[EL Fine]: sql: 2014-10-09 10:12:56.333--ServerSession(1989311583)--Connection(1905800551)--Thread(Thread[AWT-EventQueue-0,6,main])--SELECT t1.NOMBRE, t1.PADRE FROM CATEGORIAESPECIFICACIONPROD t0, CATEGORIA t1 WHERE ((t0.ESP_NROREF = ?) AND (t1.NOMBRE = t0.CAT_NAME))
	bind => [RIX]
[EL Fine]: sql: 2014-10-09 10:12:56.333--ServerSession(1989311583)--Connection(1905800551)--Thread(Thread[AWT-EventQueue-0,6,main])--SELECT ID, ENORDEN, ID_ESPECIFICO, ESPECIFICACION FROM PRODUCTO WHERE (ESPECIFICACION = ?)
	bind => [RIX]
[EL Fine]: sql: 2014-10-09 10:12:56.334--ServerSession(1989311583)--Connection(1905800551)--Thread(Thread[AWT-EventQueue-0,6,main])--SELECT t1.NOMBRE, t1.PADRE FROM CATEGORIAESPECIFICACIONPROD t0, CATEGORIA t1 WHERE ((t0.ESP_NROREF = ?) AND (t1.NOMBRE = t0.CAT_NAME))
	bind => [CIX]
[EL Fine]: sql: 2014-10-09 10:12:56.334--ServerSession(1989311583)--Connection(1905800551)--Thread(Thread[AWT-EventQueue-0,6,main])--SELECT ID, ENORDEN, ID_ESPECIFICO, ESPECIFICACION FROM PRODUCTO WHERE (ESPECIFICACION = ?)
	bind => [CIX]
[EL Fine]: sql: 2014-10-09 10:12:56.335--ServerSession(1989311583)--Connection(1905800551)--Thread(Thread[AWT-EventQueue-0,6,main])--SELECT NOMBRE, PADRE FROM CATEGORIA
[EL Fine]: sql: 2014-10-09 10:12:56.338--ClientSession(343425280)--Connection(1905800551)--Thread(Thread[AWT-EventQueue-0,6,main])--INSERT INTO ESPECIFICACIONPRODUCTO (NROREFERENCIA, DESCRIPCION, NOMBRE, PRECIO, PROVEEDOR_ID) VALUES (?, ?, ?, ?, ?)
	bind => [CP3, Control inalámbrico Dualshock 3 de color azul para Playstation 3, Control para PS3, 30.8, CraigX]
[EL Fine]: sql: 2014-10-09 10:12:56.339--ClientSession(343425280)--Connection(1905800551)--Thread(Thread[AWT-EventQueue-0,6,main])--INSERT INTO PRODUCTO (ENORDEN, ID_ESPECIFICO, ESPECIFICACION) VALUES (?, ?, ?)
	bind => [false, null, CP3]
[EL Fine]: sql: 2014-10-09 10:12:56.34--ClientSession(343425280)--Connection(1905800551)--Thread(Thread[AWT-EventQueue-0,6,main])--CALL IDENTITY()
[EL Fine]: sql: 2014-10-09 10:12:56.34--ClientSession(343425280)--Connection(1905800551)--Thread(Thread[AWT-EventQueue-0,6,main])--INSERT INTO PRODUCTO (ENORDEN, ID_ESPECIFICO, ESPECIFICACION) VALUES (?, ?, ?)
	bind => [false, null, CP3]
[EL Fine]: sql: 2014-10-09 10:12:56.341--ClientSession(343425280)--Connection(1905800551)--Thread(Thread[AWT-EventQueue-0,6,main])--CALL IDENTITY()
[EL Fine]: sql: 2014-10-09 10:12:56.341--ClientSession(343425280)--Connection(1905800551)--Thread(Thread[AWT-EventQueue-0,6,main])--INSERT INTO PRODUCTO (ENORDEN, ID_ESPECIFICO, ESPECIFICACION) VALUES (?, ?, ?)
	bind => [false, null, CP3]
[EL Fine]: sql: 2014-10-09 10:12:56.341--ClientSession(343425280)--Connection(1905800551)--Thread(Thread[AWT-EventQueue-0,6,main])--CALL IDENTITY()
[EL Fine]: sql: 2014-10-09 10:12:56.342--ClientSession(343425280)--Connection(1905800551)--Thread(Thread[AWT-EventQueue-0,6,main])--INSERT INTO PRODUCTO (ENORDEN, ID_ESPECIFICO, ESPECIFICACION) VALUES (?, ?, ?)
	bind => [false, null, CP3]
[EL Fine]: sql: 2014-10-09 10:12:56.342--ClientSession(343425280)--Connection(1905800551)--Thread(Thread[AWT-EventQueue-0,6,main])--CALL IDENTITY()
[EL Fine]: sql: 2014-10-09 10:12:56.342--ClientSession(343425280)--Connection(1905800551)--Thread(Thread[AWT-EventQueue-0,6,main])--INSERT INTO PRODUCTO (ENORDEN, ID_ESPECIFICO, ESPECIFICACION) VALUES (?, ?, ?)
	bind => [false, null, CP3]
[EL Fine]: sql: 2014-10-09 10:12:56.343--ClientSession(343425280)--Connection(1905800551)--Thread(Thread[AWT-EventQueue-0,6,main])--CALL IDENTITY()
[EL Fine]: sql: 2014-10-09 10:12:56.343--ClientSession(343425280)--Connection(1905800551)--Thread(Thread[AWT-EventQueue-0,6,main])--INSERT INTO PRODUCTO (ENORDEN, ID_ESPECIFICO, ESPECIFICACION) VALUES (?, ?, ?)
	bind => [false, null, CP3]
[EL Fine]: sql: 2014-10-09 10:12:56.343--ClientSession(343425280)--Connection(1905800551)--Thread(Thread[AWT-EventQueue-0,6,main])--CALL IDENTITY()
[EL Fine]: sql: 2014-10-09 10:12:56.345--ClientSession(343425280)--Connection(1905800551)--Thread(Thread[AWT-EventQueue-0,6,main])--INSERT INTO PRODUCTO (ENORDEN, ID_ESPECIFICO, ESPECIFICACION) VALUES (?, ?, ?)
	bind => [false, null, CP3]
[EL Fine]: sql: 2014-10-09 10:12:56.346--ClientSession(343425280)--Connection(1905800551)--Thread(Thread[AWT-EventQueue-0,6,main])--CALL IDENTITY()
[EL Fine]: sql: 2014-10-09 10:12:56.346--ClientSession(343425280)--Connection(1905800551)--Thread(Thread[AWT-EventQueue-0,6,main])--INSERT INTO PRODUCTO (ENORDEN, ID_ESPECIFICO, ESPECIFICACION) VALUES (?, ?, ?)
	bind => [false, null, CP3]
[EL Fine]: sql: 2014-10-09 10:12:56.347--ClientSession(343425280)--Connection(1905800551)--Thread(Thread[AWT-EventQueue-0,6,main])--CALL IDENTITY()
[EL Fine]: sql: 2014-10-09 10:12:56.347--ClientSession(343425280)--Connection(1905800551)--Thread(Thread[AWT-EventQueue-0,6,main])--INSERT INTO PRODUCTO (ENORDEN, ID_ESPECIFICO, ESPECIFICACION) VALUES (?, ?, ?)
	bind => [false, null, CP3]
[EL Fine]: sql: 2014-10-09 10:12:56.35--ClientSession(343425280)--Connection(1905800551)--Thread(Thread[AWT-EventQueue-0,6,main])--CALL IDENTITY()
[EL Fine]: sql: 2014-10-09 10:12:56.351--ClientSession(343425280)--Connection(1905800551)--Thread(Thread[AWT-EventQueue-0,6,main])--INSERT INTO PRODUCTO (ENORDEN, ID_ESPECIFICO, ESPECIFICACION) VALUES (?, ?, ?)
	bind => [false, null, CP3]
[EL Fine]: sql: 2014-10-09 10:12:56.351--ClientSession(343425280)--Connection(1905800551)--Thread(Thread[AWT-EventQueue-0,6,main])--CALL IDENTITY()
[EL Fine]: sql: 2014-10-09 10:12:56.352--ClientSession(343425280)--Connection(1905800551)--Thread(Thread[AWT-EventQueue-0,6,main])--INSERT INTO ESPECIFICACIONES (ESPPRID, VALOR, NOMBRE) VALUES (?, ?, ?)
	bind => [CP3, 184 g, Peso]
[EL Fine]: sql: 2014-10-09 10:12:56.354--ClientSession(343425280)--Connection(1905800551)--Thread(Thread[AWT-EventQueue-0,6,main])--INSERT INTO ESPECIFICACIONES (ESPPRID, VALOR, NOMBRE) VALUES (?, ?, ?)
	bind => [CP3, 16.0 cm x 9.5 cm x 5.0 cm, Dimensiones]
[EL Fine]: sql: 2014-10-09 10:12:56.354--ClientSession(343425280)--Connection(1905800551)--Thread(Thread[AWT-EventQueue-0,6,main])--INSERT INTO CATEGORIAESPECIFICACIONPROD (CAT_NAME, ESP_NROREF) VALUES (?, ?)
	bind => [Playstation, CP3]
[EL Fine]: sql: 2014-10-09 10:12:56.359--ServerSession(1989311583)--Connection(1905800551)--Thread(Thread[AWT-EventQueue-0,6,main])--SELECT NRO_ORDEN, FECHA, PRECIO FROM ORDENCOMPRA
[EL Fine]: sql: 2014-10-09 10:12:56.367--ServerSession(1989311583)--Connection(1905800551)--Thread(Thread[AWT-EventQueue-0,6,main])--SELECT t0.NICKNAME, t0.DTYPE, t0.APELLIDO, t0.EMAIL, t0.FECHANACIMIENTO, t0.IMAGEN, t0.NOMBRE, t1.NICKNAME FROM USUARIO t0, CLIENTE t1 WHERE ((t1.NICKNAME = t0.NICKNAME) AND (t0.DTYPE = ?))
	bind => [Cliente]
[EL Fine]: sql: 2014-10-09 10:12:56.368--ServerSession(1989311583)--Connection(1905800551)--Thread(Thread[AWT-EventQueue-0,6,main])--SELECT NROREFERENCIA, DESCRIPCION, NOMBRE, PRECIO, PROVEEDOR_ID FROM ESPECIFICACIONPRODUCTO
[EL Fine]: sql: 2014-10-09 10:12:56.369--ServerSession(1989311583)--Connection(1905800551)--Thread(Thread[AWT-EventQueue-0,6,main])--SELECT NROREFERENCIA, DESCRIPCION, NOMBRE, PRECIO, PROVEEDOR_ID FROM ESPECIFICACIONPRODUCTO
[EL Fine]: sql: 2014-10-09 10:12:56.37--ServerSession(1989311583)--Connection(1905800551)--Thread(Thread[AWT-EventQueue-0,6,main])--SELECT NROREFERENCIA, DESCRIPCION, NOMBRE, PRECIO, PROVEEDOR_ID FROM ESPECIFICACIONPRODUCTO
[EL Fine]: sql: 2014-10-09 10:12:56.384--ClientSession(651850784)--Connection(1905800551)--Thread(Thread[AWT-EventQueue-0,6,main])--INSERT INTO ORDENCOMPRA (FECHA, PRECIO) VALUES (?, ?)
	bind => [2013-08-12, 1515.0]
[EL Fine]: sql: 2014-10-09 10:12:56.386--ClientSession(651850784)--Connection(1905800551)--Thread(Thread[AWT-EventQueue-0,6,main])--CALL IDENTITY()
[EL Fine]: sql: 2014-10-09 10:12:56.386--ClientSession(651850784)--Connection(1905800551)--Thread(Thread[AWT-EventQueue-0,6,main])--INSERT INTO CLIENTECOMPRAPRODUCTO (PRECIO, ORDEN_ID, CLIENTE_ID, PRODUCTO_ID) VALUES (?, ?, ?, ?)
	bind => [329.0, 203, Dan, 2360]
[EL Fine]: sql: 2014-10-09 10:12:56.387--ClientSession(651850784)--Connection(1905800551)--Thread(Thread[AWT-EventQueue-0,6,main])--INSERT INTO CLIENTECOMPRAPRODUCTO (PRECIO, ORDEN_ID, CLIENTE_ID, PRODUCTO_ID) VALUES (?, ?, ?, ?)
	bind => [199.0, 203, Dan, 2275]
[EL Fine]: sql: 2014-10-09 10:12:56.387--ClientSession(651850784)--Connection(1905800551)--Thread(Thread[AWT-EventQueue-0,6,main])--INSERT INTO CLIENTECOMPRAPRODUCTO (PRECIO, ORDEN_ID, CLIENTE_ID, PRODUCTO_ID) VALUES (?, ?, ?, ?)
	bind => [329.0, 203, Dan, 2350]
[EL Fine]: sql: 2014-10-09 10:12:56.388--ClientSession(651850784)--Connection(1905800551)--Thread(Thread[AWT-EventQueue-0,6,main])--INSERT INTO CLIENTECOMPRAPRODUCTO (PRECIO, ORDEN_ID, CLIENTE_ID, PRODUCTO_ID) VALUES (?, ?, ?, ?)
	bind => [329.0, 203, Dan, 2363]
[EL Fine]: sql: 2014-10-09 10:12:56.388--ClientSession(651850784)--Connection(1905800551)--Thread(Thread[AWT-EventQueue-0,6,main])--INSERT INTO CLIENTECOMPRAPRODUCTO (PRECIO, ORDEN_ID, CLIENTE_ID, PRODUCTO_ID) VALUES (?, ?, ?, ?)
	bind => [329.0, 203, Dan, 2354]
[EL Fine]: sql: 2014-10-09 10:12:56.394--ClientSession(651850784)--Connection(1905800551)--Thread(Thread[AWT-EventQueue-0,6,main])--UPDATE PRODUCTO SET ENORDEN = ? WHERE (ID = ?)
	bind => [true, 2275]
[EL Fine]: sql: 2014-10-09 10:12:56.396--ClientSession(651850784)--Connection(1905800551)--Thread(Thread[AWT-EventQueue-0,6,main])--UPDATE PRODUCTO SET ENORDEN = ? WHERE (ID = ?)
	bind => [true, 2350]
[EL Fine]: sql: 2014-10-09 10:12:56.398--ClientSession(651850784)--Connection(1905800551)--Thread(Thread[AWT-EventQueue-0,6,main])--UPDATE PRODUCTO SET ENORDEN = ? WHERE (ID = ?)
	bind => [true, 2354]
[EL Fine]: sql: 2014-10-09 10:12:56.398--ClientSession(651850784)--Connection(1905800551)--Thread(Thread[AWT-EventQueue-0,6,main])--UPDATE PRODUCTO SET ENORDEN = ? WHERE (ID = ?)
	bind => [true, 2360]
[EL Fine]: sql: 2014-10-09 10:12:56.399--ClientSession(651850784)--Connection(1905800551)--Thread(Thread[AWT-EventQueue-0,6,main])--UPDATE PRODUCTO SET ENORDEN = ? WHERE (ID = ?)
	bind => [true, 2363]
[EL Fine]: sql: 2014-10-09 10:12:56.4--ServerSession(1989311583)--Connection(1905800551)--Thread(Thread[AWT-EventQueue-0,6,main])--SELECT t0.NICKNAME, t0.DTYPE, t0.APELLIDO, t0.EMAIL, t0.FECHANACIMIENTO, t0.IMAGEN, t0.NOMBRE, t1.NICKNAME FROM USUARIO t0, CLIENTE t1 WHERE ((t1.NICKNAME = t0.NICKNAME) AND (t0.DTYPE = ?))
	bind => [Cliente]
[EL Fine]: sql: 2014-10-09 10:12:56.401--ServerSession(1989311583)--Connection(1905800551)--Thread(Thread[AWT-EventQueue-0,6,main])--SELECT NROREFERENCIA, DESCRIPCION, NOMBRE, PRECIO, PROVEEDOR_ID FROM ESPECIFICACIONPRODUCTO
[EL Fine]: sql: 2014-10-09 10:12:56.403--ClientSession(651850784)--Connection(1905800551)--Thread(Thread[AWT-EventQueue-0,6,main])--INSERT INTO ORDENCOMPRA (FECHA, PRECIO) VALUES (?, ?)
	bind => [2013-08-19, 897.0]
[EL Fine]: sql: 2014-10-09 10:12:56.404--ClientSession(651850784)--Connection(1905800551)--Thread(Thread[AWT-EventQueue-0,6,main])--CALL IDENTITY()
[EL Fine]: sql: 2014-10-09 10:12:56.405--ClientSession(651850784)--Connection(1905800551)--Thread(Thread[AWT-EventQueue-0,6,main])--INSERT INTO CLIENTECOMPRAPRODUCTO (PRECIO, ORDEN_ID, CLIENTE_ID, PRODUCTO_ID) VALUES (?, ?, ?, ?)
	bind => [299.0, 204, Dan, 2299]
[EL Fine]: sql: 2014-10-09 10:12:56.405--ClientSession(651850784)--Connection(1905800551)--Thread(Thread[AWT-EventQueue-0,6,main])--INSERT INTO CLIENTECOMPRAPRODUCTO (PRECIO, ORDEN_ID, CLIENTE_ID, PRODUCTO_ID) VALUES (?, ?, ?, ?)
	bind => [299.0, 204, Dan, 2296]
[EL Fine]: sql: 2014-10-09 10:12:56.407--ClientSession(651850784)--Connection(1905800551)--Thread(Thread[AWT-EventQueue-0,6,main])--INSERT INTO CLIENTECOMPRAPRODUCTO (PRECIO, ORDEN_ID, CLIENTE_ID, PRODUCTO_ID) VALUES (?, ?, ?, ?)
	bind => [299.0, 204, Dan, 2295]
[EL Fine]: sql: 2014-10-09 10:12:56.414--ClientSession(651850784)--Connection(1905800551)--Thread(Thread[AWT-EventQueue-0,6,main])--UPDATE PRODUCTO SET ENORDEN = ? WHERE (ID = ?)
	bind => [true, 2295]
[EL Fine]: sql: 2014-10-09 10:12:56.417--ClientSession(651850784)--Connection(1905800551)--Thread(Thread[AWT-EventQueue-0,6,main])--UPDATE PRODUCTO SET ENORDEN = ? WHERE (ID = ?)
	bind => [true, 2296]
[EL Fine]: sql: 2014-10-09 10:12:56.418--ClientSession(651850784)--Connection(1905800551)--Thread(Thread[AWT-EventQueue-0,6,main])--UPDATE PRODUCTO SET ENORDEN = ? WHERE (ID = ?)
	bind => [true, 2299]
[EL Fine]: sql: 2014-10-09 10:12:56.419--ServerSession(1989311583)--Connection(1905800551)--Thread(Thread[AWT-EventQueue-0,6,main])--SELECT t0.NICKNAME, t0.DTYPE, t0.APELLIDO, t0.EMAIL, t0.FECHANACIMIENTO, t0.IMAGEN, t0.NOMBRE, t1.NICKNAME FROM USUARIO t0, CLIENTE t1 WHERE ((t1.NICKNAME = t0.NICKNAME) AND (t0.DTYPE = ?))
	bind => [Cliente]
[EL Fine]: sql: 2014-10-09 10:12:56.419--ServerSession(1989311583)--Connection(1905800551)--Thread(Thread[AWT-EventQueue-0,6,main])--SELECT NROREFERENCIA, DESCRIPCION, NOMBRE, PRECIO, PROVEEDOR_ID FROM ESPECIFICACIONPRODUCTO
[EL Fine]: sql: 2014-10-09 10:12:56.42--ServerSession(1989311583)--Connection(1905800551)--Thread(Thread[AWT-EventQueue-0,6,main])--SELECT NROREFERENCIA, DESCRIPCION, NOMBRE, PRECIO, PROVEEDOR_ID FROM ESPECIFICACIONPRODUCTO
[EL Fine]: sql: 2014-10-09 10:12:56.423--ClientSession(651850784)--Connection(1905800551)--Thread(Thread[AWT-EventQueue-0,6,main])--INSERT INTO ORDENCOMPRA (FECHA, PRECIO) VALUES (?, ?)
	bind => [2013-08-19, 108.380005]
[EL Fine]: sql: 2014-10-09 10:12:56.423--ClientSession(651850784)--Connection(1905800551)--Thread(Thread[AWT-EventQueue-0,6,main])--CALL IDENTITY()
[EL Fine]: sql: 2014-10-09 10:12:56.424--ClientSession(651850784)--Connection(1905800551)--Thread(Thread[AWT-EventQueue-0,6,main])--INSERT INTO CLIENTECOMPRAPRODUCTO (PRECIO, ORDEN_ID, CLIENTE_ID, PRODUCTO_ID) VALUES (?, ?, ?, ?)
	bind => [7.99, 205, Phil, 2395]
[EL Fine]: sql: 2014-10-09 10:12:56.425--ClientSession(651850784)--Connection(1905800551)--Thread(Thread[AWT-EventQueue-0,6,main])--INSERT INTO CLIENTECOMPRAPRODUCTO (PRECIO, ORDEN_ID, CLIENTE_ID, PRODUCTO_ID) VALUES (?, ?, ?, ?)
	bind => [30.8, 205, Phil, 2400]
[EL Fine]: sql: 2014-10-09 10:12:56.425--ClientSession(651850784)--Connection(1905800551)--Thread(Thread[AWT-EventQueue-0,6,main])--INSERT INTO CLIENTECOMPRAPRODUCTO (PRECIO, ORDEN_ID, CLIENTE_ID, PRODUCTO_ID) VALUES (?, ?, ?, ?)
	bind => [7.99, 205, Phil, 2394]
[EL Fine]: sql: 2014-10-09 10:12:56.425--ClientSession(651850784)--Connection(1905800551)--Thread(Thread[AWT-EventQueue-0,6,main])--INSERT INTO CLIENTECOMPRAPRODUCTO (PRECIO, ORDEN_ID, CLIENTE_ID, PRODUCTO_ID) VALUES (?, ?, ?, ?)
	bind => [30.8, 205, Phil, 2401]
[EL Fine]: sql: 2014-10-09 10:12:56.426--ClientSession(651850784)--Connection(1905800551)--Thread(Thread[AWT-EventQueue-0,6,main])--INSERT INTO CLIENTECOMPRAPRODUCTO (PRECIO, ORDEN_ID, CLIENTE_ID, PRODUCTO_ID) VALUES (?, ?, ?, ?)
	bind => [30.8, 205, Phil, 2404]
[EL Fine]: sql: 2014-10-09 10:12:56.435--ClientSession(651850784)--Connection(1905800551)--Thread(Thread[AWT-EventQueue-0,6,main])--UPDATE PRODUCTO SET ENORDEN = ? WHERE (ID = ?)
	bind => [true, 2394]
[EL Fine]: sql: 2014-10-09 10:12:56.436--ClientSession(651850784)--Connection(1905800551)--Thread(Thread[AWT-EventQueue-0,6,main])--UPDATE PRODUCTO SET ENORDEN = ? WHERE (ID = ?)
	bind => [true, 2395]
[EL Fine]: sql: 2014-10-09 10:12:56.436--ClientSession(651850784)--Connection(1905800551)--Thread(Thread[AWT-EventQueue-0,6,main])--UPDATE PRODUCTO SET ENORDEN = ? WHERE (ID = ?)
	bind => [true, 2400]
[EL Fine]: sql: 2014-10-09 10:12:56.437--ClientSession(651850784)--Connection(1905800551)--Thread(Thread[AWT-EventQueue-0,6,main])--UPDATE PRODUCTO SET ENORDEN = ? WHERE (ID = ?)
	bind => [true, 2401]
[EL Fine]: sql: 2014-10-09 10:12:56.437--ClientSession(651850784)--Connection(1905800551)--Thread(Thread[AWT-EventQueue-0,6,main])--UPDATE PRODUCTO SET ENORDEN = ? WHERE (ID = ?)
	bind => [true, 2404]
[EL Fine]: sql: 2014-10-09 10:12:56.438--ServerSession(1989311583)--Connection(1905800551)--Thread(Thread[AWT-EventQueue-0,6,main])--SELECT t0.NICKNAME, t0.DTYPE, t0.APELLIDO, t0.EMAIL, t0.FECHANACIMIENTO, t0.IMAGEN, t0.NOMBRE, t1.NICKNAME FROM USUARIO t0, CLIENTE t1 WHERE ((t1.NICKNAME = t0.NICKNAME) AND (t0.DTYPE = ?))
	bind => [Cliente]
[EL Fine]: sql: 2014-10-09 10:12:56.439--ServerSession(1989311583)--Connection(1905800551)--Thread(Thread[AWT-EventQueue-0,6,main])--SELECT NROREFERENCIA, DESCRIPCION, NOMBRE, PRECIO, PROVEEDOR_ID FROM ESPECIFICACIONPRODUCTO
[EL Fine]: sql: 2014-10-09 10:12:56.442--ClientSession(651850784)--Connection(1905800551)--Thread(Thread[AWT-EventQueue-0,6,main])--INSERT INTO ORDENCOMPRA (FECHA, PRECIO) VALUES (?, ?)
	bind => [2013-08-22, 109.08]
[EL Fine]: sql: 2014-10-09 10:12:56.442--ClientSession(651850784)--Connection(1905800551)--Thread(Thread[AWT-EventQueue-0,6,main])--CALL IDENTITY()
[EL Fine]: sql: 2014-10-09 10:12:56.443--ClientSession(651850784)--Connection(1905800551)--Thread(Thread[AWT-EventQueue-0,6,main])--INSERT INTO CLIENTECOMPRAPRODUCTO (PRECIO, ORDEN_ID, CLIENTE_ID, PRODUCTO_ID) VALUES (?, ?, ?, ?)
	bind => [27.27, 206, BruceS, 2385]
[EL Fine]: sql: 2014-10-09 10:12:56.443--ClientSession(651850784)--Connection(1905800551)--Thread(Thread[AWT-EventQueue-0,6,main])--INSERT INTO CLIENTECOMPRAPRODUCTO (PRECIO, ORDEN_ID, CLIENTE_ID, PRODUCTO_ID) VALUES (?, ?, ?, ?)
	bind => [27.27, 206, BruceS, 2389]
[EL Fine]: sql: 2014-10-09 10:12:56.444--ClientSession(651850784)--Connection(1905800551)--Thread(Thread[AWT-EventQueue-0,6,main])--INSERT INTO CLIENTECOMPRAPRODUCTO (PRECIO, ORDEN_ID, CLIENTE_ID, PRODUCTO_ID) VALUES (?, ?, ?, ?)
	bind => [27.27, 206, BruceS, 2381]
[EL Fine]: sql: 2014-10-09 10:12:56.444--ClientSession(651850784)--Connection(1905800551)--Thread(Thread[AWT-EventQueue-0,6,main])--INSERT INTO CLIENTECOMPRAPRODUCTO (PRECIO, ORDEN_ID, CLIENTE_ID, PRODUCTO_ID) VALUES (?, ?, ?, ?)
	bind => [27.27, 206, BruceS, 2384]
[EL Fine]: sql: 2014-10-09 10:12:56.447--ClientSession(651850784)--Connection(1905800551)--Thread(Thread[AWT-EventQueue-0,6,main])--UPDATE PRODUCTO SET ENORDEN = ? WHERE (ID = ?)
	bind => [true, 2381]
[EL Fine]: sql: 2014-10-09 10:12:56.448--ClientSession(651850784)--Connection(1905800551)--Thread(Thread[AWT-EventQueue-0,6,main])--UPDATE PRODUCTO SET ENORDEN = ? WHERE (ID = ?)
	bind => [true, 2384]
[EL Fine]: sql: 2014-10-09 10:12:56.452--ClientSession(651850784)--Connection(1905800551)--Thread(Thread[AWT-EventQueue-0,6,main])--UPDATE PRODUCTO SET ENORDEN = ? WHERE (ID = ?)
	bind => [true, 2385]
[EL Fine]: sql: 2014-10-09 10:12:56.459--ClientSession(651850784)--Connection(1905800551)--Thread(Thread[AWT-EventQueue-0,6,main])--UPDATE PRODUCTO SET ENORDEN = ? WHERE (ID = ?)
	bind => [true, 2389]
[EL Fine]: sql: 2014-10-09 10:12:56.463--ServerSession(1989311583)--Connection(1905800551)--Thread(Thread[AWT-EventQueue-0,6,main])--SELECT t0.NICKNAME, t0.DTYPE, t0.APELLIDO, t0.EMAIL, t0.FECHANACIMIENTO, t0.IMAGEN, t0.NOMBRE, t1.NICKNAME FROM USUARIO t0, CLIENTE t1 WHERE ((t1.NICKNAME = t0.NICKNAME) AND (t0.DTYPE = ?))
	bind => [Cliente]
[EL Fine]: sql: 2014-10-09 10:12:56.464--ServerSession(1989311583)--Connection(1905800551)--Thread(Thread[AWT-EventQueue-0,6,main])--SELECT NROREFERENCIA, DESCRIPCION, NOMBRE, PRECIO, PROVEEDOR_ID FROM ESPECIFICACIONPRODUCTO
[EL Fine]: sql: 2014-10-09 10:12:56.467--ClientSession(651850784)--Connection(1905800551)--Thread(Thread[AWT-EventQueue-0,6,main])--INSERT INTO ORDENCOMPRA (FECHA, PRECIO) VALUES (?, ?)
	bind => [2013-08-25, 3.5]
[EL Fine]: sql: 2014-10-09 10:12:56.468--ClientSession(651850784)--Connection(1905800551)--Thread(Thread[AWT-EventQueue-0,6,main])--CALL IDENTITY()
[EL Fine]: sql: 2014-10-09 10:12:56.468--ClientSession(651850784)--Connection(1905800551)--Thread(Thread[AWT-EventQueue-0,6,main])--INSERT INTO CLIENTECOMPRAPRODUCTO (PRECIO, ORDEN_ID, CLIENTE_ID, PRODUCTO_ID) VALUES (?, ?, ?, ?)
	bind => [3.5, 207, JeffW, 2338]
[EL Fine]: sql: 2014-10-09 10:12:56.472--ClientSession(651850784)--Connection(1905800551)--Thread(Thread[AWT-EventQueue-0,6,main])--UPDATE PRODUCTO SET ENORDEN = ? WHERE (ID = ?)
	bind => [true, 2338]
[EL Fine]: sql: 2014-10-09 10:13:01.726--ServerSession(1989311583)--Connection(1905800551)--Thread(Thread[AWT-EventQueue-0,6,main])--SELECT t0.NICKNAME, t0.DTYPE, t0.APELLIDO, t0.EMAIL, t0.FECHANACIMIENTO, t0.IMAGEN, t0.NOMBRE, t1.NICKNAME FROM USUARIO t0, CLIENTE t1 WHERE ((t1.NICKNAME = t0.NICKNAME) AND (t0.DTYPE = ?))
	bind => [Cliente]
[EL Fine]: sql: 2014-10-09 10:13:02.928--ServerSession(1989311583)--Connection(1905800551)--Thread(Thread[AWT-EventQueue-0,6,main])--SELECT t0.NICKNAME, t0.DTYPE, t0.APELLIDO, t0.EMAIL, t0.FECHANACIMIENTO, t0.IMAGEN, t0.NOMBRE, t1.NICKNAME FROM USUARIO t0, CLIENTE t1 WHERE ((t1.NICKNAME = t0.NICKNAME) AND (t0.DTYPE = ?))
	bind => [Cliente]
[EL Fine]: sql: 2014-10-09 10:13:05.409--ServerSession(1989311583)--Connection(1905800551)--Thread(Thread[AWT-EventQueue-0,6,main])--SELECT t0.NICKNAME, t0.DTYPE, t0.APELLIDO, t0.EMAIL, t0.FECHANACIMIENTO, t0.IMAGEN, t0.NOMBRE, t1.NICKNAME FROM USUARIO t0, CLIENTE t1 WHERE ((t1.NICKNAME = t0.NICKNAME) AND (t0.DTYPE = ?))
	bind => [Cliente]
[EL Fine]: sql: 2014-10-09 10:13:05.583--ServerSession(1989311583)--Connection(1905800551)--Thread(Thread[AWT-EventQueue-0,6,main])--SELECT t0.NICKNAME, t0.DTYPE, t0.APELLIDO, t0.EMAIL, t0.FECHANACIMIENTO, t0.IMAGEN, t0.NOMBRE, t1.NICKNAME FROM USUARIO t0, CLIENTE t1 WHERE ((t1.NICKNAME = t0.NICKNAME) AND (t0.DTYPE = ?))
	bind => [Cliente]
[EL Fine]: sql: 2014-10-09 10:13:06.203--ServerSession(1989311583)--Connection(1905800551)--Thread(Thread[AWT-EventQueue-0,6,main])--SELECT t0.NICKNAME, t0.DTYPE, t0.APELLIDO, t0.EMAIL, t0.FECHANACIMIENTO, t0.IMAGEN, t0.NOMBRE, t1.NICKNAME FROM USUARIO t0, CLIENTE t1 WHERE ((t1.NICKNAME = t0.NICKNAME) AND (t0.DTYPE = ?))
	bind => [Cliente]
[EL Fine]: sql: 2014-10-09 10:13:07.023--ServerSession(1989311583)--Connection(1905800551)--Thread(Thread[AWT-EventQueue-0,6,main])--SELECT t0.NICKNAME, t0.DTYPE, t0.APELLIDO, t0.EMAIL, t0.FECHANACIMIENTO, t0.IMAGEN, t0.NOMBRE, t1.NICKNAME FROM USUARIO t0, CLIENTE t1 WHERE ((t1.NICKNAME = t0.NICKNAME) AND (t0.DTYPE = ?))
	bind => [Cliente]
[EL Fine]: sql: 2014-10-09 10:13:07.235--ServerSession(1989311583)--Connection(1905800551)--Thread(Thread[AWT-EventQueue-0,6,main])--SELECT t0.NICKNAME, t0.DTYPE, t0.APELLIDO, t0.EMAIL, t0.FECHANACIMIENTO, t0.IMAGEN, t0.NOMBRE, t1.NICKNAME FROM USUARIO t0, CLIENTE t1 WHERE ((t1.NICKNAME = t0.NICKNAME) AND (t0.DTYPE = ?))
	bind => [Cliente]
[EL Fine]: sql: 2014-10-09 10:13:07.742--ServerSession(1989311583)--Connection(1905800551)--Thread(Thread[AWT-EventQueue-0,6,main])--SELECT t0.NICKNAME, t0.DTYPE, t0.APELLIDO, t0.EMAIL, t0.FECHANACIMIENTO, t0.IMAGEN, t0.NOMBRE, t1.NICKNAME FROM USUARIO t0, CLIENTE t1 WHERE ((t1.NICKNAME = t0.NICKNAME) AND (t0.DTYPE = ?))
	bind => [Cliente]
[EL Fine]: sql: 2014-10-09 10:13:12.698--ServerSession(1989311583)--Connection(1905800551)--Thread(Thread[AWT-EventQueue-0,6,main])--SELECT t0.NICKNAME, t0.DTYPE, t0.APELLIDO, t0.EMAIL, t0.FECHANACIMIENTO, t0.IMAGEN, t0.NOMBRE, t1.NICKNAME, t1.LINKSITIO, t1.NOMBRECOMPANIA FROM USUARIO t0, PROVEEDOR t1 WHERE ((t1.NICKNAME = t0.NICKNAME) AND (t0.DTYPE = ?))
	bind => [Proveedor]
[EL Fine]: sql: 2014-10-09 10:13:13.708--ServerSession(1989311583)--Connection(1905800551)--Thread(Thread[AWT-EventQueue-0,6,main])--SELECT t0.NICKNAME, t0.DTYPE, t0.APELLIDO, t0.EMAIL, t0.FECHANACIMIENTO, t0.IMAGEN, t0.NOMBRE, t1.NICKNAME, t1.LINKSITIO, t1.NOMBRECOMPANIA FROM USUARIO t0, PROVEEDOR t1 WHERE ((t1.NICKNAME = t0.NICKNAME) AND (t0.DTYPE = ?))
	bind => [Proveedor]
[EL Fine]: sql: 2014-10-09 10:13:14.348--ServerSession(1989311583)--Connection(1905800551)--Thread(Thread[AWT-EventQueue-0,6,main])--SELECT t0.NICKNAME, t0.DTYPE, t0.APELLIDO, t0.EMAIL, t0.FECHANACIMIENTO, t0.IMAGEN, t0.NOMBRE, t1.NICKNAME, t1.LINKSITIO, t1.NOMBRECOMPANIA FROM USUARIO t0, PROVEEDOR t1 WHERE ((t1.NICKNAME = t0.NICKNAME) AND (t0.DTYPE = ?))
	bind => [Proveedor]
[EL Fine]: sql: 2014-10-09 10:13:15.713--ServerSession(1989311583)--Connection(1905800551)--Thread(Thread[AWT-EventQueue-0,6,main])--SELECT t0.NICKNAME, t0.DTYPE, t0.APELLIDO, t0.EMAIL, t0.FECHANACIMIENTO, t0.IMAGEN, t0.NOMBRE, t1.NICKNAME, t1.LINKSITIO, t1.NOMBRECOMPANIA FROM USUARIO t0, PROVEEDOR t1 WHERE ((t1.NICKNAME = t0.NICKNAME) AND (t0.DTYPE = ?))
	bind => [Proveedor]
[EL Fine]: sql: 2014-10-09 10:13:15.925--ServerSession(1989311583)--Connection(1905800551)--Thread(Thread[AWT-EventQueue-0,6,main])--SELECT t0.NICKNAME, t0.DTYPE, t0.APELLIDO, t0.EMAIL, t0.FECHANACIMIENTO, t0.IMAGEN, t0.NOMBRE, t1.NICKNAME, t1.LINKSITIO, t1.NOMBRECOMPANIA FROM USUARIO t0, PROVEEDOR t1 WHERE ((t1.NICKNAME = t0.NICKNAME) AND (t0.DTYPE = ?))
	bind => [Proveedor]
[EL Fine]: sql: 2014-10-09 10:13:16.142--ServerSession(1989311583)--Connection(1905800551)--Thread(Thread[AWT-EventQueue-0,6,main])--SELECT t0.NICKNAME, t0.DTYPE, t0.APELLIDO, t0.EMAIL, t0.FECHANACIMIENTO, t0.IMAGEN, t0.NOMBRE, t1.NICKNAME, t1.LINKSITIO, t1.NOMBRECOMPANIA FROM USUARIO t0, PROVEEDOR t1 WHERE ((t1.NICKNAME = t0.NICKNAME) AND (t0.DTYPE = ?))
	bind => [Proveedor]
[EL Fine]: sql: 2014-10-09 10:13:16.379--ServerSession(1989311583)--Connection(1905800551)--Thread(Thread[AWT-EventQueue-0,6,main])--SELECT t0.NICKNAME, t0.DTYPE, t0.APELLIDO, t0.EMAIL, t0.FECHANACIMIENTO, t0.IMAGEN, t0.NOMBRE, t1.NICKNAME, t1.LINKSITIO, t1.NOMBRECOMPANIA FROM USUARIO t0, PROVEEDOR t1 WHERE ((t1.NICKNAME = t0.NICKNAME) AND (t0.DTYPE = ?))
	bind => [Proveedor]
